******************************************************************************
                  TI ARM Linker Unix v20.2.1                   
******************************************************************************
>> Linked Mon Mar  1 13:06:36 2021

OUTPUT FILE NAME:   <can.out>
ENTRY POINT SYMBOL: "_c_int00"  address: 0002a304


MEMORY CONFIGURATION

         name            origin    length      used     unused   attr    fill
----------------------  --------  ---------  --------  --------  ----  --------
  VECTORS               00000000   00000020  00000020  00000000     X
  KERNEL                00000020   00008000  00007888  00000778  R  X
  FLASH0                00008020   001f7fe0  00024f15  001d30cb  R  X
  FLASH1                00200000   00200000  00000000  00200000  R  X
  STACKS                08000000   00000800  00000000  00000800  RW  
  KRAM                  08000800   00000800  00000148  000006b8  RW  
  RAM                   08001000   0007f000  000409b0  0003e650  RW  
  SDRAM                 80000000   07ffffff  000000a0  07ffff5f  RW X


SEGMENT ALLOCATION MAP

run origin  load origin   length   init length attrs members
----------  ----------- ---------- ----------- ----- -------
00000000    00000000    00006fb0   00006fb0    r-x
  00000000    00000000    00000020   00000020    r-x .intvecs
  00000020    00000020    00006f90   00006f90    r-x .kernelTEXT
00006fb0    00006fb0    00000800   00000000    rw-
  00006fb0    00006fb0    00000800   00000000    rw- .sysmem
000077c0    000077c0    000000f8   000000f8    r--
  000077c0    000077c0    000000f8   000000f8    r-- .cinit
000080c0    000080c0    00024e79   00024e79    r-x
  000080c0    000080c0    0002455c   0002455c    r-x .text
  0002c620    0002c620    00000919   00000919    r-- .const
08000800    08000800    00000148   00000000    rw-
  08000800    08000800    00000148   00000000    rw- .kernelBSS
08001000    08001000    000409b0   00000000    rw-
  08001000    08001000    00040000   00000000    rw- .kernelHEAP
  08041000    08041000    000006ec   00000000    rw- .bss
  080416ec    080416ec    000002c4   00000000    rw- .data
80000000    00008020    000000a0   000000a0    r-x
  80000000    00008020    000000a0   000000a0    r-x .blinky_section


SECTION ALLOCATION MAP

 output                                  attributes/
section   page    origin      length       input sections
--------  ----  ----------  ----------   ----------------
.intvecs   0    00000000    00000020     
                  00000000    00000020     HL_sys_intvecs.obj (.intvecs)

.kernelTEXT 
*          0    00000020    00006f90     
                  00000020    0000397c     os_tasks.obj (.kernelTEXT)
                  0000399c    0000160c     os_queue.obj (.kernelTEXT)
                  00004fa8    00000b08     os_timer.obj (.kernelTEXT)
                  00005ab0    000008a8     os_event_groups.obj (.kernelTEXT)
                  00006358    000004b0     os_portasm.obj (.kernelTEXT)
                  00006808    000003f4     os_port.obj (.kernelTEXT)
                  00006bfc    000003b4     os_heap.obj (.kernelTEXT)

.cinit     0    000077c0    000000f8     
                  000077c0    000000ac     (.cinit..data.load) [load image, compression = lzss]
                  0000786c    0000000c     (__TI_handler_table)
                  00007878    00000009     (.cinit..kernelBSS.load) [load image, compression = lzss]
                  00007881    00000007     --HOLE-- [fill = 0]
                  00007888    00000008     (.cinit..bss.load) [load image, compression = zero_init]
                  00007890    00000008     (.cinit..kernelHEAP.load) [load image, compression = zero_init]
                  00007898    00000020     (__TI_cinit_table)

.blinky_section 
*          0    00008020    000000a0     RUN ADDR = 80000000
                  00008020    00000098     board_io_tests.obj (.blinky_section)
                  000080b8    00000008     HL_gio.obj (.tramp.gioSetBit.1)

.text      0    000080c0    0002455c     
                  000080c0    000035b8     csp_rdp.obj (.text)
                  0000b678    00002500     printf.obj (.text)
                  0000db78    00001ee8     communication_service.obj (.text)
                  0000fa60    00001818     HL_spi.obj (.text)
                  00011278    00001284     HL_can.obj (.text)
                  000124fc    000011d4     rtsv7R4_A_be_v3D16_eabi.lib : _scanfi.c.obj (.text:__TI_scanfi)
                  000136d0    00000ff4     HL_sci.obj (.text)
                  000146c4    00000fcc     csp_conn.obj (.text)
                  00015690    00000fac     rtsv7R4_A_be_v3D16_eabi.lib : _printfi.c.obj (.text:__TI_printfi)
                  0001663c    00000eb4     HL_adc.obj (.text)
                  000174f0    00000db8     csp_sha1.obj (.text)
                  000182a8    00000d9c     os_mpu_wrappers.obj (.text)
                  00019044    00000cdc     HL_i2c.obj (.text)
                  00019d20    00000c28     board_io_tests.obj (.text)
                  0001a948    00000b5c     csp_io.obj (.text)
                  0001b4a4    00000a30     HL_spi.obj (.text:retain)
                  0001bed4    000009f4     HL_pinmux.obj (.text)
                  0001c8c8    000009cc     HL_sci.obj (.text:retain)
                  0001d294    000009b0     HL_system.obj (.text)
                  0001dc44    00000978     csp_route.obj (.text)
                  0001e5bc    0000093c     HL_sys_vim.obj (.text)
                  0001eef8    0000091c     csp_service_handler.obj (.text)
                  0001f814    0000078c     HL_esm.obj (.text)
                  0001ffa0    0000076c     csp_rtable.obj (.text)
                  0002070c    00000664     HL_errata_SSWF021_45.obj (.text)
                  00020d70    00000644     csp_buffer.obj (.text)
                  000213b4    00000624     csp_xtea.obj (.text)
                  000219d8    0000061c     csp_if_kiss.obj (.text)
                  00021ff4    000005e4     uhf_hal.obj (.text)
                  000225d8    0000054c     rtsv7R4_A_be_v3D16_eabi.lib : strtod.c.obj (.text:strtod)
                  00022b24    000004cc     csp_hmac.obj (.text)
                  00022ff0    00000484     HL_gio.obj (.text)
                  00023474    00000444     TempSensor.obj (.text)
                  000238b8    000003c4     HL_sys_core.obj (.text)
                  00023c7c    000003a8     main.obj (.text)
                  00024024    00000384     service_utilities.obj (.text)
                  000243a8    0000037c     csp_iflist.obj (.text)
                  00024724    00000358     HL_sys_mpu.obj (.text)
                  00024a7c    00000350     csp_qfifo.obj (.text)
                  00024dcc    0000033c     HL_sys_vim.obj (.text:retain)
                  00025108    00000334     csp_port.obj (.text)
                  0002543c    00000320     comms_hal.obj (.text)
                  0002575c    000002dc     rtsv7R4_A_be_v3D16_eabi.lib : _printfi.c.obj (.text:_pconv_a)
                  00025a38    000002c8                                 : strtoll.c.obj (.text:strtoll)
                  00025d00    000002b8                                 : ull_div32.asm.obj (.text)
                  00025fb8    000002b0     time_management_service.obj (.text)
                  00026268    00000278     os_heap.obj (.text)
                  000264e0    00000250     housekeeping_service.obj (.text)
                  00026730    00000248     rtsv7R4_A_be_v3D16_eabi.lib : _printfi.c.obj (.text:_pconv_g)
                  00026978    00000240                                 : strtoull.c.obj (.text:strtoull)
                  00026bb8    0000023c     csp_semaphore.obj (.text)
                  00026df4    00000238     os_list.obj (.text)
                  0002702c    00000230     usart_m3.obj (.text)
                  0002725c    0000022c     csp_debug.obj (.text)
                  00027488    00000224     rtsv7R4_A_be_v3D16_eabi.lib : vla_alloc.c.obj (.text:__vla_alloc)
                  000276ac    00000224     csp_rtable_static.obj (.text)
                  000278d0    000001f8     HL_emif.obj (.text)
                  00027ac8    000001f8     temp_detect.obj (.text)
                  00027cc0    000001f4     rtsv7R4_A_be_v3D16_eabi.lib : strtol.c.obj (.text:strtol)
                  00027eb4    000001f0     csp_crc32.obj (.text)
                  000280a4    000001e4     HL_notification.obj (.text)
                  00028288    000001b8     rtsv7R4_A_be_v3D16_eabi.lib : strtoul.c.obj (.text:strtoul)
                  00028440    000001a4                                 : fputs.c.obj (.text:fputs)
                  000285e4    000001a0                                 : memory.c.obj (.text:aligned_alloc)
                  00028784    0000019c     usart_kiss.obj (.text)
                  00028920    00000188     csp_system.obj (.text)
                  00028aa8    00000180     rtsv7R4_A_be_v3D16_eabi.lib : memcpy32.asm.obj (.text)
                  00028c28    00000178     HL_esm.obj (.text:retain)
                  00028da0    00000174     rtsv7R4_A_be_v3D16_eabi.lib : memory.c.obj (.text:free)
                  00028f14    00000174     os_tasks.obj (.text)
                  00029088    0000015c     rtsv7R4_A_be_v3D16_eabi.lib : _printfi.c.obj (.text:_pconv_e)
                  000291e4    00000158                                 : setvbuf.c.obj (.text:setvbuf)
                  0002933c    0000014c                                 : memory.c.obj (.text:realloc)
                  00029488    00000148     services.obj (.text)
                  000295d0    00000144     rtsv7R4_A_be_v3D16_eabi.lib : _printfi.c.obj (.text:fcvt)
                  00029714    0000013c                                 : s_floor.c.obj (.text:floor)
                  00029850    00000138     csp_init.obj (.text)
                  00029988    00000138     os_port.obj (.text)
                  00029ac0    00000120     csp_queue.obj (.text)
                  00029be0    00000120     rtsv7R4_A_be_v3D16_eabi.lib : s_scalbn.c.obj (.text:scalbn)
                  00029d00    00000115                                 : _printfi.c.obj (.text:_ltostr)
                  00029e15    00000003     --HOLE-- [fill = 0]
                  00029e18    0000010c     csp_system.obj (.text)
                  00029f24    00000100     rtsv7R4_A_be_v3D16_eabi.lib : fputc.c.obj (.text:fputc)
                  0002a024    000000f8     csp_udp.obj (.text)
                  0002a11c    000000f8     obc_hal.obj (.text)
                  0002a214    000000f0     csp_strtok.obj (.text)
                  0002a304    000000f0     HL_sys_startup.obj (.text:retain)
                  0002a3f4    000000e0     HL_sys_pmu.obj (.text)
                  0002a4d4    000000e0     hal.obj (.text)
                  0002a5b4    000000dc     system_stats.obj (.text)
                  0002a690    000000cc     rtsv7R4_A_be_v3D16_eabi.lib : sscanf.c.obj (.text:_chkmbc)
                  0002a75c    000000c8                                 : _printfi.c.obj (.text:_mcpy)
                  0002a824    000000c4                                 : vla_alloc.c.obj (.text:_ZN33_INTERNAL_11_vla_alloc_c_be8bd49b21free_dead_allocationsEPv)
                  0002a8e8    000000b8                                 : fclose.c.obj (.text:__TI_closefile)
                  0002a9a0    000000b0                                 : vla_alloc.c.obj (.text:__vla_dealloc)
                  0002aa50    000000b0                                 : memset32.asm.obj (.text)
                  0002ab00    000000b0                                 : memory.c.obj (.text:split)
                  0002abb0    000000ac                                 : hostlseek.c.obj (.text:HOSTlseek)
                  0002ac5c    000000ac                                 : fflush.c.obj (.text:fflush)
                  0002ad08    000000a8                                 : fseek.c.obj (.text:fseek)
                  0002adb0    000000a4                                 : hostrename.c.obj (.text:HOSTrename)
                  0002ae54    000000a0                                 : _io_perm.c.obj (.text:__TI_wrt_ok)
                  0002aef4    0000009c     csp_thread.obj (.text)
                  0002af90    0000009c     rtsv7R4_A_be_v3D16_eabi.lib : fprintf.c.obj (.text:fprintf)
                  0002b02c    0000009c                                 : printf.c.obj (.text:printf)
                  0002b0c8    00000098                                 : hostopen.c.obj (.text:HOSTopen)
                  0002b160    00000098                                 : _printfi.c.obj (.text:_ecpy)
                  0002b1f8    00000098                                 : close.c.obj (.text:close)
                  0002b290    00000090                                 : hostread.c.obj (.text:HOSTread)
                  0002b320    00000090                                 : hostwrite.c.obj (.text:HOSTwrite)
                  0002b3b0    00000090                                 : copy_decompress_lzss.c.obj (.text:decompress:lzss:__TI_decompress_lzss)
                  0002b440    0000008c                                 : s_frexp.c.obj (.text:frexp)
                  0002b4cc    00000088     temp_thread_task.obj (.text)
                  0002b554    00000084     rtsv7R4_A_be_v3D16_eabi.lib : fflush.c.obj (.text:__TI_doflush)
                  0002b5d8    00000084                                 : atoi.c.obj (.text:atoi)
                  0002b65c    00000080                                 : _ltoa.c.obj (.text:__TI_ltoa)
                  0002b6dc    0000007c     csp_clock.obj (.text)
                  0002b758    0000007c     rtsv7R4_A_be_v3D16_eabi.lib : exit.c.obj (.text:exit)
                  0002b7d4    0000007c                                 : snprintf.c.obj (.text:snprintf)
                  0002b850    00000074                                 : hostclose.c.obj (.text:HOSTclose)
                  0002b8c4    00000074                                 : _printfi.c.obj (.text:_pconv_f)
                  0002b938    00000074     csp_malloc.obj (.text)
                  0002b9ac    00000070     rtsv7R4_A_be_v3D16_eabi.lib : hostunlink.c.obj (.text:HOSTunlink)
                  0002ba1c    0000006c                                 : getdevice.c.obj (.text:getdevice)
                  0002ba88    00000068                                 : autoinit.c.obj (.text:__TI_auto_init_nobinit_nopinit:__TI_auto_init_nobinit_nopinit)
                  0002baf0    00000064                                 : _printfi.c.obj (.text:_fcpy)
                  0002bb54    00000064                                 : sprintf.c.obj (.text:sprintf)
                  0002bbb8    0000005c                                 : snprintf.c.obj (.text:_outs)
                  0002bc14    00000058     csp_if_lo.obj (.text)
                  0002bc6c    00000054     rtsv7R4_A_be_v3D16_eabi.lib : fopen.c.obj (.text:__TI_cleanup)
                  0002bcc0    00000054                                 : trgmsg.c.obj (.text:__TI_readmsg)
                  0002bd14    00000054                                 : trgmsg.c.obj (.text:__TI_writemsg)
                  0002bd68    00000054                                 : getdevice.c.obj (.text:finddevice)
                  0002bdbc    00000054                                 : i_div32.asm.obj (.text)
                  0002be10    00000054                                 : sscanf.c.obj (.text:sscanf)
                  0002be64    00000054                                 : strncasecmp.c.obj (.text:strncasecmp)
                  0002beb8    00000050                                 : u_div32.asm.obj (.text)
                  0002bf08    0000004c                                 : rand.c.obj (.text:rand)
                  0002bf54    0000004c                                 : strncat.c.obj (.text:strncat)
                  0002bfa0    0000004c                                 : strspn.c.obj (.text:strspn)
                  0002bfec    00000048                                 : strncpy.c.obj (.text:strncpy)
                  0002c034    00000048                                 : unlink.c.obj (.text:unlink)
                  0002c07c    00000044     HL_sys_main.obj (.text)
                  0002c0c0    00000044     rtsv7R4_A_be_v3D16_eabi.lib : lseek.c.obj (.text:lseek)
                  0002c104    00000044                                 : strcasecmp.c.obj (.text:strcasecmp)
                  0002c148    00000044                                 : strcspn.c.obj (.text:strcspn)
                  0002c18c    00000044                                 : write.c.obj (.text:write)
                  0002c1d0    00000040     csp_time.obj (.text)
                  0002c210    00000040     csp_time.obj (.text)
                  0002c250    00000040     rtsv7R4_A_be_v3D16_eabi.lib : memory.c.obj (.text:free_list_insert)
                  0002c290    00000038                                 : rand.c.obj (.text:srand)
                  0002c2c8    00000034                                 : memcmp.c.obj (.text:memcmp)
                  0002c2fc    00000030                                 : sprintf.c.obj (.text:_outs)
                  0002c32c    00000030                                 : memory.c.obj (.text:free_list_remove)
                  0002c35c    00000030                                 : memccpy.c.obj (.text:memccpy)
                  0002c38c    0000002c                                 : snprintf.c.obj (.text:_outc)
                  0002c3b8    0000002c                                 : memchr.c.obj (.text:memchr)
                  0002c3e4    0000002c                                 : strrchr.c.obj (.text:strrchr)
                  0002c410    00000028                                 : strchr.c.obj (.text:strchr)
                  0002c438    00000028                                 : strcmp.c.obj (.text:strcmp)
                  0002c460    00000024                                 : s_copysign.c.obj (.text:copysign)
                  0002c484    00000024                                 : wcslen.c.obj (.text:wcslen)
                  0002c4a8    00000020                                 : strlen.c.obj (.text:strlen)
                  0002c4c8    0000001c                                 : sscanf.c.obj (.text:_inpchar)
                  0002c4e4    00000018                                 : strcpy.c.obj (.text:strcpy)
                  0002c4fc    00000014                                 : sprintf.c.obj (.text:_outc)
                  0002c510    00000014     csp_endian.obj (.text:csp_htobe32)
                  0002c524    00000014     csp_endian.obj (.text:csp_hton16)
                  0002c538    00000014     csp_endian.obj (.text:csp_hton32)
                  0002c54c    00000014     csp_endian.obj (.text:csp_htonflt)
                  0002c560    00000014     csp_endian.obj (.text:csp_ntoh16)
                  0002c574    00000014     csp_endian.obj (.text:csp_ntoh32)
                  0002c588    00000014     csp_endian.obj (.text:csp_ntohflt)
                  0002c59c    00000014     rtsv7R4_A_be_v3D16_eabi.lib : copy_decompress_none.c.obj (.text:decompress:none:__TI_decompress_none)
                  0002c5b0    00000010                                 : sscanf.c.obj (.text:_uninpchar)
                  0002c5c0    00000010                                 : copy_zero_init.c.obj (.text:decompress:ZI:__TI_zero_init)
                  0002c5d0    0000000c                                 : errno.c.obj (.text:__aeabi_errno_addr)
                  0002c5dc    0000000c                                 : memory.c.obj (.text:malloc)
                  0002c5e8    00000008                                 : exit.c.obj (.text:abort:abort)
                  0002c5f0    00000004     HL_sys_startup.obj (.text)
                  0002c5f4    00000004     rtsv7R4_A_be_v3D16_eabi.lib : error.c.obj (.text:__abort_execution)
                  0002c5f8    00000004                                 : _lock.c.obj (.text:_nop)
                  0002c5fc    00000004                                 : fprintf.c.obj (.text:_outc)
                  0002c600    00000004                                 : printf.c.obj (.text:_outc)
                  0002c604    00000004                                 : fprintf.c.obj (.text:_outs)
                  0002c608    00000004                                 : printf.c.obj (.text:_outs)
                  0002c60c    00000004     HL_sys_phantom.obj (.text:retain)
                  0002c610    00000004     rtsv7R4_A_be_v3D16_eabi.lib : div0.asm.obj (.text)
                  0002c614    00000008     board_io_tests.obj (.tramp.blinky.1)

.const     0    0002c620    00000919     
                  0002c620    00000400     csp_crc32.obj (.const:crc_tab)
                  0002ca20    00000200     HL_sys_vim.obj (.const:s_vim_init)
                  0002cc20    00000101     rtsv7R4_A_be_v3D16_eabi.lib : ctype.c.obj (.const:.string:_ctypes_)
                  0002cd21    00000007                                 : _scanfi.c.obj (.const:.string:flit$1)
                  0002cd28    00000080                                 : strtod.c.obj (.const:digits)
                  0002cda8    00000050     printf.obj (.const:pow10$1)
                  0002cdf8    00000048     rtsv7R4_A_be_v3D16_eabi.lib : strtod.c.obj (.const:powerof10)
                  0002ce40    00000020     HL_can.obj (.const:s_canByteOrder)
                  0002ce60    00000018     csp_rtable_static.obj (.const:.string:$P$T2$1)
                  0002ce78    00000018     HL_adc.obj (.const:s_adcFiFoSize)
                  0002ce90    00000018     HL_adc.obj (.const:s_adcSelect)
                  0002cea8    00000011     csp_system.obj (.const:.string:$P$T1$2)
                  0002ceb9    00000011     csp_rtable.obj (.const:.string:$P$T2$1)
                  0002ceca    00000002     csp_if_kiss.obj (.const:.string:$P$T2$1)
                  0002cecc    00000010     csp_rtable.obj (.const:$P$T7$3)
                  0002cedc    0000000f     csp_system.obj (.const:.string:$P$T0$1)
                  0002ceeb    0000000f     csp_rtable.obj (.const:.string:$P$T6$2)
                  0002cefa    00000002     csp_if_kiss.obj (.const:.string:$P$T3$2)
                  0002cefc    0000000c     main.obj (.const:$P$T2$1)
                  0002cf08    00000008     csp_qfifo.obj (.const:$P$T2$1)
                  0002cf10    00000008     csp_xtea.obj (.const:$P$T2$1)
                  0002cf18    00000008     csp_xtea.obj (.const:$P$T3$2)
                  0002cf20    00000008     board_io_tests.obj (.const:.string:$P$T0$1)
                  0002cf28    00000008     csp_if_lo.obj (.const:.string)
                  0002cf30    00000006     rtsv7R4_A_be_v3D16_eabi.lib : _scanfi.c.obj (.const:.string:barr$2)
                  0002cf36    00000002     csp_if_kiss.obj (.const:.string:$P$T4$3)
                  0002cf38    00000001     csp_if_kiss.obj (.const:.string:$P$T5$4)

.kernelBSS 
*          0    08000800    00000148     UNINITIALIZED
                  08000800    000000d0     os_tasks.obj (.kernelBSS:uninit)
                  080008d0    0000003c     os_tasks.obj (.kernelBSS:init)
                  0800090c    00000030     os_timer.obj (.kernelBSS:uninit)
                  0800093c    0000000c     os_timer.obj (.kernelBSS:init)

.kernelHEAP 
*          0    08001000    00040000     UNINITIALIZED
                  08001000    00040000     os_heap.obj (.kernelHEAP)

.bss       0    08041000    000006ec     UNINITIALIZED
                  08041000    0000016b     uhf_hal.obj (.bss:U_beacon_reg)
                  0804116b    00000001     (.common:incomingData)
                  0804116c    00000120     rtsv7R4_A_be_v3D16_eabi.lib : trgmsg.c.obj (.bss:_CIOBUF_)
                  0804128c    00000108     csp_rtable_static.obj (.bss:rtable)
                  08041394    000000f2     uhf_hal.obj (.bss:U_call_reg)
                  08041486    000000a0     (.common:__TI_tmpnams)
                  08041526    00000002     --HOLE--
                  08041528    00000078     HL_spi.obj (.bss:g_spiPacket_t)
                  080415a0    00000050     HL_sci.obj (.bss:g_sciTransfer_t)
                  080415f0    00000030     comms_hal.obj (.bss:S_FS)
                  08041620    00000020     (.common:csp_conf)
                  08041640    00000018     HL_i2c.obj (.bss:g_i2cTransfer_t)
                  08041658    00000014     uhf_hal.obj (.bss:U_FRAM_reg)
                  0804166c    00000010     csp_conn.obj (.bss)
                  0804167c    00000010     csp_hmac.obj (.bss:csp_hmac_key)
                  0804168c    00000010     csp_xtea.obj (.bss:csp_xtea_key)
                  0804169c    0000000b     communication_service.obj (.bss:S_config)
                  080416a7    0000000b     comms_hal.obj (.bss:S_config_reg)
                  080416b2    00000002     --HOLE--
                  080416b4    00000008     csp_buffer.obj (.bss)
                  080416bc    00000008     temp_detect.obj (.bss)
                  080416c4    00000008     os_heap.obj (.bss:xStart)
                  080416cc    00000008     (.common:parmbuf)
                  080416d4    00000004     hal.obj (.bss:HAL_rtc)
                  080416d8    00000004     csp_port.obj (.bss)
                  080416dc    00000004     csp_qfifo.obj (.bss:qfifo)
                  080416e0    00000004     (.common:ErrorCode)
                  080416e4    00000004     (.common:equipment_mutex)
                  080416e8    00000004     (.common:sciData)

.data      0    080416ec    000002c4     UNINITIALIZED
                  080416ec    000000f0     rtsv7R4_A_be_v3D16_eabi.lib : defs.c.obj (.data:_ftable)
                  080417dc    00000078                                 : host_device.c.obj (.data:_device)
                  08041854    00000050                                 : host_device.c.obj (.data:_stream)
                  080418a4    00000040     csp_if_lo.obj (.data:csp_if_lo)
                  080418e4    00000032     uhf_hal.obj (.data:U_status_reg)
                  08041916    00000001     csp_conn.obj (.data)
                  08041917    00000001     housekeeping_service.obj (.data)
                  08041918    0000001c     csp_rdp.obj (.data)
                  08041934    00000010     os_heap.obj (.data)
                  08041944    00000010     rtsv7R4_A_be_v3D16_eabi.lib : defs.c.obj (.data)
                  08041954    0000000c                                 : exit.c.obj (.data:$O1$$)
                  08041960    0000000c     TempSensor.obj (.data:Thermistor_Fit)
                  0804196c    00000008     rtsv7R4_A_be_v3D16_eabi.lib : _lock.c.obj (.data:$O1$$)
                  08041974    00000008                                 : memory.c.obj (.data:$O1$$)
                  0804197c    00000008     csp_system.obj (.data)
                  08041984    00000008     os_port.obj (.data)
                  0804198c    00000007     csp_debug.obj (.data:csp_debug_level_enabled)
                  08041993    00000001     --HOLE--
                  08041994    00000004     csp_time.obj (.data)
                  08041998    00000004     csp_debug.obj (.data)
                  0804199c    00000004     csp_iflist.obj (.data)
                  080419a0    00000004     csp_service_handler.obj (.data)
                  080419a4    00000004     rtsv7R4_A_be_v3D16_eabi.lib : errno.c.obj (.data)
                  080419a8    00000004                                 : rand.c.obj (.data)
                  080419ac    00000004                                 : vla_alloc.c.obj (.data)

__llvm_prf_cnts 
*          0    08001000    00000000     UNINITIALIZED

.sysmem    0    00006fb0    00000800     UNINITIALIZED
                  00006fb0    00000010     rtsv7R4_A_be_v3D16_eabi.lib : memory.c.obj (.sysmem)
                  00006fc0    000007f0     --HOLE--

MODULE SUMMARY

       Module                        code     ro data   rw data
       ------                        ----     -------   -------
    ./ex2_obc_software/
       main.obj                      936      12        4      
       hal.obj                       224      0         4      
    +--+-----------------------------+--------+---------+---------+
       Total:                        1160     12        8      
                                                               
    ./ex2_obc_software/TempSensor/
       TempSensor.obj                1092     0         12     
       temp_detect.obj               504      0         12     
       temp_thread_task.obj          136      0         0      
    +--+-----------------------------+--------+---------+---------+
       Total:                        1732     0         24     
                                                               
    ./ex2_services/Platform/obc/hal/
       uhf_hal.obj                   1508     0         675    
       comms_hal.obj                 800      0         59     
       obc_hal.obj                   248      0         0      
    +--+-----------------------------+--------+---------+---------+
       Total:                        2556     0         734    
                                                               
    ./ex2_services/Services/
       communication_service.obj     7912     0         11     
       service_utilities.obj         900      0         0      
       time_management_service.obj   688      0         0      
       housekeeping_service.obj      592      0         1      
       services.obj                  328      0         0      
    +--+-----------------------------+--------+---------+---------+
       Total:                        10420    0         12     
                                                               
    ./ex2_system_tasks/
       system_stats.obj              220      0         0      
    +--+-----------------------------+--------+---------+---------+
       Total:                        220      0         0      
                                                               
    ./libcsp/src/
       csp_conn.obj                  4044     0         17     
       csp_io.obj                    2908     0         0      
       csp_route.obj                 2424     0         0      
       csp_service_handler.obj       2332     0         4      
       csp_buffer.obj                1604     0         8      
       csp_crc32.obj                 496      1024      0      
       csp_iflist.obj                892      0         4      
       csp_qfifo.obj                 848      8         4      
       csp_port.obj                  820      0         4      
       csp_debug.obj                 556      0         11     
       csp_init.obj                  312      0         32     
       csp_strtok.obj                240      0         0      
       csp_endian.obj                140      0         0      
    +--+-----------------------------+--------+---------+---------+
       Total:                        17616    1032      84     
                                                               
    ./libcsp/src/arch/
       csp_system.obj                268      32        8      
       csp_time.obj                  64       0         4      
    +--+-----------------------------+--------+---------+---------+
       Total:                        332      32        12     
                                                               
    ./libcsp/src/arch/freertos/
       csp_semaphore.obj             572      0         0      
       csp_system.obj                392      0         0      
       csp_queue.obj                 288      0         0      
       csp_thread.obj                156      0         0      
       csp_clock.obj                 124      0         0      
       csp_malloc.obj                116      0         0      
       csp_time.obj                  64       0         0      
    +--+-----------------------------+--------+---------+---------+
       Total:                        1712     0         0      
                                                               
    ./libcsp/src/crypto/
       csp_sha1.obj                  3512     0         0      
       csp_xtea.obj                  1572     16        16     
       csp_hmac.obj                  1228     0         16     
    +--+-----------------------------+--------+---------+---------+
       Total:                        6312     16        32     
                                                               
    ./libcsp/src/drivers/usart/
       usart_m3.obj                  560      0         5      
       usart_kiss.obj                412      0         0      
    +--+-----------------------------+--------+---------+---------+
       Total:                        972      0         5      
                                                               
    ./libcsp/src/interfaces/
       csp_if_kiss.obj               1564     7         0      
       csp_if_lo.obj                 88       8         64     
    +--+-----------------------------+--------+---------+---------+
       Total:                        1652     15        64     
                                                               
    ./libcsp/src/rtable/
       csp_rtable.obj                1900     48        0      
       csp_rtable_static.obj         548      24        264    
    +--+-----------------------------+--------+---------+---------+
       Total:                        2448     72        264    
                                                               
    ./libcsp/src/transport/
       csp_rdp.obj                   13752    0         28     
       csp_udp.obj                   248      0         0      
    +--+-----------------------------+--------+---------+---------+
       Total:                        14000    0         28     
                                                               
    ./source/
       os_heap.obj                   1580     0         262168 
       os_tasks.obj                  15088    0         268    
       printf.obj                    9472     80        0      
       HL_spi.obj                    8776     0         120    
       HL_sci.obj                    6592     0         80     
       os_queue.obj                  5644     0         0      
       HL_can.obj                    4740     32        0      
       HL_adc.obj                    3764     48        0      
       HL_sys_vim.obj                3192     512       0      
       os_mpu_wrappers.obj           3484     0         0      
       HL_i2c.obj                    3292     0         24     
       os_timer.obj                  2824     0         60     
       HL_pinmux.obj                 2548     0         0      
       HL_system.obj                 2480     0         0      
       HL_esm.obj                    2308     0         0      
       os_event_groups.obj           2216     0         0      
       HL_errata_SSWF021_45.obj      1636     0         0      
       os_port.obj                   1324     0         8      
       os_portasm.obj                1200     0         0      
       HL_gio.obj                    1172     0         0      
       HL_sys_core.obj               964      0         0      
       HL_sys_mpu.obj                856      0         0      
       os_list.obj                   568      0         0      
       HL_emif.obj                   504      0         0      
       HL_notification.obj           484      0         0      
       HL_sys_startup.obj            244      0         0      
       HL_sys_pmu.obj                224      0         0      
       HL_sys_main.obj               68       0         0      
       HL_sys_intvecs.obj            32       0         0      
       HL_sys_phantom.obj            4        0         0      
    +--+-----------------------------+--------+---------+---------+
       Total:                        87280    672       262728 
                                                               
    ./source/athena_drivers/
       board_io_tests.obj            3424     8         0      
    +--+-----------------------------+--------+---------+---------+
       Total:                        3424     8         0      
                                                               
    /home/robert/bin/ti/ccs1011/ccs/tools/compiler/ti-cgt-arm_20.2.1.LTS/lib/rtsv7R4_A_be_v3D16_eabi.lib
       _printfi.c.obj                6845     0         0      
       _scanfi.c.obj                 4564     13        0      
       strtod.c.obj                  1356     200       0      
       memory.c.obj                  1420     0         8      
       vla_alloc.c.obj               920      0         4      
       strtoll.c.obj                 712      0         0      
       ull_div32.asm.obj             696      0         0      
       strtoull.c.obj                576      0         0      
       strtol.c.obj                  500      0         0      
       trgmsg.c.obj                  168      0         288    
       strtoul.c.obj                 440      0         0      
       fputs.c.obj                   420      0         0      
       defs.c.obj                    0        0         416    
       memcpy32.asm.obj              384      0         0      
       setvbuf.c.obj                 344      0         0      
       sscanf.c.obj                  332      0         0      
       s_floor.c.obj                 316      0         0      
       fflush.c.obj                  304      0         0      
       s_scalbn.c.obj                288      0         0      
       snprintf.c.obj                260      0         0      
       ctype.c.obj                   0        257       0      
       fputc.c.obj                   256      0         0      
       host_device.c.obj             0        0         200    
       getdevice.c.obj               192      0         0      
       fclose.c.obj                  184      0         0      
       memset32.asm.obj              176      0         0      
       hostlseek.c.obj               172      0         0      
       fseek.c.obj                   168      0         0      
       sprintf.c.obj                 168      0         0      
       fprintf.c.obj                 164      0         0      
       hostrename.c.obj              164      0         0      
       printf.c.obj                  164      0         0      
       _io_perm.c.obj                160      0         0      
       hostopen.c.obj                152      0         8      
       close.c.obj                   152      0         0      
       copy_decompress_lzss.c.obj    144      0         0      
       exit.c.obj                    132      0         12     
       hostread.c.obj                144      0         0      
       hostwrite.c.obj               144      0         0      
       s_frexp.c.obj                 140      0         0      
       rand.c.obj                    132      0         4      
       atoi.c.obj                    132      0         0      
       _ltoa.c.obj                   128      0         0      
       hostclose.c.obj               116      0         0      
       hostunlink.c.obj              112      0         0      
       autoinit.c.obj                104      0         0      
       fopen.c.obj                   84       0         0      
       i_div32.asm.obj               84       0         0      
       strncasecmp.c.obj             84       0         0      
       u_div32.asm.obj               80       0         0      
       strncat.c.obj                 76       0         0      
       strspn.c.obj                  76       0         0      
       strncpy.c.obj                 72       0         0      
       unlink.c.obj                  72       0         0      
       lseek.c.obj                   68       0         0      
       strcasecmp.c.obj              68       0         0      
       strcspn.c.obj                 68       0         0      
       write.c.obj                   68       0         0      
       memcmp.c.obj                  52       0         0      
       memccpy.c.obj                 48       0         0      
       memchr.c.obj                  44       0         0      
       strrchr.c.obj                 44       0         0      
       strchr.c.obj                  40       0         0      
       strcmp.c.obj                  40       0         0      
       s_copysign.c.obj              36       0         0      
       wcslen.c.obj                  36       0         0      
       strlen.c.obj                  32       0         0      
       strcpy.c.obj                  24       0         0      
       copy_decompress_none.c.obj    20       0         0      
       copy_zero_init.c.obj          16       0         0      
       errno.c.obj                   12       0         4      
       _lock.c.obj                   4        0         8      
       div0.asm.obj                  4        0         0      
       error.c.obj                   4        0         0      
    +--+-----------------------------+--------+---------+---------+
       Total:                        25901    470       952    
                                                               
       Heap:                         0        0         2048   
       Linker Generated:             0        241       0      
    +--+-----------------------------+--------+---------+---------+
       Grand Total:                  177737   2570      266995 


LINKER GENERATED COPY TABLES

__TI_cinit_table @ 00007898 records: 4, size/record: 8, table size: 32
	.data: load addr=000077c0, load size=000000ac bytes, run addr=080416ec, run size=000002c4 bytes, compression=lzss
	.kernelBSS: load addr=00007878, load size=00000009 bytes, run addr=08000800, run size=00000148 bytes, compression=lzss
	.bss: load addr=00007888, load size=00000008 bytes, run addr=08041000, run size=000006ec bytes, compression=zero_init
	.kernelHEAP: load addr=00007890, load size=00000008 bytes, run addr=08001000, run size=00040000 bytes, compression=zero_init


LINKER GENERATED HANDLER TABLE

__TI_handler_table @ 0000786c records: 3, size/record: 4, table size: 12
	index: 0, handler: __TI_decompress_lzss
	index: 1, handler: __TI_decompress_none
	index: 2, handler: __TI_zero_init


FAR CALL TRAMPOLINES

callee name               trampoline name
   callee addr  tramp addr   call addr  call info
--------------  -----------  ---------  ----------------
blinky                    $Tramp$AA$L$PI$$blinky
   80000000     0002c614     0001a91c   board_io_tests.obj (.text)
gioSetBit                 $Tramp$AA$L$PI$$gioSetBit
   000230e0     80000098     80000010   board_io_tests.obj (.blinky_section)
                             80000054   board_io_tests.obj (.blinky_section)

[2 trampolines]
[3 trampoline calls]


GLOBAL SYMBOLS: SORTED ALPHABETICALLY BY Name 

address   name                                  
-------   ----                                  
800000a0  BlinkyEndAddr                         
000080c0  BlinkyLoadEnd                         
00008020  BlinkyLoadStart                       
000000a0  BlinkySize                            
80000000  BlinkyStartAddr                       
0002c5e8  C$$EXIT                               
0002bd5c  C$$IO$$                               
0001a7a0  CANRxTest                             
0001a728  CANTxTest                             
080416e0  ErrorCode                             
00019ee0  GPIOGetBit                            
00019d9c  GPIOSetBit                            
0001a024  GPIOTxTest                            
0002a4f0  HAL_RTC_GetTime                       
0002a4d4  HAL_RTC_SetTime                       
000255f0  HAL_S_getBuffer                       
00025468  HAL_S_getControl                      
00025494  HAL_S_getEncoder                      
00025638  HAL_S_getFV                           
0002543c  HAL_S_getFreq                         
00025568  HAL_S_getHK                           
000254c0  HAL_S_getPAPower                      
000254ec  HAL_S_getStatus                       
00025530  HAL_S_getTR                           
000256b0  HAL_S_setControl                      
000256d4  HAL_S_setEncoder                      
00025670  HAL_S_setFreq                         
00025690  HAL_S_setPAPower                      
00025630  HAL_S_softResetFPGA                   
00022388  HAL_UHF_getAudioT                     
00022530  HAL_UHF_getBeaconMsg                  
0002235c  HAL_UHF_getBeaconT                    
00022490  HAL_UHF_getDestination                
00022558  HAL_UHF_getFRAM                       
0002240c  HAL_UHF_getFV                         
00022254  HAL_UHF_getFreq                       
000223e0  HAL_UHF_getLowPwr                     
00022508  HAL_UHF_getMIDI                       
000224e0  HAL_UHF_getMorse                      
00022438  HAL_UHF_getPayload                    
000222d8  HAL_UHF_getPcktsIn                    
00022304  HAL_UHF_getPcktsInCRC16               
000222ac  HAL_UHF_getPcktsOut                   
00022330  HAL_UHF_getPipeT                      
00022464  HAL_UHF_getSecureKey                  
000224b8  HAL_UHF_getSource                     
0002222c  HAL_UHF_getStatus                     
000223b4  HAL_UHF_getTemp                       
00022280  HAL_UHF_getUptime                     
000220b4  HAL_UHF_lowPwr                        
00022094  HAL_UHF_restore                       
0002220c  HAL_UHF_secure                        
00022074  HAL_UHF_setAudioT                     
0002219c  HAL_UHF_setBeaconMsg                  
00022054  HAL_UHF_setBeaconT                    
000220ec  HAL_UHF_setDestination                
000221dc  HAL_UHF_setFRAM                       
00022014  HAL_UHF_setFreq                       
000221c8  HAL_UHF_setI2C                        
00022170  HAL_UHF_setMIDI                       
00022144  HAL_UHF_setMorse                      
00022034  HAL_UHF_setPipeT                      
00022118  HAL_UHF_setSource                     
00021ff4  HAL_UHF_setStatus                     
0002a52c  HAL_get_current_1                     
0002a548  HAL_get_current_2                     
00027c44  HAL_get_temp_data                     
0002a510  HAL_get_temperature                   
0002a564  HAL_get_voltage_1                     
0002a580  HAL_get_voltage_2                     
0002a144  HAL_hk_report                         
0002a130  HAL_sys_getTime                       
0002a11c  HAL_sys_setTime                       
0002b850  HOSTclose                             
0002abb0  HOSTlseek                             
0002b0c8  HOSTopen                              
0002b290  HOSTread                              
0002adb0  HOSTrename                            
0002b9ac  HOSTunlink                            
0002b320  HOSTwrite                             
0001a4a0  I2CMasterRxTest                       
0001a3f0  I2CMasterTxTest                       
0001a59c  I2CSlaveRxTest                        
0001a688  I2CSlaveTxTest                        
00019d20  InitIO                                
00018478  MPU_eTaskGetState                     
0001862c  MPU_pcTaskGetName                     
00018dbc  MPU_pcTimerGetName                    
0001870c  MPU_pvTaskGetThreadLocalStoragePointer
00018cf4  MPU_pvTimerGetTimerID                 
000188c8  MPU_ulTaskNotifyTake                  
00018a84  MPU_uxQueueMessagesWaiting            
00018ab8  MPU_uxQueueSpacesAvailable            
00018600  MPU_uxTaskGetNumberOfTasks            
00018694  MPU_uxTaskGetStackHighWaterMark       
0001877c  MPU_uxTaskGetSystemState              
00018444  MPU_uxTaskPriorityGet                 
00019018  MPU_vEventGroupDelete                 
00018aec  MPU_vQueueDelete                      
00018350  MPU_vTaskAllocateMPURegions           
000183b0  MPU_vTaskDelay                        
000183dc  MPU_vTaskDelayUntil                   
00018384  MPU_vTaskDelete                       
000184ac  MPU_vTaskGetInfo                      
000187f4  MPU_vTaskGetRunTimeStats              
000187c8  MPU_vTaskList                         
000184f8  MPU_vTaskPrioritySet                  
00018558  MPU_vTaskResume                       
000186c8  MPU_vTaskSetThreadLocalStoragePointer 
00018940  MPU_vTaskSetTimeOutState              
0001852c  MPU_vTaskSuspend                      
00018584  MPU_vTaskSuspendAll                   
00018d28  MPU_vTimerSetTimerID                  
00018f3c  MPU_xEventGroupClearBits              
00018eb4  MPU_xEventGroupCreate                 
00018f80  MPU_xEventGroupSetBits                
00018fc4  MPU_xEventGroupSync                   
00018ee0  MPU_xEventGroupWaitBits               
00018b4c  MPU_xQueueCreateCountingSemaphore     
00018b18  MPU_xQueueCreateMutex                 
00018c08  MPU_xQueueGenericCreate               
00018a30  MPU_xQueueGenericReceive              
00018c54  MPU_xQueueGenericReset                
000189dc  MPU_xQueueGenericSend                 
00018bd4  MPU_xQueueGiveMutexRecursive          
00018b90  MPU_xQueueTakeMutexRecursive          
00018410  MPU_xTaskAbortDelay                   
0001896c  MPU_xTaskCheckForTimeOut              
000182a8  MPU_xTaskCreate                       
0001830c  MPU_xTaskCreateRestricted             
00018820  MPU_xTaskGenericNotify                
00018660  MPU_xTaskGetHandle                    
00018750  MPU_xTaskGetIdleTaskHandle            
000189b0  MPU_xTaskGetSchedulerState            
000185d4  MPU_xTaskGetTickCount                 
0001890c  MPU_xTaskNotifyStateClear             
00018874  MPU_xTaskNotifyWait                   
000185a8  MPU_xTaskResumeAll                    
00018c98  MPU_xTimerCreate                      
00018e58  MPU_xTimerGenericCommand              
00018e24  MPU_xTimerGetExpiryTime               
00018df0  MPU_xTimerGetPeriod                   
00018d90  MPU_xTimerGetTimerDaemonTaskHandle    
00018d5c  MPU_xTimerIsTimerActive               
0001a8c4  SDRAM_Test                            
UNDEFED   SHT$$INIT_ARRAY$$Base                 
UNDEFED   SHT$$INIT_ARRAY$$Limit                
0001a244  SPIMasterRxTest                       
0001a1c8  SPIMasterTxTest                       
0001a360  SPISlaveRxTest                        
0001a2e4  SPISlaveTxTest                        
00023ef0  SciSendBuf                            
000107b8  SpiRxStatus                           
0001072c  SpiTxStatus                           
0001a140  UARTRxTest                            
0001a0fc  UARTTxTest                            
0804116c  __CIOBUF_                             
00000800  __SYSMEM_SIZE                         
00007898  __TI_CINIT_Base                       
000078b8  __TI_CINIT_Limit                      
0000786c  __TI_Handler_Table_Base               
00007878  __TI_Handler_Table_Limit              
00023c74  __TI_PINIT_Base                       
00023c78  __TI_PINIT_Limit                      
0002ba88  __TI_auto_init_nobinit_nopinit        
0002bc6c  __TI_cleanup                          
08041954  __TI_cleanup_ptr                      
0002a8e8  __TI_closefile                        
0002b3b0  __TI_decompress_lzss                  
0002c59c  __TI_decompress_none                  
0002b554  __TI_doflush                          
08041958  __TI_dtors_ptr                        
0804195c  __TI_enable_exit_profile_output       
08041944  __TI_ft_end                           
0002b65c  __TI_ltoa                             
ffffffff  __TI_pprof_out_hndl                   
00015690  __TI_printfi                          
ffffffff  __TI_prof_data_size                   
ffffffff  __TI_prof_data_start                  
0002bcc0  __TI_readmsg                          
00012500  __TI_scanfi                           
00000000  __TI_static_base__                    
08041486  __TI_tmpnams                          
0002bd14  __TI_writemsg                         
0002ae54  __TI_wrt_ok                           
0002c5c0  __TI_zero_init                        
0002c5f4  __abort_execution                     
0002c5d0  __aeabi_errno_addr                    
0002bdbc  __aeabi_idiv                          
0002c610  __aeabi_idiv0                         
0002bdbc  __aeabi_idivmod                       
0002c610  __aeabi_ldiv0                         
0002aa50  __aeabi_memclr                        
0002aa50  __aeabi_memclr4                       
0002aa50  __aeabi_memclr8                       
00028aa8  __aeabi_memcpy                        
00028aa8  __aeabi_memcpy4                       
00028aa8  __aeabi_memcpy8                       
0002aa54  __aeabi_memset                        
0002aa54  __aeabi_memset4                       
0002aa54  __aeabi_memset8                       
08041950  __aeabi_stderr                        
08041948  __aeabi_stdin                         
0804194c  __aeabi_stdout                        
0002beb8  __aeabi_uidiv                         
0002beb8  __aeabi_uidivmod                      
00025d00  __aeabi_uldivmod                      
ffffffff  __binit__                             
ffffffff  __c_args__                            
0000b7e4  __putchar                             
08001000  __start___llvm_prf_cnts               
08001000  __stop___llvm_prf_cnts                
00027488  __vla_alloc                           
0002a9a0  __vla_dealloc                         
0002a304  _c_int00                              
00023c28  _cacheDisable_                        
00023be4  _cacheEnable_                         
00023bc4  _checkMemInitOn_                      
00023ad0  _coreClearAuxiliaryDataFault_         
00023ae4  _coreClearAuxiliaryInstructionFault_  
00023aa8  _coreClearDataFaultAddress_           
00023a80  _coreClearDataFault_                  
00023abc  _coreClearInstructionFaultAddress_    
00023a94  _coreClearInstructionFault_           
00023a58  _coreDisableEventBusExport_           
00023a48  _coreEnableEventBusExport_            
00023a68  _coreEnableIrqVicOffset_              
00023a30  _coreEnableVfp_                       
00023ac8  _coreGetAuxiliaryDataFault_           
00023adc  _coreGetAuxiliaryInstructionFault_    
00023aa0  _coreGetDataFaultAddress_             
00023a78  _coreGetDataFault_                    
00023ab4  _coreGetInstructionFaultAddress_      
00023a8c  _coreGetInstructionFault_             
000238b8  _coreInitRegisters_                   
000239c4  _coreInitStackPointer_                
0002cc20  _ctypes_                              
00023c4c  _dCacheInvalidate_                    
0002c0a0  _dabort                               
080417dc  _device                               
00023af0  _disable_IRQ_interrupt_               
00023af8  _enable_IRQ_interrupt_                
00023b00  _enable_interrupt_                    
0002070c  _errata_SSWF021_45_both_plls          
00020900  _errata_SSWF021_45_pll1               
00020a78  _errata_SSWF021_45_pll2               
00023b08  _esmCcmErrorsClear_                   
080416ec  _ftable                               
00023a10  _getCPSRValue_                        
00023a18  _gotoCPUIdle_                         
00023c60  _iCacheInvalidate_                    
0804196c  _lock                                 
00023b90  _memInit_                             
00024a24  _mpuAreRegionsSeparate_               
00024a08  _mpuDisableBackgroundRegion_          
000249e0  _mpuDisable_                          
000249f8  _mpuEnableBackgroundRegion_           
000249c8  _mpuEnable_                           
00024a18  _mpuGetNumberOfRegions_               
00024a48  _mpuGetRegionBaseAddress_             
00024a68  _mpuGetRegionPermission_              
00024a5c  _mpuGetRegionType_                    
00024a38  _mpuGetRegion_                        
00024724  _mpuInit_                             
00024a40  _mpuSetRegionBaseAddress_             
00024a74  _mpuSetRegionSizeRegister_            
00024a50  _mpuSetRegionTypeAndPermission_       
00024a30  _mpuSetRegion_                        
0002c5f8  _nop                                  
0002a450  _pmuDisableCountersGlobal_            
0002a440  _pmuEnableCountersGlobal_             
0002a4ac  _pmuGetCycleCount_                    
0002a4b4  _pmuGetEventCount_                    
0002a4c0  _pmuGetOverflow_                      
0002a3f4  _pmuInit_                             
0002a480  _pmuResetCounters_                    
0002a460  _pmuResetCycleCounter_                
0002a470  _pmuResetEventCounters_               
0002a4a0  _pmuSetCountEvent_                    
0002a490  _pmuStartCounters_                    
0002a498  _pmuStopCounters_                     
0002c090  _prefetch                             
08041854  _stream                               
00006fb0  _sys_memory                           
UNDEFED   _system_post_cinit                    
0002c0b0  _undef                                
08041970  _unlock                               
0002c5e8  abort                                 
00017020  adc1GetConfigValue                    
00017220  adc2GetConfigValue                    
00016bfc  adcCalibration                        
00016fc0  adcDisableNotification                
00016f70  adcEnableNotification                 
000169d4  adcGetData                            
00017008  adcGetEVTPin                          
0001663c  adcInit                               
00016bcc  adcIsConversionComplete               
00016b9c  adcIsFifoFull                         
00016dd4  adcMidPointCalibration                
000280f0  adcNotification                       
000169ac  adcResetFiFo                          
00016fe8  adcSetEVTPin                          
00016900  adcStartConversion                    
00016984  adcStopConversion                     
000285e4  aligned_alloc                         
0002b5d8  atoi                                  
ffffffff  binit                                 
80000000  blinky                                
00011e58  can1GetConfigValue                    
00011fb0  can2GetConfigValue                    
00012108  can3GetConfigValue                    
000122e0  can4GetConfigValue                    
00011cf8  canDisableErrorNotification           
00011cd8  canDisableStatusChangeNotification    
00011d50  canDisableloopback                    
00011c98  canEnableErrorNotification            
00011cb8  canEnableStatusChangeNotification     
00011d18  canEnableloopback                     
00028104  canErrorNotification                  
00011a40  canFillMessageObjectData              
00011768  canGetData                            
00011c74  canGetErrorLevel                      
000118c0  canGetID                              
00011c50  canGetLastError                       
00011278  canInit                               
00011e3c  canIoRxGetBit                         
00011d80  canIoSetDirection                     
00011dd0  canIoSetPort                          
00011e20  canIoTxGetBit                         
00011bf4  canIsMessageBoxValid                  
00011b98  canIsRxMessageArrived                 
00011b3c  canIsTxMessagePending                 
000119a0  canSendRemoteFrame                    
00028118  canStatusChangeNotification           
0001166c  canTransmit                           
00011928  canUpdateID                           
0002b1f8  close                                 
000240c8  cnv16_8                               
0002407c  cnv32_8                               
00024184  cnv8_16                               
0002414c  cnv8_16LE                             
000240fc  cnv8_32                               
000242d4  cnv8_D                                
00024208  cnv8_F                                
00024258  cnvD_8                                
000241bc  cnvF_8                                
0000db78  communication_service                 
0000dcf0  communication_service_app             
0002c460  copysign                              
0002c460  copysignl                             
000281f4  crcNotification                       
0001aa08  csp_accept                            
00026c34  csp_bin_sem_create                    
00026d2c  csp_bin_sem_post                      
00026d84  csp_bin_sem_post_isr                  
00026c84  csp_bin_sem_remove                    
00026cbc  csp_bin_sem_wait                      
0002526c  csp_bind                              
000211f8  csp_buffer_clone                      
0002127c  csp_buffer_data_size                  
000210c4  csp_buffer_free                       
00021040  csp_buffer_free_isr                   
00020e54  csp_buffer_free_resources             
00020f2c  csp_buffer_get                        
00020e9c  csp_buffer_get_isr                    
00020d70  csp_buffer_init                       
00021258  csp_buffer_remaining                  
0002126c  csp_buffer_size                       
000244d0  csp_bytesize                          
0002b94c  csp_calloc                            
0002b6dc  csp_clock_get_time                    
0002b704  csp_clock_set_time                    
00014f08  csp_close                             
0001ef64  csp_cmp_set_memcpy                    
08041620  csp_conf                              
00014d2c  csp_conn_allocate                     
000146c4  csp_conn_check_timeouts               
00014f20  csp_conn_close                        
00015348  csp_conn_dport                        
00015394  csp_conn_dst                          
00014764  csp_conn_enqueue_packet               
00014b24  csp_conn_find                         
000153cc  csp_conn_flags                        
00014a24  csp_conn_free_resources               
000155dc  csp_conn_get_array                    
00014750  csp_conn_get_rxq                      
00014828  csp_conn_init                         
00014eb0  csp_conn_new                          
000153e4  csp_conn_print_table                  
000154b4  csp_conn_print_table_str              
00015378  csp_conn_sport                        
000153b0  csp_conn_src                          
000150a4  csp_connect                           
00027f30  csp_crc32_append                      
00027eb4  csp_crc32_memory                      
00027fe4  csp_crc32_verify                      
000273e8  csp_debug_get_level                   
08041998  csp_debug_hook_func                   
0002725c  csp_debug_hook_set                    
0804198c  csp_debug_level_enabled               
000273b8  csp_debug_set_level                   
00027418  csp_debug_toggle_level                
0002b998  csp_free                              
0002994c  csp_free_resources                    
00029878  csp_get_address                       
00029978  csp_get_conf                          
0002c210  csp_get_ms                            
0002c21c  csp_get_ms_isr                        
0002c228  csp_get_s                             
0002c23c  csp_get_s_isr                         
0002c1d0  csp_get_uptime_s                      
00022e54  csp_hmac_append                       
00022d6c  csp_hmac_memory                       
00022e18  csp_hmac_set_key                      
00022f1c  csp_hmac_verify                       
0002c510  csp_htobe32                           
0002c524  csp_hton16                            
0002c538  csp_hton32                            
0002c54c  csp_htonflt                           
080418a4  csp_if_lo                             
00024404  csp_iflist_add                        
000244c4  csp_iflist_get                        
000243a8  csp_iflist_get_by_name                
00024580  csp_iflist_print                      
00029884  csp_init                              
00021ed0  csp_kiss_add_interface                
00021b8c  csp_kiss_rx                           
000219d8  csp_kiss_tx                           
00025208  csp_listen                            
0002b938  csp_malloc                            
00026bb8  csp_mutex_create                      
00026c04  csp_mutex_lock                        
00026bf0  csp_mutex_remove                      
00026c20  csp_mutex_unlock                      
0002c560  csp_ntoh16                            
0002c574  csp_ntoh32                            
0002c588  csp_ntohflt                           
000251e8  csp_port_free_resources               
00025108  csp_port_get_socket                   
000251a8  csp_port_init                         
00024b00  csp_qfifo_free_resources              
00024a7c  csp_qfifo_init                        
00024b68  csp_qfifo_read                        
00024d0c  csp_qfifo_wake_up                     
00024b9c  csp_qfifo_write                       
00029ac0  csp_queue_create                      
00029b58  csp_queue_dequeue                     
00029b94  csp_queue_dequeue_isr                 
00029af4  csp_queue_enqueue                     
00029b30  csp_queue_enqueue_isr                 
00029ae0  csp_queue_remove                      
00029bb8  csp_queue_size                        
00029bcc  csp_queue_size_isr                    
0000911c  csp_rdp_check_ack                     
000092ec  csp_rdp_check_timeouts                
0000b0ac  csp_rdp_close                         
0000b51c  csp_rdp_conn_print                    
0000a748  csp_rdp_connect                       
00008ff0  csp_rdp_flush_all                     
0000b07c  csp_rdp_free_resources                
0000b458  csp_rdp_get_opt                       
0000aeb4  csp_rdp_init                          
00009914  csp_rdp_new_packet                    
0000ab2c  csp_rdp_send                          
0000b3f4  csp_rdp_set_opt                       
0001aa6c  csp_read                              
0001b1e0  csp_recvfrom                          
0001e4b4  csp_route_start_task                  
0001dff4  csp_route_work                        
0002027c  csp_rtable_check                      
00020590  csp_rtable_clear                      
000276ac  csp_rtable_find_route                 
000277b8  csp_rtable_free                       
000277d0  csp_rtable_iterate                    
00020264  csp_rtable_load                       
00020654  csp_rtable_print                      
00020528  csp_rtable_save                       
00020294  csp_rtable_set                        
000276fc  csp_rtable_set_internal               
0001ade4  csp_send                              
0001ab4c  csp_send_direct                       
0001aec0  csp_send_prio                         
0001b250  csp_sendto                            
0001b3c0  csp_sendto_reply                      
000294f4  csp_server                            
0001f47c  csp_service_handler                   
00017fb0  csp_sha1_done                         
00017de0  csp_sha1_init                         
00018244  csp_sha1_memory                       
00017e48  csp_sha1_process                      
0002af7c  csp_sleep_ms                          
0001a948  csp_socket                            
0002894c  csp_sys_memfree                       
00029e34  csp_sys_reboot                        
00028958  csp_sys_set_color                     
00029e18  csp_sys_set_reboot                    
00029e80  csp_sys_set_shutdown                  
00029e9c  csp_sys_shutdown                      
00028920  csp_sys_tasklist                      
00028938  csp_sys_tasklist_size                 
0002aef4  csp_thread_create                     
0002af6c  csp_thread_exit                       
0001afc0  csp_transaction_persistent            
0001b158  csp_transaction_w_opts                
0002a024  csp_udp_new_packet                    
000270f4  csp_usart_open                        
00028814  csp_usart_open_and_add_kiss_interface 
00027080  csp_usart_write                       
000218f8  csp_xtea_decrypt                      
0002191c  csp_xtea_decrypt_packet               
00021744  csp_xtea_encrypt                      
00021840  csp_xtea_encrypt_packet               
00021708  csp_xtea_set_key                      
0001db98  customTrimLPO                         
00028140  dccNotification                       
00027ac8  demo_get_temp                         
000280dc  dmaGroupANotification                 
00027278  do_csp_debug                          
00002340  eTaskConfirmSleepModeStatus           
000008f0  eTaskGetState                         
00028240  ecapNotification                      
000281cc  edgeNotification                      
00028278  emacRxNotification                    
00028268  emacTxNotification                    
000278d4  emifGetConfigValue                    
000278d0  emif_SDRAMInit                        
00027a2c  emif_SDRAM_StartupInit                
00028254  epcCAMFullNotification                
00028258  epcFIFOFullNotification               
0002822c  eqepNotification                      
080416e4  equipment_mutex                       
080419a4  errno                                 
0001fa24  esmActivateNormalOperation            
0001fb70  esmClearStatus                        
0001fbd4  esmClearStatusBuffer                  
0001fbb0  esmClearStatusUpper                   
0001f9d0  esmDisableError                       
0001f9f8  esmDisableErrorUpper                  
0001fa78  esmDisableInterrupt                   
0001faa0  esmDisableInterruptUpper              
0001f98c  esmEnableError                        
0001f9b4  esmEnableErrorUpper                   
0001fa34  esmEnableInterrupt                    
0001fa5c  esmEnableInterruptUpper               
0001fd04  esmEnterSelfTest                      
0001f970  esmError                              
0001fddc  esmGetConfigValue                     
0001fc10  esmGetStatus                          
0001fcdc  esmGetStatusBuffer                    
0001fc94  esmGetStatusUpper                     
00027220  esmGroup1Notification                 
00027230  esmGroup2Notification                 
000280cc  esmGroup3Notification                 
00028c28  esmHighInterrupt                      
0001f814  esmInit                               
0001fd8c  esmSelfTestStatus                     
0001fbf0  esmSetCounterPreloadValue             
0001fabc  esmSetInterruptLevel                  
0001fb30  esmSetInterruptLevelUpper             
0001fa14  esmTriggerErrorPinReset               
00028208  etpwmNotification                     
00028218  etpwmTripNotification                 
00024024  ex2_log                               
00023d88  ex2_main                              
0002b758  exit                                  
0000db04  fctprintf                             
0002ac5c  fflush                                
0002bd68  finddevice                            
00029714  floor                                 
00029714  floorl                                
0002af90  fprintf                               
00029f24  fputc                                 
00028440  fputs                                 
00028da0  free                                  
0002b440  frexp                                 
0002b440  frexpl                                
0002ad08  fseek                                 
00023ea8  getProfilerTimerCount                 
0001d638  getResetSource                        
0002ba1c  getdevice                             
00023250  gioDisableNotification                
000231e8  gioEnableNotification                 
00023150  gioGetBit                             
000232b8  gioGetConfigValue                     
00023178  gioGetPort                            
00022ff0  gioInit                               
00028154  gioNotification                       
000230e0  gioSetBit                             
000230c0  gioSetDirection                       
00023130  gioSetPort                            
00023190  gioToggleBit                          
0002c5f0  handlePLLLockFail                     
000281e0  hetNotification                       
000265cc  hk_service_app                        
000264e0  housekeeping_service                  
00024354  htons                                 
00019844  i2c1GetConfigValue                    
00019a0c  i2c2GetConfigValue                    
000195b0  i2cClearSCD                           
00019708  i2cDisableLoopback                    
00019790  i2cDisableNotification                
000196e8  i2cEnableLoopback                     
00019728  i2cEnableNotification                 
00019044  i2cInit                               
00019c4c  i2cIsBusBusy                          
00019c0c  i2cIsMasterReady                      
00019548  i2cIsRxReady                          
00019564  i2cIsStopDetected                     
000193d0  i2cIsTxReady                          
00028168  i2cNotification                       
00019610  i2cReceive                            
000195cc  i2cReceiveByte                        
00019580  i2cRxError                            
0001941c  i2cSend                               
000193ec  i2cSendByte                           
00019270  i2cSetBaudrate                        
000193b0  i2cSetCount                           
00019bd4  i2cSetDirection                       
0001980c  i2cSetMode                            
00019230  i2cSetOwnAdd                          
00019250  i2cSetSlaveAdd                        
00019370  i2cSetStart                           
00019390  i2cSetStop                            
0804116b  incomingData                          
00023e74  initializeProfiler                    
00029be0  ldexp                                 
00029be0  ldexpl                                
0001c8c8  lin1HighLevelInterrupt                
0001ca98  lin2HighLevelInterrupt                
0002c0c0  lseek                                 
0002c07c  main                                  
0002c5dc  malloc                                
0001d464  mapClocks                             
000285e4  memalign                              
0002c35c  memccpy                               
0002c3b8  memchr                                
0002c2c8  memcmp                                
00028aa8  memcpy                                
0002aa60  memset                                
0001b70c  mibspi1HighLevelInterrupt             
0001b4a4  mibspi1LowLevelInterrupt              
0001bbdc  mibspi5HighLevelInterrupt             
0001b974  mibspi5LowLevelInterrupt              
0001bed4  muxInit                               
00024394  ntohs                                 
080416cc  parmbuf                               
00001410  pcTaskGetName                         
0000529c  pcTimerGetName                        
0001d3b0  periphInit                            
0002c60c  phantomInterrupt                      
0002b02c  printf                                
0000d990  printf_                               
000067e0  prvMpuDisable                         
000067c8  prvMpuEnable                          
000067b0  prvMpuSetRegion                       
00029f24  putc                                  
00006bfc  pvPortMalloc                          
00002414  pvTaskGetThreadLocalStoragePointer    
000030b4  pvTaskIncrementMutexHeldCount         
00005a04  pvTimerGetTimerID                     
000281b4  pwmNotification                       
080008d0  pxCurrentTCB                          
00006808  pxPortInitialiseStack                 
0002bf08  rand                                  
0002933c  realloc                               
0002c034  remove                                
00000000  resetEntry                            
00029be0  scalbn                                
00029be0  scalbnl                               
00014044  sci1GetConfigValue                    
0001419c  sci2GetConfigValue                    
000142f4  sci3GetConfigValue                    
0001cc68  sci3HighLevelInterrupt                
0001444c  sci4GetConfigValue                    
0001ce38  sci4HighLevelInterrupt                
0001d008  sci4LowLevelInterrupt                 
080416e8  sciData                               
00013eb8  sciDisableLoopback                    
00013f6c  sciDisableNotification                
00013e84  sciEnableLoopback                     
00013ed4  sciEnableNotification                 
00014004  sciEnterResetState                    
00014024  sciExitResetState                     
000136d0  sciInit                               
00013cfc  sciIsIdleDetected                     
00013ce0  sciIsRxReady                          
00013b30  sciIsTxReady                          
000271c0  sciNotification                       
00013d74  sciReceive                            
00013d48  sciReceiveByte                        
00013d18  sciRxError                            
00013b7c  sciSend                               
00013b4c  sciSendByte                           
00013a94  sciSetBaudrate                        
00013a74  sciSetFunctional                      
0002405c  set_packet_length                     
0001d370  setupFlash                            
0001d294  setupPLL                              
000291e4  setvbuf                               
0002b7d4  snprintf                              
0000da38  snprintf_                             
000108fc  spi1GetConfigValue                    
00010b1c  spi2GetConfigValue                    
00010d1c  spi3GetConfigValue                    
00010f1c  spi4GetConfigValue                    
000110b4  spi5GetConfigValue                    
00010878  spiDisableLoopback                    
000108c8  spiDisableNotification                
00010844  spiEnableLoopback                     
00010894  spiEnableNotification                 
000281a4  spiEndNotification                    
00010194  spiGetData                            
0000fa60  spiInit                               
00028190  spiNotification                       
00010078  spiReceiveData                        
000105ec  spiSendAndGetData                     
000103b8  spiSendData                           
00010058  spiSetFunctional                      
000104b0  spiTransmitAndReceiveData             
0001028c  spiTransmitData                       
0002bb54  sprintf                               
0000d9e0  sprintf_                              
0002c290  srand                                 
0002be10  sscanf                                
0000dc14  start_communication_service           
0002b4cc  start_detection_server                
0002657c  start_housekeeping_service            
00029488  start_service_server                  
0002a5e0  start_task_stats                      
00026054  start_time_management_service         
0002c104  strcasecmp                            
0002c410  strchr                                
0002c438  strcmp                                
0002c4e4  strcpy                                
0002c148  strcspn                               
0002c4a8  strlen                                
0002be64  strncasecmp                           
0002bf54  strncat                               
0002bfec  strncpy                               
0002c3e4  strrchr                               
0002bfa0  strspn                                
000225e0  strtod                                
0002a214  strtok_r                              
00027cc0  strtol                                
000225e0  strtold                               
00025a38  strtoll                               
00028288  strtoul                               
00026978  strtoull                              
[...]
00022490  HAL_UHF_getDestination                
000224b8  HAL_UHF_getSource                     
000224e0  HAL_UHF_getMorse                      
00022508  HAL_UHF_getMIDI                       
00022530  HAL_UHF_getBeaconMsg                  
00022558  HAL_UHF_getFRAM                       
000225e0  strtod                                
000225e0  strtold                               
00022d6c  csp_hmac_memory                       
00022e18  csp_hmac_set_key                      
00022e54  csp_hmac_append                       
00022f1c  csp_hmac_verify                       
00022ff0  gioInit                               
000230c0  gioSetDirection                       
000230e0  gioSetBit                             
00023130  gioSetPort                            
00023150  gioGetBit                             
00023178  gioGetPort                            
00023190  gioToggleBit                          
000231e8  gioEnableNotification                 
00023250  gioDisableNotification                
000232b8  gioGetConfigValue                     
00023474  thermistor_read                       
000235a4  thermistor_calibration                
000238b8  _coreInitRegisters_                   
000239c4  _coreInitStackPointer_                
00023a10  _getCPSRValue_                        
00023a18  _gotoCPUIdle_                         
00023a30  _coreEnableVfp_                       
00023a48  _coreEnableEventBusExport_            
00023a58  _coreDisableEventBusExport_           
00023a68  _coreEnableIrqVicOffset_              
00023a78  _coreGetDataFault_                    
00023a80  _coreClearDataFault_                  
00023a8c  _coreGetInstructionFault_             
00023a94  _coreClearInstructionFault_           
00023aa0  _coreGetDataFaultAddress_             
00023aa8  _coreClearDataFaultAddress_           
00023ab4  _coreGetInstructionFaultAddress_      
00023abc  _coreClearInstructionFaultAddress_    
00023ac8  _coreGetAuxiliaryDataFault_           
00023ad0  _coreClearAuxiliaryDataFault_         
00023adc  _coreGetAuxiliaryInstructionFault_    
00023ae4  _coreClearAuxiliaryInstructionFault_  
00023af0  _disable_IRQ_interrupt_               
00023af8  _enable_IRQ_interrupt_                
00023b00  _enable_interrupt_                    
00023b08  _esmCcmErrorsClear_                   
00023b90  _memInit_                             
00023bc4  _checkMemInitOn_                      
00023be4  _cacheEnable_                         
00023c28  _cacheDisable_                        
00023c4c  _dCacheInvalidate_                    
00023c60  _iCacheInvalidate_                    
00023c74  __TI_PINIT_Base                       
00023c78  __TI_PINIT_Limit                      
00023d88  ex2_main                              
00023e54  vAssertCalled                         
00023e74  initializeProfiler                    
00023ea8  getProfilerTimerCount                 
00023edc  vApplicationStackOverflowHook         
00023eec  vApplicationMallocFailedHook          
00023ef0  SciSendBuf                            
00024024  ex2_log                               
0002405c  set_packet_length                     
0002407c  cnv32_8                               
000240c8  cnv16_8                               
000240fc  cnv8_32                               
0002414c  cnv8_16LE                             
00024184  cnv8_16                               
000241bc  cnvF_8                                
00024208  cnv8_F                                
00024258  cnvD_8                                
000242d4  cnv8_D                                
00024354  htons                                 
00024394  ntohs                                 
000243a8  csp_iflist_get_by_name                
00024404  csp_iflist_add                        
000244c4  csp_iflist_get                        
000244d0  csp_bytesize                          
00024580  csp_iflist_print                      
00024724  _mpuInit_                             
000249c8  _mpuEnable_                           
000249e0  _mpuDisable_                          
000249f8  _mpuEnableBackgroundRegion_           
00024a08  _mpuDisableBackgroundRegion_          
00024a18  _mpuGetNumberOfRegions_               
00024a24  _mpuAreRegionsSeparate_               
00024a30  _mpuSetRegion_                        
00024a38  _mpuGetRegion_                        
00024a40  _mpuSetRegionBaseAddress_             
00024a48  _mpuGetRegionBaseAddress_             
00024a50  _mpuSetRegionTypeAndPermission_       
00024a5c  _mpuGetRegionType_                    
00024a68  _mpuGetRegionPermission_              
00024a74  _mpuSetRegionSizeRegister_            
00024a7c  csp_qfifo_init                        
00024b00  csp_qfifo_free_resources              
00024b68  csp_qfifo_read                        
00024b9c  csp_qfifo_write                       
00024d0c  csp_qfifo_wake_up                     
00024dcc  vimECCErrorHandler                    
00025108  csp_port_get_socket                   
000251a8  csp_port_init                         
000251e8  csp_port_free_resources               
00025208  csp_listen                            
0002526c  csp_bind                              
0002543c  HAL_S_getFreq                         
00025468  HAL_S_getControl                      
00025494  HAL_S_getEncoder                      
000254c0  HAL_S_getPAPower                      
000254ec  HAL_S_getStatus                       
00025530  HAL_S_getTR                           
00025568  HAL_S_getHK                           
000255f0  HAL_S_getBuffer                       
00025630  HAL_S_softResetFPGA                   
00025638  HAL_S_getFV                           
00025670  HAL_S_setFreq                         
00025690  HAL_S_setPAPower                      
000256b0  HAL_S_setControl                      
000256d4  HAL_S_setEncoder                      
00025a38  strtoll                               
00025d00  __aeabi_uldivmod                      
00025fb8  time_management_service               
00026054  start_time_management_service         
000260a4  time_management_app                   
000264e0  housekeeping_service                  
0002657c  start_housekeeping_service            
000265cc  hk_service_app                        
00026978  strtoull                              
00026bb8  csp_mutex_create                      
00026bf0  csp_mutex_remove                      
00026c04  csp_mutex_lock                        
00026c20  csp_mutex_unlock                      
00026c34  csp_bin_sem_create                    
00026c84  csp_bin_sem_remove                    
00026cbc  csp_bin_sem_wait                      
00026d2c  csp_bin_sem_post                      
00026d84  csp_bin_sem_post_isr                  
00026df4  vListInitialise                       
00026e4c  vListInitialiseItem                   
00026e68  vListInsertEnd                        
00026edc  vListInsert                           
00026fa0  uxListRemove                          
0002702c  usart_rx_thread                       
00027080  csp_usart_write                       
000270f4  csp_usart_open                        
000271c0  sciNotification                       
00027220  esmGroup1Notification                 
00027230  esmGroup2Notification                 
0002725c  csp_debug_hook_set                    
00027278  do_csp_debug                          
000273b8  csp_debug_set_level                   
000273e8  csp_debug_get_level                   
00027418  csp_debug_toggle_level                
00027488  __vla_alloc                           
000276ac  csp_rtable_find_route                 
000276fc  csp_rtable_set_internal               
000277b8  csp_rtable_free                       
000277d0  csp_rtable_iterate                    
000278d0  emif_SDRAMInit                        
000278d4  emifGetConfigValue                    
00027a2c  emif_SDRAM_StartupInit                
00027ac8  demo_get_temp                         
00027c44  HAL_get_temp_data                     
00027cc0  strtol                                
00027eb4  csp_crc32_memory                      
00027f30  csp_crc32_append                      
00027fe4  csp_crc32_verify                      
000280cc  esmGroup3Notification                 
000280dc  dmaGroupANotification                 
000280f0  adcNotification                       
00028104  canErrorNotification                  
00028118  canStatusChangeNotification           
00028140  dccNotification                       
00028154  gioNotification                       
00028168  i2cNotification                       
00028190  spiNotification                       
000281a4  spiEndNotification                    
000281b4  pwmNotification                       
000281cc  edgeNotification                      
000281e0  hetNotification                       
000281f4  crcNotification                       
00028208  etpwmNotification                     
00028218  etpwmTripNotification                 
0002822c  eqepNotification                      
00028240  ecapNotification                      
00028254  epcCAMFullNotification                
00028258  epcFIFOFullNotification               
00028268  emacTxNotification                    
00028278  emacRxNotification                    
00028288  strtoul                               
00028440  fputs                                 
000285e4  aligned_alloc                         
000285e4  memalign                              
00028814  csp_usart_open_and_add_kiss_interface 
00028920  csp_sys_tasklist                      
00028938  csp_sys_tasklist_size                 
0002894c  csp_sys_memfree                       
00028958  csp_sys_set_color                     
00028aa8  __aeabi_memcpy                        
00028aa8  __aeabi_memcpy4                       
00028aa8  __aeabi_memcpy8                       
00028aa8  memcpy                                
00028c28  esmHighInterrupt                      
00028da0  free                                  
00028ff4  xTaskNotifyStateClear                 
000291e4  setvbuf                               
0002933c  realloc                               
00029488  start_service_server                  
000294f4  csp_server                            
00029714  floor                                 
00029714  floorl                                
00029878  csp_get_address                       
00029884  csp_init                              
0002994c  csp_free_resources                    
00029978  csp_get_conf                          
00029ac0  csp_queue_create                      
00029ae0  csp_queue_remove                      
00029af4  csp_queue_enqueue                     
00029b30  csp_queue_enqueue_isr                 
00029b58  csp_queue_dequeue                     
00029b94  csp_queue_dequeue_isr                 
00029bb8  csp_queue_size                        
00029bcc  csp_queue_size_isr                    
00029be0  ldexp                                 
00029be0  ldexpl                                
00029be0  scalbn                                
00029be0  scalbnl                               
00029e18  csp_sys_set_reboot                    
00029e34  csp_sys_reboot                        
00029e80  csp_sys_set_shutdown                  
00029e9c  csp_sys_shutdown                      
00029f24  fputc                                 
00029f24  putc                                  
0002a024  csp_udp_new_packet                    
0002a11c  HAL_sys_setTime                       
0002a130  HAL_sys_getTime                       
0002a144  HAL_hk_report                         
0002a214  strtok_r                              
0002a304  _c_int00                              
0002a3f4  _pmuInit_                             
0002a440  _pmuEnableCountersGlobal_             
0002a450  _pmuDisableCountersGlobal_            
0002a460  _pmuResetCycleCounter_                
0002a470  _pmuResetEventCounters_               
0002a480  _pmuResetCounters_                    
0002a490  _pmuStartCounters_                    
0002a498  _pmuStopCounters_                     
0002a4a0  _pmuSetCountEvent_                    
0002a4ac  _pmuGetCycleCount_                    
0002a4b4  _pmuGetEventCount_                    
0002a4c0  _pmuGetOverflow_                      
0002a4d4  HAL_RTC_SetTime                       
0002a4f0  HAL_RTC_GetTime                       
0002a510  HAL_get_temperature                   
0002a52c  HAL_get_current_1                     
0002a548  HAL_get_current_2                     
0002a564  HAL_get_voltage_1                     
0002a580  HAL_get_voltage_2                     
0002a5b4  task_stats                            
0002a5e0  start_task_stats                      
0002a8e8  __TI_closefile                        
0002a9a0  __vla_dealloc                         
0002aa50  __aeabi_memclr                        
0002aa50  __aeabi_memclr4                       
0002aa50  __aeabi_memclr8                       
0002aa54  __aeabi_memset                        
0002aa54  __aeabi_memset4                       
0002aa54  __aeabi_memset8                       
0002aa60  memset                                
0002abb0  HOSTlseek                             
0002ac5c  fflush                                
0002ad08  fseek                                 
0002adb0  HOSTrename                            
0002ae54  __TI_wrt_ok                           
0002aef4  csp_thread_create                     
0002af6c  csp_thread_exit                       
0002af7c  csp_sleep_ms                          
0002af90  fprintf                               
0002b02c  printf                                
0002b0c8  HOSTopen                              
0002b1f8  close                                 
0002b290  HOSTread                              
0002b320  HOSTwrite                             
0002b3b0  __TI_decompress_lzss                  
0002b440  frexp                                 
0002b440  frexpl                                
0002b4cc  start_detection_server                
0002b554  __TI_doflush                          
0002b5d8  atoi                                  
0002b65c  __TI_ltoa                             
0002b6dc  csp_clock_get_time                    
0002b704  csp_clock_set_time                    
0002b758  exit                                  
0002b7d4  snprintf                              
0002b850  HOSTclose                             
0002b938  csp_malloc                            
0002b94c  csp_calloc                            
0002b998  csp_free                              
0002b9ac  HOSTunlink                            
0002ba1c  getdevice                             
0002ba88  __TI_auto_init_nobinit_nopinit        
0002bb54  sprintf                               
0002bc6c  __TI_cleanup                          
0002bcc0  __TI_readmsg                          
0002bd14  __TI_writemsg                         
0002bd5c  C$$IO$$                               
0002bd68  finddevice                            
0002bdbc  __aeabi_idiv                          
0002bdbc  __aeabi_idivmod                       
0002be10  sscanf                                
0002be64  strncasecmp                           
0002beb8  __aeabi_uidiv                         
0002beb8  __aeabi_uidivmod                      
0002bf08  rand                                  
0002bf54  strncat                               
0002bfa0  strspn                                
0002bfec  strncpy                               
0002c034  remove                                
0002c034  unlink                                
0002c07c  main                                  
0002c090  _prefetch                             
0002c0a0  _dabort                               
0002c0b0  _undef                                
0002c0c0  lseek                                 
0002c104  strcasecmp                            
0002c148  strcspn                               
0002c18c  write                                 
0002c1d0  csp_get_uptime_s                      
0002c210  csp_get_ms                            
0002c21c  csp_get_ms_isr                        
0002c228  csp_get_s                             
0002c23c  csp_get_s_isr                         
0002c290  srand                                 
0002c2c8  memcmp                                
0002c35c  memccpy                               
0002c3b8  memchr                                
0002c3e4  strrchr                               
0002c410  strchr                                
0002c438  strcmp                                
0002c460  copysign                              
0002c460  copysignl                             
0002c484  wcslen                                
0002c4a8  strlen                                
0002c4e4  strcpy                                
0002c510  csp_htobe32                           
0002c524  csp_hton16                            
0002c538  csp_hton32                            
0002c54c  csp_htonflt                           
0002c560  csp_ntoh16                            
0002c574  csp_ntoh32                            
0002c588  csp_ntohflt                           
0002c59c  __TI_decompress_none                  
0002c5c0  __TI_zero_init                        
0002c5d0  __aeabi_errno_addr                    
0002c5dc  malloc                                
0002c5e8  C$$EXIT                               
0002c5e8  abort                                 
0002c5f0  handlePLLLockFail                     
0002c5f4  __abort_execution                     
0002c5f8  _nop                                  
0002c60c  phantomInterrupt                      
0002c610  __aeabi_idiv0                         
0002c610  __aeabi_ldiv0                         
0002cc20  _ctypes_                              
080008d0  pxCurrentTCB                          
08001000  __start___llvm_prf_cnts               
08001000  __stop___llvm_prf_cnts                
0804116b  incomingData                          
0804116c  __CIOBUF_                             
08041486  __TI_tmpnams                          
08041620  csp_conf                              
080416cc  parmbuf                               
080416e0  ErrorCode                             
080416e4  equipment_mutex                       
080416e8  sciData                               
080416ec  _ftable                               
080417dc  _device                               
08041854  _stream                               
080418a4  csp_if_lo                             
08041944  __TI_ft_end                           
08041948  __aeabi_stdin                         
0804194c  __aeabi_stdout                        
08041950  __aeabi_stderr                        
08041954  __TI_cleanup_ptr                      
08041958  __TI_dtors_ptr                        
0804195c  __TI_enable_exit_profile_output       
0804196c  _lock                                 
08041970  _unlock                               
08041984  ulCriticalNesting                     
08041988  ulTaskHasFPUContext                   
0804198c  csp_debug_level_enabled               
08041998  csp_debug_hook_func                   
080419a4  errno                                 
80000000  BlinkyStartAddr                       
80000000  blinky                                
800000a0  BlinkyEndAddr                         
ffffffff  __TI_pprof_out_hndl                   
ffffffff  __TI_prof_data_size                   
ffffffff  __TI_prof_data_start                  
ffffffff  __binit__                             
ffffffff  __c_args__                            
ffffffff  binit                                 
UNDEFED   SHT$$INIT_ARRAY$$Base                 
UNDEFED   SHT$$INIT_ARRAY$$Limit                
UNDEFED   _system_post_cinit                    

[885 symbols]
