******************************************************************************
                  TI ARM Linker PC v20.2.0                     
******************************************************************************
>> Linked Sun Feb 21 13:56:26 2021

OUTPUT FILE NAME:   <can.out>
ENTRY POINT SYMBOL: "_c_int00"  address: 00027f98


MEMORY CONFIGURATION

         name            origin    length      used     unused   attr    fill
----------------------  --------  ---------  --------  --------  ----  --------
  VECTORS               00000000   00000020  00000020  00000000     X
  KERNEL                00000020   00008000  00007888  00000778  R  X
  FLASH0                00008020   001f7fe0  0002292d  001d56b3  R  X
  FLASH1                00200000   00200000  00000000  00200000  R  X
  STACKS                08000000   00000800  00000000  00000800  RW  
  KRAM                  08000800   00000800  00000148  000006b8  RW  
  RAM                   08001000   0007f000  00040a08  0003e5f8  RW  
  SDRAM                 80000000   07ffffff  000000a0  07ffff5f  RW X


SEGMENT ALLOCATION MAP

run origin  load origin   length   init length attrs members
----------  ----------- ---------- ----------- ----- -------
00000000    00000000    00006fb0   00006fb0    r-x
  00000000    00000000    00000020   00000020    r-x .intvecs
  00000020    00000020    00006f90   00006f90    r-x .kernelTEXT
00006fb0    00006fb0    00000800   00000000    rw-
  00006fb0    00006fb0    00000800   00000000    rw- .sysmem
000077c0    000077c0    000000f8   000000f8    r--
  000077c0    000077c0    000000f8   000000f8    r-- .cinit
000080c0    000080c0    00021f08   00021f08    r-x
  000080c0    000080c0    00021f08   00021f08    r-x .text
00029fe0    00029fe0    00000985   00000985    r--
  00029fe0    00029fe0    00000985   00000985    r-- .const
08000800    08000800    00000148   00000000    rw-
  08000800    08000800    00000148   00000000    rw- .kernelBSS
08001000    08001000    00040a08   00000000    rw-
  08001000    08001000    00040000   00000000    rw- .kernelHEAP
  08041000    08041000    00000754   00000000    rw- .bss
  08041754    08041754    000002b4   00000000    rw- .data
80000000    00008020    000000a0   000000a0    r-x
  80000000    00008020    000000a0   000000a0    r-x .blinky_section


SECTION ALLOCATION MAP

 output                                  attributes/
section   page    origin      length       input sections
--------  ----  ----------  ----------   ----------------
.intvecs   0    00000000    00000020     
                  00000000    00000020     HL_sys_intvecs.obj (.intvecs)

.kernelTEXT 
*          0    00000020    00006f90     
                  00000020    0000397c     os_tasks.obj (.kernelTEXT)
                  0000399c    0000160c     os_queue.obj (.kernelTEXT)
                  00004fa8    00000b08     os_timer.obj (.kernelTEXT)
                  00005ab0    000008a8     os_event_groups.obj (.kernelTEXT)
                  00006358    000004b0     os_portasm.obj (.kernelTEXT)
                  00006808    000003f4     os_port.obj (.kernelTEXT)
                  00006bfc    000003b4     os_heap.obj (.kernelTEXT)

.cinit     0    000077c0    000000f8     
                  000077c0    000000ab     (.cinit..data.load) [load image, compression = lzss]
                  0000786b    00000001     --HOLE-- [fill = 0]
                  0000786c    0000000c     (__TI_handler_table)
                  00007878    00000009     (.cinit..kernelBSS.load) [load image, compression = lzss]
                  00007881    00000007     --HOLE-- [fill = 0]
                  00007888    00000008     (.cinit..bss.load) [load image, compression = zero_init]
                  00007890    00000008     (.cinit..kernelHEAP.load) [load image, compression = zero_init]
                  00007898    00000020     (__TI_cinit_table)

.blinky_section 
*          0    00008020    000000a0     RUN ADDR = 80000000
                  00008020    00000098     board_io_tests.obj (.blinky_section)
                  000080b8    00000008     HL_gio.obj (.tramp.gioSetBit.1)

.text      0    000080c0    00021f08     
                  000080c0    000035b0     csp_rdp.obj (.text)
                  0000b670    00001ef8     communication_service.obj (.text)
                  0000d568    00001ad8     HL_can.obj (.text)
                  0000f040    00001800     HL_spi.obj (.text)
                  00010840    000011d4     rtsv7R4_A_be_v3D16_eabi.lib : _scanfi.c.obj (.text:__TI_scanfi)
                  00011a14    00000ff4     HL_sci.obj (.text)
                  00012a08    00000fbc     csp_conn.obj (.text)
                  000139c4    00000fac     rtsv7R4_A_be_v3D16_eabi.lib : _printfi.c.obj (.text:__TI_printfi)
                  00014970    00000db8     csp_sha1.obj (.text)
                  00015728    00000d9c     os_mpu_wrappers.obj (.text)
                  000164c4    00000cdc     HL_i2c.obj (.text)
                  000171a0    00000c20     board_io_tests.obj (.text)
                  00017dc0    00000b54     csp_io.obj (.text)
                  00018914    00000a30     HL_spi.obj (.text:retain)
                  00019344    000009f4     HL_pinmux.obj (.text)
                  00019d38    000009cc     HL_sci.obj (.text:retain)
                  0001a704    0000099c     HL_system.obj (.text)
                  0001b0a0    00000974     csp_route.obj (.text)
                  0001ba14    00000940     HL_sys_vim.obj (.text)
                  0001c354    0000091c     csp_service_handler.obj (.text)
                  0001cc70    0000078c     HL_esm.obj (.text)
                  0001d3fc    0000073c     csp_rtable.obj (.text)
                  0001db38    00000734     csp_if_can.obj (.text)
                  0001e26c    00000664     HL_errata_SSWF021_45.obj (.text)
                  0001e8d0    00000644     csp_buffer.obj (.text)
                  0001ef14    00000624     csp_xtea.obj (.text)
                  0001f538    0000061c     csp_if_kiss.obj (.text)
                  0001fb54    000005e4     uhf_hal.obj (.text)
                  00020138    0000054c     rtsv7R4_A_be_v3D16_eabi.lib : strtod.c.obj (.text:strtod)
                  00020684    000004cc     csp_hmac.obj (.text)
                  00020b50    00000484     HL_gio.obj (.text)
                  00020fd4    00000484     can.obj (.text)
                  00021458    000003c4     HL_sys_core.obj (.text)
                  0002181c    000003bc     main.obj (.text)
                  00021bd8    0000037c     csp_iflist.obj (.text)
                  00021f54    00000358     HL_sys_mpu.obj (.text)
                  000222ac    00000358     service_utilities.obj (.text)
                  00022604    00000350     csp_qfifo.obj (.text)
                  00022954    0000033c     HL_sys_vim.obj (.text:retain)
                  00022c90    00000334     csp_port.obj (.text)
                  00022fc4    00000320     comms_hal.obj (.text)
                  000232e4    000002dc     rtsv7R4_A_be_v3D16_eabi.lib : _printfi.c.obj (.text:_pconv_a)
                  000235c0    000002d8     csp_if_can_pbuf.obj (.text)
                  00023898    000002c8     rtsv7R4_A_be_v3D16_eabi.lib : strtoll.c.obj (.text:strtoll)
                  00023b60    000002c0     time_management_service.obj (.text)
                  00023e20    000002b8     rtsv7R4_A_be_v3D16_eabi.lib : ull_div32.asm.obj (.text)
                  000240d8    00000278     os_heap.obj (.text)
                  00024350    00000260     housekeeping_service.obj (.text)
                  000245b0    00000248     rtsv7R4_A_be_v3D16_eabi.lib : _printfi.c.obj (.text:_pconv_g)
                  000247f8    00000240                                 : strtoull.c.obj (.text:strtoull)
                  00024a38    0000023c     csp_semaphore.obj (.text)
                  00024c74    00000238     os_list.obj (.text)
                  00024eac    00000230     usart_m3.obj (.text)
                  000250dc    0000022c     csp_debug.obj (.text)
                  00025308    00000224     csp_rtable_static.obj (.text)
                  0002552c    00000200     HL_can.obj (.text:retain)
                  0002572c    000001f8     HL_emif.obj (.text)
                  00025924    000001f4     rtsv7R4_A_be_v3D16_eabi.lib : strtol.c.obj (.text:strtol)
                  00025b18    000001f0     csp_crc32.obj (.text)
                  00025d08    000001e4     HL_notification.obj (.text)
                  00025eec    000001bc     mock_eps.obj (.text)
                  000260a8    000001b8     rtsv7R4_A_be_v3D16_eabi.lib : strtoul.c.obj (.text:strtoul)
                  00026260    000001a4                                 : fputs.c.obj (.text:fputs)
                  00026404    000001a0                                 : memory.c.obj (.text:aligned_alloc)
                  000265a4    0000019c     usart_kiss.obj (.text)
                  00026740    00000188     csp_system.obj (.text)
                  000268c8    00000180     rtsv7R4_A_be_v3D16_eabi.lib : memcpy32.asm.obj (.text)
                  00026a48    00000178     HL_esm.obj (.text:retain)
                  00026bc0    00000174     rtsv7R4_A_be_v3D16_eabi.lib : memory.c.obj (.text:free)
                  00026d34    00000174     os_tasks.obj (.text)
                  00026ea8    0000015c     rtsv7R4_A_be_v3D16_eabi.lib : _printfi.c.obj (.text:_pconv_e)
                  00027004    00000158                                 : setvbuf.c.obj (.text:setvbuf)
                  0002715c    00000144                                 : _printfi.c.obj (.text:fcvt)
                  000272a0    0000013c                                 : s_floor.c.obj (.text:floor)
                  000273dc    00000138     csp_init.obj (.text)
                  00027514    00000138     os_port.obj (.text)
                  0002764c    00000120     csp_queue.obj (.text)
                  0002776c    00000120     rtsv7R4_A_be_v3D16_eabi.lib : s_scalbn.c.obj (.text:scalbn)
                  0002788c    00000115                                 : _printfi.c.obj (.text:_ltostr)
                  000279a1    00000003     --HOLE-- [fill = 0]
                  000279a4    0000010c     csp_system.obj (.text)
                  00027ab0    00000100     rtsv7R4_A_be_v3D16_eabi.lib : fputc.c.obj (.text:fputc)
                  00027bb0    00000100     obc_hal.obj (.text)
                  00027cb0    00000100     services.obj (.text)
                  00027db0    000000f8     csp_udp.obj (.text)
                  00027ea8    000000f0     csp_strtok.obj (.text)
                  00027f98    000000f0     HL_sys_startup.obj (.text:retain)
                  00028088    000000e0     HL_sys_pmu.obj (.text)
                  00028168    000000dc     system_stats.obj (.text)
                  00028244    000000cc     rtsv7R4_A_be_v3D16_eabi.lib : sscanf.c.obj (.text:_chkmbc)
                  00028310    000000c8                                 : _printfi.c.obj (.text:_mcpy)
                  000283d8    000000b8                                 : fclose.c.obj (.text:__TI_closefile)
                  00028490    000000b0                                 : memset32.asm.obj (.text)
                  00028540    000000b0                                 : memory.c.obj (.text:split)
                  000285f0    000000ac                                 : hostlseek.c.obj (.text:HOSTlseek)
                  0002869c    000000ac                                 : fflush.c.obj (.text:fflush)
                  00028748    000000a8                                 : fseek.c.obj (.text:fseek)
                  000287f0    000000a4                                 : hostrename.c.obj (.text:HOSTrename)
                  00028894    000000a0                                 : _io_perm.c.obj (.text:__TI_wrt_ok)
                  00028934    0000009c     csp_thread.obj (.text)
                  000289d0    0000009c     rtsv7R4_A_be_v3D16_eabi.lib : fprintf.c.obj (.text:fprintf)
                  00028a6c    0000009c                                 : printf.c.obj (.text:printf)
                  00028b08    00000098                                 : hostopen.c.obj (.text:HOSTopen)
                  00028ba0    00000098                                 : _printfi.c.obj (.text:_ecpy)
                  00028c38    00000098                                 : close.c.obj (.text:close)
                  00028cd0    00000090                                 : hostread.c.obj (.text:HOSTread)
                  00028d60    00000090                                 : hostwrite.c.obj (.text:HOSTwrite)
                  00028df0    00000090                                 : copy_decompress_lzss.c.obj (.text:decompress:lzss:__TI_decompress_lzss)
                  00028e80    0000008c                                 : s_frexp.c.obj (.text:frexp)
                  00028f0c    00000084                                 : fflush.c.obj (.text:__TI_doflush)
                  00028f90    00000084                                 : atoi.c.obj (.text:atoi)
                  00029014    00000080                                 : _ltoa.c.obj (.text:__TI_ltoa)
                  00029094    0000007c     csp_clock.obj (.text)
                  00029110    0000007c     rtsv7R4_A_be_v3D16_eabi.lib : exit.c.obj (.text:exit)
                  0002918c    0000007c                                 : snprintf.c.obj (.text:snprintf)
                  00029208    00000074                                 : hostclose.c.obj (.text:HOSTclose)
                  0002927c    00000074                                 : _printfi.c.obj (.text:_pconv_f)
                  000292f0    00000074     csp_malloc.obj (.text)
                  00029364    00000070     rtsv7R4_A_be_v3D16_eabi.lib : hostunlink.c.obj (.text:HOSTunlink)
                  000293d4    0000006c                                 : getdevice.c.obj (.text:getdevice)
                  00029440    00000068                                 : autoinit.c.obj (.text:__TI_auto_init_nobinit_nopinit:__TI_auto_init_nobinit_nopinit)
                  000294a8    00000064                                 : _printfi.c.obj (.text:_fcpy)
                  0002950c    00000064                                 : sprintf.c.obj (.text:sprintf)
                  00029570    0000005c                                 : snprintf.c.obj (.text:_outs)
                  000295cc    00000058     csp_if_lo.obj (.text)
                  00029624    00000054     rtsv7R4_A_be_v3D16_eabi.lib : fopen.c.obj (.text:__TI_cleanup)
                  00029678    00000054                                 : trgmsg.c.obj (.text:__TI_readmsg)
                  000296cc    00000054                                 : trgmsg.c.obj (.text:__TI_writemsg)
                  00029720    00000054                                 : getdevice.c.obj (.text:finddevice)
                  00029774    00000054                                 : i_div32.asm.obj (.text)
                  000297c8    00000054                                 : sscanf.c.obj (.text:sscanf)
                  0002981c    00000054                                 : strncasecmp.c.obj (.text:strncasecmp)
                  00029870    00000050                                 : u_div32.asm.obj (.text)
                  000298c0    0000004c                                 : rand.c.obj (.text:rand)
                  0002990c    0000004c                                 : strncat.c.obj (.text:strncat)
                  00029958    0000004c                                 : strspn.c.obj (.text:strspn)
                  000299a4    00000048                                 : strncpy.c.obj (.text:strncpy)
                  000299ec    00000048                                 : unlink.c.obj (.text:unlink)
                  00029a34    00000044     HL_sys_main.obj (.text)
                  00029a78    00000044     rtsv7R4_A_be_v3D16_eabi.lib : lseek.c.obj (.text:lseek)
                  00029abc    00000044                                 : strcasecmp.c.obj (.text:strcasecmp)
                  00029b00    00000044                                 : strcspn.c.obj (.text:strcspn)
                  00029b44    00000044                                 : write.c.obj (.text:write)
                  00029b88    00000040     csp_time.obj (.text)
                  00029bc8    00000040     csp_time.obj (.text)
                  00029c08    00000040     rtsv7R4_A_be_v3D16_eabi.lib : memory.c.obj (.text:free_list_insert)
                  00029c48    00000038                                 : rand.c.obj (.text:srand)
                  00029c80    00000034                                 : memcmp.c.obj (.text:memcmp)
                  00029cb4    00000030                                 : sprintf.c.obj (.text:_outs)
                  00029ce4    00000030                                 : memory.c.obj (.text:free_list_remove)
                  00029d14    00000030                                 : memccpy.c.obj (.text:memccpy)
                  00029d44    0000002c                                 : snprintf.c.obj (.text:_outc)
                  00029d70    0000002c                                 : memchr.c.obj (.text:memchr)
                  00029d9c    0000002c                                 : strrchr.c.obj (.text:strrchr)
                  00029dc8    00000028                                 : strchr.c.obj (.text:strchr)
                  00029df0    00000028                                 : strcmp.c.obj (.text:strcmp)
                  00029e18    00000024                                 : wcslen.c.obj (.text:wcslen)
                  00029e3c    00000020                                 : strlen.c.obj (.text:strlen)
                  00029e5c    0000001c                                 : sscanf.c.obj (.text:_inpchar)
                  00029e78    0000001c                                 : s_copysign.c.obj (.text:copysign)
                  00029e94    00000018                                 : strcpy.c.obj (.text:strcpy)
                  00029eac    00000014                                 : sprintf.c.obj (.text:_outc)
                  00029ec0    00000014     csp_endian.obj (.text:csp_htobe32)
                  00029ed4    00000014     csp_endian.obj (.text:csp_hton16)
                  00029ee8    00000014     csp_endian.obj (.text:csp_hton32)
                  00029efc    00000014     csp_endian.obj (.text:csp_htonflt)
                  00029f10    00000014     csp_endian.obj (.text:csp_ntoh16)
                  00029f24    00000014     csp_endian.obj (.text:csp_ntoh32)
                  00029f38    00000014     csp_endian.obj (.text:csp_ntohflt)
                  00029f4c    00000014     rtsv7R4_A_be_v3D16_eabi.lib : copy_decompress_none.c.obj (.text:decompress:none:__TI_decompress_none)
                  00029f60    00000010                                 : sscanf.c.obj (.text:_uninpchar)
                  00029f70    00000010                                 : copy_zero_init.c.obj (.text:decompress:ZI:__TI_zero_init)
                  00029f80    0000000c                                 : errno.c.obj (.text:__aeabi_errno_addr)
                  00029f8c    0000000c                                 : memory.c.obj (.text:malloc)
                  00029f98    00000008                                 : exit.c.obj (.text:abort:abort)
                  00029fa0    00000004     HL_sys_startup.obj (.text)
                  00029fa4    00000004     rtsv7R4_A_be_v3D16_eabi.lib : _lock.c.obj (.text:_nop)
                  00029fa8    00000004                                 : fprintf.c.obj (.text:_outc)
                  00029fac    00000004                                 : printf.c.obj (.text:_outc)
                  00029fb0    00000004                                 : fprintf.c.obj (.text:_outs)
                  00029fb4    00000004                                 : printf.c.obj (.text:_outs)
                  00029fb8    00000004     HL_sys_phantom.obj (.text:retain)
                  00029fbc    00000004     rtsv7R4_A_be_v3D16_eabi.lib : div0.asm.obj (.text)
                  00029fc0    00000008     board_io_tests.obj (.tramp.blinky.1)

.const     0    00029fe0    00000985     
                  00029fe0    00000400     csp_crc32.obj (.const:crc_tab)
                  0002a3e0    00000200     HL_sys_vim.obj (.const:s_vim_init)
                  0002a5e0    00000101     rtsv7R4_A_be_v3D16_eabi.lib : ctype.c.obj (.const:.string:_ctypes_)
                  0002a6e1    000000ec     mock_eps.obj (.const:$P$T2$1)
                  0002a7cd    00000002     csp_if_kiss.obj (.const:.string:$P$T2$1)
                  0002a7cf    00000001     csp_if_kiss.obj (.const:.string:$P$T5$4)
                  0002a7d0    00000080     rtsv7R4_A_be_v3D16_eabi.lib : strtod.c.obj (.const:digits)
                  0002a850    00000048                                 : strtod.c.obj (.const:powerof10)
                  0002a898    00000020     HL_can.obj (.const:s_canByteOrder)
                  0002a8b8    00000018     csp_rtable_static.obj (.const:.string:$P$T2$1)
                  0002a8d0    00000011     csp_system.obj (.const:.string:$P$T1$2)
                  0002a8e1    00000011     csp_rtable.obj (.const:.string:$P$T2$1)
                  0002a8f2    00000002     csp_if_kiss.obj (.const:.string:$P$T3$2)
                  0002a8f4    00000010     csp_rtable.obj (.const:$P$T4$3)
                  0002a904    0000000f     csp_system.obj (.const:.string:$P$T0$1)
                  0002a913    0000000f     csp_rtable.obj (.const:.string:$P$T3$2)
                  0002a922    00000002     csp_if_kiss.obj (.const:.string:$P$T4$3)
                  0002a924    0000000c     main.obj (.const:$P$T2$1)
                  0002a930    00000008     csp_qfifo.obj (.const:$P$T2$1)
                  0002a938    00000008     csp_xtea.obj (.const:$P$T2$1)
                  0002a940    00000008     csp_xtea.obj (.const:$P$T3$2)
                  0002a948    00000008     board_io_tests.obj (.const:.string:$P$T0$1)
                  0002a950    00000008     csp_if_lo.obj (.const:.string)
                  0002a958    00000007     rtsv7R4_A_be_v3D16_eabi.lib : _scanfi.c.obj (.const:.string:flit$1)
                  0002a95f    00000006                                 : _scanfi.c.obj (.const:.string:barr$2)

.kernelBSS 
*          0    08000800    00000148     UNINITIALIZED
                  08000800    000000d0     os_tasks.obj (.kernelBSS:uninit)
                  080008d0    0000003c     os_tasks.obj (.kernelBSS:init)
                  0800090c    00000030     os_timer.obj (.kernelBSS:uninit)
                  0800093c    0000000c     os_timer.obj (.kernelBSS:init)

.kernelHEAP 
*          0    08001000    00040000     UNINITIALIZED
                  08001000    00040000     os_heap.obj (.kernelHEAP)

.bss       0    08041000    00000754     UNINITIALIZED
                  08041000    0000016b     uhf_hal.obj (.bss:U_beacon_reg)
                  0804116b    00000001     (.common:incomingData)
                  0804116c    00000120     rtsv7R4_A_be_v3D16_eabi.lib : trgmsg.c.obj (.bss:_CIOBUF_)
                  0804128c    00000108     csp_rtable_static.obj (.bss:rtable)
                  08041394    000000f2     uhf_hal.obj (.bss:U_call_reg)
                  08041486    000000a0     (.common:__TI_tmpnams)
                  08041526    00000002     --HOLE--
                  08041528    00000078     csp_if_can_pbuf.obj (.bss:csp_can_pbuf)
                  080415a0    00000078     HL_spi.obj (.bss:g_spiPacket_t)
                  08041618    00000050     HL_sci.obj (.bss:g_sciTransfer_t)
                  08041668    00000030     comms_hal.obj (.bss:S_FS)
                  08041698    00000020     (.common:csp_conf)
                  080416b8    00000018     HL_i2c.obj (.bss:g_i2cTransfer_t)
                  080416d0    00000014     uhf_hal.obj (.bss:U_FRAM_reg)
                  080416e4    00000010     csp_conn.obj (.bss)
                  080416f4    00000010     csp_hmac.obj (.bss:csp_hmac_key)
                  08041704    00000010     csp_xtea.obj (.bss:csp_xtea_key)
                  08041714    0000000b     communication_service.obj (.bss:S_config)
                  0804171f    0000000b     comms_hal.obj (.bss:S_config_reg)
                  0804172a    00000002     --HOLE--
                  0804172c    00000008     csp_buffer.obj (.bss)
                  08041734    00000008     os_heap.obj (.bss:xStart)
                  0804173c    00000008     (.common:parmbuf)
                  08041744    00000004     can.obj (.bss)
                  08041748    00000004     csp_port.obj (.bss)
                  0804174c    00000004     csp_qfifo.obj (.bss:qfifo)
                  08041750    00000004     (.common:sciData)

.data      0    08041754    000002b4     UNINITIALIZED
                  08041754    000000f0     rtsv7R4_A_be_v3D16_eabi.lib : defs.c.obj (.data:_ftable)
                  08041844    00000078                                 : host_device.c.obj (.data:_device)
                  080418bc    00000050                                 : host_device.c.obj (.data:_stream)
                  0804190c    00000040     csp_if_lo.obj (.data:csp_if_lo)
                  0804194c    00000032     uhf_hal.obj (.data:U_status_reg)
                  0804197e    00000001     csp_conn.obj (.data)
                  0804197f    00000001     housekeeping_service.obj (.data)
                  08041980    0000001c     csp_rdp.obj (.data)
                  0804199c    00000010     os_heap.obj (.data)
                  080419ac    00000010     rtsv7R4_A_be_v3D16_eabi.lib : defs.c.obj (.data)
                  080419bc    0000000c                                 : exit.c.obj (.data:$O1$$)
                  080419c8    00000008                                 : _lock.c.obj (.data:$O1$$)
                  080419d0    00000008                                 : memory.c.obj (.data:$O1$$)
                  080419d8    00000008     csp_system.obj (.data)
                  080419e0    00000008     os_port.obj (.data)
                  080419e8    00000007     csp_debug.obj (.data:csp_debug_level_enabled)
                  080419ef    00000001     --HOLE--
                  080419f0    00000004     csp_time.obj (.data)
                  080419f4    00000004     csp_debug.obj (.data)
                  080419f8    00000004     csp_iflist.obj (.data)
                  080419fc    00000004     csp_service_handler.obj (.data)
                  08041a00    00000004     rtsv7R4_A_be_v3D16_eabi.lib : errno.c.obj (.data)
                  08041a04    00000004                                 : rand.c.obj (.data)

__llvm_prf_cnts 
*          0    08001000    00000000     UNINITIALIZED

.sysmem    0    00006fb0    00000800     UNINITIALIZED
                  00006fb0    00000010     rtsv7R4_A_be_v3D16_eabi.lib : memory.c.obj (.sysmem)
                  00006fc0    000007f0     --HOLE--

MODULE SUMMARY

       Module                        code     ro data   rw data
       ------                        ----     -------   -------
    .\ex2_hal\ex2_eps_software\mocks\
       mock_eps.obj                  444      236       0      
    +--+-----------------------------+--------+---------+---------+
       Total:                        444      236       0      
                                                               
    .\ex2_obc_software\
       main.obj                      956      12        0      
    +--+-----------------------------+--------+---------+---------+
       Total:                        956      12        0      
                                                               
    .\ex2_services\Platform\obc\hal\
       uhf_hal.obj                   1508     0         675    
       comms_hal.obj                 800      0         59     
       obc_hal.obj                   256      0         0      
    +--+-----------------------------+--------+---------+---------+
       Total:                        2564     0         734    
                                                               
    .\ex2_services\Services\
       communication_service.obj     7928     0         11     
       service_utilities.obj         856      0         0      
       time_management_service.obj   704      0         0      
       housekeeping_service.obj      608      0         1      
       services.obj                  256      0         0      
    +--+-----------------------------+--------+---------+---------+
       Total:                        10352    0         12     
                                                               
    .\ex2_system\
       system_stats.obj              220      0         0      
    +--+-----------------------------+--------+---------+---------+
       Total:                        220      0         0      
                                                               
    .\libcsp\src\
       csp_conn.obj                  4028     0         17     
       csp_io.obj                    2900     0         0      
       csp_route.obj                 2420     0         0      
       csp_service_handler.obj       2332     0         4      
       csp_buffer.obj                1604     0         8      
       csp_crc32.obj                 496      1024      0      
       csp_iflist.obj                892      0         4      
       csp_qfifo.obj                 848      8         4      
       csp_port.obj                  820      0         4      
       csp_debug.obj                 556      0         11     
       csp_init.obj                  312      0         32     
       csp_strtok.obj                240      0         0      
       csp_endian.obj                140      0         0      
    +--+-----------------------------+--------+---------+---------+
       Total:                        17588    1032      84     
                                                               
    .\libcsp\src\arch\
       csp_system.obj                268      32        8      
       csp_time.obj                  64       0         4      
    +--+-----------------------------+--------+---------+---------+
       Total:                        332      32        12     
                                                               
    .\libcsp\src\arch\freertos\
       csp_semaphore.obj             572      0         0      
       csp_system.obj                392      0         0      
       csp_queue.obj                 288      0         0      
       csp_thread.obj                156      0         0      
       csp_clock.obj                 124      0         0      
       csp_malloc.obj                116      0         0      
       csp_time.obj                  64       0         0      
    +--+-----------------------------+--------+---------+---------+
       Total:                        1712     0         0      
                                                               
    .\libcsp\src\crypto\
       csp_sha1.obj                  3512     0         0      
       csp_xtea.obj                  1572     16        16     
       csp_hmac.obj                  1228     0         16     
    +--+-----------------------------+--------+---------+---------+
       Total:                        6312     16        32     
                                                               
    .\libcsp\src\drivers\can\
       can.obj                       1156     0         4      
    +--+-----------------------------+--------+---------+---------+
       Total:                        1156     0         4      
                                                               
    .\libcsp\src\drivers\usart\
       usart_m3.obj                  560      0         5      
       usart_kiss.obj                412      0         0      
    +--+-----------------------------+--------+---------+---------+
       Total:                        972      0         5      
                                                               
    .\libcsp\src\interfaces\
       csp_if_can.obj                1844     0         0      
       csp_if_kiss.obj               1564     7         0      
       csp_if_can_pbuf.obj           728      0         120    
       csp_if_lo.obj                 88       8         64     
    +--+-----------------------------+--------+---------+---------+
       Total:                        4224     15        184    
                                                               
    .\libcsp\src\rtable\
       csp_rtable.obj                1852     48        0      
       csp_rtable_static.obj         548      24        264    
    +--+-----------------------------+--------+---------+---------+
       Total:                        2400     72        264    
                                                               
    .\libcsp\src\transport\
       csp_rdp.obj                   13744    0         28     
       csp_udp.obj                   248      0         0      
    +--+-----------------------------+--------+---------+---------+
       Total:                        13992    0         28     
                                                               
    .\source\
       os_heap.obj                   1580     0         262168 
       os_tasks.obj                  15088    0         268    
       HL_spi.obj                    8752     0         120    
       HL_can.obj                    7384     32        0      
       HL_sci.obj                    6592     0         80     
       os_queue.obj                  5644     0         0      
       HL_sys_vim.obj                3196     512       0      
       os_mpu_wrappers.obj           3484     0         0      
       HL_i2c.obj                    3292     0         24     
       os_timer.obj                  2824     0         60     
       HL_pinmux.obj                 2548     0         0      
       HL_system.obj                 2460     0         0      
       HL_esm.obj                    2308     0         0      
       os_event_groups.obj           2216     0         0      
       HL_errata_SSWF021_45.obj      1636     0         0      
       os_port.obj                   1324     0         8      
       os_portasm.obj                1200     0         0      
       HL_gio.obj                    1172     0         0      
       HL_sys_core.obj               964      0         0      
       HL_sys_mpu.obj                856      0         0      
       os_list.obj                   568      0         0      
       HL_emif.obj                   504      0         0      
       HL_notification.obj           484      0         0      
       HL_sys_startup.obj            244      0         0      
       HL_sys_pmu.obj                224      0         0      
       HL_sys_main.obj               68       0         0      
       HL_sys_intvecs.obj            32       0         0      
       HL_sys_phantom.obj            4        0         0      
    +--+-----------------------------+--------+---------+---------+
       Total:                        76648    544       262728 
                                                               
    .\source\athena_drivers\
       board_io_tests.obj            3416     8         0      
    +--+-----------------------------+--------+---------+---------+
       Total:                        3416     8         0      
                                                               
    C:\ti\ccs1000\ccs\tools\compiler\ti-cgt-arm_20.2.0.LTS\lib\rtsv7R4_A_be_v3D16_eabi.lib
       _printfi.c.obj                6845     0         0      
       _scanfi.c.obj                 4564     13        0      
       strtod.c.obj                  1356     200       0      
       memory.c.obj                  1088     0         8      
       strtoll.c.obj                 712      0         0      
       ull_div32.asm.obj             696      0         0      
       strtoull.c.obj                576      0         0      
       strtol.c.obj                  500      0         0      
       trgmsg.c.obj                  168      0         288    
       strtoul.c.obj                 440      0         0      
       fputs.c.obj                   420      0         0      
       defs.c.obj                    0        0         416    
       memcpy32.asm.obj              384      0         0      
       setvbuf.c.obj                 344      0         0      
       sscanf.c.obj                  332      0         0      
       s_floor.c.obj                 316      0         0      
       fflush.c.obj                  304      0         0      
       s_scalbn.c.obj                288      0         0      
       snprintf.c.obj                260      0         0      
       ctype.c.obj                   0        257       0      
       fputc.c.obj                   256      0         0      
       host_device.c.obj             0        0         200    
       getdevice.c.obj               192      0         0      
       fclose.c.obj                  184      0         0      
       memset32.asm.obj              176      0         0      
       hostlseek.c.obj               172      0         0      
       fseek.c.obj                   168      0         0      
       sprintf.c.obj                 168      0         0      
       fprintf.c.obj                 164      0         0      
       hostrename.c.obj              164      0         0      
       printf.c.obj                  164      0         0      
       _io_perm.c.obj                160      0         0      
       hostopen.c.obj                152      0         8      
       close.c.obj                   152      0         0      
       copy_decompress_lzss.c.obj    144      0         0      
       exit.c.obj                    132      0         12     
       hostread.c.obj                144      0         0      
       hostwrite.c.obj               144      0         0      
       s_frexp.c.obj                 140      0         0      
       rand.c.obj                    132      0         4      
       atoi.c.obj                    132      0         0      
       _ltoa.c.obj                   128      0         0      
       hostclose.c.obj               116      0         0      
       hostunlink.c.obj              112      0         0      
       autoinit.c.obj                104      0         0      
       fopen.c.obj                   84       0         0      
       i_div32.asm.obj               84       0         0      
       strncasecmp.c.obj             84       0         0      
       u_div32.asm.obj               80       0         0      
       strncat.c.obj                 76       0         0      
       strspn.c.obj                  76       0         0      
       strncpy.c.obj                 72       0         0      
       unlink.c.obj                  72       0         0      
       lseek.c.obj                   68       0         0      
       strcasecmp.c.obj              68       0         0      
       strcspn.c.obj                 68       0         0      
       write.c.obj                   68       0         0      
       memcmp.c.obj                  52       0         0      
       memccpy.c.obj                 48       0         0      
       memchr.c.obj                  44       0         0      
       strrchr.c.obj                 44       0         0      
       strchr.c.obj                  40       0         0      
       strcmp.c.obj                  40       0         0      
       wcslen.c.obj                  36       0         0      
       strlen.c.obj                  32       0         0      
       s_copysign.c.obj              28       0         0      
       strcpy.c.obj                  24       0         0      
       copy_decompress_none.c.obj    20       0         0      
       copy_zero_init.c.obj          16       0         0      
       errno.c.obj                   12       0         4      
       _lock.c.obj                   4        0         8      
       div0.asm.obj                  4        0         0      
    +--+-----------------------------+--------+---------+---------+
       Total:                        24637    470       948    
                                                               
       Heap:                         0        0         2048   
       Linker Generated:             0        240       0      
    +--+-----------------------------+--------+---------+---------+
       Grand Total:                  167925   2677      267083 


LINKER GENERATED COPY TABLES

__TI_cinit_table @ 00007898 records: 4, size/record: 8, table size: 32
	.data: load addr=000077c0, load size=000000ab bytes, run addr=08041754, run size=000002b4 bytes, compression=lzss
	.kernelBSS: load addr=00007878, load size=00000009 bytes, run addr=08000800, run size=00000148 bytes, compression=lzss
	.bss: load addr=00007888, load size=00000008 bytes, run addr=08041000, run size=00000754 bytes, compression=zero_init
	.kernelHEAP: load addr=00007890, load size=00000008 bytes, run addr=08001000, run size=00040000 bytes, compression=zero_init


LINKER GENERATED HANDLER TABLE

__TI_handler_table @ 0000786c records: 3, size/record: 4, table size: 12
	index: 0, handler: __TI_decompress_lzss
	index: 1, handler: __TI_decompress_none
	index: 2, handler: __TI_zero_init


FAR CALL TRAMPOLINES

callee name               trampoline name
   callee addr  tramp addr   call addr  call info
--------------  -----------  ---------  ----------------
blinky                    $Tramp$AA$L$PI$$blinky
   80000000     00029fc0     00017d94   board_io_tests.obj (.text)
gioSetBit                 $Tramp$AA$L$PI$$gioSetBit
   00020c40     80000098     80000010   board_io_tests.obj (.blinky_section)
                             80000054   board_io_tests.obj (.blinky_section)

[2 trampolines]
[3 trampoline calls]


GLOBAL SYMBOLS: SORTED ALPHABETICALLY BY Name 

address   name                                  
-------   ----                                  
800000a0  BlinkyEndAddr                         
000080c0  BlinkyLoadEnd                         
00008020  BlinkyLoadStart                       
000000a0  BlinkySize                            
80000000  BlinkyStartAddr                       
00029f98  C$$EXIT                               
00029714  C$$IO$$                               
00017c14  CANRxTest                             
00017b9c  CANTxTest                             
00017354  GPIOGetBit                            
00017210  GPIOSetBit                            
00017498  GPIOTxTest                            
UNDEFED   HAL_RTC_GetTime                       
UNDEFED   HAL_RTC_SetTime                       
00023178  HAL_S_getBuffer                       
00022ff0  HAL_S_getControl                      
0002301c  HAL_S_getEncoder                      
000231c0  HAL_S_getFV                           
00022fc4  HAL_S_getFreq                         
000230f0  HAL_S_getHK                           
00023048  HAL_S_getPAPower                      
00023074  HAL_S_getStatus                       
000230b8  HAL_S_getTR                           
00023238  HAL_S_setControl                      
0002325c  HAL_S_setEncoder                      
000231f8  HAL_S_setFreq                         
00023218  HAL_S_setPAPower                      
000231b8  HAL_S_softResetFPGA                   
0001fee8  HAL_UHF_getAudioT                     
00020090  HAL_UHF_getBeaconMsg                  
0001febc  HAL_UHF_getBeaconT                    
0001fff0  HAL_UHF_getDestination                
000200b8  HAL_UHF_getFRAM                       
0001ff6c  HAL_UHF_getFV                         
0001fdb4  HAL_UHF_getFreq                       
0001ff40  HAL_UHF_getLowPwr                     
00020068  HAL_UHF_getMIDI                       
00020040  HAL_UHF_getMorse                      
0001ff98  HAL_UHF_getPayload                    
0001fe38  HAL_UHF_getPcktsIn                    
0001fe64  HAL_UHF_getPcktsInCRC16               
0001fe0c  HAL_UHF_getPcktsOut                   
0001fe90  HAL_UHF_getPipeT                      
0001ffc4  HAL_UHF_getSecureKey                  
00020018  HAL_UHF_getSource                     
0001fd8c  HAL_UHF_getStatus                     
0001ff14  HAL_UHF_getTemp                       
0001fde0  HAL_UHF_getUptime                     
0001fc14  HAL_UHF_lowPwr                        
0001fbf4  HAL_UHF_restore                       
0001fd6c  HAL_UHF_secure                        
0001fbd4  HAL_UHF_setAudioT                     
0001fcfc  HAL_UHF_setBeaconMsg                  
0001fbb4  HAL_UHF_setBeaconT                    
0001fc4c  HAL_UHF_setDestination                
0001fd3c  HAL_UHF_setFRAM                       
0001fb74  HAL_UHF_setFreq                       
0001fd28  HAL_UHF_setI2C                        
0001fcd0  HAL_UHF_setMIDI                       
0001fca4  HAL_UHF_setMorse                      
0001fb94  HAL_UHF_setPipeT                      
0001fc78  HAL_UHF_setSource                     
0001fb54  HAL_UHF_setStatus                     
UNDEFED   HAL_get_current_1                     
UNDEFED   HAL_get_temp_data                     
UNDEFED   HAL_get_temperature                   
UNDEFED   HAL_get_voltage_1                     
00027bd8  HAL_hk_report                         
00027bc4  HAL_sys_getTime                       
00027bb0  HAL_sys_setTime                       
00029208  HOSTclose                             
000285f0  HOSTlseek                             
00028b08  HOSTopen                              
00028cd0  HOSTread                              
000287f0  HOSTrename                            
00029364  HOSTunlink                            
00028d60  HOSTwrite                             
00017914  I2CMasterRxTest                       
00017864  I2CMasterTxTest                       
00017a10  I2CSlaveRxTest                        
00017afc  I2CSlaveTxTest                        
000171a0  InitIO                                
000158f8  MPU_eTaskGetState                     
00015aac  MPU_pcTaskGetName                     
0001623c  MPU_pcTimerGetName                    
00015b8c  MPU_pvTaskGetThreadLocalStoragePointer
00016174  MPU_pvTimerGetTimerID                 
00015d48  MPU_ulTaskNotifyTake                  
00015f04  MPU_uxQueueMessagesWaiting            
00015f38  MPU_uxQueueSpacesAvailable            
00015a80  MPU_uxTaskGetNumberOfTasks            
00015b14  MPU_uxTaskGetStackHighWaterMark       
00015bfc  MPU_uxTaskGetSystemState              
000158c4  MPU_uxTaskPriorityGet                 
00016498  MPU_vEventGroupDelete                 
00015f6c  MPU_vQueueDelete                      
000157d0  MPU_vTaskAllocateMPURegions           
00015830  MPU_vTaskDelay                        
0001585c  MPU_vTaskDelayUntil                   
00015804  MPU_vTaskDelete                       
0001592c  MPU_vTaskGetInfo                      
00015c74  MPU_vTaskGetRunTimeStats              
00015c48  MPU_vTaskList                         
00015978  MPU_vTaskPrioritySet                  
000159d8  MPU_vTaskResume                       
00015b48  MPU_vTaskSetThreadLocalStoragePointer 
00015dc0  MPU_vTaskSetTimeOutState              
000159ac  MPU_vTaskSuspend                      
00015a04  MPU_vTaskSuspendAll                   
000161a8  MPU_vTimerSetTimerID                  
000163bc  MPU_xEventGroupClearBits              
00016334  MPU_xEventGroupCreate                 
00016400  MPU_xEventGroupSetBits                
00016444  MPU_xEventGroupSync                   
00016360  MPU_xEventGroupWaitBits               
00015fcc  MPU_xQueueCreateCountingSemaphore     
00015f98  MPU_xQueueCreateMutex                 
00016088  MPU_xQueueGenericCreate               
00015eb0  MPU_xQueueGenericReceive              
000160d4  MPU_xQueueGenericReset                
00015e5c  MPU_xQueueGenericSend                 
00016054  MPU_xQueueGiveMutexRecursive          
00016010  MPU_xQueueTakeMutexRecursive          
00015890  MPU_xTaskAbortDelay                   
00015dec  MPU_xTaskCheckForTimeOut              
00015728  MPU_xTaskCreate                       
0001578c  MPU_xTaskCreateRestricted             
00015ca0  MPU_xTaskGenericNotify                
00015ae0  MPU_xTaskGetHandle                    
00015bd0  MPU_xTaskGetIdleTaskHandle            
00015e30  MPU_xTaskGetSchedulerState            
00015a54  MPU_xTaskGetTickCount                 
00015d8c  MPU_xTaskNotifyStateClear             
00015cf4  MPU_xTaskNotifyWait                   
00015a28  MPU_xTaskResumeAll                    
00016118  MPU_xTimerCreate                      
000162d8  MPU_xTimerGenericCommand              
000162a4  MPU_xTimerGetExpiryTime               
00016270  MPU_xTimerGetPeriod                   
00016210  MPU_xTimerGetTimerDaemonTaskHandle    
000161dc  MPU_xTimerIsTimerActive               
00017d3c  SDRAM_Test                            
UNDEFED   SHT$$INIT_ARRAY$$Base                 
UNDEFED   SHT$$INIT_ARRAY$$Limit                
000176b8  SPIMasterRxTest                       
0001763c  SPIMasterTxTest                       
000177d4  SPISlaveRxTest                        
00017758  SPISlaveTxTest                        
00021aa8  SciSendBuf                            
0000fd84  SpiRxStatus                           
0000fcf8  SpiTxStatus                           
000175b4  UARTRxTest                            
00017570  UARTTxTest                            
0804116c  __CIOBUF_                             
00000800  __SYSMEM_SIZE                         
00007898  __TI_CINIT_Base                       
000078b8  __TI_CINIT_Limit                      
0000786c  __TI_Handler_Table_Base               
00007878  __TI_Handler_Table_Limit              
00021814  __TI_PINIT_Base                       
00021818  __TI_PINIT_Limit                      
00029440  __TI_auto_init_nobinit_nopinit        
00029624  __TI_cleanup                          
080419bc  __TI_cleanup_ptr                      
000283d8  __TI_closefile                        
00028df0  __TI_decompress_lzss                  
00029f4c  __TI_decompress_none                  
00028f0c  __TI_doflush                          
080419c0  __TI_dtors_ptr                        
080419c4  __TI_enable_exit_profile_output       
080419ac  __TI_ft_end                           
00029014  __TI_ltoa                             
ffffffff  __TI_pprof_out_hndl                   
000139c4  __TI_printfi                          
ffffffff  __TI_prof_data_size                   
ffffffff  __TI_prof_data_start                  
00029678  __TI_readmsg                          
00010844  __TI_scanfi                           
00000000  __TI_static_base__                    
08041486  __TI_tmpnams                          
000296cc  __TI_writemsg                         
00028894  __TI_wrt_ok                           
00029f70  __TI_zero_init                        
00029f80  __aeabi_errno_addr                    
00029774  __aeabi_idiv                          
00029fbc  __aeabi_idiv0                         
00029774  __aeabi_idivmod                       
00029fbc  __aeabi_ldiv0                         
00028490  __aeabi_memclr                        
00028490  __aeabi_memclr4                       
00028490  __aeabi_memclr8                       
000268c8  __aeabi_memcpy                        
000268c8  __aeabi_memcpy4                       
000268c8  __aeabi_memcpy8                       
00028494  __aeabi_memset                        
00028494  __aeabi_memset4                       
00028494  __aeabi_memset8                       
080419b8  __aeabi_stderr                        
080419b0  __aeabi_stdin                         
080419b4  __aeabi_stdout                        
00029870  __aeabi_uidiv                         
00029870  __aeabi_uidivmod                      
00023e20  __aeabi_uldivmod                      
ffffffff  __binit__                             
ffffffff  __c_args__                            
08001000  __start___llvm_prf_cnts               
08001000  __stop___llvm_prf_cnts                
00027f98  _c_int00                              
000217c8  _cacheDisable_                        
00021784  _cacheEnable_                         
00021764  _checkMemInitOn_                      
00021670  _coreClearAuxiliaryDataFault_         
00021684  _coreClearAuxiliaryInstructionFault_  
00021648  _coreClearDataFaultAddress_           
00021620  _coreClearDataFault_                  
0002165c  _coreClearInstructionFaultAddress_    
00021634  _coreClearInstructionFault_           
000215f8  _coreDisableEventBusExport_           
000215e8  _coreEnableEventBusExport_            
00021608  _coreEnableIrqVicOffset_              
000215d0  _coreEnableVfp_                       
00021668  _coreGetAuxiliaryDataFault_           
0002167c  _coreGetAuxiliaryInstructionFault_    
00021640  _coreGetDataFaultAddress_             
00021618  _coreGetDataFault_                    
00021654  _coreGetInstructionFaultAddress_      
0002162c  _coreGetInstructionFault_             
00021458  _coreInitRegisters_                   
00021564  _coreInitStackPointer_                
0002a5e0  _ctypes_                              
000217ec  _dCacheInvalidate_                    
00029a58  _dabort                               
08041844  _device                               
00021690  _disable_IRQ_interrupt_               
00021698  _enable_IRQ_interrupt_                
000216a0  _enable_interrupt_                    
0001e26c  _errata_SSWF021_45_both_plls          
0001e460  _errata_SSWF021_45_pll1               
0001e5d8  _errata_SSWF021_45_pll2               
000216a8  _esmCcmErrorsClear_                   
08041754  _ftable                               
000215b0  _getCPSRValue_                        
000215b8  _gotoCPUIdle_                         
00021800  _iCacheInvalidate_                    
080419c8  _lock                                 
00021730  _memInit_                             
00022254  _mpuAreRegionsSeparate_               
00022238  _mpuDisableBackgroundRegion_          
00022210  _mpuDisable_                          
00022228  _mpuEnableBackgroundRegion_           
000221f8  _mpuEnable_                           
00022248  _mpuGetNumberOfRegions_               
00022278  _mpuGetRegionBaseAddress_             
00022298  _mpuGetRegionPermission_              
0002228c  _mpuGetRegionType_                    
00022268  _mpuGetRegion_                        
00021f54  _mpuInit_                             
00022270  _mpuSetRegionBaseAddress_             
000222a4  _mpuSetRegionSizeRegister_            
00022280  _mpuSetRegionTypeAndPermission_       
00022260  _mpuSetRegion_                        
00029fa4  _nop                                  
000280e4  _pmuDisableCountersGlobal_            
000280d4  _pmuEnableCountersGlobal_             
00028140  _pmuGetCycleCount_                    
00028148  _pmuGetEventCount_                    
00028154  _pmuGetOverflow_                      
00028088  _pmuInit_                             
00028114  _pmuResetCounters_                    
000280f4  _pmuResetCycleCounter_                
00028104  _pmuResetEventCounters_               
00028134  _pmuSetCountEvent_                    
00028124  _pmuStartCounters_                    
0002812c  _pmuStopCounters_                     
00029a48  _prefetch                             
080418bc  _stream                               
00006fb0  _sys_memory                           
UNDEFED   _system_post_cinit                    
00029a68  _undef                                
080419cc  _unlock                               
00029f98  abort                                 
00025d54  adcNotification                       
00026404  aligned_alloc                         
00028f90  atoi                                  
ffffffff  binit                                 
80000000  blinky                                
0000ea2c  can1GetConfigValue                    
0002552c  can1HighLevelInterrupt                
0000eb94  can2GetConfigValue                    
00025614  can2HighLevelInterrupt                
0000ecec  can3GetConfigValue                    
0000ee44  can4GetConfigValue                    
0000e888  canDisableErrorNotification           
0000e868  canDisableStatusChangeNotification    
0000e8e0  canDisableloopback                    
0000e828  canEnableErrorNotification            
0000e848  canEnableStatusChangeNotification     
0000e8a8  canEnableloopback                     
00025d68  canErrorNotification                  
0000e5d0  canFillMessageObjectData              
0000e2a8  canGetData                            
0000e804  canGetErrorLevel                      
0000e410  canGetID                              
0000e7e0  canGetLastError                       
0000d568  canInit                               
0000e9cc  canIoRxGetBit                         
0000e910  canIoSetDirection                     
0000e960  canIoSetPort                          
0000e9b0  canIoTxGetBit                         
0000e784  canIsMessageBoxValid                  
0000e728  canIsRxMessageArrived                 
0000e6cc  canIsTxMessagePending                 
000213b4  canMessageNotification                
0000e4f8  canSendRemoteFrame                    
00025d7c  canStatusChangeNotification           
0000e1ac  canTransmit                           
0000e474  canUpdateID                           
00020fd4  can_rx_thread                         
00028c38  close                                 
00022324  cnv16_8                               
000222d8  cnv32_8                               
000223e0  cnv8_16                               
000223a8  cnv8_16LE                             
00022358  cnv8_32                               
00022530  cnv8_D                                
00022464  cnv8_F                                
000224b4  cnvD_8                                
00022418  cnvF_8                                
0000b670  communication_service                 
0000b7f8  communication_service_app             
00029e78  copysign                              
00029e78  copysignl                             
00025e58  crcNotification                       
00017e80  csp_accept                            
00024ab4  csp_bin_sem_create                    
00024bac  csp_bin_sem_post                      
00024c04  csp_bin_sem_post_isr                  
00024b04  csp_bin_sem_remove                    
00024b3c  csp_bin_sem_wait                      
00022df4  csp_bind                              
0001ed58  csp_buffer_clone                      
0001eddc  csp_buffer_data_size                  
0001ec24  csp_buffer_free                       
0001eba0  csp_buffer_free_isr                   
0001e9b4  csp_buffer_free_resources             
0001ea8c  csp_buffer_get                        
0001e9fc  csp_buffer_get_isr                    
0001e8d0  csp_buffer_init                       
0001edb8  csp_buffer_remaining                  
0001edcc  csp_buffer_size                       
00021d00  csp_bytesize                          
00029304  csp_calloc                            
0001e1b0  csp_can_add_interface                 
00021284  csp_can_open_and_add_interface        
000237a8  csp_can_pbuf_find                     
000235c0  csp_can_pbuf_free                     
00023654  csp_can_pbuf_new                      
0001db38  csp_can_rx                            
0001deec  csp_can_tx                            
00029094  csp_clock_get_time                    
000290bc  csp_clock_set_time                    
0001324c  csp_close                             
0001c3c0  csp_cmp_set_memcpy                    
08041698  csp_conf                              
00013070  csp_conn_allocate                     
00012a08  csp_conn_check_timeouts               
00013264  csp_conn_close                        
0001367c  csp_conn_dport                        
000136c8  csp_conn_dst                          
00012aa8  csp_conn_enqueue_packet               
00012e68  csp_conn_find                         
00013700  csp_conn_flags                        
00012d68  csp_conn_free_resources               
00013910  csp_conn_get_array                    
00012a94  csp_conn_get_rxq                      
00012b6c  csp_conn_init                         
000131f4  csp_conn_new                          
00013718  csp_conn_print_table                  
000137e8  csp_conn_print_table_str              
000136ac  csp_conn_sport                        
000136e4  csp_conn_src                          
000133e8  csp_connect                           
00025b94  csp_crc32_append                      
00025b18  csp_crc32_memory                      
00025c48  csp_crc32_verify                      
00025268  csp_debug_get_level                   
080419f4  csp_debug_hook_func                   
000250dc  csp_debug_hook_set                    
080419e8  csp_debug_level_enabled               
00025238  csp_debug_set_level                   
00025298  csp_debug_toggle_level                
00029350  csp_free                              
000274d8  csp_free_resources                    
00027404  csp_get_address                       
00027504  csp_get_conf                          
00029bc8  csp_get_ms                            
00029bd4  csp_get_ms_isr                        
00029be0  csp_get_s                             
00029bf4  csp_get_s_isr                         
00029b88  csp_get_uptime_s                      
000209b4  csp_hmac_append                       
000208cc  csp_hmac_memory                       
00020978  csp_hmac_set_key                      
00020a7c  csp_hmac_verify                       
00029ec0  csp_htobe32                           
00029ed4  csp_hton16                            
00029ee8  csp_hton32                            
00029efc  csp_htonflt                           
0804190c  csp_if_lo                             
00021c34  csp_iflist_add                        
00021cf4  csp_iflist_get                        
00021bd8  csp_iflist_get_by_name                
00021db0  csp_iflist_print                      
00027410  csp_init                              
0001fa30  csp_kiss_add_interface                
0001f6ec  csp_kiss_rx                           
0001f538  csp_kiss_tx                           
00022d90  csp_listen                            
000292f0  csp_malloc                            
00024a38  csp_mutex_create                      
00024a84  csp_mutex_lock                        
00024a70  csp_mutex_remove                      
00024aa0  csp_mutex_unlock                      
00029f10  csp_ntoh16                            
00029f24  csp_ntoh32                            
00029f38  csp_ntohflt                           
00022d70  csp_port_free_resources               
00022c90  csp_port_get_socket                   
00022d30  csp_port_init                         
00022688  csp_qfifo_free_resources              
00022604  csp_qfifo_init                        
000226f0  csp_qfifo_read                        
00022894  csp_qfifo_wake_up                     
00022724  csp_qfifo_write                       
0002764c  csp_queue_create                      
000276e4  csp_queue_dequeue                     
00027720  csp_queue_dequeue_isr                 
00027680  csp_queue_enqueue                     
000276bc  csp_queue_enqueue_isr                 
0002766c  csp_queue_remove                      
00027744  csp_queue_size                        
00027758  csp_queue_size_isr                    
00009114  csp_rdp_check_ack                     
000092e4  csp_rdp_check_timeouts                
0000b0a4  csp_rdp_close                         
0000b514  csp_rdp_conn_print                    
0000a740  csp_rdp_connect                       
00008fe8  csp_rdp_flush_all                     
0000b074  csp_rdp_free_resources                
0000b450  csp_rdp_get_opt                       
0000aeac  csp_rdp_init                          
0000990c  csp_rdp_new_packet                    
0000ab24  csp_rdp_send                          
0000b3ec  csp_rdp_set_opt                       
00017ee4  csp_read                              
00018658  csp_recvfrom                          
0001b90c  csp_route_start_task                  
0001b450  csp_route_work                        
0001d6a8  csp_rtable_check                      
0001d9a4  csp_rtable_clear                      
00025308  csp_rtable_find_route                 
00025414  csp_rtable_free                       
0002542c  csp_rtable_iterate                    
0001d690  csp_rtable_load                       
0001da80  csp_rtable_print                      
0001d954  csp_rtable_save                       
0001d6c0  csp_rtable_set                        
00025358  csp_rtable_set_internal               
0001825c  csp_send                              
00017fc4  csp_send_direct                       
00018338  csp_send_prio                         
000186c8  csp_sendto                            
00018830  csp_sendto_reply                      
00027d1c  csp_server                            
0001c8d8  csp_service_handler                   
00015430  csp_sha1_done                         
00015260  csp_sha1_init                         
000156c4  csp_sha1_memory                       
000152c8  csp_sha1_process                      
000289bc  csp_sleep_ms                          
00017dc0  csp_socket                            
0002676c  csp_sys_memfree                       
000279c0  csp_sys_reboot                        
00026778  csp_sys_set_color                     
000279a4  csp_sys_set_reboot                    
00027a0c  csp_sys_set_shutdown                  
00027a28  csp_sys_shutdown                      
00026740  csp_sys_tasklist                      
00026758  csp_sys_tasklist_size                 
00028934  csp_thread_create                     
000289ac  csp_thread_exit                       
00018438  csp_transaction_persistent            
000185d0  csp_transaction_w_opts                
00027db0  csp_udp_new_packet                    
00024f74  csp_usart_open                        
00026634  csp_usart_open_and_add_kiss_interface 
00024f00  csp_usart_write                       
0001f458  csp_xtea_decrypt                      
0001f47c  csp_xtea_decrypt_packet               
0001f2a4  csp_xtea_encrypt                      
0001f3a0  csp_xtea_encrypt_packet               
0001f268  csp_xtea_set_key                      
0001aff8  customTrimLPO                         
00025da4  dccNotification                       
00025d40  dmaGroupANotification                 
000250f8  do_csp_debug                          
00002340  eTaskConfirmSleepModeStatus           
000008f0  eTaskGetState                         
00025ea4  ecapNotification                      
00025e30  edgeNotification                      
00025edc  emacRxNotification                    
00025ecc  emacTxNotification                    
00025730  emifGetConfigValue                    
0002572c  emif_SDRAMInit                        
00025888  emif_SDRAM_StartupInit                
00025eb8  epcCAMFullNotification                
00025ebc  epcFIFOFullNotification               
00025e90  eqepNotification                      
08041a00  errno                                 
0001ce80  esmActivateNormalOperation            
0001cfcc  esmClearStatus                        
0001d030  esmClearStatusBuffer                  
0001d00c  esmClearStatusUpper                   
0001ce2c  esmDisableError                       
0001ce54  esmDisableErrorUpper                  
0001ced4  esmDisableInterrupt                   
0001cefc  esmDisableInterruptUpper              
0001cde8  esmEnableError                        
0001ce10  esmEnableErrorUpper                   
0001ce90  esmEnableInterrupt                    
0001ceb8  esmEnableInterruptUpper               
0001d160  esmEnterSelfTest                      
0001cdcc  esmError                              
0001d238  esmGetConfigValue                     
0001d06c  esmGetStatus                          
0001d138  esmGetStatusBuffer                    
0001d0f0  esmGetStatusUpper                     
000250a0  esmGroup1Notification                 
000250b0  esmGroup2Notification                 
00025d30  esmGroup3Notification                 
00026a48  esmHighInterrupt                      
0001cc70  esmInit                               
0001d1e8  esmSelfTestStatus                     
0001d04c  esmSetCounterPreloadValue             
0001cf18  esmSetInterruptLevel                  
0001cf8c  esmSetInterruptLevelUpper             
0001ce70  esmTriggerErrorPinReset               
00025e6c  etpwmNotification                     
00025e7c  etpwmTripNotification                 
000222ac  ex2_log                               
00021948  ex2_main                              
00029110  exit                                  
0002869c  fflush                                
00029720  finddevice                            
000272a0  floor                                 
000272a0  floorl                                
000289d0  fprintf                               
00027ab0  fputc                                 
00026260  fputs                                 
00026bc0  free                                  
00028e80  frexp                                 
00028e80  frexpl                                
00028748  fseek                                 
00021a60  getProfilerTimerCount                 
0001aaa0  getResetSource                        
000293d4  getdevice                             
00020db0  gioDisableNotification                
00020d48  gioEnableNotification                 
00020cb0  gioGetBit                             
00020e18  gioGetConfigValue                     
00020cd8  gioGetPort                            
00020b50  gioInit                               
00025db8  gioNotification                       
00020c40  gioSetBit                             
00020c20  gioSetDirection                       
00020c90  gioSetPort                            
00020cf0  gioToggleBit                          
00029fa0  handlePLLLockFail                     
00025e44  hetNotification                       
0002444c  hk_service_app                        
00024350  housekeeping_service                  
000225b0  htons                                 
00016cc4  i2c1GetConfigValue                    
00016e8c  i2c2GetConfigValue                    
00016a30  i2cClearSCD                           
00016b88  i2cDisableLoopback                    
00016c10  i2cDisableNotification                
00016b68  i2cEnableLoopback                     
00016ba8  i2cEnableNotification                 
000164c4  i2cInit                               
000170cc  i2cIsBusBusy                          
0001708c  i2cIsMasterReady                      
000169c8  i2cIsRxReady                          
000169e4  i2cIsStopDetected                     
00016850  i2cIsTxReady                          
00025dcc  i2cNotification                       
00016a90  i2cReceive                            
00016a4c  i2cReceiveByte                        
00016a00  i2cRxError                            
0001689c  i2cSend                               
0001686c  i2cSendByte                           
000166f0  i2cSetBaudrate                        
00016830  i2cSetCount                           
00017054  i2cSetDirection                       
00016c8c  i2cSetMode                            
000166b0  i2cSetOwnAdd                          
000166d0  i2cSetSlaveAdd                        
000167f0  i2cSetStart                           
00016810  i2cSetStop                            
0804116b  incomingData                          
00021a2c  initializeProfiler                    
0002776c  ldexp                                 
0002776c  ldexpl                                
00019d38  lin1HighLevelInterrupt                
00019f08  lin2HighLevelInterrupt                
00029a78  lseek                                 
00029a34  main                                  
00029f8c  malloc                                
0001a8cc  mapClocks                             
00026404  memalign                              
00029d14  memccpy                               
00029d70  memchr                                
00029c80  memcmp                                
000268c8  memcpy                                
000284a0  memset                                
00018b7c  mibspi1HighLevelInterrupt             
00018914  mibspi1LowLevelInterrupt              
0001904c  mibspi5HighLevelInterrupt             
00018de4  mibspi5LowLevelInterrupt              
00025eec  mock_eps                              
00019344  muxInit                               
00026054  nop                                   
000225f0  ntohs                                 
0804173c  parmbuf                               
00001410  pcTaskGetName                         
0000529c  pcTimerGetName                        
0001a818  periphInit                            
00029fb8  phantomInterrupt                      
00028a6c  printf                                
000067e0  prvMpuDisable                         
000067c8  prvMpuEnable                          
000067b0  prvMpuSetRegion                       
00027ab0  putc                                  
00006bfc  pvPortMalloc                          
00002414  pvTaskGetThreadLocalStoragePointer    
000030b4  pvTaskIncrementMutexHeldCount         
00005a04  pvTimerGetTimerID                     
00025e18  pwmNotification                       
080008d0  pxCurrentTCB                          
00006808  pxPortInitialiseStack                 
000298c0  rand                                  
000299ec  remove                                
00000000  resetEntry                            
0002776c  scalbn                                
0002776c  scalbnl                               
00012388  sci1GetConfigValue                    
000124e0  sci2GetConfigValue                    
00012638  sci3GetConfigValue                    
0001a0d8  sci3HighLevelInterrupt                
00012790  sci4GetConfigValue                    
0001a2a8  sci4HighLevelInterrupt                
0001a478  sci4LowLevelInterrupt                 
08041750  sciData                               
000121fc  sciDisableLoopback                    
000122b0  sciDisableNotification                
000121c8  sciEnableLoopback                     
00012218  sciEnableNotification                 
00012348  sciEnterResetState                    
00012368  sciExitResetState                     
00011a14  sciInit                               
00012040  sciIsIdleDetected                     
00012024  sciIsRxReady                          
00011e74  sciIsTxReady                          
00025040  sciNotification                       
000120b8  sciReceive                            
0001208c  sciReceiveByte                        
0001205c  sciRxError                            
00011ec0  sciSend                               
00011e90  sciSendByte                           
00011dd8  sciSetBaudrate                        
00011db8  sciSetFunctional                      
000222b8  set_packet_length                     
0001a7d8  setupFlash                            
0001a704  setupPLL                              
00027004  setvbuf                               
0002918c  snprintf                              
0000fec0  spi1GetConfigValue                    
000100d8  spi2GetConfigValue                    
000102e0  spi3GetConfigValue                    
000104e0  spi4GetConfigValue                    
00010678  spi5GetConfigValue                    
0000fe44  spiDisableLoopback                    
0000fe90  spiDisableNotification                
0000fe10  spiEnableLoopback                     
0000fe60  spiEnableNotification                 
00025e08  spiEndNotification                    
0000f760  spiGetData                            
0000f040  spiInit                               
00025df4  spiNotification                       
0000f644  spiReceiveData                        
0000fbb8  spiSendAndGetData                     
0000f984  spiSendData                           
0000f624  spiSetFunctional                      
0000fa7c  spiTransmitAndReceiveData             
0000f858  spiTransmitData                       
0002950c  sprintf                               
00029c48  srand                                 
000297c8  sscanf                                
0000b71c  start_communication_service           
UNDEFED   start_detection_server                
00025f98  start_eps_mock                        
000243fc  start_housekeeping_service            
00027cb0  start_service_server                  
00028194  start_task_stats                      
00023c0c  start_time_management_service         
00029abc  strcasecmp                            
00029dc8  strchr                                
00029df0  strcmp                                
00029e94  strcpy                                
00029b00  strcspn                               
00029e3c  strlen                                
0002981c  strncasecmp                           
0002990c  strncat                               
000299a4  strncpy                               
00029d9c  strrchr                               
00029958  strspn                                
00020140  strtod                                
00027ea8  strtok_r                              
00025924  strtol                                
00020140  strtold                               
00023898  strtoll                               
000260a8  strtoul                               
000247f8  strtoull                              
0001abc8  systemGetConfigValue                  
0001a9f8  systemInit                            
0001aa70  systemPowerDown                       
00028168  task_stats                            
00023c5c  time_management_app                   
00023b60  time_management_service               
0001a764  trimLPO                               
00004ae4  ucQueueGetQueueType                   
[...]
000208cc  csp_hmac_memory                       
00020978  csp_hmac_set_key                      
000209b4  csp_hmac_append                       
00020a7c  csp_hmac_verify                       
00020b50  gioInit                               
00020c20  gioSetDirection                       
00020c40  gioSetBit                             
00020c90  gioSetPort                            
00020cb0  gioGetBit                             
00020cd8  gioGetPort                            
00020cf0  gioToggleBit                          
00020d48  gioEnableNotification                 
00020db0  gioDisableNotification                
00020e18  gioGetConfigValue                     
00020fd4  can_rx_thread                         
00021284  csp_can_open_and_add_interface        
000213b4  canMessageNotification                
00021458  _coreInitRegisters_                   
00021564  _coreInitStackPointer_                
000215b0  _getCPSRValue_                        
000215b8  _gotoCPUIdle_                         
000215d0  _coreEnableVfp_                       
000215e8  _coreEnableEventBusExport_            
000215f8  _coreDisableEventBusExport_           
00021608  _coreEnableIrqVicOffset_              
00021618  _coreGetDataFault_                    
00021620  _coreClearDataFault_                  
0002162c  _coreGetInstructionFault_             
00021634  _coreClearInstructionFault_           
00021640  _coreGetDataFaultAddress_             
00021648  _coreClearDataFaultAddress_           
00021654  _coreGetInstructionFaultAddress_      
0002165c  _coreClearInstructionFaultAddress_    
00021668  _coreGetAuxiliaryDataFault_           
00021670  _coreClearAuxiliaryDataFault_         
0002167c  _coreGetAuxiliaryInstructionFault_    
00021684  _coreClearAuxiliaryInstructionFault_  
00021690  _disable_IRQ_interrupt_               
00021698  _enable_IRQ_interrupt_                
000216a0  _enable_interrupt_                    
000216a8  _esmCcmErrorsClear_                   
00021730  _memInit_                             
00021764  _checkMemInitOn_                      
00021784  _cacheEnable_                         
000217c8  _cacheDisable_                        
000217ec  _dCacheInvalidate_                    
00021800  _iCacheInvalidate_                    
00021814  __TI_PINIT_Base                       
00021818  __TI_PINIT_Limit                      
00021948  ex2_main                              
00021a0c  vAssertCalled                         
00021a2c  initializeProfiler                    
00021a60  getProfilerTimerCount                 
00021a94  vApplicationStackOverflowHook         
00021aa4  vApplicationMallocFailedHook          
00021aa8  SciSendBuf                            
00021bd8  csp_iflist_get_by_name                
00021c34  csp_iflist_add                        
00021cf4  csp_iflist_get                        
00021d00  csp_bytesize                          
00021db0  csp_iflist_print                      
00021f54  _mpuInit_                             
000221f8  _mpuEnable_                           
00022210  _mpuDisable_                          
00022228  _mpuEnableBackgroundRegion_           
00022238  _mpuDisableBackgroundRegion_          
00022248  _mpuGetNumberOfRegions_               
00022254  _mpuAreRegionsSeparate_               
00022260  _mpuSetRegion_                        
00022268  _mpuGetRegion_                        
00022270  _mpuSetRegionBaseAddress_             
00022278  _mpuGetRegionBaseAddress_             
00022280  _mpuSetRegionTypeAndPermission_       
0002228c  _mpuGetRegionType_                    
00022298  _mpuGetRegionPermission_              
000222a4  _mpuSetRegionSizeRegister_            
000222ac  ex2_log                               
000222b8  set_packet_length                     
000222d8  cnv32_8                               
00022324  cnv16_8                               
00022358  cnv8_32                               
000223a8  cnv8_16LE                             
000223e0  cnv8_16                               
00022418  cnvF_8                                
00022464  cnv8_F                                
000224b4  cnvD_8                                
00022530  cnv8_D                                
000225b0  htons                                 
000225f0  ntohs                                 
00022604  csp_qfifo_init                        
00022688  csp_qfifo_free_resources              
000226f0  csp_qfifo_read                        
00022724  csp_qfifo_write                       
00022894  csp_qfifo_wake_up                     
00022954  vimECCErrorHandler                    
00022c90  csp_port_get_socket                   
00022d30  csp_port_init                         
00022d70  csp_port_free_resources               
00022d90  csp_listen                            
00022df4  csp_bind                              
00022fc4  HAL_S_getFreq                         
00022ff0  HAL_S_getControl                      
0002301c  HAL_S_getEncoder                      
00023048  HAL_S_getPAPower                      
00023074  HAL_S_getStatus                       
000230b8  HAL_S_getTR                           
000230f0  HAL_S_getHK                           
00023178  HAL_S_getBuffer                       
000231b8  HAL_S_softResetFPGA                   
000231c0  HAL_S_getFV                           
000231f8  HAL_S_setFreq                         
00023218  HAL_S_setPAPower                      
00023238  HAL_S_setControl                      
0002325c  HAL_S_setEncoder                      
000235c0  csp_can_pbuf_free                     
00023654  csp_can_pbuf_new                      
000237a8  csp_can_pbuf_find                     
00023898  strtoll                               
00023b60  time_management_service               
00023c0c  start_time_management_service         
00023c5c  time_management_app                   
00023e20  __aeabi_uldivmod                      
00024350  housekeeping_service                  
000243fc  start_housekeeping_service            
0002444c  hk_service_app                        
000247f8  strtoull                              
00024a38  csp_mutex_create                      
00024a70  csp_mutex_remove                      
00024a84  csp_mutex_lock                        
00024aa0  csp_mutex_unlock                      
00024ab4  csp_bin_sem_create                    
00024b04  csp_bin_sem_remove                    
00024b3c  csp_bin_sem_wait                      
00024bac  csp_bin_sem_post                      
00024c04  csp_bin_sem_post_isr                  
00024c74  vListInitialise                       
00024ccc  vListInitialiseItem                   
00024ce8  vListInsertEnd                        
00024d5c  vListInsert                           
00024e20  uxListRemove                          
00024eac  usart_rx_thread                       
00024f00  csp_usart_write                       
00024f74  csp_usart_open                        
00025040  sciNotification                       
000250a0  esmGroup1Notification                 
000250b0  esmGroup2Notification                 
000250dc  csp_debug_hook_set                    
000250f8  do_csp_debug                          
00025238  csp_debug_set_level                   
00025268  csp_debug_get_level                   
00025298  csp_debug_toggle_level                
00025308  csp_rtable_find_route                 
00025358  csp_rtable_set_internal               
00025414  csp_rtable_free                       
0002542c  csp_rtable_iterate                    
0002552c  can1HighLevelInterrupt                
00025614  can2HighLevelInterrupt                
0002572c  emif_SDRAMInit                        
00025730  emifGetConfigValue                    
00025888  emif_SDRAM_StartupInit                
00025924  strtol                                
00025b18  csp_crc32_memory                      
00025b94  csp_crc32_append                      
00025c48  csp_crc32_verify                      
00025d30  esmGroup3Notification                 
00025d40  dmaGroupANotification                 
00025d54  adcNotification                       
00025d68  canErrorNotification                  
00025d7c  canStatusChangeNotification           
00025da4  dccNotification                       
00025db8  gioNotification                       
00025dcc  i2cNotification                       
00025df4  spiNotification                       
00025e08  spiEndNotification                    
00025e18  pwmNotification                       
00025e30  edgeNotification                      
00025e44  hetNotification                       
00025e58  crcNotification                       
00025e6c  etpwmNotification                     
00025e7c  etpwmTripNotification                 
00025e90  eqepNotification                      
00025ea4  ecapNotification                      
00025eb8  epcCAMFullNotification                
00025ebc  epcFIFOFullNotification               
00025ecc  emacTxNotification                    
00025edc  emacRxNotification                    
00025eec  mock_eps                              
00025f98  start_eps_mock                        
00026054  nop                                   
000260a8  strtoul                               
00026260  fputs                                 
00026404  aligned_alloc                         
00026404  memalign                              
00026634  csp_usart_open_and_add_kiss_interface 
00026740  csp_sys_tasklist                      
00026758  csp_sys_tasklist_size                 
0002676c  csp_sys_memfree                       
00026778  csp_sys_set_color                     
000268c8  __aeabi_memcpy                        
000268c8  __aeabi_memcpy4                       
000268c8  __aeabi_memcpy8                       
000268c8  memcpy                                
00026a48  esmHighInterrupt                      
00026bc0  free                                  
00026e14  xTaskNotifyStateClear                 
00027004  setvbuf                               
000272a0  floor                                 
000272a0  floorl                                
00027404  csp_get_address                       
00027410  csp_init                              
000274d8  csp_free_resources                    
00027504  csp_get_conf                          
0002764c  csp_queue_create                      
0002766c  csp_queue_remove                      
00027680  csp_queue_enqueue                     
000276bc  csp_queue_enqueue_isr                 
000276e4  csp_queue_dequeue                     
00027720  csp_queue_dequeue_isr                 
00027744  csp_queue_size                        
00027758  csp_queue_size_isr                    
0002776c  ldexp                                 
0002776c  ldexpl                                
0002776c  scalbn                                
0002776c  scalbnl                               
000279a4  csp_sys_set_reboot                    
000279c0  csp_sys_reboot                        
00027a0c  csp_sys_set_shutdown                  
00027a28  csp_sys_shutdown                      
00027ab0  fputc                                 
00027ab0  putc                                  
00027bb0  HAL_sys_setTime                       
00027bc4  HAL_sys_getTime                       
00027bd8  HAL_hk_report                         
00027cb0  start_service_server                  
00027d1c  csp_server                            
00027db0  csp_udp_new_packet                    
00027ea8  strtok_r                              
00027f98  _c_int00                              
00028088  _pmuInit_                             
000280d4  _pmuEnableCountersGlobal_             
000280e4  _pmuDisableCountersGlobal_            
000280f4  _pmuResetCycleCounter_                
00028104  _pmuResetEventCounters_               
00028114  _pmuResetCounters_                    
00028124  _pmuStartCounters_                    
0002812c  _pmuStopCounters_                     
00028134  _pmuSetCountEvent_                    
00028140  _pmuGetCycleCount_                    
00028148  _pmuGetEventCount_                    
00028154  _pmuGetOverflow_                      
00028168  task_stats                            
00028194  start_task_stats                      
000283d8  __TI_closefile                        
00028490  __aeabi_memclr                        
00028490  __aeabi_memclr4                       
00028490  __aeabi_memclr8                       
00028494  __aeabi_memset                        
00028494  __aeabi_memset4                       
00028494  __aeabi_memset8                       
000284a0  memset                                
000285f0  HOSTlseek                             
0002869c  fflush                                
00028748  fseek                                 
000287f0  HOSTrename                            
00028894  __TI_wrt_ok                           
00028934  csp_thread_create                     
000289ac  csp_thread_exit                       
000289bc  csp_sleep_ms                          
000289d0  fprintf                               
00028a6c  printf                                
00028b08  HOSTopen                              
00028c38  close                                 
00028cd0  HOSTread                              
00028d60  HOSTwrite                             
00028df0  __TI_decompress_lzss                  
00028e80  frexp                                 
00028e80  frexpl                                
00028f0c  __TI_doflush                          
00028f90  atoi                                  
00029014  __TI_ltoa                             
00029094  csp_clock_get_time                    
000290bc  csp_clock_set_time                    
00029110  exit                                  
0002918c  snprintf                              
00029208  HOSTclose                             
000292f0  csp_malloc                            
00029304  csp_calloc                            
00029350  csp_free                              
00029364  HOSTunlink                            
000293d4  getdevice                             
00029440  __TI_auto_init_nobinit_nopinit        
0002950c  sprintf                               
00029624  __TI_cleanup                          
00029678  __TI_readmsg                          
000296cc  __TI_writemsg                         
00029714  C$$IO$$                               
00029720  finddevice                            
00029774  __aeabi_idiv                          
00029774  __aeabi_idivmod                       
000297c8  sscanf                                
0002981c  strncasecmp                           
00029870  __aeabi_uidiv                         
00029870  __aeabi_uidivmod                      
000298c0  rand                                  
0002990c  strncat                               
00029958  strspn                                
000299a4  strncpy                               
000299ec  remove                                
000299ec  unlink                                
00029a34  main                                  
00029a48  _prefetch                             
00029a58  _dabort                               
00029a68  _undef                                
00029a78  lseek                                 
00029abc  strcasecmp                            
00029b00  strcspn                               
00029b44  write                                 
00029b88  csp_get_uptime_s                      
00029bc8  csp_get_ms                            
00029bd4  csp_get_ms_isr                        
00029be0  csp_get_s                             
00029bf4  csp_get_s_isr                         
00029c48  srand                                 
00029c80  memcmp                                
00029d14  memccpy                               
00029d70  memchr                                
00029d9c  strrchr                               
00029dc8  strchr                                
00029df0  strcmp                                
00029e18  wcslen                                
00029e3c  strlen                                
00029e78  copysign                              
00029e78  copysignl                             
00029e94  strcpy                                
00029ec0  csp_htobe32                           
00029ed4  csp_hton16                            
00029ee8  csp_hton32                            
00029efc  csp_htonflt                           
00029f10  csp_ntoh16                            
00029f24  csp_ntoh32                            
00029f38  csp_ntohflt                           
00029f4c  __TI_decompress_none                  
00029f70  __TI_zero_init                        
00029f80  __aeabi_errno_addr                    
00029f8c  malloc                                
00029f98  C$$EXIT                               
00029f98  abort                                 
00029fa0  handlePLLLockFail                     
00029fa4  _nop                                  
00029fb8  phantomInterrupt                      
00029fbc  __aeabi_idiv0                         
00029fbc  __aeabi_ldiv0                         
0002a5e0  _ctypes_                              
080008d0  pxCurrentTCB                          
08001000  __start___llvm_prf_cnts               
08001000  __stop___llvm_prf_cnts                
0804116b  incomingData                          
0804116c  __CIOBUF_                             
08041486  __TI_tmpnams                          
08041698  csp_conf                              
0804173c  parmbuf                               
08041750  sciData                               
08041754  _ftable                               
08041844  _device                               
080418bc  _stream                               
0804190c  csp_if_lo                             
080419ac  __TI_ft_end                           
080419b0  __aeabi_stdin                         
080419b4  __aeabi_stdout                        
080419b8  __aeabi_stderr                        
080419bc  __TI_cleanup_ptr                      
080419c0  __TI_dtors_ptr                        
080419c4  __TI_enable_exit_profile_output       
080419c8  _lock                                 
080419cc  _unlock                               
080419e0  ulCriticalNesting                     
080419e4  ulTaskHasFPUContext                   
080419e8  csp_debug_level_enabled               
080419f4  csp_debug_hook_func                   
08041a00  errno                                 
80000000  BlinkyStartAddr                       
80000000  blinky                                
800000a0  BlinkyEndAddr                         
ffffffff  __TI_pprof_out_hndl                   
ffffffff  __TI_prof_data_size                   
ffffffff  __TI_prof_data_start                  
ffffffff  __binit__                             
ffffffff  __c_args__                            
ffffffff  binit                                 
UNDEFED   HAL_RTC_GetTime                       
UNDEFED   HAL_RTC_SetTime                       
UNDEFED   HAL_get_current_1                     
UNDEFED   HAL_get_temp_data                     
UNDEFED   HAL_get_temperature                   
UNDEFED   HAL_get_voltage_1                     
UNDEFED   SHT$$INIT_ARRAY$$Base                 
UNDEFED   SHT$$INIT_ARRAY$$Limit                
UNDEFED   _system_post_cinit                    
UNDEFED   start_detection_server                

[866 symbols]
