******************************************************************************
                  TI ARM Linker PC v20.2.0                     
******************************************************************************
>> Linked Thu Jan  7 11:41:00 2021

OUTPUT FILE NAME:   <can.out>
ENTRY POINT SYMBOL: "_c_int00"  address: 00027d78


MEMORY CONFIGURATION

         name            origin    length      used     unused   attr    fill
----------------------  --------  ---------  --------  --------  ----  --------
  VECTORS               00000000   00000020  00000020  00000000     X
  KERNEL                00000020   00008000  00007888  00000778  R  X
  FLASH0                00008020   001f7fe0  00022931  001d56af  R  X
  FLASH1                00200000   00200000  00000000  00200000  R  X
  STACKS                08000000   00000800  00000000  00000800  RW  
  KRAM                  08000800   00000800  00000148  000006b8  RW  
  RAM                   08001000   0007f000  000409b0  0003e650  RW  
  SDRAM                 80000000   07ffffff  000000a0  07ffff5f  RW X


SEGMENT ALLOCATION MAP

run origin  load origin   length   init length attrs members
----------  ----------- ---------- ----------- ----- -------
00000000    00000000    00006fb0   00006fb0    r-x
  00000000    00000000    00000020   00000020    r-x .intvecs
  00000020    00000020    00006f90   00006f90    r-x .kernelTEXT
00006fb0    00006fb0    00000800   00000000    rw-
  00006fb0    00006fb0    00000800   00000000    rw- .sysmem
000077c0    000077c0    000000f8   000000f8    r--
  000077c0    000077c0    000000f8   000000f8    r-- .cinit
000080c0    000080c0    00021fc8   00021fc8    r-x
  000080c0    000080c0    00021fc8   00021fc8    r-x .text
0002a0a0    0002a0a0    000008c9   000008c9    r--
  0002a0a0    0002a0a0    000008c9   000008c9    r-- .const
08000800    08000800    00000148   00000000    rw-
  08000800    08000800    00000148   00000000    rw- .kernelBSS
08001000    08001000    000409b0   00000000    rw-
  08001000    08001000    00040000   00000000    rw- .kernelHEAP
  08041000    08041000    000006ec   00000000    rw- .bss
  080416ec    080416ec    000002c4   00000000    rw- .data
80000000    00008020    000000a0   000000a0    r-x
  80000000    00008020    000000a0   000000a0    r-x .blinky_section


SECTION ALLOCATION MAP

 output                                  attributes/
section   page    origin      length       input sections
--------  ----  ----------  ----------   ----------------
.intvecs   0    00000000    00000020     
                  00000000    00000020     HL_sys_intvecs.obj (.intvecs)

.kernelTEXT 
*          0    00000020    00006f90     
                  00000020    0000397c     os_tasks.obj (.kernelTEXT)
                  0000399c    0000160c     os_queue.obj (.kernelTEXT)
                  00004fa8    00000b08     os_timer.obj (.kernelTEXT)
                  00005ab0    000008a8     os_event_groups.obj (.kernelTEXT)
                  00006358    000004b0     os_portasm.obj (.kernelTEXT)
                  00006808    000003f4     os_port.obj (.kernelTEXT)
                  00006bfc    000003b4     os_heap.obj (.kernelTEXT)

.cinit     0    000077c0    000000f8     
                  000077c0    000000ab     (.cinit..data.load) [load image, compression = lzss]
                  0000786b    00000001     --HOLE-- [fill = 0]
                  0000786c    0000000c     (__TI_handler_table)
                  00007878    00000009     (.cinit..kernelBSS.load) [load image, compression = lzss]
                  00007881    00000007     --HOLE-- [fill = 0]
                  00007888    00000008     (.cinit..bss.load) [load image, compression = zero_init]
                  00007890    00000008     (.cinit..kernelHEAP.load) [load image, compression = zero_init]
                  00007898    00000020     (__TI_cinit_table)

.blinky_section 
*          0    00008020    000000a0     RUN ADDR = 80000000
                  00008020    00000098     board_io_tests.obj (.blinky_section)
                  000080b8    00000008     HL_gio.obj (.tramp.gioSetBit.1)

.text      0    000080c0    00021fc8     
                  000080c0    000035b0     csp_rdp.obj (.text)
                  0000b670    00001ef8     communication_service.obj (.text)
                  0000d568    000017fc     HL_spi.obj (.text)
                  0000ed64    00001284     HL_can.obj (.text)
                  0000ffe8    000011d4     rtsv7R4_A_be_v3D16_eabi.lib : _scanfi.c.obj (.text:__TI_scanfi)
                  000111bc    00000ff4     HL_sci.obj (.text)
                  000121b0    00000fbc     csp_conn.obj (.text)
                  0001316c    00000fac     rtsv7R4_A_be_v3D16_eabi.lib : _printfi.c.obj (.text:__TI_printfi)
                  00014118    00000ea0     HL_adc.obj (.text)
                  00014fb8    00000db8     csp_sha1.obj (.text)
                  00015d70    00000d9c     os_mpu_wrappers.obj (.text)
                  00016b0c    00000cdc     HL_i2c.obj (.text)
                  000177e8    00000c28     board_io_tests.obj (.text)
                  00018410    00000b54     csp_io.obj (.text)
                  00018f64    00000a30     HL_spi.obj (.text:retain)
                  00019994    000009f4     HL_pinmux.obj (.text)
                  0001a388    000009cc     HL_sci.obj (.text:retain)
                  0001ad54    0000099c     HL_system.obj (.text)
                  0001b6f0    00000974     csp_route.obj (.text)
                  0001c064    0000093c     HL_sys_vim.obj (.text)
                  0001c9a0    0000091c     csp_service_handler.obj (.text)
                  0001d2bc    0000078c     HL_esm.obj (.text)
                  0001da48    0000076c     csp_rtable.obj (.text)
                  0001e1b4    00000664     HL_errata_SSWF021_45.obj (.text)
                  0001e818    00000644     csp_buffer.obj (.text)
                  0001ee5c    00000624     csp_xtea.obj (.text)
                  0001f480    0000061c     csp_if_kiss.obj (.text)
                  0001fa9c    000005e4     uhf_hal.obj (.text)
                  00020080    0000054c     rtsv7R4_A_be_v3D16_eabi.lib : strtod.c.obj (.text:strtod)
                  000205cc    000004cc     csp_hmac.obj (.text)
                  00020a98    00000484     HL_gio.obj (.text)
                  00020f1c    00000444     TempSensor.obj (.text)
                  00021360    000003c4     HL_sys_core.obj (.text)
                  00021724    00000380     main.obj (.text)
                  00021aa4    0000037c     csp_iflist.obj (.text)
                  00021e20    00000358     HL_sys_mpu.obj (.text)
                  00022178    00000358     service_utilities.obj (.text)
                  000224d0    00000350     csp_qfifo.obj (.text)
                  00022820    0000033c     HL_sys_vim.obj (.text:retain)
                  00022b5c    00000334     csp_port.obj (.text)
                  00022e90    00000320     comms_hal.obj (.text)
                  000231b0    000002dc     rtsv7R4_A_be_v3D16_eabi.lib : _printfi.c.obj (.text:_pconv_a)
                  0002348c    000002c8                                 : strtoll.c.obj (.text:strtoll)
                  00023754    000002c0     time_management_service.obj (.text)
                  00023a14    000002b8     rtsv7R4_A_be_v3D16_eabi.lib : ull_div32.asm.obj (.text)
                  00023ccc    00000278     os_heap.obj (.text)
                  00023f44    00000260     housekeeping_service.obj (.text)
                  000241a4    00000248     rtsv7R4_A_be_v3D16_eabi.lib : _printfi.c.obj (.text:_pconv_g)
                  000243ec    00000240                                 : strtoull.c.obj (.text:strtoull)
                  0002462c    0000023c     csp_semaphore.obj (.text)
                  00024868    00000238     os_list.obj (.text)
                  00024aa0    00000230     usart_m3.obj (.text)
                  00024cd0    0000022c     csp_debug.obj (.text)
                  00024efc    00000224     rtsv7R4_A_be_v3D16_eabi.lib : vla_alloc.c.obj (.text:__vla_alloc)
                  00025120    00000224     csp_rtable_static.obj (.text)
                  00025344    000001f8     HL_emif.obj (.text)
                  0002553c    000001f8     temp_detect.obj (.text)
                  00025734    000001f4     rtsv7R4_A_be_v3D16_eabi.lib : strtol.c.obj (.text:strtol)
                  00025928    000001f0     csp_crc32.obj (.text)
                  00025b18    000001e4     HL_notification.obj (.text)
                  00025cfc    000001b8     rtsv7R4_A_be_v3D16_eabi.lib : strtoul.c.obj (.text:strtoul)
                  00025eb4    000001a4                                 : fputs.c.obj (.text:fputs)
                  00026058    000001a0                                 : memory.c.obj (.text:aligned_alloc)
                  000261f8    0000019c     usart_kiss.obj (.text)
                  00026394    00000188     csp_system.obj (.text)
                  0002651c    00000180     rtsv7R4_A_be_v3D16_eabi.lib : memcpy32.asm.obj (.text)
                  0002669c    00000178     HL_esm.obj (.text:retain)
                  00026814    00000174     rtsv7R4_A_be_v3D16_eabi.lib : memory.c.obj (.text:free)
                  00026988    00000174     os_tasks.obj (.text)
                  00026afc    0000015c     rtsv7R4_A_be_v3D16_eabi.lib : _printfi.c.obj (.text:_pconv_e)
                  00026c58    00000158                                 : setvbuf.c.obj (.text:setvbuf)
                  00026db0    0000014c                                 : memory.c.obj (.text:realloc)
                  00026efc    00000148     services.obj (.text)
                  00027044    00000144     rtsv7R4_A_be_v3D16_eabi.lib : _printfi.c.obj (.text:fcvt)
                  00027188    0000013c                                 : s_floor.c.obj (.text:floor)
                  000272c4    00000138     csp_init.obj (.text)
                  000273fc    00000138     os_port.obj (.text)
                  00027534    00000120     csp_queue.obj (.text)
                  00027654    00000120     rtsv7R4_A_be_v3D16_eabi.lib : s_scalbn.c.obj (.text:scalbn)
                  00027774    00000115                                 : _printfi.c.obj (.text:_ltostr)
                  00027889    00000003     --HOLE-- [fill = 0]
                  0002788c    0000010c     csp_system.obj (.text)
                  00027998    00000100     rtsv7R4_A_be_v3D16_eabi.lib : fputc.c.obj (.text:fputc)
                  00027a98    000000f8     csp_udp.obj (.text)
                  00027b90    000000f8     obc_hal.obj (.text)
                  00027c88    000000f0     csp_strtok.obj (.text)
                  00027d78    000000f0     HL_sys_startup.obj (.text:retain)
                  00027e68    000000e0     HL_sys_pmu.obj (.text)
                  00027f48    000000e0     hal.obj (.text)
                  00028028    000000dc     system_stats.obj (.text)
                  00028104    000000cc     rtsv7R4_A_be_v3D16_eabi.lib : sscanf.c.obj (.text:_chkmbc)
                  000281d0    000000c8                                 : _printfi.c.obj (.text:_mcpy)
                  00028298    000000c4                                 : vla_alloc.c.obj (.text:_ZN33_INTERNAL_11_vla_alloc_c_be8bd49b21free_dead_allocationsEPv)
                  0002835c    000000b8                                 : fclose.c.obj (.text:__TI_closefile)
                  00028414    000000b0                                 : vla_alloc.c.obj (.text:__vla_dealloc)
                  000284c4    000000b0                                 : memset32.asm.obj (.text)
                  00028574    000000b0                                 : memory.c.obj (.text:split)
                  00028624    000000ac                                 : hostlseek.c.obj (.text:HOSTlseek)
                  000286d0    000000ac                                 : fflush.c.obj (.text:fflush)
                  0002877c    000000a8                                 : fseek.c.obj (.text:fseek)
                  00028824    000000a4                                 : hostrename.c.obj (.text:HOSTrename)
                  000288c8    000000a0                                 : _io_perm.c.obj (.text:__TI_wrt_ok)
                  00028968    0000009c     csp_thread.obj (.text)
                  00028a04    0000009c     rtsv7R4_A_be_v3D16_eabi.lib : fprintf.c.obj (.text:fprintf)
                  00028aa0    0000009c                                 : printf.c.obj (.text:printf)
                  00028b3c    00000098                                 : hostopen.c.obj (.text:HOSTopen)
                  00028bd4    00000098                                 : _printfi.c.obj (.text:_ecpy)
                  00028c6c    00000098                                 : close.c.obj (.text:close)
                  00028d04    00000090                                 : hostread.c.obj (.text:HOSTread)
                  00028d94    00000090                                 : hostwrite.c.obj (.text:HOSTwrite)
                  00028e24    00000090                                 : copy_decompress_lzss.c.obj (.text:decompress:lzss:__TI_decompress_lzss)
                  00028eb4    0000008c                                 : s_frexp.c.obj (.text:frexp)
                  00028f40    00000088     temp_thread_task.obj (.text)
                  00028fc8    00000084     rtsv7R4_A_be_v3D16_eabi.lib : fflush.c.obj (.text:__TI_doflush)
                  0002904c    00000084                                 : atoi.c.obj (.text:atoi)
                  000290d0    00000080                                 : _ltoa.c.obj (.text:__TI_ltoa)
                  00029150    0000007c     csp_clock.obj (.text)
                  000291cc    0000007c     rtsv7R4_A_be_v3D16_eabi.lib : exit.c.obj (.text:exit)
                  00029248    0000007c                                 : snprintf.c.obj (.text:snprintf)
                  000292c4    00000074                                 : hostclose.c.obj (.text:HOSTclose)
                  00029338    00000074                                 : _printfi.c.obj (.text:_pconv_f)
                  000293ac    00000074     csp_malloc.obj (.text)
                  00029420    00000070     rtsv7R4_A_be_v3D16_eabi.lib : hostunlink.c.obj (.text:HOSTunlink)
                  00029490    0000006c                                 : getdevice.c.obj (.text:getdevice)
                  000294fc    00000068                                 : autoinit.c.obj (.text:__TI_auto_init_nobinit_nopinit:__TI_auto_init_nobinit_nopinit)
                  00029564    00000064                                 : _printfi.c.obj (.text:_fcpy)
                  000295c8    00000064                                 : sprintf.c.obj (.text:sprintf)
                  0002962c    0000005c                                 : snprintf.c.obj (.text:_outs)
                  00029688    00000058     csp_if_lo.obj (.text)
                  000296e0    00000054     rtsv7R4_A_be_v3D16_eabi.lib : fopen.c.obj (.text:__TI_cleanup)
                  00029734    00000054                                 : trgmsg.c.obj (.text:__TI_readmsg)
                  00029788    00000054                                 : trgmsg.c.obj (.text:__TI_writemsg)
                  000297dc    00000054                                 : getdevice.c.obj (.text:finddevice)
                  00029830    00000054                                 : i_div32.asm.obj (.text)
                  00029884    00000054                                 : sscanf.c.obj (.text:sscanf)
                  000298d8    00000054                                 : strncasecmp.c.obj (.text:strncasecmp)
                  0002992c    00000050                                 : u_div32.asm.obj (.text)
                  0002997c    0000004c                                 : rand.c.obj (.text:rand)
                  000299c8    0000004c                                 : strncat.c.obj (.text:strncat)
                  00029a14    0000004c                                 : strspn.c.obj (.text:strspn)
                  00029a60    00000048                                 : strncpy.c.obj (.text:strncpy)
                  00029aa8    00000048                                 : unlink.c.obj (.text:unlink)
                  00029af0    00000044     HL_sys_main.obj (.text)
                  00029b34    00000044     rtsv7R4_A_be_v3D16_eabi.lib : lseek.c.obj (.text:lseek)
                  00029b78    00000044                                 : strcasecmp.c.obj (.text:strcasecmp)
                  00029bbc    00000044                                 : strcspn.c.obj (.text:strcspn)
                  00029c00    00000044                                 : write.c.obj (.text:write)
                  00029c44    00000040     csp_time.obj (.text)
                  00029c84    00000040     csp_time.obj (.text)
                  00029cc4    00000040     rtsv7R4_A_be_v3D16_eabi.lib : memory.c.obj (.text:free_list_insert)
                  00029d04    00000038                                 : rand.c.obj (.text:srand)
                  00029d3c    00000034                                 : memcmp.c.obj (.text:memcmp)
                  00029d70    00000030                                 : sprintf.c.obj (.text:_outs)
                  00029da0    00000030                                 : memory.c.obj (.text:free_list_remove)
                  00029dd0    00000030                                 : memccpy.c.obj (.text:memccpy)
                  00029e00    0000002c                                 : snprintf.c.obj (.text:_outc)
                  00029e2c    0000002c                                 : memchr.c.obj (.text:memchr)
                  00029e58    0000002c                                 : strrchr.c.obj (.text:strrchr)
                  00029e84    00000028                                 : strchr.c.obj (.text:strchr)
                  00029eac    00000028                                 : strcmp.c.obj (.text:strcmp)
                  00029ed4    00000024                                 : wcslen.c.obj (.text:wcslen)
                  00029ef8    00000020                                 : strlen.c.obj (.text:strlen)
                  00029f18    0000001c                                 : sscanf.c.obj (.text:_inpchar)
                  00029f34    0000001c                                 : s_copysign.c.obj (.text:copysign)
                  00029f50    00000018                                 : strcpy.c.obj (.text:strcpy)
                  00029f68    00000014                                 : sprintf.c.obj (.text:_outc)
                  00029f7c    00000014     csp_endian.obj (.text:csp_htobe32)
                  00029f90    00000014     csp_endian.obj (.text:csp_hton16)
                  00029fa4    00000014     csp_endian.obj (.text:csp_hton32)
                  00029fb8    00000014     csp_endian.obj (.text:csp_htonflt)
                  00029fcc    00000014     csp_endian.obj (.text:csp_ntoh16)
                  00029fe0    00000014     csp_endian.obj (.text:csp_ntoh32)
                  00029ff4    00000014     csp_endian.obj (.text:csp_ntohflt)
                  0002a008    00000014     rtsv7R4_A_be_v3D16_eabi.lib : copy_decompress_none.c.obj (.text:decompress:none:__TI_decompress_none)
                  0002a01c    00000010                                 : sscanf.c.obj (.text:_uninpchar)
                  0002a02c    00000010                                 : copy_zero_init.c.obj (.text:decompress:ZI:__TI_zero_init)
                  0002a03c    0000000c                                 : errno.c.obj (.text:__aeabi_errno_addr)
                  0002a048    0000000c                                 : memory.c.obj (.text:malloc)
                  0002a054    00000008                                 : exit.c.obj (.text:abort:abort)
                  0002a05c    00000004     HL_sys_startup.obj (.text)
                  0002a060    00000004     rtsv7R4_A_be_v3D16_eabi.lib : error.c.obj (.text:__abort_execution)
                  0002a064    00000004                                 : _lock.c.obj (.text:_nop)
                  0002a068    00000004                                 : fprintf.c.obj (.text:_outc)
                  0002a06c    00000004                                 : printf.c.obj (.text:_outc)
                  0002a070    00000004                                 : fprintf.c.obj (.text:_outs)
                  0002a074    00000004                                 : printf.c.obj (.text:_outs)
                  0002a078    00000004     HL_sys_phantom.obj (.text:retain)
                  0002a07c    00000004     rtsv7R4_A_be_v3D16_eabi.lib : div0.asm.obj (.text)
                  0002a080    00000008     board_io_tests.obj (.tramp.blinky.1)

.const     0    0002a0a0    000008c9     
                  0002a0a0    00000400     csp_crc32.obj (.const:crc_tab)
                  0002a4a0    00000200     HL_sys_vim.obj (.const:s_vim_init)
                  0002a6a0    00000101     rtsv7R4_A_be_v3D16_eabi.lib : ctype.c.obj (.const:.string:_ctypes_)
                  0002a7a1    00000007                                 : _scanfi.c.obj (.const:.string:flit$1)
                  0002a7a8    00000080                                 : strtod.c.obj (.const:digits)
                  0002a828    00000048                                 : strtod.c.obj (.const:powerof10)
                  0002a870    00000020     HL_can.obj (.const:s_canByteOrder)
                  0002a890    00000018     csp_rtable_static.obj (.const:.string:$P$T2$1)
                  0002a8a8    00000018     HL_adc.obj (.const:s_adcFiFoSize)
                  0002a8c0    00000018     HL_adc.obj (.const:s_adcSelect)
                  0002a8d8    00000011     csp_system.obj (.const:.string:$P$T1$2)
                  0002a8e9    00000011     csp_rtable.obj (.const:.string:$P$T2$1)
                  0002a8fa    00000002     csp_if_kiss.obj (.const:.string:$P$T2$1)
                  0002a8fc    00000010     csp_rtable.obj (.const:$P$T7$3)
                  0002a90c    0000000f     csp_system.obj (.const:.string:$P$T0$1)
                  0002a91b    0000000f     csp_rtable.obj (.const:.string:$P$T6$2)
                  0002a92a    00000002     csp_if_kiss.obj (.const:.string:$P$T3$2)
                  0002a92c    0000000c     main.obj (.const:$P$T2$1)
                  0002a938    00000008     csp_qfifo.obj (.const:$P$T2$1)
                  0002a940    00000008     csp_xtea.obj (.const:$P$T2$1)
                  0002a948    00000008     csp_xtea.obj (.const:$P$T3$2)
                  0002a950    00000008     board_io_tests.obj (.const:.string:$P$T0$1)
                  0002a958    00000008     csp_if_lo.obj (.const:.string)
                  0002a960    00000006     rtsv7R4_A_be_v3D16_eabi.lib : _scanfi.c.obj (.const:.string:barr$2)
                  0002a966    00000002     csp_if_kiss.obj (.const:.string:$P$T4$3)
                  0002a968    00000001     csp_if_kiss.obj (.const:.string:$P$T5$4)

.kernelBSS 
*          0    08000800    00000148     UNINITIALIZED
                  08000800    000000d0     os_tasks.obj (.kernelBSS:uninit)
                  080008d0    0000003c     os_tasks.obj (.kernelBSS:init)
                  0800090c    00000030     os_timer.obj (.kernelBSS:uninit)
                  0800093c    0000000c     os_timer.obj (.kernelBSS:init)

.kernelHEAP 
*          0    08001000    00040000     UNINITIALIZED
                  08001000    00040000     os_heap.obj (.kernelHEAP)

.bss       0    08041000    000006ec     UNINITIALIZED
                  08041000    0000016b     uhf_hal.obj (.bss:U_beacon_reg)
                  0804116b    00000001     (.common:incomingData)
                  0804116c    00000120     rtsv7R4_A_be_v3D16_eabi.lib : trgmsg.c.obj (.bss:_CIOBUF_)
                  0804128c    00000108     csp_rtable_static.obj (.bss:rtable)
                  08041394    000000f2     uhf_hal.obj (.bss:U_call_reg)
                  08041486    000000a0     (.common:__TI_tmpnams)
                  08041526    00000002     --HOLE--
                  08041528    00000078     HL_spi.obj (.bss:g_spiPacket_t)
                  080415a0    00000050     HL_sci.obj (.bss:g_sciTransfer_t)
                  080415f0    00000030     comms_hal.obj (.bss:S_FS)
                  08041620    00000020     (.common:csp_conf)
                  08041640    00000018     HL_i2c.obj (.bss:g_i2cTransfer_t)
                  08041658    00000014     uhf_hal.obj (.bss:U_FRAM_reg)
                  0804166c    00000010     csp_conn.obj (.bss)
                  0804167c    00000010     csp_hmac.obj (.bss:csp_hmac_key)
                  0804168c    00000010     csp_xtea.obj (.bss:csp_xtea_key)
                  0804169c    0000000b     communication_service.obj (.bss:S_config)
                  080416a7    0000000b     comms_hal.obj (.bss:S_config_reg)
                  080416b2    00000002     --HOLE--
                  080416b4    00000008     csp_buffer.obj (.bss)
                  080416bc    00000008     temp_detect.obj (.bss)
                  080416c4    00000008     os_heap.obj (.bss:xStart)
                  080416cc    00000008     (.common:parmbuf)
                  080416d4    00000004     hal.obj (.bss:HAL_rtc)
                  080416d8    00000004     csp_port.obj (.bss)
                  080416dc    00000004     csp_qfifo.obj (.bss:qfifo)
                  080416e0    00000004     (.common:ErrorCode)
                  080416e4    00000004     (.common:equipment_mutex)
                  080416e8    00000004     (.common:sciData)

.data      0    080416ec    000002c4     UNINITIALIZED
                  080416ec    000000f0     rtsv7R4_A_be_v3D16_eabi.lib : defs.c.obj (.data:_ftable)
                  080417dc    00000078                                 : host_device.c.obj (.data:_device)
                  08041854    00000050                                 : host_device.c.obj (.data:_stream)
                  080418a4    00000040     csp_if_lo.obj (.data:csp_if_lo)
                  080418e4    00000032     uhf_hal.obj (.data:U_status_reg)
                  08041916    00000001     csp_conn.obj (.data)
                  08041917    00000001     housekeeping_service.obj (.data)
                  08041918    0000001c     csp_rdp.obj (.data)
                  08041934    00000010     os_heap.obj (.data)
                  08041944    00000010     rtsv7R4_A_be_v3D16_eabi.lib : defs.c.obj (.data)
                  08041954    0000000c                                 : exit.c.obj (.data:$O1$$)
                  08041960    0000000c     TempSensor.obj (.data:Thermistor_Fit)
                  0804196c    00000008     rtsv7R4_A_be_v3D16_eabi.lib : _lock.c.obj (.data:$O1$$)
                  08041974    00000008                                 : memory.c.obj (.data:$O1$$)
                  0804197c    00000008     csp_system.obj (.data)
                  08041984    00000008     os_port.obj (.data)
                  0804198c    00000007     csp_debug.obj (.data:csp_debug_level_enabled)
                  08041993    00000001     --HOLE--
                  08041994    00000004     csp_time.obj (.data)
                  08041998    00000004     csp_debug.obj (.data)
                  0804199c    00000004     csp_iflist.obj (.data)
                  080419a0    00000004     csp_service_handler.obj (.data)
                  080419a4    00000004     rtsv7R4_A_be_v3D16_eabi.lib : errno.c.obj (.data)
                  080419a8    00000004                                 : rand.c.obj (.data)
                  080419ac    00000004                                 : vla_alloc.c.obj (.data)

__llvm_prf_cnts 
*          0    08001000    00000000     UNINITIALIZED

.sysmem    0    00006fb0    00000800     UNINITIALIZED
                  00006fb0    00000010     rtsv7R4_A_be_v3D16_eabi.lib : memory.c.obj (.sysmem)
                  00006fc0    000007f0     --HOLE--

MODULE SUMMARY

       Module                        code     ro data   rw data
       ------                        ----     -------   -------
    .\ex2_obc_software\
       main.obj                      896      12        4      
       hal.obj                       224      0         4      
    +--+-----------------------------+--------+---------+---------+
       Total:                        1120     12        8      
                                                               
    .\ex2_obc_software\TempSensor\
       TempSensor.obj                1092     0         12     
       temp_detect.obj               504      0         12     
       temp_thread_task.obj          136      0         0      
    +--+-----------------------------+--------+---------+---------+
       Total:                        1732     0         24     
                                                               
    .\ex2_services\Platform\obc\hal\
       uhf_hal.obj                   1508     0         675    
       comms_hal.obj                 800      0         59     
       obc_hal.obj                   248      0         0      
    +--+-----------------------------+--------+---------+---------+
       Total:                        2556     0         734    
                                                               
    .\ex2_services\Services\
       communication_service.obj     7928     0         11     
       service_utilities.obj         856      0         0      
       time_management_service.obj   704      0         0      
       housekeeping_service.obj      608      0         1      
       services.obj                  328      0         0      
    +--+-----------------------------+--------+---------+---------+
       Total:                        10424    0         12     
                                                               
    .\ex2_system_tasks\
       system_stats.obj              220      0         0      
    +--+-----------------------------+--------+---------+---------+
       Total:                        220      0         0      
                                                               
    .\libcsp\src\
       csp_conn.obj                  4028     0         17     
       csp_io.obj                    2900     0         0      
       csp_route.obj                 2420     0         0      
       csp_service_handler.obj       2332     0         4      
       csp_buffer.obj                1604     0         8      
       csp_crc32.obj                 496      1024      0      
       csp_iflist.obj                892      0         4      
       csp_qfifo.obj                 848      8         4      
       csp_port.obj                  820      0         4      
       csp_debug.obj                 556      0         11     
       csp_init.obj                  312      0         32     
       csp_strtok.obj                240      0         0      
       csp_endian.obj                140      0         0      
    +--+-----------------------------+--------+---------+---------+
       Total:                        17588    1032      84     
                                                               
    .\libcsp\src\arch\
       csp_system.obj                268      32        8      
       csp_time.obj                  64       0         4      
    +--+-----------------------------+--------+---------+---------+
       Total:                        332      32        12     
                                                               
    .\libcsp\src\arch\freertos\
       csp_semaphore.obj             572      0         0      
       csp_system.obj                392      0         0      
       csp_queue.obj                 288      0         0      
       csp_thread.obj                156      0         0      
       csp_clock.obj                 124      0         0      
       csp_malloc.obj                116      0         0      
       csp_time.obj                  64       0         0      
    +--+-----------------------------+--------+---------+---------+
       Total:                        1712     0         0      
                                                               
    .\libcsp\src\crypto\
       csp_sha1.obj                  3512     0         0      
       csp_xtea.obj                  1572     16        16     
       csp_hmac.obj                  1228     0         16     
    +--+-----------------------------+--------+---------+---------+
       Total:                        6312     16        32     
                                                               
    .\libcsp\src\drivers\usart\
       usart_m3.obj                  560      0         5      
       usart_kiss.obj                412      0         0      
    +--+-----------------------------+--------+---------+---------+
       Total:                        972      0         5      
                                                               
    .\libcsp\src\interfaces\
       csp_if_kiss.obj               1564     7         0      
       csp_if_lo.obj                 88       8         64     
    +--+-----------------------------+--------+---------+---------+
       Total:                        1652     15        64     
                                                               
    .\libcsp\src\rtable\
       csp_rtable.obj                1900     48        0      
       csp_rtable_static.obj         548      24        264    
    +--+-----------------------------+--------+---------+---------+
       Total:                        2448     72        264    
                                                               
    .\libcsp\src\transport\
       csp_rdp.obj                   13744    0         28     
       csp_udp.obj                   248      0         0      
    +--+-----------------------------+--------+---------+---------+
       Total:                        13992    0         28     
                                                               
    .\source\
       os_heap.obj                   1580     0         262168 
       os_tasks.obj                  15088    0         268    
       HL_spi.obj                    8748     0         120    
       HL_sci.obj                    6592     0         80     
       os_queue.obj                  5644     0         0      
       HL_can.obj                    4740     32        0      
       HL_adc.obj                    3744     48        0      
       HL_sys_vim.obj                3192     512       0      
       os_mpu_wrappers.obj           3484     0         0      
       HL_i2c.obj                    3292     0         24     
       os_timer.obj                  2824     0         60     
       HL_pinmux.obj                 2548     0         0      
       HL_system.obj                 2460     0         0      
       HL_esm.obj                    2308     0         0      
       os_event_groups.obj           2216     0         0      
       HL_errata_SSWF021_45.obj      1636     0         0      
       os_port.obj                   1324     0         8      
       os_portasm.obj                1200     0         0      
       HL_gio.obj                    1172     0         0      
       HL_sys_core.obj               964      0         0      
       HL_sys_mpu.obj                856      0         0      
       os_list.obj                   568      0         0      
       HL_emif.obj                   504      0         0      
       HL_notification.obj           484      0         0      
       HL_sys_startup.obj            244      0         0      
       HL_sys_pmu.obj                224      0         0      
       HL_sys_main.obj               68       0         0      
       HL_sys_intvecs.obj            32       0         0      
       HL_sys_phantom.obj            4        0         0      
    +--+-----------------------------+--------+---------+---------+
       Total:                        77740    592       262728 
                                                               
    .\source\athena_drivers\
       board_io_tests.obj            3424     8         0      
    +--+-----------------------------+--------+---------+---------+
       Total:                        3424     8         0      
                                                               
    C:\ti\ccs1000\ccs\tools\compiler\ti-cgt-arm_20.2.0.LTS\lib\rtsv7R4_A_be_v3D16_eabi.lib
       _printfi.c.obj                6845     0         0      
       _scanfi.c.obj                 4564     13        0      
       strtod.c.obj                  1356     200       0      
       memory.c.obj                  1420     0         8      
       vla_alloc.c.obj               920      0         4      
       strtoll.c.obj                 712      0         0      
       ull_div32.asm.obj             696      0         0      
       strtoull.c.obj                576      0         0      
       strtol.c.obj                  500      0         0      
       trgmsg.c.obj                  168      0         288    
       strtoul.c.obj                 440      0         0      
       fputs.c.obj                   420      0         0      
       defs.c.obj                    0        0         416    
       memcpy32.asm.obj              384      0         0      
       setvbuf.c.obj                 344      0         0      
       sscanf.c.obj                  332      0         0      
       s_floor.c.obj                 316      0         0      
       fflush.c.obj                  304      0         0      
       s_scalbn.c.obj                288      0         0      
       snprintf.c.obj                260      0         0      
       ctype.c.obj                   0        257       0      
       fputc.c.obj                   256      0         0      
       host_device.c.obj             0        0         200    
       getdevice.c.obj               192      0         0      
       fclose.c.obj                  184      0         0      
       memset32.asm.obj              176      0         0      
       hostlseek.c.obj               172      0         0      
       fseek.c.obj                   168      0         0      
       sprintf.c.obj                 168      0         0      
       fprintf.c.obj                 164      0         0      
       hostrename.c.obj              164      0         0      
       printf.c.obj                  164      0         0      
       _io_perm.c.obj                160      0         0      
       hostopen.c.obj                152      0         8      
       close.c.obj                   152      0         0      
       copy_decompress_lzss.c.obj    144      0         0      
       exit.c.obj                    132      0         12     
       hostread.c.obj                144      0         0      
       hostwrite.c.obj               144      0         0      
       s_frexp.c.obj                 140      0         0      
       rand.c.obj                    132      0         4      
       atoi.c.obj                    132      0         0      
       _ltoa.c.obj                   128      0         0      
       hostclose.c.obj               116      0         0      
       hostunlink.c.obj              112      0         0      
       autoinit.c.obj                104      0         0      
       fopen.c.obj                   84       0         0      
       i_div32.asm.obj               84       0         0      
       strncasecmp.c.obj             84       0         0      
       u_div32.asm.obj               80       0         0      
       strncat.c.obj                 76       0         0      
       strspn.c.obj                  76       0         0      
       strncpy.c.obj                 72       0         0      
       unlink.c.obj                  72       0         0      
       lseek.c.obj                   68       0         0      
       strcasecmp.c.obj              68       0         0      
       strcspn.c.obj                 68       0         0      
       write.c.obj                   68       0         0      
       memcmp.c.obj                  52       0         0      
       memccpy.c.obj                 48       0         0      
       memchr.c.obj                  44       0         0      
       strrchr.c.obj                 44       0         0      
       strchr.c.obj                  40       0         0      
       strcmp.c.obj                  40       0         0      
       wcslen.c.obj                  36       0         0      
       strlen.c.obj                  32       0         0      
       s_copysign.c.obj              28       0         0      
       strcpy.c.obj                  24       0         0      
       copy_decompress_none.c.obj    20       0         0      
       copy_zero_init.c.obj          16       0         0      
       errno.c.obj                   12       0         4      
       _lock.c.obj                   4        0         8      
       div0.asm.obj                  4        0         0      
       error.c.obj                   4        0         0      
    +--+-----------------------------+--------+---------+---------+
       Total:                        25893    470       952    
                                                               
       Heap:                         0        0         2048   
       Linker Generated:             0        240       0      
    +--+-----------------------------+--------+---------+---------+
       Grand Total:                  168117   2489      266995 


LINKER GENERATED COPY TABLES

__TI_cinit_table @ 00007898 records: 4, size/record: 8, table size: 32
	.data: load addr=000077c0, load size=000000ab bytes, run addr=080416ec, run size=000002c4 bytes, compression=lzss
	.kernelBSS: load addr=00007878, load size=00000009 bytes, run addr=08000800, run size=00000148 bytes, compression=lzss
	.bss: load addr=00007888, load size=00000008 bytes, run addr=08041000, run size=000006ec bytes, compression=zero_init
	.kernelHEAP: load addr=00007890, load size=00000008 bytes, run addr=08001000, run size=00040000 bytes, compression=zero_init


LINKER GENERATED HANDLER TABLE

__TI_handler_table @ 0000786c records: 3, size/record: 4, table size: 12
	index: 0, handler: __TI_decompress_lzss
	index: 1, handler: __TI_decompress_none
	index: 2, handler: __TI_zero_init


FAR CALL TRAMPOLINES

callee name               trampoline name
   callee addr  tramp addr   call addr  call info
--------------  -----------  ---------  ----------------
blinky                    $Tramp$AA$L$PI$$blinky
   80000000     0002a080     000183e4   board_io_tests.obj (.text)
gioSetBit                 $Tramp$AA$L$PI$$gioSetBit
   00020b88     80000098     80000010   board_io_tests.obj (.blinky_section)
                             80000054   board_io_tests.obj (.blinky_section)

[2 trampolines]
[3 trampoline calls]


GLOBAL SYMBOLS: SORTED ALPHABETICALLY BY Name 

address   name                                  
-------   ----                                  
800000a0  BlinkyEndAddr                         
000080c0  BlinkyLoadEnd                         
00008020  BlinkyLoadStart                       
000000a0  BlinkySize                            
80000000  BlinkyStartAddr                       
0002a054  C$$EXIT                               
000297d0  C$$IO$$                               
00018268  CANRxTest                             
000181f0  CANTxTest                             
080416e0  ErrorCode                             
000179a8  GPIOGetBit                            
00017864  GPIOSetBit                            
00017aec  GPIOTxTest                            
00027f64  HAL_RTC_GetTime                       
00027f48  HAL_RTC_SetTime                       
00023044  HAL_S_getBuffer                       
00022ebc  HAL_S_getControl                      
00022ee8  HAL_S_getEncoder                      
0002308c  HAL_S_getFV                           
00022e90  HAL_S_getFreq                         
00022fbc  HAL_S_getHK                           
00022f14  HAL_S_getPAPower                      
00022f40  HAL_S_getStatus                       
00022f84  HAL_S_getTR                           
00023104  HAL_S_setControl                      
00023128  HAL_S_setEncoder                      
000230c4  HAL_S_setFreq                         
000230e4  HAL_S_setPAPower                      
00023084  HAL_S_softResetFPGA                   
0001fe30  HAL_UHF_getAudioT                     
0001ffd8  HAL_UHF_getBeaconMsg                  
0001fe04  HAL_UHF_getBeaconT                    
0001ff38  HAL_UHF_getDestination                
00020000  HAL_UHF_getFRAM                       
0001feb4  HAL_UHF_getFV                         
0001fcfc  HAL_UHF_getFreq                       
0001fe88  HAL_UHF_getLowPwr                     
0001ffb0  HAL_UHF_getMIDI                       
0001ff88  HAL_UHF_getMorse                      
0001fee0  HAL_UHF_getPayload                    
0001fd80  HAL_UHF_getPcktsIn                    
0001fdac  HAL_UHF_getPcktsInCRC16               
0001fd54  HAL_UHF_getPcktsOut                   
0001fdd8  HAL_UHF_getPipeT                      
0001ff0c  HAL_UHF_getSecureKey                  
0001ff60  HAL_UHF_getSource                     
0001fcd4  HAL_UHF_getStatus                     
0001fe5c  HAL_UHF_getTemp                       
0001fd28  HAL_UHF_getUptime                     
0001fb5c  HAL_UHF_lowPwr                        
0001fb3c  HAL_UHF_restore                       
0001fcb4  HAL_UHF_secure                        
0001fb1c  HAL_UHF_setAudioT                     
0001fc44  HAL_UHF_setBeaconMsg                  
0001fafc  HAL_UHF_setBeaconT                    
0001fb94  HAL_UHF_setDestination                
0001fc84  HAL_UHF_setFRAM                       
0001fabc  HAL_UHF_setFreq                       
0001fc70  HAL_UHF_setI2C                        
0001fc18  HAL_UHF_setMIDI                       
0001fbec  HAL_UHF_setMorse                      
0001fadc  HAL_UHF_setPipeT                      
0001fbc0  HAL_UHF_setSource                     
0001fa9c  HAL_UHF_setStatus                     
00027fa0  HAL_get_current_1                     
00027fbc  HAL_get_current_2                     
000256b8  HAL_get_temp_data                     
00027f84  HAL_get_temperature                   
00027fd8  HAL_get_voltage_1                     
00027ff4  HAL_get_voltage_2                     
00027bb8  HAL_hk_report                         
00027ba4  HAL_sys_getTime                       
00027b90  HAL_sys_setTime                       
000292c4  HOSTclose                             
00028624  HOSTlseek                             
00028b3c  HOSTopen                              
00028d04  HOSTread                              
00028824  HOSTrename                            
00029420  HOSTunlink                            
00028d94  HOSTwrite                             
00017f68  I2CMasterRxTest                       
00017eb8  I2CMasterTxTest                       
00018064  I2CSlaveRxTest                        
00018150  I2CSlaveTxTest                        
000177e8  InitIO                                
00015f40  MPU_eTaskGetState                     
000160f4  MPU_pcTaskGetName                     
00016884  MPU_pcTimerGetName                    
000161d4  MPU_pvTaskGetThreadLocalStoragePointer
000167bc  MPU_pvTimerGetTimerID                 
00016390  MPU_ulTaskNotifyTake                  
0001654c  MPU_uxQueueMessagesWaiting            
00016580  MPU_uxQueueSpacesAvailable            
000160c8  MPU_uxTaskGetNumberOfTasks            
0001615c  MPU_uxTaskGetStackHighWaterMark       
00016244  MPU_uxTaskGetSystemState              
00015f0c  MPU_uxTaskPriorityGet                 
00016ae0  MPU_vEventGroupDelete                 
000165b4  MPU_vQueueDelete                      
00015e18  MPU_vTaskAllocateMPURegions           
00015e78  MPU_vTaskDelay                        
00015ea4  MPU_vTaskDelayUntil                   
00015e4c  MPU_vTaskDelete                       
00015f74  MPU_vTaskGetInfo                      
000162bc  MPU_vTaskGetRunTimeStats              
00016290  MPU_vTaskList                         
00015fc0  MPU_vTaskPrioritySet                  
00016020  MPU_vTaskResume                       
00016190  MPU_vTaskSetThreadLocalStoragePointer 
00016408  MPU_vTaskSetTimeOutState              
00015ff4  MPU_vTaskSuspend                      
0001604c  MPU_vTaskSuspendAll                   
000167f0  MPU_vTimerSetTimerID                  
00016a04  MPU_xEventGroupClearBits              
0001697c  MPU_xEventGroupCreate                 
00016a48  MPU_xEventGroupSetBits                
00016a8c  MPU_xEventGroupSync                   
000169a8  MPU_xEventGroupWaitBits               
00016614  MPU_xQueueCreateCountingSemaphore     
000165e0  MPU_xQueueCreateMutex                 
000166d0  MPU_xQueueGenericCreate               
000164f8  MPU_xQueueGenericReceive              
0001671c  MPU_xQueueGenericReset                
000164a4  MPU_xQueueGenericSend                 
0001669c  MPU_xQueueGiveMutexRecursive          
00016658  MPU_xQueueTakeMutexRecursive          
00015ed8  MPU_xTaskAbortDelay                   
00016434  MPU_xTaskCheckForTimeOut              
00015d70  MPU_xTaskCreate                       
00015dd4  MPU_xTaskCreateRestricted             
000162e8  MPU_xTaskGenericNotify                
00016128  MPU_xTaskGetHandle                    
00016218  MPU_xTaskGetIdleTaskHandle            
00016478  MPU_xTaskGetSchedulerState            
0001609c  MPU_xTaskGetTickCount                 
000163d4  MPU_xTaskNotifyStateClear             
0001633c  MPU_xTaskNotifyWait                   
00016070  MPU_xTaskResumeAll                    
00016760  MPU_xTimerCreate                      
00016920  MPU_xTimerGenericCommand              
000168ec  MPU_xTimerGetExpiryTime               
000168b8  MPU_xTimerGetPeriod                   
00016858  MPU_xTimerGetTimerDaemonTaskHandle    
00016824  MPU_xTimerIsTimerActive               
0001838c  SDRAM_Test                            
UNDEFED   SHT$$INIT_ARRAY$$Base                 
UNDEFED   SHT$$INIT_ARRAY$$Limit                
00017d0c  SPIMasterRxTest                       
00017c90  SPIMasterTxTest                       
00017e28  SPISlaveRxTest                        
00017dac  SPISlaveTxTest                        
0002198c  SciSendBuf                            
0000e2ac  SpiRxStatus                           
0000e220  SpiTxStatus                           
00017c08  UARTRxTest                            
00017bc4  UARTTxTest                            
0804116c  __CIOBUF_                             
00000800  __SYSMEM_SIZE                         
00007898  __TI_CINIT_Base                       
000078b8  __TI_CINIT_Limit                      
0000786c  __TI_Handler_Table_Base               
00007878  __TI_Handler_Table_Limit              
0002171c  __TI_PINIT_Base                       
00021720  __TI_PINIT_Limit                      
000294fc  __TI_auto_init_nobinit_nopinit        
000296e0  __TI_cleanup                          
08041954  __TI_cleanup_ptr                      
0002835c  __TI_closefile                        
00028e24  __TI_decompress_lzss                  
0002a008  __TI_decompress_none                  
00028fc8  __TI_doflush                          
08041958  __TI_dtors_ptr                        
0804195c  __TI_enable_exit_profile_output       
08041944  __TI_ft_end                           
000290d0  __TI_ltoa                             
ffffffff  __TI_pprof_out_hndl                   
0001316c  __TI_printfi                          
ffffffff  __TI_prof_data_size                   
ffffffff  __TI_prof_data_start                  
00029734  __TI_readmsg                          
0000ffec  __TI_scanfi                           
00000000  __TI_static_base__                    
08041486  __TI_tmpnams                          
00029788  __TI_writemsg                         
000288c8  __TI_wrt_ok                           
0002a02c  __TI_zero_init                        
0002a060  __abort_execution                     
0002a03c  __aeabi_errno_addr                    
00029830  __aeabi_idiv                          
0002a07c  __aeabi_idiv0                         
00029830  __aeabi_idivmod                       
0002a07c  __aeabi_ldiv0                         
000284c4  __aeabi_memclr                        
000284c4  __aeabi_memclr4                       
000284c4  __aeabi_memclr8                       
0002651c  __aeabi_memcpy                        
0002651c  __aeabi_memcpy4                       
0002651c  __aeabi_memcpy8                       
000284c8  __aeabi_memset                        
000284c8  __aeabi_memset4                       
000284c8  __aeabi_memset8                       
08041950  __aeabi_stderr                        
08041948  __aeabi_stdin                         
0804194c  __aeabi_stdout                        
0002992c  __aeabi_uidiv                         
0002992c  __aeabi_uidivmod                      
00023a14  __aeabi_uldivmod                      
ffffffff  __binit__                             
ffffffff  __c_args__                            
08001000  __start___llvm_prf_cnts               
08001000  __stop___llvm_prf_cnts                
00024efc  __vla_alloc                           
00028414  __vla_dealloc                         
00027d78  _c_int00                              
000216d0  _cacheDisable_                        
0002168c  _cacheEnable_                         
0002166c  _checkMemInitOn_                      
00021578  _coreClearAuxiliaryDataFault_         
0002158c  _coreClearAuxiliaryInstructionFault_  
00021550  _coreClearDataFaultAddress_           
00021528  _coreClearDataFault_                  
00021564  _coreClearInstructionFaultAddress_    
0002153c  _coreClearInstructionFault_           
00021500  _coreDisableEventBusExport_           
000214f0  _coreEnableEventBusExport_            
00021510  _coreEnableIrqVicOffset_              
000214d8  _coreEnableVfp_                       
00021570  _coreGetAuxiliaryDataFault_           
00021584  _coreGetAuxiliaryInstructionFault_    
00021548  _coreGetDataFaultAddress_             
00021520  _coreGetDataFault_                    
0002155c  _coreGetInstructionFaultAddress_      
00021534  _coreGetInstructionFault_             
00021360  _coreInitRegisters_                   
0002146c  _coreInitStackPointer_                
0002a6a0  _ctypes_                              
000216f4  _dCacheInvalidate_                    
00029b14  _dabort                               
080417dc  _device                               
00021598  _disable_IRQ_interrupt_               
000215a0  _enable_IRQ_interrupt_                
000215a8  _enable_interrupt_                    
0001e1b4  _errata_SSWF021_45_both_plls          
0001e3a8  _errata_SSWF021_45_pll1               
0001e520  _errata_SSWF021_45_pll2               
000215b0  _esmCcmErrorsClear_                   
080416ec  _ftable                               
000214b8  _getCPSRValue_                        
000214c0  _gotoCPUIdle_                         
00021708  _iCacheInvalidate_                    
0804196c  _lock                                 
00021638  _memInit_                             
00022120  _mpuAreRegionsSeparate_               
00022104  _mpuDisableBackgroundRegion_          
000220dc  _mpuDisable_                          
000220f4  _mpuEnableBackgroundRegion_           
000220c4  _mpuEnable_                           
00022114  _mpuGetNumberOfRegions_               
00022144  _mpuGetRegionBaseAddress_             
00022164  _mpuGetRegionPermission_              
00022158  _mpuGetRegionType_                    
00022134  _mpuGetRegion_                        
00021e20  _mpuInit_                             
0002213c  _mpuSetRegionBaseAddress_             
00022170  _mpuSetRegionSizeRegister_            
0002214c  _mpuSetRegionTypeAndPermission_       
0002212c  _mpuSetRegion_                        
0002a064  _nop                                  
00027ec4  _pmuDisableCountersGlobal_            
00027eb4  _pmuEnableCountersGlobal_             
00027f20  _pmuGetCycleCount_                    
00027f28  _pmuGetEventCount_                    
00027f34  _pmuGetOverflow_                      
00027e68  _pmuInit_                             
00027ef4  _pmuResetCounters_                    
00027ed4  _pmuResetCycleCounter_                
00027ee4  _pmuResetEventCounters_               
00027f14  _pmuSetCountEvent_                    
00027f04  _pmuStartCounters_                    
00027f0c  _pmuStopCounters_                     
00029b04  _prefetch                             
08041854  _stream                               
00006fb0  _sys_memory                           
UNDEFED   _system_post_cinit                    
00029b24  _undef                                
08041970  _unlock                               
0002a054  abort                                 
00014aec  adc1GetConfigValue                    
00014cec  adc2GetConfigValue                    
000146c8  adcCalibration                        
00014a8c  adcDisableNotification                
00014a3c  adcEnableNotification                 
000144a0  adcGetData                            
00014ad4  adcGetEVTPin                          
00014118  adcInit                               
00014698  adcIsConversionComplete               
00014668  adcIsFifoFull                         
000148a0  adcMidPointCalibration                
00025b64  adcNotification                       
00014478  adcResetFiFo                          
00014ab4  adcSetEVTPin                          
000143cc  adcStartConversion                    
00014450  adcStopConversion                     
00026058  aligned_alloc                         
0002904c  atoi                                  
ffffffff  binit                                 
80000000  blinky                                
0000f944  can1GetConfigValue                    
0000fa9c  can2GetConfigValue                    
0000fbf4  can3GetConfigValue                    
0000fdcc  can4GetConfigValue                    
0000f7e4  canDisableErrorNotification           
0000f7c4  canDisableStatusChangeNotification    
0000f83c  canDisableloopback                    
0000f784  canEnableErrorNotification            
0000f7a4  canEnableStatusChangeNotification     
0000f804  canEnableloopback                     
00025b78  canErrorNotification                  
0000f52c  canFillMessageObjectData              
0000f254  canGetData                            
0000f760  canGetErrorLevel                      
0000f3ac  canGetID                              
0000f73c  canGetLastError                       
0000ed64  canInit                               
0000f928  canIoRxGetBit                         
0000f86c  canIoSetDirection                     
0000f8bc  canIoSetPort                          
0000f90c  canIoTxGetBit                         
0000f6e0  canIsMessageBoxValid                  
0000f684  canIsRxMessageArrived                 
0000f628  canIsTxMessagePending                 
0000f48c  canSendRemoteFrame                    
00025b8c  canStatusChangeNotification           
0000f158  canTransmit                           
0000f414  canUpdateID                           
00028c6c  close                                 
000221f0  cnv16_8                               
000221a4  cnv32_8                               
000222ac  cnv8_16                               
00022274  cnv8_16LE                             
00022224  cnv8_32                               
000223fc  cnv8_D                                
00022330  cnv8_F                                
00022380  cnvD_8                                
000222e4  cnvF_8                                
0000b670  communication_service                 
0000b7f8  communication_service_app             
00029f34  copysign                              
00029f34  copysignl                             
00025c68  crcNotification                       
000184d0  csp_accept                            
000246a8  csp_bin_sem_create                    
000247a0  csp_bin_sem_post                      
000247f8  csp_bin_sem_post_isr                  
000246f8  csp_bin_sem_remove                    
00024730  csp_bin_sem_wait                      
00022cc0  csp_bind                              
0001eca0  csp_buffer_clone                      
0001ed24  csp_buffer_data_size                  
0001eb6c  csp_buffer_free                       
0001eae8  csp_buffer_free_isr                   
0001e8fc  csp_buffer_free_resources             
0001e9d4  csp_buffer_get                        
0001e944  csp_buffer_get_isr                    
0001e818  csp_buffer_init                       
0001ed00  csp_buffer_remaining                  
0001ed14  csp_buffer_size                       
00021bcc  csp_bytesize                          
000293c0  csp_calloc                            
00029150  csp_clock_get_time                    
00029178  csp_clock_set_time                    
000129f4  csp_close                             
0001ca0c  csp_cmp_set_memcpy                    
08041620  csp_conf                              
00012818  csp_conn_allocate                     
000121b0  csp_conn_check_timeouts               
00012a0c  csp_conn_close                        
00012e24  csp_conn_dport                        
00012e70  csp_conn_dst                          
00012250  csp_conn_enqueue_packet               
00012610  csp_conn_find                         
00012ea8  csp_conn_flags                        
00012510  csp_conn_free_resources               
000130b8  csp_conn_get_array                    
0001223c  csp_conn_get_rxq                      
00012314  csp_conn_init                         
0001299c  csp_conn_new                          
00012ec0  csp_conn_print_table                  
00012f90  csp_conn_print_table_str              
00012e54  csp_conn_sport                        
00012e8c  csp_conn_src                          
00012b90  csp_connect                           
000259a4  csp_crc32_append                      
00025928  csp_crc32_memory                      
00025a58  csp_crc32_verify                      
00024e5c  csp_debug_get_level                   
08041998  csp_debug_hook_func                   
00024cd0  csp_debug_hook_set                    
0804198c  csp_debug_level_enabled               
00024e2c  csp_debug_set_level                   
00024e8c  csp_debug_toggle_level                
0002940c  csp_free                              
000273c0  csp_free_resources                    
000272ec  csp_get_address                       
000273ec  csp_get_conf                          
00029c84  csp_get_ms                            
00029c90  csp_get_ms_isr                        
00029c9c  csp_get_s                             
00029cb0  csp_get_s_isr                         
00029c44  csp_get_uptime_s                      
000208fc  csp_hmac_append                       
00020814  csp_hmac_memory                       
000208c0  csp_hmac_set_key                      
000209c4  csp_hmac_verify                       
00029f7c  csp_htobe32                           
00029f90  csp_hton16                            
00029fa4  csp_hton32                            
00029fb8  csp_htonflt                           
080418a4  csp_if_lo                             
00021b00  csp_iflist_add                        
00021bc0  csp_iflist_get                        
00021aa4  csp_iflist_get_by_name                
00021c7c  csp_iflist_print                      
000272f8  csp_init                              
0001f978  csp_kiss_add_interface                
0001f634  csp_kiss_rx                           
0001f480  csp_kiss_tx                           
00022c5c  csp_listen                            
000293ac  csp_malloc                            
0002462c  csp_mutex_create                      
00024678  csp_mutex_lock                        
00024664  csp_mutex_remove                      
00024694  csp_mutex_unlock                      
00029fcc  csp_ntoh16                            
00029fe0  csp_ntoh32                            
00029ff4  csp_ntohflt                           
00022c3c  csp_port_free_resources               
00022b5c  csp_port_get_socket                   
00022bfc  csp_port_init                         
00022554  csp_qfifo_free_resources              
000224d0  csp_qfifo_init                        
000225bc  csp_qfifo_read                        
00022760  csp_qfifo_wake_up                     
000225f0  csp_qfifo_write                       
00027534  csp_queue_create                      
000275cc  csp_queue_dequeue                     
00027608  csp_queue_dequeue_isr                 
00027568  csp_queue_enqueue                     
000275a4  csp_queue_enqueue_isr                 
00027554  csp_queue_remove                      
0002762c  csp_queue_size                        
00027640  csp_queue_size_isr                    
00009114  csp_rdp_check_ack                     
000092e4  csp_rdp_check_timeouts                
0000b0a4  csp_rdp_close                         
0000b514  csp_rdp_conn_print                    
0000a740  csp_rdp_connect                       
00008fe8  csp_rdp_flush_all                     
0000b074  csp_rdp_free_resources                
0000b450  csp_rdp_get_opt                       
0000aeac  csp_rdp_init                          
0000990c  csp_rdp_new_packet                    
0000ab24  csp_rdp_send                          
0000b3ec  csp_rdp_set_opt                       
00018534  csp_read                              
00018ca8  csp_recvfrom                          
0001bf5c  csp_route_start_task                  
0001baa0  csp_route_work                        
0001dd24  csp_rtable_check                      
0001e038  csp_rtable_clear                      
00025120  csp_rtable_find_route                 
0002522c  csp_rtable_free                       
00025244  csp_rtable_iterate                    
0001dd0c  csp_rtable_load                       
0001e0fc  csp_rtable_print                      
0001dfd0  csp_rtable_save                       
0001dd3c  csp_rtable_set                        
00025170  csp_rtable_set_internal               
000188ac  csp_send                              
00018614  csp_send_direct                       
00018988  csp_send_prio                         
00018d18  csp_sendto                            
00018e80  csp_sendto_reply                      
00026f68  csp_server                            
0001cf24  csp_service_handler                   
00015a78  csp_sha1_done                         
000158a8  csp_sha1_init                         
00015d0c  csp_sha1_memory                       
00015910  csp_sha1_process                      
000289f0  csp_sleep_ms                          
00018410  csp_socket                            
000263c0  csp_sys_memfree                       
000278a8  csp_sys_reboot                        
000263cc  csp_sys_set_color                     
0002788c  csp_sys_set_reboot                    
000278f4  csp_sys_set_shutdown                  
00027910  csp_sys_shutdown                      
00026394  csp_sys_tasklist                      
000263ac  csp_sys_tasklist_size                 
00028968  csp_thread_create                     
000289e0  csp_thread_exit                       
00018a88  csp_transaction_persistent            
00018c20  csp_transaction_w_opts                
00027a98  csp_udp_new_packet                    
00024b68  csp_usart_open                        
00026288  csp_usart_open_and_add_kiss_interface 
00024af4  csp_usart_write                       
0001f3a0  csp_xtea_decrypt                      
0001f3c4  csp_xtea_decrypt_packet               
0001f1ec  csp_xtea_encrypt                      
0001f2e8  csp_xtea_encrypt_packet               
0001f1b0  csp_xtea_set_key                      
0001b648  customTrimLPO                         
00025bb4  dccNotification                       
0002553c  demo_get_temp                         
00025b50  dmaGroupANotification                 
00024cec  do_csp_debug                          
00002340  eTaskConfirmSleepModeStatus           
000008f0  eTaskGetState                         
00025cb4  ecapNotification                      
00025c40  edgeNotification                      
00025cec  emacRxNotification                    
00025cdc  emacTxNotification                    
00025348  emifGetConfigValue                    
00025344  emif_SDRAMInit                        
000254a0  emif_SDRAM_StartupInit                
00025cc8  epcCAMFullNotification                
00025ccc  epcFIFOFullNotification               
00025ca0  eqepNotification                      
080416e4  equipment_mutex                       
080419a4  errno                                 
0001d4cc  esmActivateNormalOperation            
0001d618  esmClearStatus                        
0001d67c  esmClearStatusBuffer                  
0001d658  esmClearStatusUpper                   
0001d478  esmDisableError                       
0001d4a0  esmDisableErrorUpper                  
0001d520  esmDisableInterrupt                   
0001d548  esmDisableInterruptUpper              
0001d434  esmEnableError                        
0001d45c  esmEnableErrorUpper                   
0001d4dc  esmEnableInterrupt                    
0001d504  esmEnableInterruptUpper               
0001d7ac  esmEnterSelfTest                      
0001d418  esmError                              
0001d884  esmGetConfigValue                     
0001d6b8  esmGetStatus                          
0001d784  esmGetStatusBuffer                    
0001d73c  esmGetStatusUpper                     
00024c94  esmGroup1Notification                 
00024ca4  esmGroup2Notification                 
00025b40  esmGroup3Notification                 
0002669c  esmHighInterrupt                      
0001d2bc  esmInit                               
0001d834  esmSelfTestStatus                     
0001d698  esmSetCounterPreloadValue             
0001d564  esmSetInterruptLevel                  
0001d5d8  esmSetInterruptLevelUpper             
0001d4bc  esmTriggerErrorPinReset               
00025c7c  etpwmNotification                     
00025c8c  etpwmTripNotification                 
00022178  ex2_log                               
00021830  ex2_main                              
000291cc  exit                                  
000286d0  fflush                                
000297dc  finddevice                            
00027188  floor                                 
00027188  floorl                                
00028a04  fprintf                               
00027998  fputc                                 
00025eb4  fputs                                 
00026814  free                                  
00028eb4  frexp                                 
00028eb4  frexpl                                
0002877c  fseek                                 
00021944  getProfilerTimerCount                 
0001b0f0  getResetSource                        
00029490  getdevice                             
00020cf8  gioDisableNotification                
00020c90  gioEnableNotification                 
00020bf8  gioGetBit                             
00020d60  gioGetConfigValue                     
00020c20  gioGetPort                            
00020a98  gioInit                               
00025bc8  gioNotification                       
00020b88  gioSetBit                             
00020b68  gioSetDirection                       
00020bd8  gioSetPort                            
00020c38  gioToggleBit                          
0002a05c  handlePLLLockFail                     
00025c54  hetNotification                       
00024040  hk_service_app                        
00023f44  housekeeping_service                  
0002247c  htons                                 
0001730c  i2c1GetConfigValue                    
000174d4  i2c2GetConfigValue                    
00017078  i2cClearSCD                           
000171d0  i2cDisableLoopback                    
00017258  i2cDisableNotification                
000171b0  i2cEnableLoopback                     
000171f0  i2cEnableNotification                 
00016b0c  i2cInit                               
00017714  i2cIsBusBusy                          
000176d4  i2cIsMasterReady                      
00017010  i2cIsRxReady                          
0001702c  i2cIsStopDetected                     
00016e98  i2cIsTxReady                          
00025bdc  i2cNotification                       
000170d8  i2cReceive                            
00017094  i2cReceiveByte                        
00017048  i2cRxError                            
00016ee4  i2cSend                               
00016eb4  i2cSendByte                           
00016d38  i2cSetBaudrate                        
00016e78  i2cSetCount                           
0001769c  i2cSetDirection                       
000172d4  i2cSetMode                            
00016cf8  i2cSetOwnAdd                          
00016d18  i2cSetSlaveAdd                        
00016e38  i2cSetStart                           
00016e58  i2cSetStop                            
0804116b  incomingData                          
00021910  initializeProfiler                    
00027654  ldexp                                 
00027654  ldexpl                                
0001a388  lin1HighLevelInterrupt                
0001a558  lin2HighLevelInterrupt                
00029b34  lseek                                 
00029af0  main                                  
0002a048  malloc                                
0001af1c  mapClocks                             
00026058  memalign                              
00029dd0  memccpy                               
00029e2c  memchr                                
00029d3c  memcmp                                
0002651c  memcpy                                
000284d4  memset                                
000191cc  mibspi1HighLevelInterrupt             
00018f64  mibspi1LowLevelInterrupt              
0001969c  mibspi5HighLevelInterrupt             
00019434  mibspi5LowLevelInterrupt              
00019994  muxInit                               
000224bc  ntohs                                 
080416cc  parmbuf                               
00001410  pcTaskGetName                         
0000529c  pcTimerGetName                        
0001ae68  periphInit                            
0002a078  phantomInterrupt                      
00028aa0  printf                                
000067e0  prvMpuDisable                         
000067c8  prvMpuEnable                          
000067b0  prvMpuSetRegion                       
00027998  putc                                  
00006bfc  pvPortMalloc                          
00002414  pvTaskGetThreadLocalStoragePointer    
000030b4  pvTaskIncrementMutexHeldCount         
00005a04  pvTimerGetTimerID                     
00025c28  pwmNotification                       
080008d0  pxCurrentTCB                          
00006808  pxPortInitialiseStack                 
0002997c  rand                                  
00026db0  realloc                               
00029aa8  remove                                
00000000  resetEntry                            
00027654  scalbn                                
00027654  scalbnl                               
00011b30  sci1GetConfigValue                    
00011c88  sci2GetConfigValue                    
00011de0  sci3GetConfigValue                    
0001a728  sci3HighLevelInterrupt                
00011f38  sci4GetConfigValue                    
0001a8f8  sci4HighLevelInterrupt                
0001aac8  sci4LowLevelInterrupt                 
080416e8  sciData                               
000119a4  sciDisableLoopback                    
00011a58  sciDisableNotification                
00011970  sciEnableLoopback                     
000119c0  sciEnableNotification                 
00011af0  sciEnterResetState                    
00011b10  sciExitResetState                     
000111bc  sciInit                               
000117e8  sciIsIdleDetected                     
000117cc  sciIsRxReady                          
0001161c  sciIsTxReady                          
00024c34  sciNotification                       
00011860  sciReceive                            
00011834  sciReceiveByte                        
00011804  sciRxError                            
00011668  sciSend                               
00011638  sciSendByte                           
00011580  sciSetBaudrate                        
00011560  sciSetFunctional                      
00022184  set_packet_length                     
0001ae28  setupFlash                            
0001ad54  setupPLL                              
00026c58  setvbuf                               
00029248  snprintf                              
0000e3e8  spi1GetConfigValue                    
0000e600  spi2GetConfigValue                    
0000e808  spi3GetConfigValue                    
0000ea08  spi4GetConfigValue                    
0000eba0  spi5GetConfigValue                    
0000e36c  spiDisableLoopback                    
0000e3b8  spiDisableNotification                
0000e338  spiEnableLoopback                     
0000e388  spiEnableNotification                 
00025c18  spiEndNotification                    
0000dc88  spiGetData                            
0000d568  spiInit                               
00025c04  spiNotification                       
0000db6c  spiReceiveData                        
0000e0e0  spiSendAndGetData                     
0000deac  spiSendData                           
0000db4c  spiSetFunctional                      
0000dfa4  spiTransmitAndReceiveData             
0000dd80  spiTransmitData                       
000295c8  sprintf                               
00029d04  srand                                 
00029884  sscanf                                
0000b71c  start_communication_service           
00028f40  start_detection_server                
00023ff0  start_housekeeping_service            
[...]
00020814  csp_hmac_memory                       
000208c0  csp_hmac_set_key                      
000208fc  csp_hmac_append                       
000209c4  csp_hmac_verify                       
00020a98  gioInit                               
00020b68  gioSetDirection                       
00020b88  gioSetBit                             
00020bd8  gioSetPort                            
00020bf8  gioGetBit                             
00020c20  gioGetPort                            
00020c38  gioToggleBit                          
00020c90  gioEnableNotification                 
00020cf8  gioDisableNotification                
00020d60  gioGetConfigValue                     
00020f1c  thermistor_read                       
0002104c  thermistor_calibration                
00021360  _coreInitRegisters_                   
0002146c  _coreInitStackPointer_                
000214b8  _getCPSRValue_                        
000214c0  _gotoCPUIdle_                         
000214d8  _coreEnableVfp_                       
000214f0  _coreEnableEventBusExport_            
00021500  _coreDisableEventBusExport_           
00021510  _coreEnableIrqVicOffset_              
00021520  _coreGetDataFault_                    
00021528  _coreClearDataFault_                  
00021534  _coreGetInstructionFault_             
0002153c  _coreClearInstructionFault_           
00021548  _coreGetDataFaultAddress_             
00021550  _coreClearDataFaultAddress_           
0002155c  _coreGetInstructionFaultAddress_      
00021564  _coreClearInstructionFaultAddress_    
00021570  _coreGetAuxiliaryDataFault_           
00021578  _coreClearAuxiliaryDataFault_         
00021584  _coreGetAuxiliaryInstructionFault_    
0002158c  _coreClearAuxiliaryInstructionFault_  
00021598  _disable_IRQ_interrupt_               
000215a0  _enable_IRQ_interrupt_                
000215a8  _enable_interrupt_                    
000215b0  _esmCcmErrorsClear_                   
00021638  _memInit_                             
0002166c  _checkMemInitOn_                      
0002168c  _cacheEnable_                         
000216d0  _cacheDisable_                        
000216f4  _dCacheInvalidate_                    
00021708  _iCacheInvalidate_                    
0002171c  __TI_PINIT_Base                       
00021720  __TI_PINIT_Limit                      
00021830  ex2_main                              
000218f0  vAssertCalled                         
00021910  initializeProfiler                    
00021944  getProfilerTimerCount                 
00021978  vApplicationStackOverflowHook         
00021988  vApplicationMallocFailedHook          
0002198c  SciSendBuf                            
00021aa4  csp_iflist_get_by_name                
00021b00  csp_iflist_add                        
00021bc0  csp_iflist_get                        
00021bcc  csp_bytesize                          
00021c7c  csp_iflist_print                      
00021e20  _mpuInit_                             
000220c4  _mpuEnable_                           
000220dc  _mpuDisable_                          
000220f4  _mpuEnableBackgroundRegion_           
00022104  _mpuDisableBackgroundRegion_          
00022114  _mpuGetNumberOfRegions_               
00022120  _mpuAreRegionsSeparate_               
0002212c  _mpuSetRegion_                        
00022134  _mpuGetRegion_                        
0002213c  _mpuSetRegionBaseAddress_             
00022144  _mpuGetRegionBaseAddress_             
0002214c  _mpuSetRegionTypeAndPermission_       
00022158  _mpuGetRegionType_                    
00022164  _mpuGetRegionPermission_              
00022170  _mpuSetRegionSizeRegister_            
00022178  ex2_log                               
00022184  set_packet_length                     
000221a4  cnv32_8                               
000221f0  cnv16_8                               
00022224  cnv8_32                               
00022274  cnv8_16LE                             
000222ac  cnv8_16                               
000222e4  cnvF_8                                
00022330  cnv8_F                                
00022380  cnvD_8                                
000223fc  cnv8_D                                
0002247c  htons                                 
000224bc  ntohs                                 
000224d0  csp_qfifo_init                        
00022554  csp_qfifo_free_resources              
000225bc  csp_qfifo_read                        
000225f0  csp_qfifo_write                       
00022760  csp_qfifo_wake_up                     
00022820  vimECCErrorHandler                    
00022b5c  csp_port_get_socket                   
00022bfc  csp_port_init                         
00022c3c  csp_port_free_resources               
00022c5c  csp_listen                            
00022cc0  csp_bind                              
00022e90  HAL_S_getFreq                         
00022ebc  HAL_S_getControl                      
00022ee8  HAL_S_getEncoder                      
00022f14  HAL_S_getPAPower                      
00022f40  HAL_S_getStatus                       
00022f84  HAL_S_getTR                           
00022fbc  HAL_S_getHK                           
00023044  HAL_S_getBuffer                       
00023084  HAL_S_softResetFPGA                   
0002308c  HAL_S_getFV                           
000230c4  HAL_S_setFreq                         
000230e4  HAL_S_setPAPower                      
00023104  HAL_S_setControl                      
00023128  HAL_S_setEncoder                      
0002348c  strtoll                               
00023754  time_management_service               
00023800  start_time_management_service         
00023850  time_management_app                   
00023a14  __aeabi_uldivmod                      
00023f44  housekeeping_service                  
00023ff0  start_housekeeping_service            
00024040  hk_service_app                        
000243ec  strtoull                              
0002462c  csp_mutex_create                      
00024664  csp_mutex_remove                      
00024678  csp_mutex_lock                        
00024694  csp_mutex_unlock                      
000246a8  csp_bin_sem_create                    
000246f8  csp_bin_sem_remove                    
00024730  csp_bin_sem_wait                      
000247a0  csp_bin_sem_post                      
000247f8  csp_bin_sem_post_isr                  
00024868  vListInitialise                       
000248c0  vListInitialiseItem                   
000248dc  vListInsertEnd                        
00024950  vListInsert                           
00024a14  uxListRemove                          
00024aa0  usart_rx_thread                       
00024af4  csp_usart_write                       
00024b68  csp_usart_open                        
00024c34  sciNotification                       
00024c94  esmGroup1Notification                 
00024ca4  esmGroup2Notification                 
00024cd0  csp_debug_hook_set                    
00024cec  do_csp_debug                          
00024e2c  csp_debug_set_level                   
00024e5c  csp_debug_get_level                   
00024e8c  csp_debug_toggle_level                
00024efc  __vla_alloc                           
00025120  csp_rtable_find_route                 
00025170  csp_rtable_set_internal               
0002522c  csp_rtable_free                       
00025244  csp_rtable_iterate                    
00025344  emif_SDRAMInit                        
00025348  emifGetConfigValue                    
000254a0  emif_SDRAM_StartupInit                
0002553c  demo_get_temp                         
000256b8  HAL_get_temp_data                     
00025734  strtol                                
00025928  csp_crc32_memory                      
000259a4  csp_crc32_append                      
00025a58  csp_crc32_verify                      
00025b40  esmGroup3Notification                 
00025b50  dmaGroupANotification                 
00025b64  adcNotification                       
00025b78  canErrorNotification                  
00025b8c  canStatusChangeNotification           
00025bb4  dccNotification                       
00025bc8  gioNotification                       
00025bdc  i2cNotification                       
00025c04  spiNotification                       
00025c18  spiEndNotification                    
00025c28  pwmNotification                       
00025c40  edgeNotification                      
00025c54  hetNotification                       
00025c68  crcNotification                       
00025c7c  etpwmNotification                     
00025c8c  etpwmTripNotification                 
00025ca0  eqepNotification                      
00025cb4  ecapNotification                      
00025cc8  epcCAMFullNotification                
00025ccc  epcFIFOFullNotification               
00025cdc  emacTxNotification                    
00025cec  emacRxNotification                    
00025cfc  strtoul                               
00025eb4  fputs                                 
00026058  aligned_alloc                         
00026058  memalign                              
00026288  csp_usart_open_and_add_kiss_interface 
00026394  csp_sys_tasklist                      
000263ac  csp_sys_tasklist_size                 
000263c0  csp_sys_memfree                       
000263cc  csp_sys_set_color                     
0002651c  __aeabi_memcpy                        
0002651c  __aeabi_memcpy4                       
0002651c  __aeabi_memcpy8                       
0002651c  memcpy                                
0002669c  esmHighInterrupt                      
00026814  free                                  
00026a68  xTaskNotifyStateClear                 
00026c58  setvbuf                               
00026db0  realloc                               
00026efc  start_service_server                  
00026f68  csp_server                            
00027188  floor                                 
00027188  floorl                                
000272ec  csp_get_address                       
000272f8  csp_init                              
000273c0  csp_free_resources                    
000273ec  csp_get_conf                          
00027534  csp_queue_create                      
00027554  csp_queue_remove                      
00027568  csp_queue_enqueue                     
000275a4  csp_queue_enqueue_isr                 
000275cc  csp_queue_dequeue                     
00027608  csp_queue_dequeue_isr                 
0002762c  csp_queue_size                        
00027640  csp_queue_size_isr                    
00027654  ldexp                                 
00027654  ldexpl                                
00027654  scalbn                                
00027654  scalbnl                               
0002788c  csp_sys_set_reboot                    
000278a8  csp_sys_reboot                        
000278f4  csp_sys_set_shutdown                  
00027910  csp_sys_shutdown                      
00027998  fputc                                 
00027998  putc                                  
00027a98  csp_udp_new_packet                    
00027b90  HAL_sys_setTime                       
00027ba4  HAL_sys_getTime                       
00027bb8  HAL_hk_report                         
00027c88  strtok_r                              
00027d78  _c_int00                              
00027e68  _pmuInit_                             
00027eb4  _pmuEnableCountersGlobal_             
00027ec4  _pmuDisableCountersGlobal_            
00027ed4  _pmuResetCycleCounter_                
00027ee4  _pmuResetEventCounters_               
00027ef4  _pmuResetCounters_                    
00027f04  _pmuStartCounters_                    
00027f0c  _pmuStopCounters_                     
00027f14  _pmuSetCountEvent_                    
00027f20  _pmuGetCycleCount_                    
00027f28  _pmuGetEventCount_                    
00027f34  _pmuGetOverflow_                      
00027f48  HAL_RTC_SetTime                       
00027f64  HAL_RTC_GetTime                       
00027f84  HAL_get_temperature                   
00027fa0  HAL_get_current_1                     
00027fbc  HAL_get_current_2                     
00027fd8  HAL_get_voltage_1                     
00027ff4  HAL_get_voltage_2                     
00028028  task_stats                            
00028054  start_task_stats                      
0002835c  __TI_closefile                        
00028414  __vla_dealloc                         
000284c4  __aeabi_memclr                        
000284c4  __aeabi_memclr4                       
000284c4  __aeabi_memclr8                       
000284c8  __aeabi_memset                        
000284c8  __aeabi_memset4                       
000284c8  __aeabi_memset8                       
000284d4  memset                                
00028624  HOSTlseek                             
000286d0  fflush                                
0002877c  fseek                                 
00028824  HOSTrename                            
000288c8  __TI_wrt_ok                           
00028968  csp_thread_create                     
000289e0  csp_thread_exit                       
000289f0  csp_sleep_ms                          
00028a04  fprintf                               
00028aa0  printf                                
00028b3c  HOSTopen                              
00028c6c  close                                 
00028d04  HOSTread                              
00028d94  HOSTwrite                             
00028e24  __TI_decompress_lzss                  
00028eb4  frexp                                 
00028eb4  frexpl                                
00028f40  start_detection_server                
00028fc8  __TI_doflush                          
0002904c  atoi                                  
000290d0  __TI_ltoa                             
00029150  csp_clock_get_time                    
00029178  csp_clock_set_time                    
000291cc  exit                                  
00029248  snprintf                              
000292c4  HOSTclose                             
000293ac  csp_malloc                            
000293c0  csp_calloc                            
0002940c  csp_free                              
00029420  HOSTunlink                            
00029490  getdevice                             
000294fc  __TI_auto_init_nobinit_nopinit        
000295c8  sprintf                               
000296e0  __TI_cleanup                          
00029734  __TI_readmsg                          
00029788  __TI_writemsg                         
000297d0  C$$IO$$                               
000297dc  finddevice                            
00029830  __aeabi_idiv                          
00029830  __aeabi_idivmod                       
00029884  sscanf                                
000298d8  strncasecmp                           
0002992c  __aeabi_uidiv                         
0002992c  __aeabi_uidivmod                      
0002997c  rand                                  
000299c8  strncat                               
00029a14  strspn                                
00029a60  strncpy                               
00029aa8  remove                                
00029aa8  unlink                                
00029af0  main                                  
00029b04  _prefetch                             
00029b14  _dabort                               
00029b24  _undef                                
00029b34  lseek                                 
00029b78  strcasecmp                            
00029bbc  strcspn                               
00029c00  write                                 
00029c44  csp_get_uptime_s                      
00029c84  csp_get_ms                            
00029c90  csp_get_ms_isr                        
00029c9c  csp_get_s                             
00029cb0  csp_get_s_isr                         
00029d04  srand                                 
00029d3c  memcmp                                
00029dd0  memccpy                               
00029e2c  memchr                                
00029e58  strrchr                               
00029e84  strchr                                
00029eac  strcmp                                
00029ed4  wcslen                                
00029ef8  strlen                                
00029f34  copysign                              
00029f34  copysignl                             
00029f50  strcpy                                
00029f7c  csp_htobe32                           
00029f90  csp_hton16                            
00029fa4  csp_hton32                            
00029fb8  csp_htonflt                           
00029fcc  csp_ntoh16                            
00029fe0  csp_ntoh32                            
00029ff4  csp_ntohflt                           
0002a008  __TI_decompress_none                  
0002a02c  __TI_zero_init                        
0002a03c  __aeabi_errno_addr                    
0002a048  malloc                                
0002a054  C$$EXIT                               
0002a054  abort                                 
0002a05c  handlePLLLockFail                     
0002a060  __abort_execution                     
0002a064  _nop                                  
0002a078  phantomInterrupt                      
0002a07c  __aeabi_idiv0                         
0002a07c  __aeabi_ldiv0                         
0002a6a0  _ctypes_                              
080008d0  pxCurrentTCB                          
08001000  __start___llvm_prf_cnts               
08001000  __stop___llvm_prf_cnts                
0804116b  incomingData                          
0804116c  __CIOBUF_                             
08041486  __TI_tmpnams                          
08041620  csp_conf                              
080416cc  parmbuf                               
080416e0  ErrorCode                             
080416e4  equipment_mutex                       
080416e8  sciData                               
080416ec  _ftable                               
080417dc  _device                               
08041854  _stream                               
080418a4  csp_if_lo                             
08041944  __TI_ft_end                           
08041948  __aeabi_stdin                         
0804194c  __aeabi_stdout                        
08041950  __aeabi_stderr                        
08041954  __TI_cleanup_ptr                      
08041958  __TI_dtors_ptr                        
0804195c  __TI_enable_exit_profile_output       
0804196c  _lock                                 
08041970  _unlock                               
08041984  ulCriticalNesting                     
08041988  ulTaskHasFPUContext                   
0804198c  csp_debug_level_enabled               
08041998  csp_debug_hook_func                   
080419a4  errno                                 
80000000  BlinkyStartAddr                       
80000000  blinky                                
800000a0  BlinkyEndAddr                         
ffffffff  __TI_pprof_out_hndl                   
ffffffff  __TI_prof_data_size                   
ffffffff  __TI_prof_data_start                  
ffffffff  __binit__                             
ffffffff  __c_args__                            
ffffffff  binit                                 
UNDEFED   SHT$$INIT_ARRAY$$Base                 
UNDEFED   SHT$$INIT_ARRAY$$Limit                
UNDEFED   _system_post_cinit                    

[878 symbols]
