******************************************************************************
                  TI ARM Linker Unix v20.2.1                   
******************************************************************************
>> Linked Sat Aug 22 08:05:53 2020

OUTPUT FILE NAME:   <can.out>
ENTRY POINT SYMBOL: "_c_int00"  address: 0002099c


MEMORY CONFIGURATION

         name            origin    length      used     unused   attr    fill
----------------------  --------  ---------  --------  --------  ----  --------
  VECTORS               00000000   00000020  00000020  00000000     X
  KERNEL                00000020   00008000  000066a4  0000195c  R  X
  FLASH0                00008020   001f7fe0  0001b189  001dce57  R  X
  FLASH1                00200000   00200000  00000000  00200000  R  X
  STACKS                08000000   00000800  00000000  00000800  RW  
  KRAM                  08000800   00000800  00000104  000006fc  RW  
  RAM                   08001000   0007f000  00007bd2  0007742e  RW  


SEGMENT ALLOCATION MAP

run origin  load origin   length   init length attrs members
----------  ----------- ---------- ----------- ----- -------
00000000    00000000    00005de4   00005de4    r-x
  00000000    00000000    00000020   00000020    r-x .intvecs
  00000020    00000020    00005dc4   00005dc4    r-x .kernelTEXT
00005de8    00005de8    00000800   00000000    rw-
  00005de8    00005de8    00000800   00000000    rw- .sysmem
00006600    00006600    000000e0   000000e0    r--
  00006600    00006600    000000e0   000000e0    r-- .cinit
00008020    00008020    0001a8f8   0001a8f8    r-x
  00008020    00008020    0001a8f8   0001a8f8    r-x .text
00022920    00022920    00000891   00000891    r--
  00022920    00022920    00000891   00000891    r-- .const
08000800    08000800    00000104   00000000    rw-
  08000800    08000800    00000104   00000000    rw- .kernelBSS
08001000    08001000    00007bd5   00000000    rw-
  08001000    08001000    00007530   00000000    rw- .kernelHEAP
  08008530    08008530    0000041d   00000000    rw- .bss
  08008950    08008950    00000285   00000000    rw- .data


SECTION ALLOCATION MAP

 output                                  attributes/
section   page    origin      length       input sections
--------  ----  ----------  ----------   ----------------
.intvecs   0    00000000    00000020     
                  00000000    00000020     HL_sys_intvecs.obj (.intvecs)

.kernelTEXT 
*          0    00000020    00005dc4     
                  00000020    000035a0     os_tasks.obj (.kernelTEXT)
                  000035c0    000013c4     os_queue.obj (.kernelTEXT)
                  00004984    00000858     os_event_groups.obj (.kernelTEXT)
                  000051dc    000004b0     os_portasm.obj (.kernelTEXT)
                  0000568c    000003dc     os_port.obj (.kernelTEXT)
                  00005a68    0000037c     os_heap.obj (.kernelTEXT)

.cinit     0    00006600    000000e0     
                  00006600    00000095     (.cinit..data.load) [load image, compression = lzss]
                  00006695    00000003     --HOLE-- [fill = 0]
                  00006698    0000000c     (__TI_handler_table)
                  000066a4    00000009     (.cinit..kernelBSS.load) [load image, compression = lzss]
                  000066ad    00000003     --HOLE-- [fill = 0]
                  000066b0    00000008     (.cinit..bss.load) [load image, compression = zero_init]
                  000066b8    00000008     (.cinit..kernelHEAP.load) [load image, compression = zero_init]
                  000066c0    00000020     (__TI_cinit_table)

.text      0    00008020    0001a8f8     
                  00008020    000035b8     csp_rdp.obj (.text)
                  0000b5d8    00001284     HL_can.obj (.text)
                  0000c85c    000011d4     rtsv7R4_A_be_v3D16_eabi.lib : _scanfi.c.obj (.text:__TI_scanfi)
                  0000da30    00000ffc     HL_sci.obj (.text)
                  0000ea2c    00000fcc     csp_conn.obj (.text)
                  0000f9f8    00000fac     rtsv7R4_A_be_v3D16_eabi.lib : _printfi.c.obj (.text:__TI_printfi)
                  000109a4    00000db8     csp_sha1.obj (.text)
                  0001175c    00000b5c     csp_io.obj (.text)
                  000122b8    00000adc     os_mpu_wrappers.obj (.text)
                  00012d94    000009c8     HL_pinmux.obj (.text)
                  0001375c    000009b0     HL_system.obj (.text)
                  0001410c    00000978     csp_route.obj (.text)
                  00014a84    0000093c     HL_sys_vim.obj (.text)
                  000153c0    0000091c     csp_service_handler.obj (.text)
                  00015cdc    0000078c     HL_esm.obj (.text)
                  00016468    0000076c     csp_rtable.obj (.text)
                  00016bd4    00000710     csp_if_can.obj (.text)
                  000172e4    00000664     HL_errata_SSWF021_45.obj (.text)
                  00017948    00000644     csp_buffer.obj (.text)
                  00017f8c    00000624     csp_xtea.obj (.text)
                  000185b0    0000061c     csp_if_kiss.obj (.text)
                  00018bcc    0000054c     rtsv7R4_A_be_v3D16_eabi.lib : strtod.c.obj (.text:strtod)
                  00019118    000004cc     csp_hmac.obj (.text)
                  000195e4    00000400     HL_sci.obj (.text:retain)
                  000199e4    000003e8     service_utilities.obj (.text)
                  00019dcc    000003c4     HL_sys_core.obj (.text)
                  0001a190    0000037c     csp_iflist.obj (.text)
                  0001a50c    0000036c     HL_sys_mpu.obj (.text)
                  0001a878    00000350     csp_qfifo.obj (.text)
                  0001abc8    0000033c     HL_sys_vim.obj (.text:retain)
                  0001af04    00000334     csp_port.obj (.text)
                  0001b238    000002dc     HL_emif.obj (.text)
                  0001b514    000002dc     rtsv7R4_A_be_v3D16_eabi.lib : _printfi.c.obj (.text:_pconv_a)
                  0001b7f0    000002d8     csp_if_can_pbuf.obj (.text)
                  0001bac8    000002d4     main.obj (.text)
                  0001bd9c    000002c8     rtsv7R4_A_be_v3D16_eabi.lib : strtoll.c.obj (.text:strtoll)
                  0001c064    000002b8                                 : ull_div32.asm.obj (.text)
                  0001c31c    00000278     os_heap.obj (.text)
                  0001c594    00000274     obc.obj (.text)
                  0001c808    00000248     rtsv7R4_A_be_v3D16_eabi.lib : _printfi.c.obj (.text:_pconv_g)
                  0001ca50    00000240                                 : strtoull.c.obj (.text:strtoull)
                  0001cc90    0000023c     csp_semaphore.obj (.text)
                  0001cecc    00000238     os_list.obj (.text)
                  0001d104    00000230     usart_m3.obj (.text)
                  0001d334    0000022c     csp_debug.obj (.text)
                  0001d560    00000228     can.obj (.text)
                  0001d788    00000224     rtsv7R4_A_be_v3D16_eabi.lib : vla_alloc.c.obj (.text:__vla_alloc)
                  0001d9ac    00000224     csp_rtable_static.obj (.text)
                  0001dbd0    00000200     HL_can.obj (.text:retain)
                  0001ddd0    000001f4     rtsv7R4_A_be_v3D16_eabi.lib : strtol.c.obj (.text:strtol)
                  0001dfc4    000001f0     csp_crc32.obj (.text)
                  0001e1b4    000001e8     HL_notification.obj (.text)
                  0001e39c    000001b8     rtsv7R4_A_be_v3D16_eabi.lib : strtoul.c.obj (.text:strtoul)
                  0001e554    000001a8     services.obj (.text)
                  0001e6fc    000001a4     rtsv7R4_A_be_v3D16_eabi.lib : fputs.c.obj (.text:fputs)
                  0001e8a0    000001a0                                 : memory.c.obj (.text:aligned_alloc)
                  0001ea40    0000019c     usart_kiss.obj (.text)
                  0001ebdc    00000194     service_response.obj (.text)
                  0001ed70    00000190     housekeeping_service.obj (.text)
                  0001ef00    00000188     csp_system.obj (.text)
                  0001f088    00000180     rtsv7R4_A_be_v3D16_eabi.lib : memcpy32.asm.obj (.text)
                  0001f208    00000178     HL_esm.obj (.text:retain)
                  0001f380    00000174     rtsv7R4_A_be_v3D16_eabi.lib : memory.c.obj (.text:free)
                  0001f4f4    0000015c                                 : _printfi.c.obj (.text:_pconv_e)
                  0001f650    00000158     os_tasks.obj (.text)
                  0001f7a8    00000158     rtsv7R4_A_be_v3D16_eabi.lib : setvbuf.c.obj (.text:setvbuf)
                  0001f900    0000014c                                 : memory.c.obj (.text:realloc)
                  0001fa4c    00000144                                 : _printfi.c.obj (.text:fcvt)
                  0001fb90    0000013c                                 : s_floor.c.obj (.text:floor)
                  0001fccc    00000138     csp_init.obj (.text)
                  0001fe04    00000138     os_port.obj (.text)
                  0001ff3c    00000124     time_management_service.obj (.text)
                  00020060    00000120     csp_queue.obj (.text)
                  00020180    00000120     rtsv7R4_A_be_v3D16_eabi.lib : s_scalbn.c.obj (.text:scalbn)
                  000202a0    00000115                                 : _printfi.c.obj (.text:_ltostr)
                  000203b5    00000003     --HOLE-- [fill = 0]
                  000203b8    00000110     obc_hal.obj (.text)
                  000204c8    0000010c     csp_system.obj (.text)
                  000205d4    00000100     rtsv7R4_A_be_v3D16_eabi.lib : fputc.c.obj (.text:fputc)
                  000206d4    000000f8     csp_udp.obj (.text)
                  000207cc    000000f0     csp_strtok.obj (.text)
                  000208bc    000000e0     hal.obj (.text)
                  0002099c    000000d8     HL_sys_startup.obj (.text:retain)
                  00020a74    000000cc     rtsv7R4_A_be_v3D16_eabi.lib : sscanf.c.obj (.text:_chkmbc)
                  00020b40    000000c8                                 : _printfi.c.obj (.text:_mcpy)
                  00020c08    000000c4                                 : vla_alloc.c.obj (.text:_ZN33_INTERNAL_11_vla_alloc_c_be8bd49b21free_dead_allocationsEPv)
                  00020ccc    000000b8                                 : fclose.c.obj (.text:__TI_closefile)
                  00020d84    000000b0                                 : vla_alloc.c.obj (.text:__vla_dealloc)
                  00020e34    000000b0                                 : memset32.asm.obj (.text)
                  00020ee4    000000b0                                 : memory.c.obj (.text:split)
                  00020f94    000000ac                                 : hostlseek.c.obj (.text:HOSTlseek)
                  00021040    000000ac                                 : fflush.c.obj (.text:fflush)
                  000210ec    000000a8                                 : fseek.c.obj (.text:fseek)
                  00021194    000000a4                                 : hostrename.c.obj (.text:HOSTrename)
                  00021238    000000a0                                 : _io_perm.c.obj (.text:__TI_wrt_ok)
                  000212d8    0000009c     csp_thread.obj (.text)
                  00021374    0000009c     rtsv7R4_A_be_v3D16_eabi.lib : fprintf.c.obj (.text:fprintf)
                  00021410    0000009c                                 : printf.c.obj (.text:printf)
                  000214ac    00000098                                 : hostopen.c.obj (.text:HOSTopen)
                  00021544    00000098                                 : _printfi.c.obj (.text:_ecpy)
                  000215dc    00000098                                 : close.c.obj (.text:close)
                  00021674    00000090                                 : hostread.c.obj (.text:HOSTread)
                  00021704    00000090                                 : hostwrite.c.obj (.text:HOSTwrite)
                  00021794    00000090                                 : copy_decompress_lzss.c.obj (.text:decompress:lzss:__TI_decompress_lzss)
                  00021824    0000008c                                 : s_frexp.c.obj (.text:frexp)
                  000218b0    00000084                                 : fflush.c.obj (.text:__TI_doflush)
                  00021934    00000084                                 : atoi.c.obj (.text:atoi)
                  000219b8    00000080                                 : _ltoa.c.obj (.text:__TI_ltoa)
                  00021a38    0000007c     csp_clock.obj (.text)
                  00021ab4    0000007c     rtsv7R4_A_be_v3D16_eabi.lib : exit.c.obj (.text:exit)
                  00021b30    0000007c                                 : snprintf.c.obj (.text:snprintf)
                  00021bac    00000074                                 : hostclose.c.obj (.text:HOSTclose)
                  00021c20    00000074                                 : _printfi.c.obj (.text:_pconv_f)
                  00021c94    00000074     csp_malloc.obj (.text)
                  00021d08    00000070     rtsv7R4_A_be_v3D16_eabi.lib : hostunlink.c.obj (.text:HOSTunlink)
                  00021d78    0000006c                                 : getdevice.c.obj (.text:getdevice)
                  00021de4    00000068                                 : autoinit.c.obj (.text:__TI_auto_init_nobinit_nopinit:__TI_auto_init_nobinit_nopinit)
                  00021e4c    00000064                                 : _printfi.c.obj (.text:_fcpy)
                  00021eb0    00000064                                 : sprintf.c.obj (.text:sprintf)
                  00021f14    0000005c                                 : snprintf.c.obj (.text:_outs)
                  00021f70    00000058     csp_if_lo.obj (.text)
                  00021fc8    00000054     rtsv7R4_A_be_v3D16_eabi.lib : fopen.c.obj (.text:__TI_cleanup)
                  0002201c    00000054                                 : trgmsg.c.obj (.text:__TI_readmsg)
                  00022070    00000054                                 : trgmsg.c.obj (.text:__TI_writemsg)
                  000220c4    00000054                                 : getdevice.c.obj (.text:finddevice)
                  00022118    00000054                                 : i_div32.asm.obj (.text)
                  0002216c    00000054                                 : sscanf.c.obj (.text:sscanf)
                  000221c0    00000054                                 : strncasecmp.c.obj (.text:strncasecmp)
                  00022214    00000050                                 : u_div32.asm.obj (.text)
                  00022264    0000004c                                 : rand.c.obj (.text:rand)
                  000222b0    0000004c                                 : strncat.c.obj (.text:strncat)
                  000222fc    0000004c                                 : strspn.c.obj (.text:strspn)
                  00022348    00000048                                 : strncpy.c.obj (.text:strncpy)
                  00022390    00000048                                 : unlink.c.obj (.text:unlink)
                  000223d8    00000044                                 : lseek.c.obj (.text:lseek)
                  0002241c    00000044                                 : strcasecmp.c.obj (.text:strcasecmp)
                  00022460    00000044                                 : strcspn.c.obj (.text:strcspn)
                  000224a4    00000044                                 : write.c.obj (.text:write)
                  000224e8    00000040     csp_time.obj (.text)
                  00022528    00000040     csp_time.obj (.text)
                  00022568    00000040     rtsv7R4_A_be_v3D16_eabi.lib : memory.c.obj (.text:free_list_insert)
                  000225a8    00000038                                 : rand.c.obj (.text:srand)
                  000225e0    00000034                                 : memcmp.c.obj (.text:memcmp)
                  00022614    00000030                                 : sprintf.c.obj (.text:_outs)
                  00022644    00000030                                 : memory.c.obj (.text:free_list_remove)
                  00022674    00000030                                 : memccpy.c.obj (.text:memccpy)
                  000226a4    0000002c                                 : snprintf.c.obj (.text:_outc)
                  000226d0    0000002c                                 : memchr.c.obj (.text:memchr)
                  000226fc    0000002c                                 : strrchr.c.obj (.text:strrchr)
                  00022728    00000028                                 : strchr.c.obj (.text:strchr)
                  00022750    00000028                                 : strcmp.c.obj (.text:strcmp)
                  00022778    00000024                                 : s_copysign.c.obj (.text:copysign)
                  0002279c    00000024                                 : wcslen.c.obj (.text:wcslen)
                  000227c0    00000020                                 : strlen.c.obj (.text:strlen)
                  000227e0    0000001c                                 : sscanf.c.obj (.text:_inpchar)
                  000227fc    00000018                                 : strcpy.c.obj (.text:strcpy)
                  00022814    00000014     HL_sys_main.obj (.text)
                  00022828    00000014     rtsv7R4_A_be_v3D16_eabi.lib : sprintf.c.obj (.text:_outc)
                  0002283c    00000014     csp_endian.obj (.text:csp_htobe32)
                  00022850    00000014     csp_endian.obj (.text:csp_hton16)
                  00022864    00000014     csp_endian.obj (.text:csp_hton32)
                  00022878    00000014     csp_endian.obj (.text:csp_ntoh16)
                  0002288c    00000014     csp_endian.obj (.text:csp_ntoh32)
                  000228a0    00000014     rtsv7R4_A_be_v3D16_eabi.lib : copy_decompress_none.c.obj (.text:decompress:none:__TI_decompress_none)
                  000228b4    00000010                                 : sscanf.c.obj (.text:_uninpchar)
                  000228c4    00000010                                 : copy_zero_init.c.obj (.text:decompress:ZI:__TI_zero_init)
                  000228d4    0000000c                                 : errno.c.obj (.text:__aeabi_errno_addr)
                  000228e0    0000000c                                 : memory.c.obj (.text:malloc)
                  000228ec    00000008                                 : exit.c.obj (.text:abort:abort)
                  000228f4    00000004     HL_sys_startup.obj (.text)
                  000228f8    00000004     rtsv7R4_A_be_v3D16_eabi.lib : error.c.obj (.text:__abort_execution)
                  000228fc    00000004                                 : _lock.c.obj (.text:_nop)
                  00022900    00000004                                 : fprintf.c.obj (.text:_outc)
                  00022904    00000004                                 : printf.c.obj (.text:_outc)
                  00022908    00000004                                 : fprintf.c.obj (.text:_outs)
                  0002290c    00000004                                 : printf.c.obj (.text:_outs)
                  00022910    00000004     HL_sys_phantom.obj (.text:retain)
                  00022914    00000004     rtsv7R4_A_be_v3D16_eabi.lib : div0.asm.obj (.text)

.const     0    00022920    00000891     
                  00022920    00000400     csp_crc32.obj (.const:crc_tab)
                  00022d20    00000200     HL_sys_vim.obj (.const:s_vim_init)
                  00022f20    00000101     rtsv7R4_A_be_v3D16_eabi.lib : ctype.c.obj (.const:.string:_ctypes_)
                  00023021    00000007                                 : _scanfi.c.obj (.const:.string:flit$1)
                  00023028    00000080                                 : strtod.c.obj (.const:digits)
                  000230a8    00000048                                 : strtod.c.obj (.const:powerof10)
                  000230f0    00000020     HL_can.obj (.const:s_canByteOrder)
                  00023110    00000018     csp_rtable_static.obj (.const:.string:$P$T2$1)
                  00023128    00000011     csp_system.obj (.const:.string:$P$T1$2)
                  00023139    00000011     csp_rtable.obj (.const:.string:$P$T2$1)
                  0002314a    00000002     csp_if_kiss.obj (.const:.string:$P$T2$1)
                  0002314c    00000010     csp_rtable.obj (.const:$P$T7$3)
                  0002315c    0000000f     csp_system.obj (.const:.string:$P$T0$1)
                  0002316b    0000000f     csp_rtable.obj (.const:.string:$P$T6$2)
                  0002317a    00000002     csp_if_kiss.obj (.const:.string:$P$T3$2)
                  0002317c    0000000c     main.obj (.const:$P$T2$1)
                  00023188    00000008     csp_qfifo.obj (.const:$P$T2$1)
                  00023190    00000008     csp_xtea.obj (.const:$P$T2$1)
                  00023198    00000008     csp_xtea.obj (.const:$P$T3$2)
                  000231a0    00000008     csp_if_lo.obj (.const:.string)
                  000231a8    00000006     rtsv7R4_A_be_v3D16_eabi.lib : _scanfi.c.obj (.const:.string:barr$2)
                  000231ae    00000002     csp_if_kiss.obj (.const:.string:$P$T4$3)
                  000231b0    00000001     csp_if_kiss.obj (.const:.string:$P$T5$4)

.kernelBSS 
*          0    08000800    00000104     UNINITIALIZED
                  08000800    000000d0     os_tasks.obj (.kernelBSS:uninit)
                  080008d0    00000034     os_tasks.obj (.kernelBSS:init)

.kernelHEAP 
*          0    08001000    00007530     UNINITIALIZED
                  08001000    00007530     os_heap.obj (.kernelHEAP)

.bss       0    08008530    0000041d     UNINITIALIZED
                  08008530    00000120     rtsv7R4_A_be_v3D16_eabi.lib : trgmsg.c.obj (.bss:_CIOBUF_)
                  08008650    00000108     csp_rtable_static.obj (.bss:rtable)
                  08008758    000000a0     (.common:__TI_tmpnams)
                  080087f8    00000078     csp_if_can_pbuf.obj (.bss:csp_can_pbuf)
                  08008870    00000050     HL_sci.obj (.bss:g_sciTransfer_t)
                  080088c0    00000020     (.common:csp_conf)
                  080088e0    00000010     csp_conn.obj (.bss)
                  080088f0    00000010     csp_hmac.obj (.bss:csp_hmac_key)
                  08008900    00000010     csp_xtea.obj (.bss:csp_xtea_key)
                  08008910    0000000c     (.common:service_queues)
                  0800891c    00000008     csp_buffer.obj (.bss)
                  08008924    00000008     os_heap.obj (.bss:xStart)
                  0800892c    00000008     (.common:parmbuf)
                  08008934    00000004     hal.obj (.bss:HAL_rtc)
                  08008938    00000004     csp_port.obj (.bss)
                  0800893c    00000004     csp_qfifo.obj (.bss:qfifo)
                  08008940    00000004     (.common:ctx)
                  08008944    00000004     (.common:equipment_queues)
                  08008948    00000004     (.common:sciData)
                  0800894c    00000001     (.common:incomingData)

.data      0    08008950    00000285     UNINITIALIZED
                  08008950    000000f0     rtsv7R4_A_be_v3D16_eabi.lib : defs.c.obj (.data:_ftable)
                  08008a40    00000078                                 : host_device.c.obj (.data:_device)
                  08008ab8    00000050                                 : host_device.c.obj (.data:_stream)
                  08008b08    00000040     csp_if_lo.obj (.data:csp_if_lo)
                  08008b48    0000001c     csp_rdp.obj (.data)
                  08008b64    00000010     os_heap.obj (.data)
                  08008b74    00000010     rtsv7R4_A_be_v3D16_eabi.lib : defs.c.obj (.data)
                  08008b84    0000000c                                 : exit.c.obj (.data:$O1$$)
                  08008b90    00000008                                 : _lock.c.obj (.data:$O1$$)
                  08008b98    00000008                                 : memory.c.obj (.data:$O1$$)
                  08008ba0    00000008     csp_system.obj (.data)
                  08008ba8    00000008     os_port.obj (.data)
                  08008bb0    00000007     csp_debug.obj (.data:csp_debug_level_enabled)
                  08008bb7    00000001     csp_conn.obj (.data)
                  08008bb8    00000004     csp_time.obj (.data)
                  08008bbc    00000004     csp_debug.obj (.data)
                  08008bc0    00000004     csp_iflist.obj (.data)
                  08008bc4    00000004     csp_service_handler.obj (.data)
                  08008bc8    00000004     rtsv7R4_A_be_v3D16_eabi.lib : errno.c.obj (.data)
                  08008bcc    00000004                                 : rand.c.obj (.data)
                  08008bd0    00000004                                 : vla_alloc.c.obj (.data)
                  08008bd4    00000001     housekeeping_service.obj (.data)

__llvm_prf_cnts 
*          0    08001000    00000000     UNINITIALIZED

.sysmem    0    00005de8    00000800     UNINITIALIZED
                  00005de8    00000010     rtsv7R4_A_be_v3D16_eabi.lib : memory.c.obj (.sysmem)
                  00005df8    000007f0     --HOLE--

MODULE SUMMARY

       Module                        code     ro data   rw data
       ------                        ----     -------   -------
    ./ex2_obc_software/
       main.obj                      724      12        16     
       hal.obj                       224      0         4      
    +--+-----------------------------+--------+---------+---------+
       Total:                        948      12        20     
                                                               
    ./ex2_services/Platform/obc/
       obc.obj                       628      0         0      
    +--+-----------------------------+--------+---------+---------+
       Total:                        628      0         0      
                                                               
    ./ex2_services/Platform/obc/hal/
       obc_hal.obj                   272      0         0      
    +--+-----------------------------+--------+---------+---------+
       Total:                        272      0         0      
                                                               
    ./ex2_services/Services/
       service_utilities.obj         1000     0         0      
       services.obj                  424      0         0      
       service_response.obj          404      0         0      
       housekeeping_service.obj      400      0         1      
       time_management_service.obj   292      0         0      
    +--+-----------------------------+--------+---------+---------+
       Total:                        2520     0         1      
                                                               
    ./libcsp/src/
       csp_conn.obj                  4044     0         17     
       csp_io.obj                    2908     0         0      
       csp_route.obj                 2424     0         0      
       csp_service_handler.obj       2332     0         4      
       csp_buffer.obj                1604     0         8      
       csp_crc32.obj                 496      1024      0      
       csp_iflist.obj                892      0         4      
       csp_qfifo.obj                 848      8         4      
       csp_port.obj                  820      0         4      
       csp_debug.obj                 556      0         11     
       csp_init.obj                  312      0         32     
       csp_strtok.obj                240      0         0      
       csp_endian.obj                100      0         0      
    +--+-----------------------------+--------+---------+---------+
       Total:                        17576    1032      84     
                                                               
    ./libcsp/src/arch/
       csp_system.obj                268      32        8      
       csp_time.obj                  64       0         4      
    +--+-----------------------------+--------+---------+---------+
       Total:                        332      32        12     
                                                               
    ./libcsp/src/arch/freertos/
       csp_semaphore.obj             572      0         0      
       csp_system.obj                392      0         0      
       csp_queue.obj                 288      0         0      
       csp_thread.obj                156      0         0      
       csp_clock.obj                 124      0         0      
       csp_malloc.obj                116      0         0      
       csp_time.obj                  64       0         0      
    +--+-----------------------------+--------+---------+---------+
       Total:                        1712     0         0      
                                                               
    ./libcsp/src/crypto/
       csp_sha1.obj                  3512     0         0      
       csp_xtea.obj                  1572     16        16     
       csp_hmac.obj                  1228     0         16     
    +--+-----------------------------+--------+---------+---------+
       Total:                        6312     16        32     
                                                               
    ./libcsp/src/drivers/can/
       can.obj                       552      0         4      
    +--+-----------------------------+--------+---------+---------+
       Total:                        552      0         4      
                                                               
    ./libcsp/src/drivers/usart/
       usart_m3.obj                  560      0         5      
       usart_kiss.obj                412      0         0      
    +--+-----------------------------+--------+---------+---------+
       Total:                        972      0         5      
                                                               
    ./libcsp/src/interfaces/
       csp_if_can.obj                1808     0         0      
       csp_if_kiss.obj               1564     7         0      
       csp_if_can_pbuf.obj           728      0         120    
       csp_if_lo.obj                 88       8         64     
    +--+-----------------------------+--------+---------+---------+
       Total:                        4188     15        184    
                                                               
    ./libcsp/src/rtable/
       csp_rtable.obj                1900     48        0      
       csp_rtable_static.obj         548      24        264    
    +--+-----------------------------+--------+---------+---------+
       Total:                        2448     72        264    
                                                               
    ./libcsp/src/transport/
       csp_rdp.obj                   13752    0         28     
       csp_udp.obj                   248      0         0      
    +--+-----------------------------+--------+---------+---------+
       Total:                        14000    0         28     
                                                               
    ./source/
       os_heap.obj                   1524     0         30024  
       os_tasks.obj                  14072    0         260    
       HL_can.obj                    5252     32        0      
       HL_sci.obj                    5116     0         80     
       os_queue.obj                  5060     0         0      
       HL_sys_vim.obj                3192     512       0      
       os_mpu_wrappers.obj           2780     0         0      
       HL_pinmux.obj                 2504     0         0      
       HL_system.obj                 2480     0         0      
       HL_esm.obj                    2308     0         0      
       os_event_groups.obj           2136     0         0      
       HL_errata_SSWF021_45.obj      1636     0         0      
       os_port.obj                   1300     0         8      
       os_portasm.obj                1200     0         0      
       HL_sys_core.obj               964      0         0      
       HL_sys_mpu.obj                876      0         0      
       HL_emif.obj                   732      0         0      
       os_list.obj                   568      0         0      
       HL_notification.obj           488      0         0      
       HL_sys_startup.obj            220      0         0      
       HL_sys_intvecs.obj            32       0         0      
       HL_sys_main.obj               20       0         0      
       HL_sys_phantom.obj            4        0         0      
    +--+-----------------------------+--------+---------+---------+
       Total:                        54464    544       30372  
                                                               
    /home/alexqi/ti/ccs1010/ccs/tools/compiler/ti-cgt-arm_20.2.1.LTS/lib/rtsv7R4_A_be_v3D16_eabi.lib
       _printfi.c.obj                6845     0         0      
       _scanfi.c.obj                 4564     13        0      
       strtod.c.obj                  1356     200       0      
       memory.c.obj                  1420     0         8      
       vla_alloc.c.obj               920      0         4      
       strtoll.c.obj                 712      0         0      
       ull_div32.asm.obj             696      0         0      
       strtoull.c.obj                576      0         0      
       strtol.c.obj                  500      0         0      
       trgmsg.c.obj                  168      0         288    
       strtoul.c.obj                 440      0         0      
       fputs.c.obj                   420      0         0      
       defs.c.obj                    0        0         416    
       memcpy32.asm.obj              384      0         0      
       setvbuf.c.obj                 344      0         0      
       sscanf.c.obj                  332      0         0      
       s_floor.c.obj                 316      0         0      
       fflush.c.obj                  304      0         0      
       s_scalbn.c.obj                288      0         0      
       snprintf.c.obj                260      0         0      
       ctype.c.obj                   0        257       0      
       fputc.c.obj                   256      0         0      
       host_device.c.obj             0        0         200    
       getdevice.c.obj               192      0         0      
       fclose.c.obj                  184      0         0      
       memset32.asm.obj              176      0         0      
       hostlseek.c.obj               172      0         0      
       fseek.c.obj                   168      0         0      
       sprintf.c.obj                 168      0         0      
       fprintf.c.obj                 164      0         0      
       hostrename.c.obj              164      0         0      
       printf.c.obj                  164      0         0      
       _io_perm.c.obj                160      0         0      
       hostopen.c.obj                152      0         8      
       close.c.obj                   152      0         0      
       copy_decompress_lzss.c.obj    144      0         0      
       exit.c.obj                    132      0         12     
       hostread.c.obj                144      0         0      
       hostwrite.c.obj               144      0         0      
       s_frexp.c.obj                 140      0         0      
       rand.c.obj                    132      0         4      
       atoi.c.obj                    132      0         0      
       _ltoa.c.obj                   128      0         0      
       hostclose.c.obj               116      0         0      
       hostunlink.c.obj              112      0         0      
       autoinit.c.obj                104      0         0      
       fopen.c.obj                   84       0         0      
       i_div32.asm.obj               84       0         0      
       strncasecmp.c.obj             84       0         0      
       u_div32.asm.obj               80       0         0      
       strncat.c.obj                 76       0         0      
       strspn.c.obj                  76       0         0      
       strncpy.c.obj                 72       0         0      
       unlink.c.obj                  72       0         0      
       lseek.c.obj                   68       0         0      
       strcasecmp.c.obj              68       0         0      
       strcspn.c.obj                 68       0         0      
       write.c.obj                   68       0         0      
       memcmp.c.obj                  52       0         0      
       memccpy.c.obj                 48       0         0      
       memchr.c.obj                  44       0         0      
       strrchr.c.obj                 44       0         0      
       strchr.c.obj                  40       0         0      
       strcmp.c.obj                  40       0         0      
       s_copysign.c.obj              36       0         0      
       wcslen.c.obj                  36       0         0      
       strlen.c.obj                  32       0         0      
       strcpy.c.obj                  24       0         0      
       copy_decompress_none.c.obj    20       0         0      
       copy_zero_init.c.obj          16       0         0      
       errno.c.obj                   12       0         4      
       _lock.c.obj                   4        0         8      
       div0.asm.obj                  4        0         0      
       error.c.obj                   4        0         0      
    +--+-----------------------------+--------+---------+---------+
       Total:                        25901    470       952    
                                                               
       Heap:                         0        0         2048   
       Linker Generated:             0        218       0      
    +--+-----------------------------+--------+---------+---------+
       Grand Total:                  132825   2411      34006  


LINKER GENERATED COPY TABLES

__TI_cinit_table @ 000066c0 records: 4, size/record: 8, table size: 32
	.data: load addr=00006600, load size=00000095 bytes, run addr=08008950, run size=00000285 bytes, compression=lzss
	.kernelBSS: load addr=000066a4, load size=00000009 bytes, run addr=08000800, run size=00000104 bytes, compression=lzss
	.bss: load addr=000066b0, load size=00000008 bytes, run addr=08008530, run size=0000041d bytes, compression=zero_init
	.kernelHEAP: load addr=000066b8, load size=00000008 bytes, run addr=08001000, run size=00007530 bytes, compression=zero_init


LINKER GENERATED HANDLER TABLE

__TI_handler_table @ 00006698 records: 3, size/record: 4, table size: 12
	index: 0, handler: __TI_decompress_lzss
	index: 1, handler: __TI_decompress_none
	index: 2, handler: __TI_zero_init


GLOBAL SYMBOLS: SORTED ALPHABETICALLY BY Name 

address   name                                  
-------   ----                                  
000228ec  C$$EXIT                               
000220b8  C$$IO$$                               
000208d8  HAL_RTC_GetTime                       
000208bc  HAL_RTC_SetTime                       
00020914  HAL_get_current_1                     
00020930  HAL_get_current_2                     
000208f8  HAL_get_temperature                   
0002094c  HAL_get_voltage_1                     
00020968  HAL_get_voltage_2                     
000203e0  HAL_hk_report                         
000203cc  HAL_sys_getTime                       
000203b8  HAL_sys_setTime                       
00021bac  HOSTclose                             
00020f94  HOSTlseek                             
000214ac  HOSTopen                              
00021674  HOSTread                              
00021194  HOSTrename                            
00021d08  HOSTunlink                            
00021704  HOSTwrite                             
00012488  MPU_eTaskGetState                     
0001263c  MPU_pcTaskGetName                     
0001271c  MPU_pvTaskGetThreadLocalStoragePointer
000128ac  MPU_ulTaskNotifyTake                  
00012a68  MPU_uxQueueMessagesWaiting            
00012a9c  MPU_uxQueueSpacesAvailable            
00012610  MPU_uxTaskGetNumberOfTasks            
000126a4  MPU_uxTaskGetStackHighWaterMark       
0001278c  MPU_uxTaskGetSystemState              
00012454  MPU_uxTaskPriorityGet                 
00012d68  MPU_vEventGroupDelete                 
00012ad0  MPU_vQueueDelete                      
00012360  MPU_vTaskAllocateMPURegions           
000123c0  MPU_vTaskDelay                        
000123ec  MPU_vTaskDelayUntil                   
00012394  MPU_vTaskDelete                       
000124bc  MPU_vTaskGetInfo                      
000127d8  MPU_vTaskList                         
00012508  MPU_vTaskPrioritySet                  
00012568  MPU_vTaskResume                       
000126d8  MPU_vTaskSetThreadLocalStoragePointer 
00012924  MPU_vTaskSetTimeOutState              
0001253c  MPU_vTaskSuspend                      
00012594  MPU_vTaskSuspendAll                   
00012c8c  MPU_xEventGroupClearBits              
00012c04  MPU_xEventGroupCreate                 
00012cd0  MPU_xEventGroupSetBits                
00012d14  MPU_xEventGroupSync                   
00012c30  MPU_xEventGroupWaitBits               
00012b30  MPU_xQueueCreateCountingSemaphore     
00012afc  MPU_xQueueCreateMutex                 
00012b74  MPU_xQueueGenericCreate               
00012a14  MPU_xQueueGenericReceive              
00012bc0  MPU_xQueueGenericReset                
000129c0  MPU_xQueueGenericSend                 
00012420  MPU_xTaskAbortDelay                   
00012950  MPU_xTaskCheckForTimeOut              
000122b8  MPU_xTaskCreate                       
0001231c  MPU_xTaskCreateRestricted             
00012804  MPU_xTaskGenericNotify                
00012670  MPU_xTaskGetHandle                    
00012760  MPU_xTaskGetIdleTaskHandle            
00012994  MPU_xTaskGetSchedulerState            
000125e4  MPU_xTaskGetTickCount                 
000128f0  MPU_xTaskNotifyStateClear             
00012858  MPU_xTaskNotifyWait                   
000125b8  MPU_xTaskResumeAll                    
UNDEFED   SHT$$INIT_ARRAY$$Base                 
UNDEFED   SHT$$INIT_ARRAY$$Limit                
08008530  __CIOBUF_                             
00000800  __SYSMEM_SIZE                         
000066c0  __TI_CINIT_Base                       
000066e0  __TI_CINIT_Limit                      
00006698  __TI_Handler_Table_Base               
000066a4  __TI_Handler_Table_Limit              
0001a188  __TI_PINIT_Base                       
0001a18c  __TI_PINIT_Limit                      
00021de4  __TI_auto_init_nobinit_nopinit        
00021fc8  __TI_cleanup                          
08008b84  __TI_cleanup_ptr                      
00020ccc  __TI_closefile                        
00021794  __TI_decompress_lzss                  
000228a0  __TI_decompress_none                  
000218b0  __TI_doflush                          
08008b88  __TI_dtors_ptr                        
08008b8c  __TI_enable_exit_profile_output       
08008b74  __TI_ft_end                           
000219b8  __TI_ltoa                             
ffffffff  __TI_pprof_out_hndl                   
0000f9f8  __TI_printfi                          
ffffffff  __TI_prof_data_size                   
ffffffff  __TI_prof_data_start                  
0002201c  __TI_readmsg                          
0000c860  __TI_scanfi                           
00000000  __TI_static_base__                    
08008758  __TI_tmpnams                          
00022070  __TI_writemsg                         
00021238  __TI_wrt_ok                           
000228c4  __TI_zero_init                        
000228f8  __abort_execution                     
000228d4  __aeabi_errno_addr                    
00022118  __aeabi_idiv                          
00022914  __aeabi_idiv0                         
00022118  __aeabi_idivmod                       
00022914  __aeabi_ldiv0                         
00020e34  __aeabi_memclr                        
00020e34  __aeabi_memclr4                       
00020e34  __aeabi_memclr8                       
0001f088  __aeabi_memcpy                        
0001f088  __aeabi_memcpy4                       
0001f088  __aeabi_memcpy8                       
00020e38  __aeabi_memset                        
00020e38  __aeabi_memset4                       
00020e38  __aeabi_memset8                       
08008b80  __aeabi_stderr                        
08008b78  __aeabi_stdin                         
08008b7c  __aeabi_stdout                        
00022214  __aeabi_uidiv                         
00022214  __aeabi_uidivmod                      
0001c064  __aeabi_uldivmod                      
ffffffff  __binit__                             
ffffffff  __c_args__                            
08001000  __start___llvm_prf_cnts               
08001000  __stop___llvm_prf_cnts                
0001d788  __vla_alloc                           
00020d84  __vla_dealloc                         
0002099c  _c_int00                              
0001a13c  _cacheDisable_                        
0001a0f8  _cacheEnable_                         
0001a0d8  _checkMemInitOn_                      
00019fe4  _coreClearAuxiliaryDataFault_         
00019ff8  _coreClearAuxiliaryInstructionFault_  
00019fbc  _coreClearDataFaultAddress_           
00019f94  _coreClearDataFault_                  
00019fd0  _coreClearInstructionFaultAddress_    
00019fa8  _coreClearInstructionFault_           
00019f6c  _coreDisableEventBusExport_           
00019f5c  _coreEnableEventBusExport_            
00019f7c  _coreEnableIrqVicOffset_              
00019f44  _coreEnableVfp_                       
00019fdc  _coreGetAuxiliaryDataFault_           
00019ff0  _coreGetAuxiliaryInstructionFault_    
00019fb4  _coreGetDataFaultAddress_             
00019f8c  _coreGetDataFault_                    
00019fc8  _coreGetInstructionFaultAddress_      
00019fa0  _coreGetInstructionFault_             
00019dcc  _coreInitRegisters_                   
00019ed8  _coreInitStackPointer_                
00022f20  _ctypes_                              
0001a160  _dCacheInvalidate_                    
08008a40  _device                               
0001a004  _disable_IRQ_interrupt_               
0001a00c  _enable_IRQ_interrupt_                
0001a014  _enable_interrupt_                    
000172e4  _errata_SSWF021_45_both_plls          
000174d8  _errata_SSWF021_45_pll1               
00017650  _errata_SSWF021_45_pll2               
0001a01c  _esmCcmErrorsClear_                   
08008950  _ftable                               
00019f24  _getCPSRValue_                        
00019f2c  _gotoCPUIdle_                         
0001a174  _iCacheInvalidate_                    
08008b90  _lock                                 
0001a0a4  _memInit_                             
0001a820  _mpuAreRegionsSeparate_               
0001a804  _mpuDisableBackgroundRegion_          
0001a7dc  _mpuDisable_                          
0001a7f4  _mpuEnableBackgroundRegion_           
0001a7c4  _mpuEnable_                           
0001a814  _mpuGetNumberOfRegions_               
0001a844  _mpuGetRegionBaseAddress_             
0001a864  _mpuGetRegionPermission_              
0001a858  _mpuGetRegionType_                    
0001a834  _mpuGetRegion_                        
0001a50c  _mpuInit_                             
0001a83c  _mpuSetRegionBaseAddress_             
0001a870  _mpuSetRegionSizeRegister_            
0001a84c  _mpuSetRegionTypeAndPermission_       
0001a82c  _mpuSetRegion_                        
000228fc  _nop                                  
08008ab8  _stream                               
00005de8  _sys_memory                           
UNDEFED   _system_post_cinit                    
08008b94  _unlock                               
000228ec  abort                                 
0001e200  adcNotification                       
0001e8a0  aligned_alloc                         
00021934  atoi                                  
ffffffff  binit                                 
0000c1b8  can1GetConfigValue                    
0001dbd0  can1HighLevelInterrupt                
0000c310  can2GetConfigValue                    
0001dcb8  can2HighLevelInterrupt                
0000c468  can3GetConfigValue                    
0000c640  can4GetConfigValue                    
0000c058  canDisableErrorNotification           
0000c038  canDisableStatusChangeNotification    
0000c0b0  canDisableloopback                    
0000bff8  canEnableErrorNotification            
0000c018  canEnableStatusChangeNotification     
0000c078  canEnableloopback                     
0001e214  canErrorNotification                  
0000bda0  canFillMessageObjectData              
0000bac8  canGetData                            
0000bfd4  canGetErrorLevel                      
0000bc20  canGetID                              
0000bfb0  canGetLastError                       
0000b5d8  canInit                               
0000c19c  canIoRxGetBit                         
0000c0e0  canIoSetDirection                     
0000c130  canIoSetPort                          
0000c180  canIoTxGetBit                         
0000bf54  canIsMessageBoxValid                  
0000bef8  canIsRxMessageArrived                 
0000be9c  canIsTxMessagePending                 
0001d5a8  canMessageNotification                
0000bd00  canSendRemoteFrame                    
0001e228  canStatusChangeNotification           
0000b9cc  canTransmit                           
0000bc88  canUpdateID                           
0001d670  can_init                              
000215dc  close                                 
00019aec  cnv16_8                               
00019aa0  cnv32_8                               
00019ba8  cnv8_16                               
00019b70  cnv8_16LE                             
00019b20  cnv8_32                               
00019cf8  cnv8_D                                
00019c2c  cnv8_F                                
00019c7c  cnvD_8                                
00019be0  cnvF_8                                
00022778  copysign                              
00022778  copysignl                             
0001e308  crcNotification                       
0001181c  csp_accept                            
0001cd0c  csp_bin_sem_create                    
0001ce04  csp_bin_sem_post                      
0001ce5c  csp_bin_sem_post_isr                  
0001cd5c  csp_bin_sem_remove                    
0001cd94  csp_bin_sem_wait                      
0001b068  csp_bind                              
00017dd0  csp_buffer_clone                      
00017e54  csp_buffer_data_size                  
00017c9c  csp_buffer_free                       
00017c18  csp_buffer_free_isr                   
00017a2c  csp_buffer_free_resources             
00017b04  csp_buffer_get                        
00017a74  csp_buffer_get_isr                    
00017948  csp_buffer_init                       
00017e30  csp_buffer_remaining                  
00017e44  csp_buffer_size                       
0001a2b8  csp_bytesize                          
00021ca8  csp_calloc                            
00017228  csp_can_add_interface                 
0001b9d8  csp_can_pbuf_find                     
0001b7f0  csp_can_pbuf_free                     
0001b884  csp_can_pbuf_new                      
00016bd4  csp_can_rx                            
00016f70  csp_can_tx                            
00021a38  csp_clock_get_time                    
00021a60  csp_clock_set_time                    
0000f270  csp_close                             
0001542c  csp_cmp_set_memcpy                    
080088c0  csp_conf                              
0000f094  csp_conn_allocate                     
0000ea2c  csp_conn_check_timeouts               
0000f288  csp_conn_close                        
0000f6b0  csp_conn_dport                        
0000f6fc  csp_conn_dst                          
0000eacc  csp_conn_enqueue_packet               
0000ee8c  csp_conn_find                         
0000f734  csp_conn_flags                        
0000ed8c  csp_conn_free_resources               
0000f944  csp_conn_get_array                    
0000eab8  csp_conn_get_rxq                      
0000eb90  csp_conn_init                         
0000f218  csp_conn_new                          
0000f74c  csp_conn_print_table                  
0000f81c  csp_conn_print_table_str              
0000f6e0  csp_conn_sport                        
0000f718  csp_conn_src                          
0000f40c  csp_connect                           
0001e040  csp_crc32_append                      
0001dfc4  csp_crc32_memory                      
0001e0f4  csp_crc32_verify                      
0001d4c0  csp_debug_get_level                   
08008bbc  csp_debug_hook_func                   
0001d334  csp_debug_hook_set                    
08008bb0  csp_debug_level_enabled               
0001d490  csp_debug_set_level                   
0001d4f0  csp_debug_toggle_level                
00021cf4  csp_free                              
0001fdc8  csp_free_resources                    
0001fcf4  csp_get_address                       
0001fdf4  csp_get_conf                          
00022528  csp_get_ms                            
00022534  csp_get_ms_isr                        
00022540  csp_get_s                             
00022554  csp_get_s_isr                         
000224e8  csp_get_uptime_s                      
00019448  csp_hmac_append                       
00019360  csp_hmac_memory                       
0001940c  csp_hmac_set_key                      
00019510  csp_hmac_verify                       
0002283c  csp_htobe32                           
00022850  csp_hton16                            
00022864  csp_hton32                            
08008b08  csp_if_lo                             
0001a1ec  csp_iflist_add                        
0001a2ac  csp_iflist_get                        
0001a190  csp_iflist_get_by_name                
0001a368  csp_iflist_print                      
0001fd00  csp_init                              
00018aa8  csp_kiss_add_interface                
00018764  csp_kiss_rx                           
000185b0  csp_kiss_tx                           
0001b004  csp_listen                            
00021c94  csp_malloc                            
0001cc90  csp_mutex_create                      
0001ccdc  csp_mutex_lock                        
0001ccc8  csp_mutex_remove                      
0001ccf8  csp_mutex_unlock                      
00022878  csp_ntoh16                            
0002288c  csp_ntoh32                            
0001afe4  csp_port_free_resources               
0001af04  csp_port_get_socket                   
0001afa4  csp_port_init                         
0001a8fc  csp_qfifo_free_resources              
0001a878  csp_qfifo_init                        
0001a964  csp_qfifo_read                        
0001ab08  csp_qfifo_wake_up                     
0001a998  csp_qfifo_write                       
00020060  csp_queue_create                      
000200f8  csp_queue_dequeue                     
00020134  csp_queue_dequeue_isr                 
00020094  csp_queue_enqueue                     
000200d0  csp_queue_enqueue_isr                 
00020080  csp_queue_remove                      
00020158  csp_queue_size                        
0002016c  csp_queue_size_isr                    
0000907c  csp_rdp_check_ack                     
0000924c  csp_rdp_check_timeouts                
0000b00c  csp_rdp_close                         
0000b47c  csp_rdp_conn_print                    
0000a6a8  csp_rdp_connect                       
00008f50  csp_rdp_flush_all                     
0000afdc  csp_rdp_free_resources                
0000b3b8  csp_rdp_get_opt                       
0000ae14  csp_rdp_init                          
00009874  csp_rdp_new_packet                    
0000aa8c  csp_rdp_send                          
0000b354  csp_rdp_set_opt                       
00011880  csp_read                              
00011ff4  csp_recvfrom                          
0001497c  csp_route_start_task                  
000144bc  csp_route_work                        
00016744  csp_rtable_check                      
00016a58  csp_rtable_clear                      
0001d9ac  csp_rtable_find_route                 
0001dab8  csp_rtable_free                       
0001dad0  csp_rtable_iterate                    
0001672c  csp_rtable_load                       
00016b1c  csp_rtable_print                      
000169f0  csp_rtable_save                       
0001675c  csp_rtable_set                        
0001d9fc  csp_rtable_set_internal               
00011bf8  csp_send                              
00011960  csp_send_direct                       
00011cd4  csp_send_prio                         
00012064  csp_sendto                            
000121d4  csp_sendto_reply                      
00015944  csp_service_handler                   
00011464  csp_sha1_done                         
00011294  csp_sha1_init                         
000116f8  csp_sha1_memory                       
000112fc  csp_sha1_process                      
00021360  csp_sleep_ms                          
0001175c  csp_socket                            
0001ef2c  csp_sys_memfree                       
000204e4  csp_sys_reboot                        
0001ef38  csp_sys_set_color                     
000204c8  csp_sys_set_reboot                    
00020530  csp_sys_set_shutdown                  
0002054c  csp_sys_shutdown                      
0001ef00  csp_sys_tasklist                      
0001ef18  csp_sys_tasklist_size                 
000212d8  csp_thread_create                     
00021350  csp_thread_exit                       
00011dd4  csp_transaction_persistent            
00011f6c  csp_transaction_w_opts                
000206d4  csp_udp_new_packet                    
0001d1cc  csp_usart_open                        
0001ead0  csp_usart_open_and_add_kiss_interface 
0001d158  csp_usart_write                       
000184d0  csp_xtea_decrypt                      
000184f4  csp_xtea_decrypt_packet               
0001831c  csp_xtea_encrypt                      
00018418  csp_xtea_encrypt_packet               
000182e0  csp_xtea_set_key                      
08008940  ctx                                   
00014060  customTrimLPO                         
0001e250  dccNotification                       
0001e1ec  dmaGroupANotification                 
0001d350  do_csp_debug                          
0000213c  eTaskConfirmSleepModeStatus           
000008b0  eTaskGetState                         
0001e354  ecapNotification                      
0001e2e0  edgeNotification                      
0001e38c  emacRxNotification                    
0001e37c  emacTxNotification                    
0001b320  emifGetConfigValue                    
0001b23c  emif_ASYNC1Init                       
0001b288  emif_ASYNC2Init                       
0001b2d4  emif_ASYNC3Init                       
0001b238  emif_SDRAMInit                        
0001b478  emif_SDRAM_StartupInit                
0001e368  epcCAMFullNotification                
0001e36c  epcFIFOFullNotification               
0001e340  eqepNotification                      
08008944  equipment_queues                      
08008bc8  errno                                 
00015eec  esmActivateNormalOperation            
00016038  esmClearStatus                        
0001609c  esmClearStatusBuffer                  
00016078  esmClearStatusUpper                   
00015e98  esmDisableError                       
00015ec0  esmDisableErrorUpper                  
00015f40  esmDisableInterrupt                   
00015f68  esmDisableInterruptUpper              
00015e54  esmEnableError                        
00015e7c  esmEnableErrorUpper                   
00015efc  esmEnableInterrupt                    
00015f24  esmEnableInterruptUpper               
000161cc  esmEnterSelfTest                      
00015e38  esmError                              
000162a4  esmGetConfigValue                     
000160d8  esmGetStatus                          
000161a4  esmGetStatusBuffer                    
0001615c  esmGetStatusUpper                     
0001d2f8  esmGroup1Notification                 
0001d308  esmGroup2Notification                 
0001e1dc  esmGroup3Notification                 
0001f208  esmHighInterrupt                      
00015cdc  esmInit                               
00016254  esmSelfTestStatus                     
000160b8  esmSetCounterPreloadValue             
00015f84  esmSetInterruptLevel                  
00015ff8  esmSetInterruptLevelUpper             
00015edc  esmTriggerErrorPinReset               
0001e31c  etpwmNotification                     
0001e32c  etpwmTripNotification                 
000199e4  ex2_log                               
0001bbd4  ex2_main                              
00021ab4  exit                                  
00021040  fflush                                
000220c4  finddevice                            
0001fb90  floor                                 
0001fb90  floorl                                
00021374  fprintf                               
000205d4  fputc                                 
0001e6fc  fputs                                 
0001f380  free                                  
00021824  frexp                                 
00021824  frexpl                                
000210ec  fseek                                 
00013b00  getResetSource                        
00021d78  getdevice                             
0001e264  gioNotification                       
000228f4  handlePLLLockFail                     
0001e2f4  hetNotification                       
0001ed70  hk_service_app                        
00019d78  htons                                 
0001e278  i2cNotification                       
0800894c  incomingData                          
00020180  ldexp                                 
00020180  ldexpl                                
000195e4  lin1HighLevelInterrupt                
000223d8  lseek                                 
00022814  main                                  
000228e0  malloc                                
0001392c  mapClocks                             
0001e8a0  memalign                              
00022674  memccpy                               
000226d0  memchr                                
000225e0  memcmp                                
0001f088  memcpy                                
00020e44  memset                                
0001e2a0  mibspiGroupNotification               
0001e28c  mibspiNotification                    
00012d94  muxInit                               
00019db8  ntohs                                 
0800892c  parmbuf                               
00001390  pcTaskGetName                         
00013878  periphInit                            
00022910  phantomInterrupt                      
00021410  printf                                
00005664  prvMpuDisable                         
0000564c  prvMpuEnable                          
00005634  prvMpuSetRegion                       
000205d4  putc                                  
00005a68  pvPortMalloc                          
00002218  pvTaskGetThreadLocalStoragePointer    
00002d10  pvTaskIncrementMutexHeldCount         
0001e2c8  pwmNotification                       
080008d0  pxCurrentTCB                          
0000568c  pxPortInitialiseStack                 
0001ec94  queue_response                        
00022264  rand                                  
0001f900  realloc                               
00022390  remove                                
00000000  resetEntry                            
000199f0  return_packet_header                  
00020180  scalbn                                
00020180  scalbnl                               
0000e3a4  sci1GetConfigValue                    
0000e4fc  sci2GetConfigValue                    
0000e654  sci3GetConfigValue                    
000197b4  sci3HighLevelInterrupt                
0000e7ac  sci4GetConfigValue                    
08008948  sciData                               
0000e218  sciDisableLoopback                    
0000e2cc  sciDisableNotification                
0000e1e4  sciEnableLoopback                     
0000e234  sciEnableNotification                 
0000e364  sciEnterResetState                    
0000e384  sciExitResetState                     
0000da30  sciInit                               
0000e05c  sciIsIdleDetected                     
0000e040  sciIsRxReady                          
0000de90  sciIsTxReady                          
0001d298  sciNotification                       
0000e0d4  sciReceive                            
0000e0a8  sciReceiveByte                        
0000e078  sciRxError                            
0000dedc  sciSend                               
0000deac  sciSendByte                           
0000ddf4  sciSetBaudrate                        
0000ddd4  sciSetFunctional                      
08008910  service_queues                        
0001ebdc  service_response_task                 
0001e554  service_server                        
00019a80  set_packet_length                     
00013838  setupFlash                            
0001375c  setupPLL                              
0001f7a8  setvbuf                               
00021b30  snprintf                              
00021eb0  sprintf                               
000225a8  srand                                 
0002216c  sscanf                                
0001c60c  start_service_handlers                
0001eccc  start_service_response                
0001e670  start_service_server                  
0002241c  strcasecmp                            
00022728  strchr                                
00022750  strcmp                                
000227fc  strcpy                                
00022460  strcspn                               
000227c0  strlen                                
000221c0  strncasecmp                           
000222b0  strncat                               
00022348  strncpy                               
000226fc  strrchr                               
000222fc  strspn                                
00018bd4  strtod                                
000207cc  strtok_r                              
0001ddd0  strtol                                
00018bd4  strtold                               
0001bd9c  strtoll                               
0001e39c  strtoul                               
0001ca50  strtoull                              
00013c28  systemGetConfigValue                  
00013a58  systemInit                            
00013ad0  systemPowerDown                       
0001ff3c  time_management_app                   
000137bc  trimLPO                               
0000455c  ucQueueGetQueueType                   
08008ba8  ulCriticalNesting                     
0000555c  ulPortCountLeadingZeros               
08008bac  ulTaskHasFPUContext                   
00002d44  ulTaskNotifyTake                      
00022390  unlink                                
0001d104  usart_rx_thread                       
0000519c  uxEventGroupGetNumber                 
0001d078  uxListRemove                          
00004524  uxQueueGetQueueNumber                 
00004440  uxQueueMessagesWaiting                
000044c4  uxQueueMessagesWaitingFromISR         
00004478  uxQueueSpacesAvailable                
00001384  uxTaskGetNumberOfTasks                
000026ac  uxTaskGetStackHighWaterMark           
00001670  uxTaskGetSystemState                  
000020c8  uxTaskGetTaskNumber                   
000009b4  uxTaskPriorityGet                     
000009f8  uxTaskPriorityGetFromISR              
00002cd4  uxTaskResetEventItemValue             
0001bca0  vAssertCalled                         
00005114  vEventGroupClearBitsCallback          
00005074  vEventGroupDelete                     
000050f8  vEventGroupSetBitsCallback            
0001cecc  vListInitialise                       
0001cf24  vListInitialiseItem                   
0001cfb4  vListInsert                           
0001cf40  vListInsertEnd                        
00005a34  vPortEndScheduler                     
00005cbc  vPortFree                             
00005dcc  vPortInitialiseBlocks                 
00005550  vPortInitialiseFPSCR                  
00005450  vPortPreemptiveTick                   
00005564  vPortSWI                              
000051e0  vPortStartFirstTask                   
000057a0  vPortStoreTaskMPUSettings             
0000535c  vPortYeildWithinAPI                   
00005270  vPortYieldProcessor                   
000044f4  vQueueDelete                          
0000453c  vQueueSetQueueNumber                  
00002288  vTaskAllocateMPURegions               
0000082c  vTaskDelay                            
000006c0  vTaskDelayUntil                       
00000558  vTaskDelete                           
000010c0  vTaskEndScheduler                     
00002400  vTaskGetInfo                          
00002b1c  vTaskList                             
000020b8  vTaskMissedYield                      
0000331c  vTaskNotifyGiveFromISR                
00001c74  vTaskPlaceOnEventList                 
00001cb8  vTaskPlaceOnUnorderedEventList        
000027e0  vTaskPriorityInherit                  
00000a40  vTaskPrioritySet                      
00000e60  vTaskResume                           
00002108  vTaskSetTaskNumber                    
000021bc  vTaskSetThreadLocalStoragePointer     
00001f34  vTaskSetTimeOutState                  
00001028  vTaskStartScheduler                   
00001818  vTaskStepTick                         
00000c5c  vTaskSuspend                          
000010dc  vTaskSuspendAll                       
00001b94  vTaskSwitchContext                    
00014b58  vimChannelMap                         
00014dc4  vimDisableInterrupt                   
0001abc8  vimECCErrorHandler                    
00014bfc  vimEnableInterrupt                    
00014e70  vimGetConfigValue                     
00014a84  vimInit                               
0002279c  wcslen                                
000224a4  write                                 
00004e10  xEventGroupClearBits                  
00004984  xEventGroupCreate                     
00004e94  xEventGroupGetBitsFromISR             
00004ec4  xEventGroupSetBits                    
000049c0  xEventGroupSync                       
00004bc0  xEventGroupWaitBits                   
00005db4  xPortGetFreeHeapSize                  
00005dc0  xPortGetMinimumEverFreeHeapSize       
00005a14  xPortStartScheduler                   
000038a8  xQueueCreateCountingSemaphore         
00003864  xQueueCreateMutex                     
000036e8  xQueueGenericCreate                   
00003ef0  xQueueGenericReceive                  
000035c0  xQueueGenericReset                    
00003934  xQueueGenericSend                     
00003bf4  xQueueGenericSendFromISR              
00003d84  xQueueGiveFromISR                     
000048a8  xQueueIsQueueEmptyFromISR             
00004934  xQueueIsQueueFullFromISR              
0000434c  xQueuePeekFromISR                     
00004204  xQueueReceiveFromISR                  
0000187c  xTaskAbortDelay                       
00001f80  xTaskCheckForTimeOut                  
000000fc  xTaskCreate                           
00000020  xTaskCreateRestricted                 
00002f3c  xTaskGenericNotify                    
0000310c  xTaskGenericNotifyFromISR             
00002774  xTaskGetCurrentTaskHandle             
00001568  xTaskGetHandle                        
000017e0  xTaskGetIdleTaskHandle                
00002790  xTaskGetSchedulerState                
00001344  xTaskGetTickCount                     
00001360  xTaskGetTickCountFromISR              
0000196c  xTaskIncrementTick                    
0001f72c  xTaskNotifyStateClear                 
00002e18  xTaskNotifyWait                       
00002940  xTaskPriorityDisinherit               
00001d40  xTaskRemoveFromEventList              
00001e30  xTaskRemoveFromUnorderedEventList     
00001194  xTaskResumeAll                        
00000f40  xTaskResumeFromISR                    


GLOBAL SYMBOLS: SORTED BY Symbol Address 

address   name                                  
-------   ----                                  
00000000  __TI_static_base__                    
00000000  resetEntry                            
00000020  xTaskCreateRestricted                 
000000fc  xTaskCreate                           
00000558  vTaskDelete                           
000006c0  vTaskDelayUntil                       
00000800  __SYSMEM_SIZE                         
0000082c  vTaskDelay                            
000008b0  eTaskGetState                         
000009b4  uxTaskPriorityGet                     
000009f8  uxTaskPriorityGetFromISR              
00000a40  vTaskPrioritySet                      
00000c5c  vTaskSuspend                          
00000e60  vTaskResume                           
00000f40  xTaskResumeFromISR                    
00001028  vTaskStartScheduler                   
000010c0  vTaskEndScheduler                     
000010dc  vTaskSuspendAll                       
00001194  xTaskResumeAll                        
00001344  xTaskGetTickCount                     
00001360  xTaskGetTickCountFromISR              
00001384  uxTaskGetNumberOfTasks                
00001390  pcTaskGetName                         
00001568  xTaskGetHandle                        
00001670  uxTaskGetSystemState                  
000017e0  xTaskGetIdleTaskHandle                
00001818  vTaskStepTick                         
0000187c  xTaskAbortDelay                       
0000196c  xTaskIncrementTick                    
00001b94  vTaskSwitchContext                    
00001c74  vTaskPlaceOnEventList                 
00001cb8  vTaskPlaceOnUnorderedEventList        
00001d40  xTaskRemoveFromEventList              
00001e30  xTaskRemoveFromUnorderedEventList     
00001f34  vTaskSetTimeOutState                  
00001f80  xTaskCheckForTimeOut                  
000020b8  vTaskMissedYield                      
000020c8  uxTaskGetTaskNumber                   
00002108  vTaskSetTaskNumber                    
0000213c  eTaskConfirmSleepModeStatus           
000021bc  vTaskSetThreadLocalStoragePointer     
00002218  pvTaskGetThreadLocalStoragePointer    
00002288  vTaskAllocateMPURegions               
00002400  vTaskGetInfo                          
000026ac  uxTaskGetStackHighWaterMark           
00002774  xTaskGetCurrentTaskHandle             
00002790  xTaskGetSchedulerState                
000027e0  vTaskPriorityInherit                  
00002940  xTaskPriorityDisinherit               
00002b1c  vTaskList                             
00002cd4  uxTaskResetEventItemValue             
00002d10  pvTaskIncrementMutexHeldCount         
00002d44  ulTaskNotifyTake                      
00002e18  xTaskNotifyWait                       
00002f3c  xTaskGenericNotify                    
0000310c  xTaskGenericNotifyFromISR             
0000331c  vTaskNotifyGiveFromISR                
000035c0  xQueueGenericReset                    
000036e8  xQueueGenericCreate                   
00003864  xQueueCreateMutex                     
000038a8  xQueueCreateCountingSemaphore         
00003934  xQueueGenericSend                     
00003bf4  xQueueGenericSendFromISR              
00003d84  xQueueGiveFromISR                     
00003ef0  xQueueGenericReceive                  
00004204  xQueueReceiveFromISR                  
0000434c  xQueuePeekFromISR                     
00004440  uxQueueMessagesWaiting                
00004478  uxQueueSpacesAvailable                
000044c4  uxQueueMessagesWaitingFromISR         
000044f4  vQueueDelete                          
00004524  uxQueueGetQueueNumber                 
0000453c  vQueueSetQueueNumber                  
0000455c  ucQueueGetQueueType                   
000048a8  xQueueIsQueueEmptyFromISR             
00004934  xQueueIsQueueFullFromISR              
00004984  xEventGroupCreate                     
000049c0  xEventGroupSync                       
00004bc0  xEventGroupWaitBits                   
00004e10  xEventGroupClearBits                  
00004e94  xEventGroupGetBitsFromISR             
00004ec4  xEventGroupSetBits                    
00005074  vEventGroupDelete                     
000050f8  vEventGroupSetBitsCallback            
00005114  vEventGroupClearBitsCallback          
0000519c  uxEventGroupGetNumber                 
000051e0  vPortStartFirstTask                   
00005270  vPortYieldProcessor                   
0000535c  vPortYeildWithinAPI                   
00005450  vPortPreemptiveTick                   
00005550  vPortInitialiseFPSCR                  
0000555c  ulPortCountLeadingZeros               
00005564  vPortSWI                              
00005634  prvMpuSetRegion                       
0000564c  prvMpuEnable                          
00005664  prvMpuDisable                         
0000568c  pxPortInitialiseStack                 
000057a0  vPortStoreTaskMPUSettings             
00005a14  xPortStartScheduler                   
00005a34  vPortEndScheduler                     
00005a68  pvPortMalloc                          
00005cbc  vPortFree                             
00005db4  xPortGetFreeHeapSize                  
00005dc0  xPortGetMinimumEverFreeHeapSize       
00005dcc  vPortInitialiseBlocks                 
00005de8  _sys_memory                           
00006698  __TI_Handler_Table_Base               
000066a4  __TI_Handler_Table_Limit              
000066c0  __TI_CINIT_Base                       
000066e0  __TI_CINIT_Limit                      
00008f50  csp_rdp_flush_all                     
0000907c  csp_rdp_check_ack                     
0000924c  csp_rdp_check_timeouts                
00009874  csp_rdp_new_packet                    
0000a6a8  csp_rdp_connect                       
0000aa8c  csp_rdp_send                          
0000ae14  csp_rdp_init                          
0000afdc  csp_rdp_free_resources                
0000b00c  csp_rdp_close                         
0000b354  csp_rdp_set_opt                       
0000b3b8  csp_rdp_get_opt                       
0000b47c  csp_rdp_conn_print                    
0000b5d8  canInit                               
0000b9cc  canTransmit                           
0000bac8  canGetData                            
0000bc20  canGetID                              
0000bc88  canUpdateID                           
0000bd00  canSendRemoteFrame                    
0000bda0  canFillMessageObjectData              
0000be9c  canIsTxMessagePending                 
0000bef8  canIsRxMessageArrived                 
0000bf54  canIsMessageBoxValid                  
0000bfb0  canGetLastError                       
0000bfd4  canGetErrorLevel                      
0000bff8  canEnableErrorNotification            
0000c018  canEnableStatusChangeNotification     
0000c038  canDisableStatusChangeNotification    
0000c058  canDisableErrorNotification           
0000c078  canEnableloopback                     
0000c0b0  canDisableloopback                    
[...]
00015edc  esmTriggerErrorPinReset               
00015eec  esmActivateNormalOperation            
00015efc  esmEnableInterrupt                    
00015f24  esmEnableInterruptUpper               
00015f40  esmDisableInterrupt                   
00015f68  esmDisableInterruptUpper              
00015f84  esmSetInterruptLevel                  
00015ff8  esmSetInterruptLevelUpper             
00016038  esmClearStatus                        
00016078  esmClearStatusUpper                   
0001609c  esmClearStatusBuffer                  
000160b8  esmSetCounterPreloadValue             
000160d8  esmGetStatus                          
0001615c  esmGetStatusUpper                     
000161a4  esmGetStatusBuffer                    
000161cc  esmEnterSelfTest                      
00016254  esmSelfTestStatus                     
000162a4  esmGetConfigValue                     
0001672c  csp_rtable_load                       
00016744  csp_rtable_check                      
0001675c  csp_rtable_set                        
000169f0  csp_rtable_save                       
00016a58  csp_rtable_clear                      
00016b1c  csp_rtable_print                      
00016bd4  csp_can_rx                            
00016f70  csp_can_tx                            
00017228  csp_can_add_interface                 
000172e4  _errata_SSWF021_45_both_plls          
000174d8  _errata_SSWF021_45_pll1               
00017650  _errata_SSWF021_45_pll2               
00017948  csp_buffer_init                       
00017a2c  csp_buffer_free_resources             
00017a74  csp_buffer_get_isr                    
00017b04  csp_buffer_get                        
00017c18  csp_buffer_free_isr                   
00017c9c  csp_buffer_free                       
00017dd0  csp_buffer_clone                      
00017e30  csp_buffer_remaining                  
00017e44  csp_buffer_size                       
00017e54  csp_buffer_data_size                  
000182e0  csp_xtea_set_key                      
0001831c  csp_xtea_encrypt                      
00018418  csp_xtea_encrypt_packet               
000184d0  csp_xtea_decrypt                      
000184f4  csp_xtea_decrypt_packet               
000185b0  csp_kiss_tx                           
00018764  csp_kiss_rx                           
00018aa8  csp_kiss_add_interface                
00018bd4  strtod                                
00018bd4  strtold                               
00019360  csp_hmac_memory                       
0001940c  csp_hmac_set_key                      
00019448  csp_hmac_append                       
00019510  csp_hmac_verify                       
000195e4  lin1HighLevelInterrupt                
000197b4  sci3HighLevelInterrupt                
000199e4  ex2_log                               
000199f0  return_packet_header                  
00019a80  set_packet_length                     
00019aa0  cnv32_8                               
00019aec  cnv16_8                               
00019b20  cnv8_32                               
00019b70  cnv8_16LE                             
00019ba8  cnv8_16                               
00019be0  cnvF_8                                
00019c2c  cnv8_F                                
00019c7c  cnvD_8                                
00019cf8  cnv8_D                                
00019d78  htons                                 
00019db8  ntohs                                 
00019dcc  _coreInitRegisters_                   
00019ed8  _coreInitStackPointer_                
00019f24  _getCPSRValue_                        
00019f2c  _gotoCPUIdle_                         
00019f44  _coreEnableVfp_                       
00019f5c  _coreEnableEventBusExport_            
00019f6c  _coreDisableEventBusExport_           
00019f7c  _coreEnableIrqVicOffset_              
00019f8c  _coreGetDataFault_                    
00019f94  _coreClearDataFault_                  
00019fa0  _coreGetInstructionFault_             
00019fa8  _coreClearInstructionFault_           
00019fb4  _coreGetDataFaultAddress_             
00019fbc  _coreClearDataFaultAddress_           
00019fc8  _coreGetInstructionFaultAddress_      
00019fd0  _coreClearInstructionFaultAddress_    
00019fdc  _coreGetAuxiliaryDataFault_           
00019fe4  _coreClearAuxiliaryDataFault_         
00019ff0  _coreGetAuxiliaryInstructionFault_    
00019ff8  _coreClearAuxiliaryInstructionFault_  
0001a004  _disable_IRQ_interrupt_               
0001a00c  _enable_IRQ_interrupt_                
0001a014  _enable_interrupt_                    
0001a01c  _esmCcmErrorsClear_                   
0001a0a4  _memInit_                             
0001a0d8  _checkMemInitOn_                      
0001a0f8  _cacheEnable_                         
0001a13c  _cacheDisable_                        
0001a160  _dCacheInvalidate_                    
0001a174  _iCacheInvalidate_                    
0001a188  __TI_PINIT_Base                       
0001a18c  __TI_PINIT_Limit                      
0001a190  csp_iflist_get_by_name                
0001a1ec  csp_iflist_add                        
0001a2ac  csp_iflist_get                        
0001a2b8  csp_bytesize                          
0001a368  csp_iflist_print                      
0001a50c  _mpuInit_                             
0001a7c4  _mpuEnable_                           
0001a7dc  _mpuDisable_                          
0001a7f4  _mpuEnableBackgroundRegion_           
0001a804  _mpuDisableBackgroundRegion_          
0001a814  _mpuGetNumberOfRegions_               
0001a820  _mpuAreRegionsSeparate_               
0001a82c  _mpuSetRegion_                        
0001a834  _mpuGetRegion_                        
0001a83c  _mpuSetRegionBaseAddress_             
0001a844  _mpuGetRegionBaseAddress_             
0001a84c  _mpuSetRegionTypeAndPermission_       
0001a858  _mpuGetRegionType_                    
0001a864  _mpuGetRegionPermission_              
0001a870  _mpuSetRegionSizeRegister_            
0001a878  csp_qfifo_init                        
0001a8fc  csp_qfifo_free_resources              
0001a964  csp_qfifo_read                        
0001a998  csp_qfifo_write                       
0001ab08  csp_qfifo_wake_up                     
0001abc8  vimECCErrorHandler                    
0001af04  csp_port_get_socket                   
0001afa4  csp_port_init                         
0001afe4  csp_port_free_resources               
0001b004  csp_listen                            
0001b068  csp_bind                              
0001b238  emif_SDRAMInit                        
0001b23c  emif_ASYNC1Init                       
0001b288  emif_ASYNC2Init                       
0001b2d4  emif_ASYNC3Init                       
0001b320  emifGetConfigValue                    
0001b478  emif_SDRAM_StartupInit                
0001b7f0  csp_can_pbuf_free                     
0001b884  csp_can_pbuf_new                      
0001b9d8  csp_can_pbuf_find                     
0001bbd4  ex2_main                              
0001bca0  vAssertCalled                         
0001bd9c  strtoll                               
0001c064  __aeabi_uldivmod                      
0001c60c  start_service_handlers                
0001ca50  strtoull                              
0001cc90  csp_mutex_create                      
0001ccc8  csp_mutex_remove                      
0001ccdc  csp_mutex_lock                        
0001ccf8  csp_mutex_unlock                      
0001cd0c  csp_bin_sem_create                    
0001cd5c  csp_bin_sem_remove                    
0001cd94  csp_bin_sem_wait                      
0001ce04  csp_bin_sem_post                      
0001ce5c  csp_bin_sem_post_isr                  
0001cecc  vListInitialise                       
0001cf24  vListInitialiseItem                   
0001cf40  vListInsertEnd                        
0001cfb4  vListInsert                           
0001d078  uxListRemove                          
0001d104  usart_rx_thread                       
0001d158  csp_usart_write                       
0001d1cc  csp_usart_open                        
0001d298  sciNotification                       
0001d2f8  esmGroup1Notification                 
0001d308  esmGroup2Notification                 
0001d334  csp_debug_hook_set                    
0001d350  do_csp_debug                          
0001d490  csp_debug_set_level                   
0001d4c0  csp_debug_get_level                   
0001d4f0  csp_debug_toggle_level                
0001d5a8  canMessageNotification                
0001d670  can_init                              
0001d788  __vla_alloc                           
0001d9ac  csp_rtable_find_route                 
0001d9fc  csp_rtable_set_internal               
0001dab8  csp_rtable_free                       
0001dad0  csp_rtable_iterate                    
0001dbd0  can1HighLevelInterrupt                
0001dcb8  can2HighLevelInterrupt                
0001ddd0  strtol                                
0001dfc4  csp_crc32_memory                      
0001e040  csp_crc32_append                      
0001e0f4  csp_crc32_verify                      
0001e1dc  esmGroup3Notification                 
0001e1ec  dmaGroupANotification                 
0001e200  adcNotification                       
0001e214  canErrorNotification                  
0001e228  canStatusChangeNotification           
0001e250  dccNotification                       
0001e264  gioNotification                       
0001e278  i2cNotification                       
0001e28c  mibspiNotification                    
0001e2a0  mibspiGroupNotification               
0001e2c8  pwmNotification                       
0001e2e0  edgeNotification                      
0001e2f4  hetNotification                       
0001e308  crcNotification                       
0001e31c  etpwmNotification                     
0001e32c  etpwmTripNotification                 
0001e340  eqepNotification                      
0001e354  ecapNotification                      
0001e368  epcCAMFullNotification                
0001e36c  epcFIFOFullNotification               
0001e37c  emacTxNotification                    
0001e38c  emacRxNotification                    
0001e39c  strtoul                               
0001e554  service_server                        
0001e670  start_service_server                  
0001e6fc  fputs                                 
0001e8a0  aligned_alloc                         
0001e8a0  memalign                              
0001ead0  csp_usart_open_and_add_kiss_interface 
0001ebdc  service_response_task                 
0001ec94  queue_response                        
0001eccc  start_service_response                
0001ed70  hk_service_app                        
0001ef00  csp_sys_tasklist                      
0001ef18  csp_sys_tasklist_size                 
0001ef2c  csp_sys_memfree                       
0001ef38  csp_sys_set_color                     
0001f088  __aeabi_memcpy                        
0001f088  __aeabi_memcpy4                       
0001f088  __aeabi_memcpy8                       
0001f088  memcpy                                
0001f208  esmHighInterrupt                      
0001f380  free                                  
0001f72c  xTaskNotifyStateClear                 
0001f7a8  setvbuf                               
0001f900  realloc                               
0001fb90  floor                                 
0001fb90  floorl                                
0001fcf4  csp_get_address                       
0001fd00  csp_init                              
0001fdc8  csp_free_resources                    
0001fdf4  csp_get_conf                          
0001ff3c  time_management_app                   
00020060  csp_queue_create                      
00020080  csp_queue_remove                      
00020094  csp_queue_enqueue                     
000200d0  csp_queue_enqueue_isr                 
000200f8  csp_queue_dequeue                     
00020134  csp_queue_dequeue_isr                 
00020158  csp_queue_size                        
0002016c  csp_queue_size_isr                    
00020180  ldexp                                 
00020180  ldexpl                                
00020180  scalbn                                
00020180  scalbnl                               
000203b8  HAL_sys_setTime                       
000203cc  HAL_sys_getTime                       
000203e0  HAL_hk_report                         
000204c8  csp_sys_set_reboot                    
000204e4  csp_sys_reboot                        
00020530  csp_sys_set_shutdown                  
0002054c  csp_sys_shutdown                      
000205d4  fputc                                 
000205d4  putc                                  
000206d4  csp_udp_new_packet                    
000207cc  strtok_r                              
000208bc  HAL_RTC_SetTime                       
000208d8  HAL_RTC_GetTime                       
000208f8  HAL_get_temperature                   
00020914  HAL_get_current_1                     
00020930  HAL_get_current_2                     
0002094c  HAL_get_voltage_1                     
00020968  HAL_get_voltage_2                     
0002099c  _c_int00                              
00020ccc  __TI_closefile                        
00020d84  __vla_dealloc                         
00020e34  __aeabi_memclr                        
00020e34  __aeabi_memclr4                       
00020e34  __aeabi_memclr8                       
00020e38  __aeabi_memset                        
00020e38  __aeabi_memset4                       
00020e38  __aeabi_memset8                       
00020e44  memset                                
00020f94  HOSTlseek                             
00021040  fflush                                
000210ec  fseek                                 
00021194  HOSTrename                            
00021238  __TI_wrt_ok                           
000212d8  csp_thread_create                     
00021350  csp_thread_exit                       
00021360  csp_sleep_ms                          
00021374  fprintf                               
00021410  printf                                
000214ac  HOSTopen                              
000215dc  close                                 
00021674  HOSTread                              
00021704  HOSTwrite                             
00021794  __TI_decompress_lzss                  
00021824  frexp                                 
00021824  frexpl                                
000218b0  __TI_doflush                          
00021934  atoi                                  
000219b8  __TI_ltoa                             
00021a38  csp_clock_get_time                    
00021a60  csp_clock_set_time                    
00021ab4  exit                                  
00021b30  snprintf                              
00021bac  HOSTclose                             
00021c94  csp_malloc                            
00021ca8  csp_calloc                            
00021cf4  csp_free                              
00021d08  HOSTunlink                            
00021d78  getdevice                             
00021de4  __TI_auto_init_nobinit_nopinit        
00021eb0  sprintf                               
00021fc8  __TI_cleanup                          
0002201c  __TI_readmsg                          
00022070  __TI_writemsg                         
000220b8  C$$IO$$                               
000220c4  finddevice                            
00022118  __aeabi_idiv                          
00022118  __aeabi_idivmod                       
0002216c  sscanf                                
000221c0  strncasecmp                           
00022214  __aeabi_uidiv                         
00022214  __aeabi_uidivmod                      
00022264  rand                                  
000222b0  strncat                               
000222fc  strspn                                
00022348  strncpy                               
00022390  remove                                
00022390  unlink                                
000223d8  lseek                                 
0002241c  strcasecmp                            
00022460  strcspn                               
000224a4  write                                 
000224e8  csp_get_uptime_s                      
00022528  csp_get_ms                            
00022534  csp_get_ms_isr                        
00022540  csp_get_s                             
00022554  csp_get_s_isr                         
000225a8  srand                                 
000225e0  memcmp                                
00022674  memccpy                               
000226d0  memchr                                
000226fc  strrchr                               
00022728  strchr                                
00022750  strcmp                                
00022778  copysign                              
00022778  copysignl                             
0002279c  wcslen                                
000227c0  strlen                                
000227fc  strcpy                                
00022814  main                                  
0002283c  csp_htobe32                           
00022850  csp_hton16                            
00022864  csp_hton32                            
00022878  csp_ntoh16                            
0002288c  csp_ntoh32                            
000228a0  __TI_decompress_none                  
000228c4  __TI_zero_init                        
000228d4  __aeabi_errno_addr                    
000228e0  malloc                                
000228ec  C$$EXIT                               
000228ec  abort                                 
000228f4  handlePLLLockFail                     
000228f8  __abort_execution                     
000228fc  _nop                                  
00022910  phantomInterrupt                      
00022914  __aeabi_idiv0                         
00022914  __aeabi_ldiv0                         
00022f20  _ctypes_                              
080008d0  pxCurrentTCB                          
08001000  __start___llvm_prf_cnts               
08001000  __stop___llvm_prf_cnts                
08008530  __CIOBUF_                             
08008758  __TI_tmpnams                          
080088c0  csp_conf                              
08008910  service_queues                        
0800892c  parmbuf                               
08008940  ctx                                   
08008944  equipment_queues                      
08008948  sciData                               
0800894c  incomingData                          
08008950  _ftable                               
08008a40  _device                               
08008ab8  _stream                               
08008b08  csp_if_lo                             
08008b74  __TI_ft_end                           
08008b78  __aeabi_stdin                         
08008b7c  __aeabi_stdout                        
08008b80  __aeabi_stderr                        
08008b84  __TI_cleanup_ptr                      
08008b88  __TI_dtors_ptr                        
08008b8c  __TI_enable_exit_profile_output       
08008b90  _lock                                 
08008b94  _unlock                               
08008ba8  ulCriticalNesting                     
08008bac  ulTaskHasFPUContext                   
08008bb0  csp_debug_level_enabled               
08008bbc  csp_debug_hook_func                   
08008bc8  errno                                 
ffffffff  __TI_pprof_out_hndl                   
ffffffff  __TI_prof_data_size                   
ffffffff  __TI_prof_data_start                  
ffffffff  __binit__                             
ffffffff  __c_args__                            
ffffffff  binit                                 
UNDEFED   SHT$$INIT_ARRAY$$Base                 
UNDEFED   SHT$$INIT_ARRAY$$Limit                
UNDEFED   _system_post_cinit                    

[685 symbols]
