******************************************************************************
                  TI ARM Linker PC v20.2.0                     
******************************************************************************
>> Linked Wed Sep 16 10:42:15 2020

OUTPUT FILE NAME:   <can.out>
ENTRY POINT SYMBOL: "_c_int00"  address: 0003341c


MEMORY CONFIGURATION

         name            origin    length      used     unused   attr    fill
----------------------  --------  ---------  --------  --------  ----  --------
  VECTORS               00000000   00000020  00000020  00000000     X
  KERNEL                00000020   00008000  000067d0  00001830  R  X
  FLASH0                00008020   001f7fe0  00030087  001c7f59  R  X
  FLASH1                00200000   00200000  00000000  00200000  R  X
  STACKS                08000000   00000800  00000000  00000800  RW  
  KRAM                  08000800   00000800  00000104  000006fc  RW  
  RAM                   08001000   0007f000  00042be7  0003c419  RW  
  SDRAM                 80000000   07ffffff  000000a0  07ffff5f  RW X


SEGMENT ALLOCATION MAP

run origin  load origin   length   init length attrs members
----------  ----------- ---------- ----------- ----- -------
00000000    00000000    00005f08   00005f08    r-x
  00000000    00000000    00000020   00000020    r-x .intvecs
  00000020    00000020    00005ee8   00005ee8    r-x .kernelTEXT
00005f08    00005f08    00000800   00000000    rw-
  00005f08    00005f08    00000800   00000000    rw- .sysmem
00006720    00006720    000000e8   000000e8    r--
  00006720    00006720    000000e8   000000e8    r-- .cinit
000080c0    000080c0    0002d684   0002d684    r-x
  000080c0    000080c0    0002d684   0002d684    r-x .text
00035760    00035760    00002963   00002963    r--
  00035760    00035760    00002963   00002963    r-- .const
08000800    08000800    00000104   00000000    rw-
  08000800    08000800    00000104   00000000    rw- .kernelBSS
08001000    08001000    00042be8   00000000    rw-
  08001000    08001000    00040000   00000000    rw- .kernelHEAP
  08041000    08041000    0000294b   00000000    rw- .bss
  0804394c    0804394c    0000029c   00000000    rw- .data
80000000    00008020    000000a0   000000a0    r-x
  80000000    00008020    000000a0   000000a0    r-x .blinky_section


SECTION ALLOCATION MAP

 output                                  attributes/
section   page    origin      length       input sections
--------  ----  ----------  ----------   ----------------
.intvecs   0    00000000    00000020     
                  00000000    00000020     HL_sys_intvecs.obj (.intvecs)

.kernelTEXT 
*          0    00000020    00005ee8     
                  00000020    000035a0     os_tasks.obj (.kernelTEXT)
                  000035c0    000014e8     os_queue.obj (.kernelTEXT)
                  00004aa8    00000858     os_event_groups.obj (.kernelTEXT)
                  00005300    000004b0     os_portasm.obj (.kernelTEXT)
                  000057b0    000003dc     os_port.obj (.kernelTEXT)
                  00005b8c    0000037c     os_heap.obj (.kernelTEXT)

.cinit     0    00006720    000000e8     
                  00006720    00000099     (.cinit..data.load) [load image, compression = lzss]
                  000067b9    00000003     --HOLE-- [fill = 0]
                  000067bc    0000000c     (__TI_handler_table)
                  000067c8    00000009     (.cinit..kernelBSS.load) [load image, compression = lzss]
                  000067d1    00000007     --HOLE-- [fill = 0]
                  000067d8    00000008     (.cinit..bss.load) [load image, compression = zero_init]
                  000067e0    00000008     (.cinit..kernelHEAP.load) [load image, compression = zero_init]
                  000067e8    00000020     (__TI_cinit_table)

.blinky_section 
*          0    00008020    000000a0     RUN ADDR = 80000000
                  00008020    00000098     board_io_tests.obj (.blinky_section)
                  000080b8    00000008     HL_gio.obj (.tramp.gioSetBit.1)

.text      0    000080c0    0002d684     
                  000080c0    000035b0     csp_rdp.obj (.text)
                  0000b670    00002834     inodedata.obj (.text)
                  0000dea4    00002538     posix.obj (.text)
                  000103dc    0000194c     core.obj (.text)
                  00011d28    000017fc     HL_spi.obj (.text)
                  00013524    00001374     dir.obj (.text)
                  00014898    00001284     HL_can.obj (.text)
                  00015b1c    000011d4     rtsv7R4_A_be_v3D16_eabi.lib : _scanfi.c.obj (.text:__TI_scanfi)
                  00016cf0    00001130     buffer.obj (.text)
                  00017e20    000010b0     inode.obj (.text)
                  00018ed0    00000ff4     HL_sci.obj (.text)
                  00019ec4    00000fbc     csp_conn.obj (.text)
                  0001ae80    00000fac     rtsv7R4_A_be_v3D16_eabi.lib : _printfi.c.obj (.text:__TI_printfi)
                  0001be2c    00000ea0     HL_adc.obj (.text)
                  0001cccc    00000db8     csp_sha1.obj (.text)
                  0001da84    00000cdc     HL_i2c.obj (.text)
                  0001e760    00000c28     board_io_tests.obj (.text)
                  0001f388    00000b54     csp_io.obj (.text)
                  0001fedc    00000b54     os_mpu_wrappers.obj (.text)
                  00020a30    00000acc     volume.obj (.text)
                  000214fc    00000a30     HL_spi.obj (.text:retain)
                  00021f2c    000009f4     HL_pinmux.obj (.text)
                  00022920    000009cc     HL_sci.obj (.text:retain)
                  000232ec    0000099c     HL_system.obj (.text)
                  00023c88    00000974     csp_route.obj (.text)
                  000245fc    0000093c     HL_sys_vim.obj (.text)
                  00024f38    0000091c     csp_service_handler.obj (.text)
                  00025854    000008fc     sd_io.obj (.text)
                  00026150    000008e0     path.obj (.text)
                  00026a30    0000078c     HL_esm.obj (.text)
                  000271bc    0000076c     csp_rtable.obj (.text)
                  00027928    00000664     HL_errata_SSWF021_45.obj (.text)
                  00027f8c    00000644     csp_buffer.obj (.text)
                  000285d0    00000624     csp_xtea.obj (.text)
                  00028bf4    0000061c     csp_if_kiss.obj (.text)
                  00029210    000005f8     imap.obj (.text)
                  00029808    0000054c     rtsv7R4_A_be_v3D16_eabi.lib : strtod.c.obj (.text:strtod)
                  00029d54    00000518     imapextern.obj (.text)
                  0002a26c    000004cc     csp_hmac.obj (.text)
                  0002a738    00000484     HL_gio.obj (.text)
                  0002abbc    0000046c     blockio.obj (.text)
                  0002b028    00000444     TempSensor.obj (.text)
                  0002b46c    0000042c     osbdev.obj (.text)
                  0002b898    000003e0     string.obj (.text)
                  0002bc78    000003c4     HL_sys_core.obj (.text)
                  0002c03c    000003c4     memory.obj (.text)
                  0002c400    0000039c     format.obj (.text)
                  0002c79c    0000037c     csp_iflist.obj (.text)
                  0002cb18    0000036c     HL_sys_mpu.obj (.text)
                  0002ce84    00000364     crc.obj (.text)
                  0002d1e8    0000035c     main.obj (.text)
                  0002d544    00000358     service_utilities.obj (.text)
                  0002d89c    00000350     csp_qfifo.obj (.text)
                  0002dbec    0000033c     HL_sys_vim.obj (.text:retain)
                  0002df28    00000334     csp_port.obj (.text)
                  0002e25c    000002dc     rtsv7R4_A_be_v3D16_eabi.lib : _printfi.c.obj (.text:_pconv_a)
                  0002e538    000002c8                                 : strtoll.c.obj (.text:strtoll)
                  0002e800    000002b8                                 : ull_div32.asm.obj (.text)
                  0002eab8    00000278     os_heap.obj (.text)
                  0002ed30    00000274     obc.obj (.text)
                  0002efa4    00000248     rtsv7R4_A_be_v3D16_eabi.lib : _printfi.c.obj (.text:_pconv_g)
                  0002f1ec    00000240                                 : strtoull.c.obj (.text:strtoull)
                  0002f42c    0000023c     csp_semaphore.obj (.text)
                  0002f668    00000238     os_list.obj (.text)
                  0002f8a0    00000230     usart_m3.obj (.text)
                  0002fad0    0000022c     csp_debug.obj (.text)
                  0002fcfc    00000224     rtsv7R4_A_be_v3D16_eabi.lib : vla_alloc.c.obj (.text:__vla_alloc)
                  0002ff20    00000224     csp_rtable_static.obj (.text)
                  00030144    00000218     imapinline.obj (.text)
                  0003035c    000001f8     HL_emif.obj (.text)
                  00030554    000001f8     temp_detect.obj (.text)
                  0003074c    000001f4     rtsv7R4_A_be_v3D16_eabi.lib : strtol.c.obj (.text:strtol)
                  00030940    000001f0     csp_crc32.obj (.text)
                  00030b30    000001e4     HL_notification.obj (.text)
                  00030d14    000001b8     rtsv7R4_A_be_v3D16_eabi.lib : strtoul.c.obj (.text:strtoul)
                  00030ecc    000001a8     services.obj (.text)
                  00031074    000001a4     rtsv7R4_A_be_v3D16_eabi.lib : fputs.c.obj (.text:fputs)
                  00031218    000001a0                                 : memory.c.obj (.text:aligned_alloc)
                  000313b8    0000019c     usart_kiss.obj (.text)
                  00031554    00000194     service_response.obj (.text)
                  000316e8    00000188     csp_system.obj (.text)
                  00031870    00000184     time_management_service.obj (.text)
                  000319f4    00000180     rtsv7R4_A_be_v3D16_eabi.lib : memcpy32.asm.obj (.text)
                  00031b74    00000178     HL_esm.obj (.text:retain)
                  00031cec    00000174     rtsv7R4_A_be_v3D16_eabi.lib : memory.c.obj (.text:free)
                  00031e60    0000015c                                 : _printfi.c.obj (.text:_pconv_e)
                  00031fbc    00000158     os_tasks.obj (.text)
                  00032114    00000158     rtsv7R4_A_be_v3D16_eabi.lib : setvbuf.c.obj (.text:setvbuf)
                  0003226c    0000014c                                 : memory.c.obj (.text:realloc)
                  000323b8    00000144     bitmap.obj (.text)
                  000324fc    00000144     rtsv7R4_A_be_v3D16_eabi.lib : _printfi.c.obj (.text:fcvt)
                  00032640    0000013c                                 : s_floor.c.obj (.text:floor)
                  0003277c    00000138     csp_init.obj (.text)
                  000328b4    00000138     os_port.obj (.text)
                  000329ec    00000120     csp_queue.obj (.text)
                  00032b0c    00000120     rtsv7R4_A_be_v3D16_eabi.lib : s_scalbn.c.obj (.text:scalbn)
                  00032c2c    00000115                                 : _printfi.c.obj (.text:_ltostr)
                  00032d41    00000003     --HOLE-- [fill = 0]
                  00032d44    0000010c     csp_system.obj (.text)
                  00032e50    0000010c     housekeeping_service.obj (.text)
                  00032f5c    00000100     rtsv7R4_A_be_v3D16_eabi.lib : fputc.c.obj (.text:fputc)
                  0003305c    000000f8     csp_udp.obj (.text)
                  00033154    000000f8     obc_hal.obj (.text)
                  0003324c    000000f0     csp_strtok.obj (.text)
                  0003333c    000000e0     hal.obj (.text)
                  0003341c    000000d8     HL_sys_startup.obj (.text:retain)
                  000334f4    000000cc     rtsv7R4_A_be_v3D16_eabi.lib : sscanf.c.obj (.text:_chkmbc)
                  000335c0    000000c8                                 : _printfi.c.obj (.text:_mcpy)
                  00033688    000000c4                                 : vla_alloc.c.obj (.text:_ZN33_INTERNAL_11_vla_alloc_c_be8bd49b21free_dead_allocationsEPv)
                  0003374c    000000b8                                 : fclose.c.obj (.text:__TI_closefile)
                  00033804    000000b4     osoutput.obj (.text)
                  000338b8    000000b0     rtsv7R4_A_be_v3D16_eabi.lib : vla_alloc.c.obj (.text:__vla_dealloc)
                  00033968    000000b0                                 : memset32.asm.obj (.text)
                  00033a18    000000b0     spi_io.obj (.text)
                  00033ac8    000000b0     rtsv7R4_A_be_v3D16_eabi.lib : memory.c.obj (.text:split)
                  00033b78    000000ac                                 : hostlseek.c.obj (.text:HOSTlseek)
                  00033c24    000000ac                                 : fflush.c.obj (.text:fflush)
                  00033cd0    000000a8                                 : fseek.c.obj (.text:fseek)
                  00033d78    000000a4                                 : hostrename.c.obj (.text:HOSTrename)
                  00033e1c    000000a0                                 : _io_perm.c.obj (.text:__TI_wrt_ok)
                  00033ebc    0000009c     csp_thread.obj (.text)
                  00033f58    0000009c     rtsv7R4_A_be_v3D16_eabi.lib : fprintf.c.obj (.text:fprintf)
                  00033ff4    0000009c                                 : printf.c.obj (.text:printf)
                  00034090    00000098                                 : hostopen.c.obj (.text:HOSTopen)
                  00034128    00000098                                 : _printfi.c.obj (.text:_ecpy)
                  000341c0    00000098                                 : close.c.obj (.text:close)
                  00034258    00000090                                 : hostread.c.obj (.text:HOSTread)
                  000342e8    00000090                                 : hostwrite.c.obj (.text:HOSTwrite)
                  00034378    00000090                                 : copy_decompress_lzss.c.obj (.text:decompress:lzss:__TI_decompress_lzss)
                  00034408    0000008c                                 : s_frexp.c.obj (.text:frexp)
                  00034494    00000088     namelen.obj (.text)
                  0003451c    00000088     temp_thread_task.obj (.text)
                  000345a4    00000084     rtsv7R4_A_be_v3D16_eabi.lib : fflush.c.obj (.text:__TI_doflush)
                  00034628    00000084                                 : atoi.c.obj (.text:atoi)
                  000346ac    00000080                                 : _ltoa.c.obj (.text:__TI_ltoa)
                  0003472c    0000007c     csp_clock.obj (.text)
                  000347a8    0000007c     rtsv7R4_A_be_v3D16_eabi.lib : exit.c.obj (.text:exit)
                  00034824    0000007c                                 : snprintf.c.obj (.text:snprintf)
                  000348a0    00000074                                 : hostclose.c.obj (.text:HOSTclose)
                  00034914    00000074                                 : _printfi.c.obj (.text:_pconv_f)
                  00034988    00000074     csp_malloc.obj (.text)
                  000349fc    00000070     rtsv7R4_A_be_v3D16_eabi.lib : hostunlink.c.obj (.text:HOSTunlink)
                  00034a6c    0000006c                                 : getdevice.c.obj (.text:getdevice)
                  00034ad8    00000068                                 : autoinit.c.obj (.text:__TI_auto_init_nobinit_nopinit:__TI_auto_init_nobinit_nopinit)
                  00034b40    00000064                                 : _printfi.c.obj (.text:_fcpy)
                  00034ba4    00000064                                 : sprintf.c.obj (.text:sprintf)
                  00034c08    00000060     osassert.obj (.text)
                  00034c68    0000005c     rtsv7R4_A_be_v3D16_eabi.lib : snprintf.c.obj (.text:_outs)
                  00034cc4    00000058     csp_if_lo.obj (.text)
                  00034d1c    00000054     rtsv7R4_A_be_v3D16_eabi.lib : fopen.c.obj (.text:__TI_cleanup)
                  00034d70    00000054                                 : trgmsg.c.obj (.text:__TI_readmsg)
                  00034dc4    00000054                                 : trgmsg.c.obj (.text:__TI_writemsg)
                  00034e18    00000054                                 : getdevice.c.obj (.text:finddevice)
                  00034e6c    00000054                                 : i_div32.asm.obj (.text)
                  00034ec0    00000054                                 : sscanf.c.obj (.text:sscanf)
                  00034f14    00000054                                 : strncasecmp.c.obj (.text:strncasecmp)
                  00034f68    00000050                                 : u_div32.asm.obj (.text)
                  00034fb8    0000004c                                 : rand.c.obj (.text:rand)
                  00035004    0000004c                                 : strncat.c.obj (.text:strncat)
                  00035050    0000004c                                 : strspn.c.obj (.text:strspn)
                  0003509c    00000048                                 : strncpy.c.obj (.text:strncpy)
                  000350e4    00000048                                 : unlink.c.obj (.text:unlink)
                  0003512c    00000044                                 : lseek.c.obj (.text:lseek)
                  00035170    00000044                                 : strcasecmp.c.obj (.text:strcasecmp)
                  000351b4    00000044                                 : strcspn.c.obj (.text:strcspn)
                  000351f8    00000044                                 : write.c.obj (.text:write)
                  0003523c    00000040     csp_time.obj (.text)
                  0003527c    00000040     csp_time.obj (.text)
                  000352bc    00000040     rtsv7R4_A_be_v3D16_eabi.lib : memory.c.obj (.text:free_list_insert)
                  000352fc    00000038                                 : rand.c.obj (.text:srand)
                  00035334    00000034                                 : memcmp.c.obj (.text:memcmp)
                  00035368    00000030                                 : sprintf.c.obj (.text:_outs)
                  00035398    00000030                                 : memory.c.obj (.text:free_list_remove)
                  000353c8    00000030                                 : memccpy.c.obj (.text:memccpy)
                  000353f8    0000002c                                 : snprintf.c.obj (.text:_outc)
                  00035424    0000002c                                 : memchr.c.obj (.text:memchr)
                  00035450    0000002c                                 : strrchr.c.obj (.text:strrchr)
                  0003547c    00000028                                 : strchr.c.obj (.text:strchr)
                  000354a4    00000028                                 : strcmp.c.obj (.text:strcmp)
                  000354cc    00000024                                 : ll_lsl32.asm.obj (.text)
                  000354f0    00000024                                 : ll_lsr32.asm.obj (.text)
                  00035514    00000024                                 : wcslen.c.obj (.text:wcslen)
                  00035538    00000020                                 : strlen.c.obj (.text:strlen)
                  00035558    0000001c                                 : sscanf.c.obj (.text:_inpchar)
                  00035574    0000001c                                 : s_copysign.c.obj (.text:copysign)
                  00035590    00000018     spi_io.obj (.text:SPI_CS_High)
                  000355a8    00000018     spi_io.obj (.text:SPI_CS_Low)
                  000355c0    00000018     osclock.obj (.text)
                  000355d8    00000018     rtsv7R4_A_be_v3D16_eabi.lib : strcpy.c.obj (.text:strcpy)
                  000355f0    00000014                                 : sprintf.c.obj (.text:_outc)
                  00035604    00000014     csp_endian.obj (.text:csp_htobe32)
                  00035618    00000014     csp_endian.obj (.text:csp_hton16)
                  0003562c    00000014     csp_endian.obj (.text:csp_hton32)
                  00035640    00000014     csp_endian.obj (.text:csp_htonflt)
                  00035654    00000014     csp_endian.obj (.text:csp_ntoh16)
                  00035668    00000014     csp_endian.obj (.text:csp_ntoh32)
                  0003567c    00000014     rtsv7R4_A_be_v3D16_eabi.lib : copy_decompress_none.c.obj (.text:decompress:none:__TI_decompress_none)
                  00035690    00000010                                 : sscanf.c.obj (.text:_uninpchar)
                  000356a0    00000010                                 : copy_zero_init.c.obj (.text:decompress:ZI:__TI_zero_init)
                  000356b0    0000000c     HL_sys_main.obj (.text)
                  000356bc    0000000c     sd_io.obj (.text:__SD_Assert)
                  000356c8    0000000c     sd_io.obj (.text:__SD_Deassert)
                  000356d4    0000000c     rtsv7R4_A_be_v3D16_eabi.lib : errno.c.obj (.text:__aeabi_errno_addr)
                  000356e0    0000000c                                 : memory.c.obj (.text:malloc)
                  000356ec    0000000c                                 : fputc.c.obj (.text:putchar)
                  000356f8    00000008     spi_io.obj (.text:SPI_Timer_Status)
                  00035700    00000008     rtsv7R4_A_be_v3D16_eabi.lib : exit.c.obj (.text:abort:abort)
                  00035708    00000004     HL_sys_startup.obj (.text)
                  0003570c    00000004     spi_io.obj (.text:SPI_Freq_High)
                  00035710    00000004     spi_io.obj (.text:SPI_Freq_Low)
                  00035714    00000004     spi_io.obj (.text:SPI_Timer_Off)
                  00035718    00000004     rtsv7R4_A_be_v3D16_eabi.lib : error.c.obj (.text:__abort_execution)
                  0003571c    00000004                                 : _lock.c.obj (.text:_nop)
                  00035720    00000004                                 : fprintf.c.obj (.text:_outc)
                  00035724    00000004                                 : printf.c.obj (.text:_outc)
                  00035728    00000004                                 : fprintf.c.obj (.text:_outs)
                  0003572c    00000004                                 : printf.c.obj (.text:_outs)
                  00035730    00000004     HL_sys_phantom.obj (.text:retain)
                  00035734    00000004     rtsv7R4_A_be_v3D16_eabi.lib : div0.asm.obj (.text)
                  00035738    00000004     sign.obj (.text)
                  0003573c    00000008     board_io_tests.obj (.tramp.blinky.1)

.const     0    00035760    00002963     
                  00035760    00002000     crc.obj (.const:aulCrc32Table$1)
                  00037760    00000400     csp_crc32.obj (.const:crc_tab)
                  00037b60    00000200     HL_sys_vim.obj (.const:s_vim_init)
                  00037d60    00000101     rtsv7R4_A_be_v3D16_eabi.lib : ctype.c.obj (.const:.string:_ctypes_)
                  00037e61    00000007                                 : _scanfi.c.obj (.const:.string:flit$1)
                  00037e68    00000080                                 : strtod.c.obj (.const:digits)
                  00037ee8    00000048                                 : strtod.c.obj (.const:powerof10)
                  00037f30    00000030     core.obj (.const:$P$T0$2)
                  00037f60    00000030     core.obj (.const:$P$T1$3)
                  00037f90    00000028     redconf.obj (.const:gaRedVolConf)
                  00037fb8    00000020     HL_can.obj (.const:s_canByteOrder)
                  00037fd8    00000018     csp_rtable_static.obj (.const:.string:$P$T2$1)
                  00037ff0    00000018     HL_adc.obj (.const:s_adcFiFoSize)
                  00038008    00000018     HL_adc.obj (.const:s_adcSelect)
                  00038020    00000011     csp_system.obj (.const:.string:$P$T1$2)
                  00038031    00000011     csp_rtable.obj (.const:.string:$P$T2$1)
                  00038042    00000002     csp_if_kiss.obj (.const:.string:$P$T2$1)
                  00038044    00000010     csp_rtable.obj (.const:$P$T7$3)
                  00038054    0000000f     csp_system.obj (.const:.string:$P$T0$1)
                  00038063    0000000f     csp_rtable.obj (.const:.string:$P$T6$2)
                  00038072    00000002     csp_if_kiss.obj (.const:.string:$P$T3$2)
                  00038074    0000000c     main.obj (.const:$P$T2$1)
                  00038080    0000000c     core.obj (.const)
                  0003808c    00000008     csp_qfifo.obj (.const:$P$T2$1)
                  00038094    00000008     csp_xtea.obj (.const:$P$T2$1)
                  0003809c    00000008     csp_xtea.obj (.const:$P$T3$2)
                  000380a4    00000008     board_io_tests.obj (.const:.string:$P$T0$1)
                  000380ac    00000008     csp_if_lo.obj (.const:.string)
                  000380b4    00000006     rtsv7R4_A_be_v3D16_eabi.lib : _scanfi.c.obj (.const:.string:barr$2)
                  000380ba    00000002     csp_if_kiss.obj (.const:.string:$P$T4$3)
                  000380bc    00000006     redconf.obj (.const:.string)
                  000380c2    00000001     csp_if_kiss.obj (.const:.string:$P$T5$4)

.kernelBSS 
*          0    08000800    00000104     UNINITIALIZED
                  08000800    000000d0     os_tasks.obj (.kernelBSS:uninit)
                  080008d0    00000034     os_tasks.obj (.kernelBSS:init)

.kernelHEAP 
*          0    08001000    00040000     UNINITIALIZED
                  08001000    00040000     os_heap.obj (.kernelHEAP)

.bss       0    08041000    0000294b     UNINITIALIZED
                  08041000    00001870     buffer.obj (.bss:gBufCtx)
                  08042870    00000730     posix.obj (.bss:gaHandle)
                  08042fa0    00000428     core.obj (.bss:gaCoreVol)
                  080433c8    00000120     rtsv7R4_A_be_v3D16_eabi.lib : trgmsg.c.obj (.bss:_CIOBUF_)
                  080434e8    00000108     csp_rtable_static.obj (.bss:rtable)
                  080435f0    000000a0     (.common:__TI_tmpnams)
                  08043690    00000084     dir.obj (.bss:de$1)
                  08043714    00000084     posix.obj (.bss:szGetCwdName$1)
                  08043798    00000078     HL_spi.obj (.bss:g_spiPacket_t)
                  08043810    00000050     HL_sci.obj (.bss:g_sciTransfer_t)
                  08043860    00000028     (.common:gaRedVolume)
                  08043888    00000020     (.common:csp_conf)
                  080438a8    00000018     HL_i2c.obj (.bss:g_i2cTransfer_t)
                  080438c0    00000010     csp_conn.obj (.bss)
                  080438d0    00000010     csp_hmac.obj (.bss:csp_hmac_key)
                  080438e0    00000010     csp_xtea.obj (.bss:csp_xtea_key)
                  080438f0    0000000c     (.common:service_queues)
                  080438fc    00000008     csp_buffer.obj (.bss)
                  08043904    00000008     posix.obj (.bss:gCwd)
                  0804390c    00000008     temp_detect.obj (.bss)
                  08043914    00000008     os_heap.obj (.bss:xStart)
                  0804391c    00000008     (.common:dev)
                  08043924    00000008     (.common:parmbuf)
                  0804392c    00000004     hal.obj (.bss:HAL_rtc)
                  08043930    00000004     csp_port.obj (.bss)
                  08043934    00000004     posix.obj (.bss:gauGeneration)
                  08043938    00000004     csp_qfifo.obj (.bss:qfifo)
                  0804393c    00000004     (.common:ErrorCode)
                  08043940    00000004     (.common:equipment_mutex)
                  08043944    00000004     (.common:sciData)
                  08043948    00000001     posix.obj (.bss)
                  08043949    00000001     (.common:gbRedVolNum)
                  0804394a    00000001     (.common:incomingData)

.data      0    0804394c    0000029c     UNINITIALIZED
                  0804394c    000000f0     rtsv7R4_A_be_v3D16_eabi.lib : defs.c.obj (.data:_ftable)
                  08043a3c    00000078                                 : host_device.c.obj (.data:_device)
                  08043ab4    00000050                                 : host_device.c.obj (.data:_stream)
                  08043b04    00000040     csp_if_lo.obj (.data:csp_if_lo)
                  08043b44    0000001c     csp_rdp.obj (.data)
                  08043b60    00000010     os_heap.obj (.data)
                  08043b70    00000010     rtsv7R4_A_be_v3D16_eabi.lib : defs.c.obj (.data)
                  08043b80    0000000c                                 : exit.c.obj (.data:$O1$$)
                  08043b8c    0000000c     TempSensor.obj (.data:Thermistor_Fit)
                  08043b98    00000008     rtsv7R4_A_be_v3D16_eabi.lib : _lock.c.obj (.data:$O1$$)
                  08043ba0    00000008                                 : memory.c.obj (.data:$O1$$)
                  08043ba8    00000008     csp_system.obj (.data)
                  08043bb0    00000008     os_port.obj (.data)
                  08043bb8    00000007     csp_debug.obj (.data:csp_debug_level_enabled)
                  08043bbf    00000001     csp_conn.obj (.data)
                  08043bc0    00000005     core.obj (.data)
                  08043bc5    00000001     housekeeping_service.obj (.data)
                  08043bc6    00000002     --HOLE--
                  08043bc8    00000004     csp_time.obj (.data)
                  08043bcc    00000004     csp_debug.obj (.data)
                  08043bd0    00000004     csp_iflist.obj (.data)
                  08043bd4    00000004     csp_service_handler.obj (.data)
                  08043bd8    00000004     posix.obj (.data)
                  08043bdc    00000004     rtsv7R4_A_be_v3D16_eabi.lib : errno.c.obj (.data)
                  08043be0    00000004                                 : rand.c.obj (.data)
                  08043be4    00000004                                 : vla_alloc.c.obj (.data)

__llvm_prf_cnts 
*          0    08001000    00000000     UNINITIALIZED

.sysmem    0    00005f08    00000800     UNINITIALIZED
                  00005f08    00000010     rtsv7R4_A_be_v3D16_eabi.lib : memory.c.obj (.sysmem)
                  00005f18    000007f0     --HOLE--

MODULE SUMMARY

       Module                        code     ro data   rw data
       ------                        ----     -------   -------
    .\Project\host\
       redconf.obj                   0        46        0      
    +--+-----------------------------+--------+---------+---------+
       Total:                        0        46        0      
                                                               
    .\ex2_obc_software\
       main.obj                      860      12        16     
       hal.obj                       224      0         4      
    +--+-----------------------------+--------+---------+---------+
       Total:                        1084     12        20     
                                                               
    .\ex2_obc_software\TempSensor\
       TempSensor.obj                1092     0         12     
       temp_detect.obj               504      0         12     
       temp_thread_task.obj          136      0         0      
    +--+-----------------------------+--------+---------+---------+
       Total:                        1732     0         24     
                                                               
    .\ex2_services\Platform\obc\
       obc.obj                       628      0         0      
    +--+-----------------------------+--------+---------+---------+
       Total:                        628      0         0      
                                                               
    .\ex2_services\Platform\obc\hal\
       obc_hal.obj                   248      0         0      
    +--+-----------------------------+--------+---------+---------+
       Total:                        248      0         0      
                                                               
    .\ex2_services\Services\
       service_utilities.obj         856      0         0      
       services.obj                  424      0         0      
       service_response.obj          404      0         0      
       time_management_service.obj   388      0         0      
       housekeeping_service.obj      268      0         1      
    +--+-----------------------------+--------+---------+---------+
       Total:                        2340     0         1      
                                                               
    .\libcsp\src\
       csp_conn.obj                  4028     0         17     
       csp_io.obj                    2900     0         0      
       csp_route.obj                 2420     0         0      
       csp_service_handler.obj       2332     0         4      
       csp_buffer.obj                1604     0         8      
       csp_crc32.obj                 496      1024      0      
       csp_iflist.obj                892      0         4      
       csp_qfifo.obj                 848      8         4      
       csp_port.obj                  820      0         4      
       csp_debug.obj                 556      0         11     
       csp_init.obj                  312      0         32     
       csp_strtok.obj                240      0         0      
       csp_endian.obj                120      0         0      
    +--+-----------------------------+--------+---------+---------+
       Total:                        17568    1032      84     
                                                               
    .\libcsp\src\arch\
       csp_system.obj                268      32        8      
       csp_time.obj                  64       0         4      
    +--+-----------------------------+--------+---------+---------+
       Total:                        332      32        12     
                                                               
    .\libcsp\src\arch\freertos\
       csp_semaphore.obj             572      0         0      
       csp_system.obj                392      0         0      
       csp_queue.obj                 288      0         0      
       csp_thread.obj                156      0         0      
       csp_clock.obj                 124      0         0      
       csp_malloc.obj                116      0         0      
       csp_time.obj                  64       0         0      
    +--+-----------------------------+--------+---------+---------+
       Total:                        1712     0         0      
                                                               
    .\libcsp\src\crypto\
       csp_sha1.obj                  3512     0         0      
       csp_xtea.obj                  1572     16        16     
       csp_hmac.obj                  1228     0         16     
    +--+-----------------------------+--------+---------+---------+
       Total:                        6312     16        32     
                                                               
    .\libcsp\src\drivers\usart\
       usart_m3.obj                  560      0         5      
       usart_kiss.obj                412      0         0      
    +--+-----------------------------+--------+---------+---------+
       Total:                        972      0         5      
                                                               
    .\libcsp\src\interfaces\
       csp_if_kiss.obj               1564     7         0      
       csp_if_lo.obj                 88       8         64     
    +--+-----------------------------+--------+---------+---------+
       Total:                        1652     15        64     
                                                               
    .\libcsp\src\rtable\
       csp_rtable.obj                1900     48        0      
       csp_rtable_static.obj         548      24        264    
    +--+-----------------------------+--------+---------+---------+
       Total:                        2448     72        264    
                                                               
    .\libcsp\src\transport\
       csp_rdp.obj                   13744    0         28     
       csp_udp.obj                   248      0         0      
    +--+-----------------------------+--------+---------+---------+
       Total:                        13992    0         28     
                                                               
    .\reliance_edge\core\driver\
       buffer.obj                    4400     0         6256   
       inodedata.obj                 10292    0         0      
       core.obj                      6476     108       1110   
       dir.obj                       4980     0         132    
       inode.obj                     4272     0         0      
       volume.obj                    2764     0         0      
       imap.obj                      1528     0         0      
       imapextern.obj                1304     0         0      
       blockio.obj                   1132     0         0      
       format.obj                    924      0         0      
       imapinline.obj                536      0         0      
    +--+-----------------------------+--------+---------+---------+
       Total:                        38608    108       7498   
                                                               
    .\reliance_edge\os\freertos\services\
       osbdev.obj                    1068     0         8      
       osoutput.obj                  180      0         0      
       osassert.obj                  96       0         0      
       osclock.obj                   24       0         0      
    +--+-----------------------------+--------+---------+---------+
       Total:                        1368     0         8      
                                                               
    .\reliance_edge\posix\
       posix.obj                     9528     0         1989   
       path.obj                      2272     0         0      
    +--+-----------------------------+--------+---------+---------+
       Total:                        11800    0         1989   
                                                               
    .\reliance_edge\util\
       crc.obj                       868      8192      0      
       string.obj                    992      0         0      
       memory.obj                    964      0         0      
       bitmap.obj                    324      0         0      
       namelen.obj                   136      0         0      
       sign.obj                      4        0         0      
    +--+-----------------------------+--------+---------+---------+
       Total:                        3288     8192      0      
                                                               
    .\source\
       os_heap.obj                   1524     0         262168 
       os_tasks.obj                  14072    0         260    
       HL_spi.obj                    8748     0         120    
       HL_sci.obj                    6592     0         80     
       os_queue.obj                  5352     0         0      
       HL_can.obj                    4740     32        0      
       HL_adc.obj                    3744     48        0      
       HL_sys_vim.obj                3192     512       0      
       HL_i2c.obj                    3292     0         24     
       os_mpu_wrappers.obj           2900     0         0      
       HL_pinmux.obj                 2548     0         0      
       HL_system.obj                 2460     0         0      
       HL_esm.obj                    2308     0         0      
       os_event_groups.obj           2136     0         0      
       HL_errata_SSWF021_45.obj      1636     0         0      
       os_port.obj                   1300     0         8      
       os_portasm.obj                1200     0         0      
       HL_gio.obj                    1172     0         0      
       HL_sys_core.obj               964      0         0      
       HL_sys_mpu.obj                876      0         0      
       os_list.obj                   568      0         0      
       HL_emif.obj                   504      0         0      
       HL_notification.obj           484      0         0      
       HL_sys_startup.obj            220      0         0      
       HL_sys_intvecs.obj            32       0         0      
       HL_sys_main.obj               12       0         0      
       HL_sys_phantom.obj            4        0         0      
    +--+-----------------------------+--------+---------+---------+
       Total:                        72580    592       262660 
                                                               
    .\source\athena_drivers\
       board_io_tests.obj            3424     8         0      
       sd_io.obj                     2324     0         0      
       spi_io.obj                    244      0         0      
    +--+-----------------------------+--------+---------+---------+
       Total:                        5992     8         0      
                                                               
    C:\ti\ccs1000\ccs\tools\compiler\ti-cgt-arm_20.2.0.LTS\lib\rtsv7R4_A_be_v3D16_eabi.lib
       _printfi.c.obj                6845     0         0      
       _scanfi.c.obj                 4564     13        0      
       strtod.c.obj                  1356     200       0      
       memory.c.obj                  1420     0         8      
       vla_alloc.c.obj               920      0         4      
       strtoll.c.obj                 712      0         0      
       ull_div32.asm.obj             696      0         0      
       strtoull.c.obj                576      0         0      
       strtol.c.obj                  500      0         0      
       trgmsg.c.obj                  168      0         288    
       strtoul.c.obj                 440      0         0      
       fputs.c.obj                   420      0         0      
       defs.c.obj                    0        0         416    
       memcpy32.asm.obj              384      0         0      
       setvbuf.c.obj                 344      0         0      
       sscanf.c.obj                  332      0         0      
       s_floor.c.obj                 316      0         0      
       fflush.c.obj                  304      0         0      
       s_scalbn.c.obj                288      0         0      
       fputc.c.obj                   268      0         0      
       snprintf.c.obj                260      0         0      
       ctype.c.obj                   0        257       0      
       host_device.c.obj             0        0         200    
       getdevice.c.obj               192      0         0      
       fclose.c.obj                  184      0         0      
       memset32.asm.obj              176      0         0      
       hostlseek.c.obj               172      0         0      
       fseek.c.obj                   168      0         0      
       sprintf.c.obj                 168      0         0      
       fprintf.c.obj                 164      0         0      
       hostrename.c.obj              164      0         0      
       printf.c.obj                  164      0         0      
       _io_perm.c.obj                160      0         0      
       hostopen.c.obj                152      0         8      
       close.c.obj                   152      0         0      
       copy_decompress_lzss.c.obj    144      0         0      
       exit.c.obj                    132      0         12     
       hostread.c.obj                144      0         0      
       hostwrite.c.obj               144      0         0      
       s_frexp.c.obj                 140      0         0      
       rand.c.obj                    132      0         4      
       atoi.c.obj                    132      0         0      
       _ltoa.c.obj                   128      0         0      
       hostclose.c.obj               116      0         0      
       hostunlink.c.obj              112      0         0      
       autoinit.c.obj                104      0         0      
       fopen.c.obj                   84       0         0      
       i_div32.asm.obj               84       0         0      
       strncasecmp.c.obj             84       0         0      
       u_div32.asm.obj               80       0         0      
       strncat.c.obj                 76       0         0      
       strspn.c.obj                  76       0         0      
       strncpy.c.obj                 72       0         0      
       unlink.c.obj                  72       0         0      
       lseek.c.obj                   68       0         0      
       strcasecmp.c.obj              68       0         0      
       strcspn.c.obj                 68       0         0      
       write.c.obj                   68       0         0      
       memcmp.c.obj                  52       0         0      
       memccpy.c.obj                 48       0         0      
       memchr.c.obj                  44       0         0      
       strrchr.c.obj                 44       0         0      
       strchr.c.obj                  40       0         0      
       strcmp.c.obj                  40       0         0      
       ll_lsl32.asm.obj              36       0         0      
       ll_lsr32.asm.obj              36       0         0      
       wcslen.c.obj                  36       0         0      
       strlen.c.obj                  32       0         0      
       s_copysign.c.obj              28       0         0      
       strcpy.c.obj                  24       0         0      
       copy_decompress_none.c.obj    20       0         0      
       copy_zero_init.c.obj          16       0         0      
       errno.c.obj                   12       0         4      
       _lock.c.obj                   4        0         8      
       div0.asm.obj                  4        0         0      
       error.c.obj                   4        0         0      
    +--+-----------------------------+--------+---------+---------+
       Total:                        25977    470       952    
                                                               
       Heap:                         0        0         2048   
       Linker Generated:             0        222       0      
    +--+-----------------------------+--------+---------+---------+
       Grand Total:                  210633   10817     275689 


LINKER GENERATED COPY TABLES

__TI_cinit_table @ 000067e8 records: 4, size/record: 8, table size: 32
	.data: load addr=00006720, load size=00000099 bytes, run addr=0804394c, run size=0000029c bytes, compression=lzss
	.kernelBSS: load addr=000067c8, load size=00000009 bytes, run addr=08000800, run size=00000104 bytes, compression=lzss
	.bss: load addr=000067d8, load size=00000008 bytes, run addr=08041000, run size=0000294b bytes, compression=zero_init
	.kernelHEAP: load addr=000067e0, load size=00000008 bytes, run addr=08001000, run size=00040000 bytes, compression=zero_init


LINKER GENERATED HANDLER TABLE

__TI_handler_table @ 000067bc records: 3, size/record: 4, table size: 12
	index: 0, handler: __TI_decompress_lzss
	index: 1, handler: __TI_decompress_none
	index: 2, handler: __TI_zero_init


FAR CALL TRAMPOLINES

callee name               trampoline name
   callee addr  tramp addr   call addr  call info
--------------  -----------  ---------  ----------------
blinky                    $Tramp$AA$L$PI$$blinky
   80000000     0003573c     0001f35c   board_io_tests.obj (.text)
gioSetBit                 $Tramp$AA$L$PI$$gioSetBit
   0002a828     80000098     80000010   board_io_tests.obj (.blinky_section)
                             80000054   board_io_tests.obj (.blinky_section)

[2 trampolines]
[3 trampoline calls]


GLOBAL SYMBOLS: SORTED ALPHABETICALLY BY Name 

address   name                                  
-------   ----                                  
800000a0  BlinkyEndAddr                         
000080c0  BlinkyLoadEnd                         
00008020  BlinkyLoadStart                       
000000a0  BlinkySize                            
80000000  BlinkyStartAddr                       
00035700  C$$EXIT                               
00034e0c  C$$IO$$                               
0001f1e0  CANRxTest                             
0001f168  CANTxTest                             
0804393c  ErrorCode                             
0001e920  GPIOGetBit                            
0001e7dc  GPIOSetBit                            
0001ea64  GPIOTxTest                            
00033358  HAL_RTC_GetTime                       
0003333c  HAL_RTC_SetTime                       
00033394  HAL_get_current_1                     
000333b0  HAL_get_current_2                     
000306d0  HAL_get_temp_data                     
00033378  HAL_get_temperature                   
000333cc  HAL_get_voltage_1                     
000333e8  HAL_get_voltage_2                     
0003317c  HAL_hk_report                         
00033168  HAL_sys_getTime                       
00033154  HAL_sys_setTime                       
000348a0  HOSTclose                             
00033b78  HOSTlseek                             
00034090  HOSTopen                              
00034258  HOSTread                              
00033d78  HOSTrename                            
000349fc  HOSTunlink                            
000342e8  HOSTwrite                             
0001eee0  I2CMasterRxTest                       
0001ee30  I2CMasterTxTest                       
0001efdc  I2CSlaveRxTest                        
0001f0c8  I2CSlaveTxTest                        
0001e760  InitIO                                
000200ac  MPU_eTaskGetState                     
00020260  MPU_pcTaskGetName                     
00020340  MPU_pvTaskGetThreadLocalStoragePointer
000204d0  MPU_ulTaskNotifyTake                  
0002068c  MPU_uxQueueMessagesWaiting            
000206c0  MPU_uxQueueSpacesAvailable            
00020234  MPU_uxTaskGetNumberOfTasks            
000202c8  MPU_uxTaskGetStackHighWaterMark       
000203b0  MPU_uxTaskGetSystemState              
00020078  MPU_uxTaskPriorityGet                 
00020a04  MPU_vEventGroupDelete                 
000206f4  MPU_vQueueDelete                      
0001ff84  MPU_vTaskAllocateMPURegions           
0001ffe4  MPU_vTaskDelay                        
00020010  MPU_vTaskDelayUntil                   
0001ffb8  MPU_vTaskDelete                       
000200e0  MPU_vTaskGetInfo                      
000203fc  MPU_vTaskList                         
0002012c  MPU_vTaskPrioritySet                  
0002018c  MPU_vTaskResume                       
000202fc  MPU_vTaskSetThreadLocalStoragePointer 
00020548  MPU_vTaskSetTimeOutState              
00020160  MPU_vTaskSuspend                      
000201b8  MPU_vTaskSuspendAll                   
00020928  MPU_xEventGroupClearBits              
000208a0  MPU_xEventGroupCreate                 
0002096c  MPU_xEventGroupSetBits                
000209b0  MPU_xEventGroupSync                   
000208cc  MPU_xEventGroupWaitBits               
00020754  MPU_xQueueCreateCountingSemaphore     
00020720  MPU_xQueueCreateMutex                 
00020810  MPU_xQueueGenericCreate               
00020638  MPU_xQueueGenericReceive              
0002085c  MPU_xQueueGenericReset                
000205e4  MPU_xQueueGenericSend                 
000207dc  MPU_xQueueGiveMutexRecursive          
00020798  MPU_xQueueTakeMutexRecursive          
00020044  MPU_xTaskAbortDelay                   
00020574  MPU_xTaskCheckForTimeOut              
0001fedc  MPU_xTaskCreate                       
0001ff40  MPU_xTaskCreateRestricted             
00020428  MPU_xTaskGenericNotify                
00020294  MPU_xTaskGetHandle                    
00020384  MPU_xTaskGetIdleTaskHandle            
000205b8  MPU_xTaskGetSchedulerState            
00020208  MPU_xTaskGetTickCount                 
00020514  MPU_xTaskNotifyStateClear             
0002047c  MPU_xTaskNotifyWait                   
000201dc  MPU_xTaskResumeAll                    
00032484  RedBitClear                           
000323b8  RedBitGet                             
0003242c  RedBitSet                             
00017320  RedBufferBranch                       
000172b8  RedBufferDirty                        
000173d8  RedBufferDiscard                      
0001747c  RedBufferDiscardRange                 
00017168  RedBufferFlush                        
00016d5c  RedBufferGet                          
00016cf0  RedBufferInit                         
00017098  RedBufferPut                          
00010b1c  RedCoreCreate                         
00011c30  RedCoreDirParent                      
00011ba0  RedCoreDirRead                        
0001174c  RedCoreFileRead                       
000119c8  RedCoreFileTruncate                   
000117fc  RedCoreFileWrite                      
000103dc  RedCoreInit                           
00010db4  RedCoreLink                           
00011298  RedCoreLookup                         
0001133c  RedCoreRename                         
00011658  RedCoreStat                           
00010ac0  RedCoreTransMaskGet                   
00010a40  RedCoreTransMaskSet                   
00010760  RedCoreUninit                         
00011010  RedCoreUnlink                         
000107a8  RedCoreVolFormat                      
000107b4  RedCoreVolMount                       
00010774  RedCoreVolSetCurrent                  
000108e0  RedCoreVolStat                        
00010860  RedCoreVolTransact                    
000107c0  RedCoreVolUnmount                     
0002ce84  RedCrc32Update                        
0002d154  RedCrcNode                            
00013524  RedDirEntryCreate                     
00013714  RedDirEntryDelete                     
0001396c  RedDirEntryLookup                     
00013ccc  RedDirEntryRead                       
00013fb0  RedDirEntryRename                     
00029524  RedImapAllocBlock                     
00029210  RedImapBlockGet                       
000292d0  RedImapBlockSet                       
000296d4  RedImapBlockState                     
00029d54  RedImapEBlockGet                      
00029ea0  RedImapEBlockSet                      
00030144  RedImapIBlockGet                      
00030214  RedImapIBlockSet                      
0002a1c4  RedImapNodeBlock                      
00018d34  RedInodeBitGet                        
00018824  RedInodeBranch                        
00018000  RedInodeCreate                        
0000b670  RedInodeDataRead                      
0000cbfc  RedInodeDataSeek                      
0000cb84  RedInodeDataSeekAndRead               
0000bf64  RedInodeDataTruncate                  
0000ba14  RedInodeDataWrite                     
00018228  RedInodeDelete                        
000183c4  RedInodeFree                          
00018aa0  RedInodeIsFree                        
000182e4  RedInodeLinkDec                       
00017e20  RedInodeMount                         
00018598  RedInodePut                           
000185f4  RedInodePutCoord                      
000186dc  RedInodePutData                       
00018634  RedInodePutDindir                     
00018688  RedInodePutIndir                      
0002af4c  RedIoFlush                            
0002abbc  RedIoRead                             
0002ad84  RedIoWrite                            
0002c2b8  RedMemCmp                             
0002c03c  RedMemCpy                             
0002c0fc  RedMemMove                            
0002c214  RedMemSet                             
00034494  RedNameLen                            
00034c08  RedOsAssertFail                       
0002b634  RedOsBDevClose                        
0002b858  RedOsBDevFlush                        
0002b5f8  RedOsBDevOpen                         
0002b668  RedOsBDevRead                         
0002b760  RedOsBDevWrite                        
000355d0  RedOsClockGetTime                     
000355c0  RedOsClockInit                        
000355c8  RedOsClockUninit                      
00033804  RedOsOutputString                     
000263b4  RedPathLookup                         
00026420  RedPathToName                         
00026314  RedPathVolumeLookup                   
00026150  RedPathVolumePrefixLookup             
00035738  RedSignOn                             
0002b918  RedStrCmp                             
0002b898  RedStrLen                             
0002ba30  RedStrNCmp                            
0002bb64  RedStrNCpy                            
00021334  RedVolCriticalError                   
0002c400  RedVolFormat                          
00020a30  RedVolMount                           
00020aa4  RedVolMountMaster                     
00020c14  RedVolMountMetaroot                   
00021388  RedVolSeqNumIncrement                 
00021070  RedVolTransact                        
0001f304  SDRAM_Test                            
00025c98  SD_Init                               
00025f94  SD_Read                               
00026124  SD_Status                             
000260e0  SD_Write                              
UNDEFED   SHT$$INIT_ARRAY$$Base                 
UNDEFED   SHT$$INIT_ARRAY$$Limit                
0001ec84  SPIMasterRxTest                       
0001ec08  SPIMasterTxTest                       
0001eda0  SPISlaveRxTest                        
0001ed24  SPISlaveTxTest                        
00035590  SPI_CS_High                           
000355a8  SPI_CS_Low                            
0003570c  SPI_Freq_High                         
00035710  SPI_Freq_Low                          
00033a18  SPI_Init                              
00033a1c  SPI_RW                                
00033a6c  SPI_Release                           
00035714  SPI_Timer_Off                         
00033aa8  SPI_Timer_On                          
000356f8  SPI_Timer_Status                      
00012a6c  SpiRxStatus                           
000129e0  SpiTxStatus                           
0001eb80  UARTRxTest                            
0001eb3c  UARTTxTest                            
080433c8  __CIOBUF_                             
000356bc  __SD_Assert                           
000356c8  __SD_Deassert                         
00025854  __SD_Power_Of_Two                     
00025a98  __SD_Sectors                          
000258c8  __SD_Send_Cmd                         
000258a4  __SD_Speed_Transfer                   
000259c0  __SD_Write_Block                      
00000800  __SYSMEM_SIZE                         
000067e8  __TI_CINIT_Base                       
00006808  __TI_CINIT_Limit                      
000067bc  __TI_Handler_Table_Base               
000067c8  __TI_Handler_Table_Limit              
0002c034  __TI_PINIT_Base                       
0002c038  __TI_PINIT_Limit                      
00034ad8  __TI_auto_init_nobinit_nopinit        
00034d1c  __TI_cleanup                          
08043b80  __TI_cleanup_ptr                      
0003374c  __TI_closefile                        
00034378  __TI_decompress_lzss                  
0003567c  __TI_decompress_none                  
000345a4  __TI_doflush                          
08043b84  __TI_dtors_ptr                        
08043b88  __TI_enable_exit_profile_output       
08043b70  __TI_ft_end                           
000346ac  __TI_ltoa                             
ffffffff  __TI_pprof_out_hndl                   
0001ae80  __TI_printfi                          
ffffffff  __TI_prof_data_size                   
ffffffff  __TI_prof_data_start                  
00034d70  __TI_readmsg                          
00015b20  __TI_scanfi                           
00000000  __TI_static_base__                    
080435f0  __TI_tmpnams                          
00034dc4  __TI_writemsg                         
00033e1c  __TI_wrt_ok                           
000356a0  __TI_zero_init                        
00035718  __abort_execution                     
000356d4  __aeabi_errno_addr                    
00034e6c  __aeabi_idiv                          
00035734  __aeabi_idiv0                         
00034e6c  __aeabi_idivmod                       
00035734  __aeabi_ldiv0                         
000354cc  __aeabi_llsl                          
000354f0  __aeabi_llsr                          
00033968  __aeabi_memclr                        
00033968  __aeabi_memclr4                       
00033968  __aeabi_memclr8                       
000319f4  __aeabi_memcpy                        
000319f4  __aeabi_memcpy4                       
000319f4  __aeabi_memcpy8                       
0003396c  __aeabi_memset                        
0003396c  __aeabi_memset4                       
0003396c  __aeabi_memset8                       
08043b7c  __aeabi_stderr                        
08043b74  __aeabi_stdin                         
08043b78  __aeabi_stdout                        
00034f68  __aeabi_uidiv                         
00034f68  __aeabi_uidivmod                      
0002e800  __aeabi_uldivmod                      
ffffffff  __binit__                             
ffffffff  __c_args__                            
08001000  __start___llvm_prf_cnts               
08001000  __stop___llvm_prf_cnts                
0002fcfc  __vla_alloc                           
000338b8  __vla_dealloc                         
0003341c  _c_int00                              
0002bfe8  _cacheDisable_                        
0002bfa4  _cacheEnable_                         
0002bf84  _checkMemInitOn_                      
0002be90  _coreClearAuxiliaryDataFault_         
0002bea4  _coreClearAuxiliaryInstructionFault_  
0002be68  _coreClearDataFaultAddress_           
0002be40  _coreClearDataFault_                  
0002be7c  _coreClearInstructionFaultAddress_    
0002be54  _coreClearInstructionFault_           
0002be18  _coreDisableEventBusExport_           
0002be08  _coreEnableEventBusExport_            
0002be28  _coreEnableIrqVicOffset_              
0002bdf0  _coreEnableVfp_                       
0002be88  _coreGetAuxiliaryDataFault_           
0002be9c  _coreGetAuxiliaryInstructionFault_    
0002be60  _coreGetDataFaultAddress_             
0002be38  _coreGetDataFault_                    
0002be74  _coreGetInstructionFaultAddress_      
0002be4c  _coreGetInstructionFault_             
0002bc78  _coreInitRegisters_                   
0002bd84  _coreInitStackPointer_                
00037d60  _ctypes_                              
0002c00c  _dCacheInvalidate_                    
08043a3c  _device                               
0002beb0  _disable_IRQ_interrupt_               
0002beb8  _enable_IRQ_interrupt_                
0002bec0  _enable_interrupt_                    
00027928  _errata_SSWF021_45_both_plls          
00027b1c  _errata_SSWF021_45_pll1               
00027c94  _errata_SSWF021_45_pll2               
0002bec8  _esmCcmErrorsClear_                   
0804394c  _ftable                               
0002bdd0  _getCPSRValue_                        
0002bdd8  _gotoCPUIdle_                         
0002c020  _iCacheInvalidate_                    
08043b98  _lock                                 
0002bf50  _memInit_                             
0002ce2c  _mpuAreRegionsSeparate_               
0002ce10  _mpuDisableBackgroundRegion_          
0002cde8  _mpuDisable_                          
0002ce00  _mpuEnableBackgroundRegion_           
0002cdd0  _mpuEnable_                           
0002ce20  _mpuGetNumberOfRegions_               
0002ce50  _mpuGetRegionBaseAddress_             
0002ce70  _mpuGetRegionPermission_              
0002ce64  _mpuGetRegionType_                    
0002ce40  _mpuGetRegion_                        
0002cb18  _mpuInit_                             
0002ce48  _mpuSetRegionBaseAddress_             
0002ce7c  _mpuSetRegionSizeRegister_            
0002ce58  _mpuSetRegionTypeAndPermission_       
0002ce38  _mpuSetRegion_                        
0003571c  _nop                                  
08043ab4  _stream                               
00005f08  _sys_memory                           
UNDEFED   _system_post_cinit                    
08043b9c  _unlock                               
00035700  abort                                 
0001c800  adc1GetConfigValue                    
0001ca00  adc2GetConfigValue                    
0001c3dc  adcCalibration                        
0001c7a0  adcDisableNotification                
0001c750  adcEnableNotification                 
0001c1b4  adcGetData                            
0001c7e8  adcGetEVTPin                          
0001be2c  adcInit                               
0001c3ac  adcIsConversionComplete               
0001c37c  adcIsFifoFull                         
0001c5b4  adcMidPointCalibration                
00030b7c  adcNotification                       
0001c18c  adcResetFiFo                          
0001c7c8  adcSetEVTPin                          
0001c0e0  adcStartConversion                    
0001c164  adcStopConversion                     
00031218  aligned_alloc                         
00034628  atoi                                  
ffffffff  binit                                 
80000000  blinky                                
00015478  can1GetConfigValue                    
000155d0  can2GetConfigValue                    
00015728  can3GetConfigValue                    
00015900  can4GetConfigValue                    
00015318  canDisableErrorNotification           
000152f8  canDisableStatusChangeNotification    
00015370  canDisableloopback                    
000152b8  canEnableErrorNotification            
000152d8  canEnableStatusChangeNotification     
00015338  canEnableloopback                     
00030b90  canErrorNotification                  
00015060  canFillMessageObjectData              
00014d88  canGetData                            
00015294  canGetErrorLevel                      
00014ee0  canGetID                              
00015270  canGetLastError                       
00014898  canInit                               
0001545c  canIoRxGetBit                         
000153a0  canIoSetDirection                     
000153f0  canIoSetPort                          
00015440  canIoTxGetBit                         
00015214  canIsMessageBoxValid                  
000151b8  canIsRxMessageArrived                 
0001515c  canIsTxMessagePending                 
00014fc0  canSendRemoteFrame                    
00030ba4  canStatusChangeNotification           
00014c8c  canTransmit                           
00014f48  canUpdateID                           
000341c0  close                                 
0002d5bc  cnv16_8                               
0002d570  cnv32_8                               
0002d678  cnv8_16                               
0002d640  cnv8_16LE                             
0002d5f0  cnv8_32                               
0002d7c8  cnv8_D                                
0002d6fc  cnv8_F                                
0002d74c  cnvD_8                                
0002d6b0  cnvF_8                                
00035574  copysign                              
00035574  copysignl                             
00030c80  crcNotification                       
0001f448  csp_accept                            
0002f4a8  csp_bin_sem_create                    
0002f5a0  csp_bin_sem_post                      
0002f5f8  csp_bin_sem_post_isr                  
0002f4f8  csp_bin_sem_remove                    
0002f530  csp_bin_sem_wait                      
0002e08c  csp_bind                              
00028414  csp_buffer_clone                      
00028498  csp_buffer_data_size                  
000282e0  csp_buffer_free                       
0002825c  csp_buffer_free_isr                   
00028070  csp_buffer_free_resources             
00028148  csp_buffer_get                        
000280b8  csp_buffer_get_isr                    
00027f8c  csp_buffer_init                       
00028474  csp_buffer_remaining                  
00028488  csp_buffer_size                       
0002c8c4  csp_bytesize                          
0003499c  csp_calloc                            
0003472c  csp_clock_get_time                    
00034754  csp_clock_set_time                    
0001a708  csp_close                             
00024fa4  csp_cmp_set_memcpy                    
08043888  csp_conf                              
0001a52c  csp_conn_allocate                     
00019ec4  csp_conn_check_timeouts               
0001a720  csp_conn_close                        
0001ab38  csp_conn_dport                        
0001ab84  csp_conn_dst                          
00019f64  csp_conn_enqueue_packet               
0001a324  csp_conn_find                         
0001abbc  csp_conn_flags                        
0001a224  csp_conn_free_resources               
0001adcc  csp_conn_get_array                    
00019f50  csp_conn_get_rxq                      
0001a028  csp_conn_init                         
0001a6b0  csp_conn_new                          
0001abd4  csp_conn_print_table                  
0001aca4  csp_conn_print_table_str              
0001ab68  csp_conn_sport                        
0001aba0  csp_conn_src                          
0001a8a4  csp_connect                           
000309bc  csp_crc32_append                      
00030940  csp_crc32_memory                      
00030a70  csp_crc32_verify                      
0002fc5c  csp_debug_get_level                   
08043bcc  csp_debug_hook_func                   
0002fad0  csp_debug_hook_set                    
08043bb8  csp_debug_level_enabled               
0002fc2c  csp_debug_set_level                   
0002fc8c  csp_debug_toggle_level                
000349e8  csp_free                              
00032878  csp_free_resources                    
000327a4  csp_get_address                       
000328a4  csp_get_conf                          
0003527c  csp_get_ms                            
00035288  csp_get_ms_isr                        
00035294  csp_get_s                             
000352a8  csp_get_s_isr                         
0003523c  csp_get_uptime_s                      
0002a59c  csp_hmac_append                       
0002a4b4  csp_hmac_memory                       
0002a560  csp_hmac_set_key                      
0002a664  csp_hmac_verify                       
00035604  csp_htobe32                           
00035618  csp_hton16                            
0003562c  csp_hton32                            
00035640  csp_htonflt                           
08043b04  csp_if_lo                             
0002c7f8  csp_iflist_add                        
0002c8b8  csp_iflist_get                        
0002c79c  csp_iflist_get_by_name                
0002c974  csp_iflist_print                      
000327b0  csp_init                              
000290ec  csp_kiss_add_interface                
00028da8  csp_kiss_rx                           
00028bf4  csp_kiss_tx                           
0002e028  csp_listen                            
00034988  csp_malloc                            
0002f42c  csp_mutex_create                      
0002f478  csp_mutex_lock                        
0002f464  csp_mutex_remove                      
0002f494  csp_mutex_unlock                      
00035654  csp_ntoh16                            
00035668  csp_ntoh32                            
0002e008  csp_port_free_resources               
0002df28  csp_port_get_socket                   
0002dfc8  csp_port_init                         
0002d920  csp_qfifo_free_resources              
0002d89c  csp_qfifo_init                        
0002d988  csp_qfifo_read                        
0002db2c  csp_qfifo_wake_up                     
0002d9bc  csp_qfifo_write                       
000329ec  csp_queue_create                      
00032a84  csp_queue_dequeue                     
00032ac0  csp_queue_dequeue_isr                 
00032a20  csp_queue_enqueue                     
00032a5c  csp_queue_enqueue_isr                 
00032a0c  csp_queue_remove                      
00032ae4  csp_queue_size                        
00032af8  csp_queue_size_isr                    
00009114  csp_rdp_check_ack                     
000092e4  csp_rdp_check_timeouts                
0000b0a4  csp_rdp_close                         
0000b514  csp_rdp_conn_print                    
0000a740  csp_rdp_connect                       
00008fe8  csp_rdp_flush_all                     
0000b074  csp_rdp_free_resources                
0000b450  csp_rdp_get_opt                       
0000aeac  csp_rdp_init                          
0000990c  csp_rdp_new_packet                    
0000ab24  csp_rdp_send                          
0000b3ec  csp_rdp_set_opt                       
0001f4ac  csp_read                              
0001fc20  csp_recvfrom                          
000244f4  csp_route_start_task                  
00024038  csp_route_work                        
00027498  csp_rtable_check                      
000277ac  csp_rtable_clear                      
0002ff20  csp_rtable_find_route                 
0003002c  csp_rtable_free                       
00030044  csp_rtable_iterate                    
00027480  csp_rtable_load                       
00027870  csp_rtable_print                      
00027744  csp_rtable_save                       
000274b0  csp_rtable_set                        
0002ff70  csp_rtable_set_internal               
0001f824  csp_send                              
0001f58c  csp_send_direct                       
0001f900  csp_send_prio                         
0001fc90  csp_sendto                            
0001fdf8  csp_sendto_reply                      
000254bc  csp_service_handler                   
0001d78c  csp_sha1_done                         
0001d5bc  csp_sha1_init                         
0001da20  csp_sha1_memory                       
0001d624  csp_sha1_process                      
00033f44  csp_sleep_ms                          
0001f388  csp_socket                            
00031714  csp_sys_memfree                       
00032d60  csp_sys_reboot                        
00031720  csp_sys_set_color                     
00032d44  csp_sys_set_reboot                    
00032dac  csp_sys_set_shutdown                  
00032dc8  csp_sys_shutdown                      
000316e8  csp_sys_tasklist                      
00031700  csp_sys_tasklist_size                 
00033ebc  csp_thread_create                     
00033f34  csp_thread_exit                       
0001fa00  csp_transaction_persistent            
0001fb98  csp_transaction_w_opts                
0003305c  csp_udp_new_packet                    
0002f968  csp_usart_open                        
00031448  csp_usart_open_and_add_kiss_interface 
0002f8f4  csp_usart_write                       
00028b14  csp_xtea_decrypt                      
00028b38  csp_xtea_decrypt_packet               
00028960  csp_xtea_encrypt                      
00028a5c  csp_xtea_encrypt_packet               
00028924  csp_xtea_set_key                      
00023be0  customTrimLPO                         
00030bcc  dccNotification                       
00030554  demo_get_temp                         
0804391c  dev                                   
00030b68  dmaGroupANotification                 
0002faec  do_csp_debug                          
0000213c  eTaskConfirmSleepModeStatus           
000008b0  eTaskGetState                         
00030ccc  ecapNotification                      
00030c58  edgeNotification                      
00030d04  emacRxNotification                    
00030cf4  emacTxNotification                    
00030360  emifGetConfigValue                    
0003035c  emif_SDRAMInit                        
000304b8  emif_SDRAM_StartupInit                
00030ce0  epcCAMFullNotification                
00030ce4  epcFIFOFullNotification               
00030cb8  eqepNotification                      
08043940  equipment_mutex                       
08043bdc  errno                                 
00026c40  esmActivateNormalOperation            
00026d8c  esmClearStatus                        
00026df0  esmClearStatusBuffer                  
00026dcc  esmClearStatusUpper                   
00026bec  esmDisableError                       
00026c14  esmDisableErrorUpper                  
00026c94  esmDisableInterrupt                   
00026cbc  esmDisableInterruptUpper              
00026ba8  esmEnableError                        
00026bd0  esmEnableErrorUpper                   
00026c50  esmEnableInterrupt                    
00026c78  esmEnableInterruptUpper               
00026f20  esmEnterSelfTest                      
00026b8c  esmError                              
00026ff8  esmGetConfigValue                     
00026e2c  esmGetStatus                          
00026ef8  esmGetStatusBuffer                    
00026eb0  esmGetStatusUpper                     
0002fa94  esmGroup1Notification                 
0002faa4  esmGroup2Notification                 
00030b58  esmGroup3Notification                 
00031b74  esmHighInterrupt                      
00026a30  esmInit                               
00026fa8  esmSelfTestStatus                     
00026e0c  esmSetCounterPreloadValue             
00026cd8  esmSetInterruptLevel                  
00026d4c  esmSetInterruptLevelUpper             
00026c30  esmTriggerErrorPinReset               
00030c94  etpwmNotification                     
00030ca4  etpwmTripNotification                 
0002d544  ex2_log                               
0002d2f4  ex2_main                              
000347a8  exit                                  
00033c24  fflush                                
00034e18  finddevice                            
00032640  floor                                 
00032640  floorl                                
00033f58  fprintf                               
[...]
0002b158  thermistor_calibration                
0002b5f8  RedOsBDevOpen                         
0002b634  RedOsBDevClose                        
0002b668  RedOsBDevRead                         
0002b760  RedOsBDevWrite                        
0002b858  RedOsBDevFlush                        
0002b898  RedStrLen                             
0002b918  RedStrCmp                             
0002ba30  RedStrNCmp                            
0002bb64  RedStrNCpy                            
0002bc78  _coreInitRegisters_                   
0002bd84  _coreInitStackPointer_                
0002bdd0  _getCPSRValue_                        
0002bdd8  _gotoCPUIdle_                         
0002bdf0  _coreEnableVfp_                       
0002be08  _coreEnableEventBusExport_            
0002be18  _coreDisableEventBusExport_           
0002be28  _coreEnableIrqVicOffset_              
0002be38  _coreGetDataFault_                    
0002be40  _coreClearDataFault_                  
0002be4c  _coreGetInstructionFault_             
0002be54  _coreClearInstructionFault_           
0002be60  _coreGetDataFaultAddress_             
0002be68  _coreClearDataFaultAddress_           
0002be74  _coreGetInstructionFaultAddress_      
0002be7c  _coreClearInstructionFaultAddress_    
0002be88  _coreGetAuxiliaryDataFault_           
0002be90  _coreClearAuxiliaryDataFault_         
0002be9c  _coreGetAuxiliaryInstructionFault_    
0002bea4  _coreClearAuxiliaryInstructionFault_  
0002beb0  _disable_IRQ_interrupt_               
0002beb8  _enable_IRQ_interrupt_                
0002bec0  _enable_interrupt_                    
0002bec8  _esmCcmErrorsClear_                   
0002bf50  _memInit_                             
0002bf84  _checkMemInitOn_                      
0002bfa4  _cacheEnable_                         
0002bfe8  _cacheDisable_                        
0002c00c  _dCacheInvalidate_                    
0002c020  _iCacheInvalidate_                    
0002c034  __TI_PINIT_Base                       
0002c038  __TI_PINIT_Limit                      
0002c03c  RedMemCpy                             
0002c0fc  RedMemMove                            
0002c214  RedMemSet                             
0002c2b8  RedMemCmp                             
0002c400  RedVolFormat                          
0002c79c  csp_iflist_get_by_name                
0002c7f8  csp_iflist_add                        
0002c8b8  csp_iflist_get                        
0002c8c4  csp_bytesize                          
0002c974  csp_iflist_print                      
0002cb18  _mpuInit_                             
0002cdd0  _mpuEnable_                           
0002cde8  _mpuDisable_                          
0002ce00  _mpuEnableBackgroundRegion_           
0002ce10  _mpuDisableBackgroundRegion_          
0002ce20  _mpuGetNumberOfRegions_               
0002ce2c  _mpuAreRegionsSeparate_               
0002ce38  _mpuSetRegion_                        
0002ce40  _mpuGetRegion_                        
0002ce48  _mpuSetRegionBaseAddress_             
0002ce50  _mpuGetRegionBaseAddress_             
0002ce58  _mpuSetRegionTypeAndPermission_       
0002ce64  _mpuGetRegionType_                    
0002ce70  _mpuGetRegionPermission_              
0002ce7c  _mpuSetRegionSizeRegister_            
0002ce84  RedCrc32Update                        
0002d154  RedCrcNode                            
0002d2f4  ex2_main                              
0002d444  vAssertCalled                         
0002d544  ex2_log                               
0002d550  set_packet_length                     
0002d570  cnv32_8                               
0002d5bc  cnv16_8                               
0002d5f0  cnv8_32                               
0002d640  cnv8_16LE                             
0002d678  cnv8_16                               
0002d6b0  cnvF_8                                
0002d6fc  cnv8_F                                
0002d74c  cnvD_8                                
0002d7c8  cnv8_D                                
0002d848  htons                                 
0002d888  ntohs                                 
0002d89c  csp_qfifo_init                        
0002d920  csp_qfifo_free_resources              
0002d988  csp_qfifo_read                        
0002d9bc  csp_qfifo_write                       
0002db2c  csp_qfifo_wake_up                     
0002dbec  vimECCErrorHandler                    
0002df28  csp_port_get_socket                   
0002dfc8  csp_port_init                         
0002e008  csp_port_free_resources               
0002e028  csp_listen                            
0002e08c  csp_bind                              
0002e538  strtoll                               
0002e800  __aeabi_uldivmod                      
0002eda8  start_service_handlers                
0002f1ec  strtoull                              
0002f42c  csp_mutex_create                      
0002f464  csp_mutex_remove                      
0002f478  csp_mutex_lock                        
0002f494  csp_mutex_unlock                      
0002f4a8  csp_bin_sem_create                    
0002f4f8  csp_bin_sem_remove                    
0002f530  csp_bin_sem_wait                      
0002f5a0  csp_bin_sem_post                      
0002f5f8  csp_bin_sem_post_isr                  
0002f668  vListInitialise                       
0002f6c0  vListInitialiseItem                   
0002f6dc  vListInsertEnd                        
0002f750  vListInsert                           
0002f814  uxListRemove                          
0002f8a0  usart_rx_thread                       
0002f8f4  csp_usart_write                       
0002f968  csp_usart_open                        
0002fa34  sciNotification                       
0002fa94  esmGroup1Notification                 
0002faa4  esmGroup2Notification                 
0002fad0  csp_debug_hook_set                    
0002faec  do_csp_debug                          
0002fc2c  csp_debug_set_level                   
0002fc5c  csp_debug_get_level                   
0002fc8c  csp_debug_toggle_level                
0002fcfc  __vla_alloc                           
0002ff20  csp_rtable_find_route                 
0002ff70  csp_rtable_set_internal               
0003002c  csp_rtable_free                       
00030044  csp_rtable_iterate                    
00030144  RedImapIBlockGet                      
00030214  RedImapIBlockSet                      
0003035c  emif_SDRAMInit                        
00030360  emifGetConfigValue                    
000304b8  emif_SDRAM_StartupInit                
00030554  demo_get_temp                         
000306d0  HAL_get_temp_data                     
0003074c  strtol                                
00030940  csp_crc32_memory                      
000309bc  csp_crc32_append                      
00030a70  csp_crc32_verify                      
00030b58  esmGroup3Notification                 
00030b68  dmaGroupANotification                 
00030b7c  adcNotification                       
00030b90  canErrorNotification                  
00030ba4  canStatusChangeNotification           
00030bcc  dccNotification                       
00030be0  gioNotification                       
00030bf4  i2cNotification                       
00030c1c  spiNotification                       
00030c30  spiEndNotification                    
00030c40  pwmNotification                       
00030c58  edgeNotification                      
00030c6c  hetNotification                       
00030c80  crcNotification                       
00030c94  etpwmNotification                     
00030ca4  etpwmTripNotification                 
00030cb8  eqepNotification                      
00030ccc  ecapNotification                      
00030ce0  epcCAMFullNotification                
00030ce4  epcFIFOFullNotification               
00030cf4  emacTxNotification                    
00030d04  emacRxNotification                    
00030d14  strtoul                               
00030ecc  service_server                        
00030fe8  start_service_server                  
00031074  fputs                                 
00031218  aligned_alloc                         
00031218  memalign                              
00031448  csp_usart_open_and_add_kiss_interface 
00031554  service_response_task                 
0003160c  queue_response                        
00031644  start_service_response                
000316e8  csp_sys_tasklist                      
00031700  csp_sys_tasklist_size                 
00031714  csp_sys_memfree                       
00031720  csp_sys_set_color                     
00031870  time_management_app                   
000319f4  __aeabi_memcpy                        
000319f4  __aeabi_memcpy4                       
000319f4  __aeabi_memcpy8                       
000319f4  memcpy                                
00031b74  esmHighInterrupt                      
00031cec  free                                  
00032098  xTaskNotifyStateClear                 
00032114  setvbuf                               
0003226c  realloc                               
000323b8  RedBitGet                             
0003242c  RedBitSet                             
00032484  RedBitClear                           
00032640  floor                                 
00032640  floorl                                
000327a4  csp_get_address                       
000327b0  csp_init                              
00032878  csp_free_resources                    
000328a4  csp_get_conf                          
000329ec  csp_queue_create                      
00032a0c  csp_queue_remove                      
00032a20  csp_queue_enqueue                     
00032a5c  csp_queue_enqueue_isr                 
00032a84  csp_queue_dequeue                     
00032ac0  csp_queue_dequeue_isr                 
00032ae4  csp_queue_size                        
00032af8  csp_queue_size_isr                    
00032b0c  ldexp                                 
00032b0c  ldexpl                                
00032b0c  scalbn                                
00032b0c  scalbnl                               
00032d44  csp_sys_set_reboot                    
00032d60  csp_sys_reboot                        
00032dac  csp_sys_set_shutdown                  
00032dc8  csp_sys_shutdown                      
00032e50  hk_service_app                        
00032f5c  fputc                                 
00032f5c  putc                                  
0003305c  csp_udp_new_packet                    
00033154  HAL_sys_setTime                       
00033168  HAL_sys_getTime                       
0003317c  HAL_hk_report                         
0003324c  strtok_r                              
0003333c  HAL_RTC_SetTime                       
00033358  HAL_RTC_GetTime                       
00033378  HAL_get_temperature                   
00033394  HAL_get_current_1                     
000333b0  HAL_get_current_2                     
000333cc  HAL_get_voltage_1                     
000333e8  HAL_get_voltage_2                     
0003341c  _c_int00                              
0003374c  __TI_closefile                        
00033804  RedOsOutputString                     
000338b8  __vla_dealloc                         
00033968  __aeabi_memclr                        
00033968  __aeabi_memclr4                       
00033968  __aeabi_memclr8                       
0003396c  __aeabi_memset                        
0003396c  __aeabi_memset4                       
0003396c  __aeabi_memset8                       
00033978  memset                                
00033a18  SPI_Init                              
00033a1c  SPI_RW                                
00033a6c  SPI_Release                           
00033aa8  SPI_Timer_On                          
00033b78  HOSTlseek                             
00033c24  fflush                                
00033cd0  fseek                                 
00033d78  HOSTrename                            
00033e1c  __TI_wrt_ok                           
00033ebc  csp_thread_create                     
00033f34  csp_thread_exit                       
00033f44  csp_sleep_ms                          
00033f58  fprintf                               
00033ff4  printf                                
00034090  HOSTopen                              
000341c0  close                                 
00034258  HOSTread                              
000342e8  HOSTwrite                             
00034378  __TI_decompress_lzss                  
00034408  frexp                                 
00034408  frexpl                                
00034494  RedNameLen                            
0003451c  start_detection_server                
000345a4  __TI_doflush                          
00034628  atoi                                  
000346ac  __TI_ltoa                             
0003472c  csp_clock_get_time                    
00034754  csp_clock_set_time                    
000347a8  exit                                  
00034824  snprintf                              
000348a0  HOSTclose                             
00034988  csp_malloc                            
0003499c  csp_calloc                            
000349e8  csp_free                              
000349fc  HOSTunlink                            
00034a6c  getdevice                             
00034ad8  __TI_auto_init_nobinit_nopinit        
00034ba4  sprintf                               
00034c08  RedOsAssertFail                       
00034d1c  __TI_cleanup                          
00034d70  __TI_readmsg                          
00034dc4  __TI_writemsg                         
00034e0c  C$$IO$$                               
00034e18  finddevice                            
00034e6c  __aeabi_idiv                          
00034e6c  __aeabi_idivmod                       
00034ec0  sscanf                                
00034f14  strncasecmp                           
00034f68  __aeabi_uidiv                         
00034f68  __aeabi_uidivmod                      
00034fb8  rand                                  
00035004  strncat                               
00035050  strspn                                
0003509c  strncpy                               
000350e4  remove                                
000350e4  unlink                                
0003512c  lseek                                 
00035170  strcasecmp                            
000351b4  strcspn                               
000351f8  write                                 
0003523c  csp_get_uptime_s                      
0003527c  csp_get_ms                            
00035288  csp_get_ms_isr                        
00035294  csp_get_s                             
000352a8  csp_get_s_isr                         
000352fc  srand                                 
00035334  memcmp                                
000353c8  memccpy                               
00035424  memchr                                
00035450  strrchr                               
0003547c  strchr                                
000354a4  strcmp                                
000354cc  __aeabi_llsl                          
000354f0  __aeabi_llsr                          
00035514  wcslen                                
00035538  strlen                                
00035574  copysign                              
00035574  copysignl                             
00035590  SPI_CS_High                           
000355a8  SPI_CS_Low                            
000355c0  RedOsClockInit                        
000355c8  RedOsClockUninit                      
000355d0  RedOsClockGetTime                     
000355d8  strcpy                                
00035604  csp_htobe32                           
00035618  csp_hton16                            
0003562c  csp_hton32                            
00035640  csp_htonflt                           
00035654  csp_ntoh16                            
00035668  csp_ntoh32                            
0003567c  __TI_decompress_none                  
000356a0  __TI_zero_init                        
000356b0  main                                  
000356bc  __SD_Assert                           
000356c8  __SD_Deassert                         
000356d4  __aeabi_errno_addr                    
000356e0  malloc                                
000356ec  putchar                               
000356f8  SPI_Timer_Status                      
00035700  C$$EXIT                               
00035700  abort                                 
00035708  handlePLLLockFail                     
0003570c  SPI_Freq_High                         
00035710  SPI_Freq_Low                          
00035714  SPI_Timer_Off                         
00035718  __abort_execution                     
0003571c  _nop                                  
00035730  phantomInterrupt                      
00035734  __aeabi_idiv0                         
00035734  __aeabi_ldiv0                         
00035738  RedSignOn                             
00037d60  _ctypes_                              
00037f90  gaRedVolConf                          
00038080  gpRedVolConf                          
00038084  gpRedVolume                           
00038088  gpRedCoreVol                          
080008d0  pxCurrentTCB                          
08001000  __start___llvm_prf_cnts               
08001000  __stop___llvm_prf_cnts                
080433c8  __CIOBUF_                             
080435f0  __TI_tmpnams                          
08043860  gaRedVolume                           
08043888  csp_conf                              
080438f0  service_queues                        
0804391c  dev                                   
08043924  parmbuf                               
0804393c  ErrorCode                             
08043940  equipment_mutex                       
08043944  sciData                               
08043949  gbRedVolNum                           
0804394a  incomingData                          
0804394c  _ftable                               
08043a3c  _device                               
08043ab4  _stream                               
08043b04  csp_if_lo                             
08043b70  __TI_ft_end                           
08043b74  __aeabi_stdin                         
08043b78  __aeabi_stdout                        
08043b7c  __aeabi_stderr                        
08043b80  __TI_cleanup_ptr                      
08043b84  __TI_dtors_ptr                        
08043b88  __TI_enable_exit_profile_output       
08043b98  _lock                                 
08043b9c  _unlock                               
08043bb0  ulCriticalNesting                     
08043bb4  ulTaskHasFPUContext                   
08043bb8  csp_debug_level_enabled               
08043bc0  gpRedMR                               
08043bcc  csp_debug_hook_func                   
08043bdc  errno                                 
80000000  BlinkyStartAddr                       
80000000  blinky                                
800000a0  BlinkyEndAddr                         
ffffffff  __TI_pprof_out_hndl                   
ffffffff  __TI_prof_data_size                   
ffffffff  __TI_prof_data_start                  
ffffffff  __binit__                             
ffffffff  __c_args__                            
ffffffff  binit                                 
UNDEFED   SHT$$INIT_ARRAY$$Base                 
UNDEFED   SHT$$INIT_ARRAY$$Limit                
UNDEFED   _system_post_cinit                    

[943 symbols]
