******************************************************************************
                  TI ARM Linker PC v20.2.0                     
******************************************************************************
>> Linked Sat May 30 22:23:48 2020

OUTPUT FILE NAME:   <can.out>
ENTRY POINT SYMBOL: "_c_int00"  address: 000206d0


MEMORY CONFIGURATION

         name            origin    length      used     unused   attr    fill
----------------------  --------  ---------  --------  --------  ----  --------
  VECTORS               00000000   00000020  00000020  00000000     X
  KERNEL                00000020   00008000  000066a4  0000195c  R  X
  FLASH0                00008020   001f7fe0  0001aee1  001dd0ff  R  X
  FLASH1                00200000   00200000  00000000  00200000  R  X
  STACKS                08000000   00000800  00000000  00000800  RW  
  KRAM                  08000800   00000800  00000104  000006fc  RW  
  RAM                   08001000   0007f000  0000551c  00079ae4  RW  


SEGMENT ALLOCATION MAP

run origin  load origin   length   init length attrs members
----------  ----------- ---------- ----------- ----- -------
00000000    00000000    00005de4   00005de4    r-x
  00000000    00000000    00000020   00000020    r-x .intvecs
  00000020    00000020    00005dc4   00005dc4    r-x .kernelTEXT
00005de8    00005de8    00000800   00000000    rw-
  00005de8    00005de8    00000800   00000000    rw- .sysmem
00006600    00006600    000000e0   000000e0    r--
  00006600    00006600    000000e0   000000e0    r-- .cinit
00008020    00008020    0001a650   0001a650    r-x
  00008020    00008020    0001a650   0001a650    r-x .text
00022680    00022680    00000891   00000891    r--
  00022680    00022680    00000891   00000891    r-- .const
08000800    08000800    00000104   00000000    rw-
  08000800    08000800    00000104   00000000    rw- .kernelBSS
08001000    08001000    0000551c   00000000    rw-
  08001000    08001000    00004e20   00000000    rw- .kernelHEAP
  08005e20    08005e20    00000470   00000000    rw- .bss
  08006290    08006290    0000028c   00000000    rw- .data


SECTION ALLOCATION MAP

 output                                  attributes/
section   page    origin      length       input sections
--------  ----  ----------  ----------   ----------------
.intvecs   0    00000000    00000020     
                  00000000    00000020     HL_sys_intvecs.obj (.intvecs)

.kernelTEXT 
*          0    00000020    00005dc4     
                  00000020    000035a0     os_tasks.obj (.kernelTEXT)
                  000035c0    000013c4     os_queue.obj (.kernelTEXT)
                  00004984    00000858     os_event_groups.obj (.kernelTEXT)
                  000051dc    000004b0     os_portasm.obj (.kernelTEXT)
                  0000568c    000003dc     os_port.obj (.kernelTEXT)
                  00005a68    0000037c     os_heap.obj (.kernelTEXT)

.cinit     0    00006600    000000e0     
                  00006600    00000098     (.cinit..data.load) [load image, compression = lzss]
                  00006698    0000000c     (__TI_handler_table)
                  000066a4    00000009     (.cinit..kernelBSS.load) [load image, compression = lzss]
                  000066ad    00000003     --HOLE-- [fill = 0]
                  000066b0    00000008     (.cinit..bss.load) [load image, compression = zero_init]
                  000066b8    00000008     (.cinit..kernelHEAP.load) [load image, compression = zero_init]
                  000066c0    00000020     (__TI_cinit_table)

.text      0    00008020    0001a650     
                  00008020    000035b4     csp_rdp.obj (.text)
                  0000b5d4    00001284     HL_can.obj (.text)
                  0000c858    000011d4     rtsv7R4_A_be_v3D16_eabi.lib : _scanfi.c.obj (.text:__TI_scanfi)
                  0000da2c    00001024     csp_conn.obj (.text)
                  0000ea50    00000ff4     HL_sci.obj (.text)
                  0000fa44    00000fac     rtsv7R4_A_be_v3D16_eabi.lib : _printfi.c.obj (.text:__TI_printfi)
                  000109f0    00000db8     csp_sha1.obj (.text)
                  000117a8    00000c8c     csp_io.obj (.text)
                  00012434    00000adc     os_mpu_wrappers.obj (.text)
                  00012f10    000009c0     HL_pinmux.obj (.text)
                  000138d0    0000099c     HL_system.obj (.text)
                  0001426c    00000984     csp_route.obj (.text)
                  00014bf0    0000093c     HL_sys_vim.obj (.text)
                  0001552c    0000091c     csp_service_handler.obj (.text)
                  00015e48    00000850     csp_services.obj (.text)
                  00016698    0000078c     HL_esm.obj (.text)
                  00016e24    0000076c     csp_rtable.obj (.text)
                  00017590    00000710     csp_if_can.obj (.text)
                  00017ca0    00000664     HL_errata_SSWF021_45.obj (.text)
                  00018304    00000644     csp_buffer.obj (.text)
                  00018948    00000634     HL_sys_main.obj (.text)
                  00018f7c    00000624     csp_xtea.obj (.text)
                  000195a0    0000061c     csp_if_kiss.obj (.text)
                  00019bbc    0000054c     rtsv7R4_A_be_v3D16_eabi.lib : strtod.c.obj (.text:strtod)
                  0001a108    000004cc     csp_hmac.obj (.text)
                  0001a5d4    000003c4     HL_sys_core.obj (.text)
                  0001a998    0000037c     csp_iflist.obj (.text)
                  0001ad14    0000036c     HL_sys_mpu.obj (.text)
                  0001b080    00000350     csp_qfifo.obj (.text)
                  0001b3d0    0000033c     HL_sys_vim.obj (.text:retain)
                  0001b70c    00000334     csp_port.obj (.text)
                  0001ba40    000002dc     HL_emif.obj (.text)
                  0001bd1c    000002dc     rtsv7R4_A_be_v3D16_eabi.lib : _printfi.c.obj (.text:_pconv_a)
                  0001bff8    000002d8     csp_if_can_pbuf.obj (.text)
                  0001c2d0    000002c8     rtsv7R4_A_be_v3D16_eabi.lib : strtoll.c.obj (.text:strtoll)
                  0001c598    000002b8                                 : ull_div32.asm.obj (.text)
                  0001c850    00000280     usart_m3.obj (.text)
                  0001cad0    00000278     os_heap.obj (.text)
                  0001cd48    00000248     rtsv7R4_A_be_v3D16_eabi.lib : _printfi.c.obj (.text:_pconv_g)
                  0001cf90    00000240                                 : strtoull.c.obj (.text:strtoull)
                  0001d1d0    0000023c     csp_semaphore.obj (.text)
                  0001d40c    00000238     os_list.obj (.text)
                  0001d644    0000022c     csp_debug.obj (.text)
                  0001d870    00000228     can.obj (.text)
                  0001da98    00000224     rtsv7R4_A_be_v3D16_eabi.lib : vla_alloc.c.obj (.text:__vla_alloc)
                  0001dcbc    00000224     csp_rtable_static.obj (.text)
                  0001dee0    00000204     HL_sci.obj (.text:retain)
                  0001e0e4    00000200     HL_can.obj (.text:retain)
                  0001e2e4    000001f4     rtsv7R4_A_be_v3D16_eabi.lib : strtol.c.obj (.text:strtol)
                  0001e4d8    000001f0     csp_crc32.obj (.text)
                  0001e6c8    000001e8     HL_notification.obj (.text)
                  0001e8b0    000001b8     rtsv7R4_A_be_v3D16_eabi.lib : strtoul.c.obj (.text:strtoul)
                  0001ea68    000001a4                                 : fputs.c.obj (.text:fputs)
                  0001ec0c    000001a0                                 : memory.c.obj (.text:aligned_alloc)
                  0001edac    0000019c     usart_kiss.obj (.text)
                  0001ef48    00000188     csp_system.obj (.text)
                  0001f0d0    00000180     rtsv7R4_A_be_v3D16_eabi.lib : memcpy32.asm.obj (.text)
                  0001f250    00000178     HL_esm.obj (.text:retain)
                  0001f3c8    00000174     rtsv7R4_A_be_v3D16_eabi.lib : memory.c.obj (.text:free)
                  0001f53c    0000015c                                 : _printfi.c.obj (.text:_pconv_e)
                  0001f698    00000158     os_tasks.obj (.text)
                  0001f7f0    00000158     rtsv7R4_A_be_v3D16_eabi.lib : setvbuf.c.obj (.text:setvbuf)
                  0001f948    0000014c                                 : memory.c.obj (.text:realloc)
                  0001fa94    00000144                                 : _printfi.c.obj (.text:fcvt)
                  0001fbd8    0000013c                                 : s_floor.c.obj (.text:floor)
                  0001fd14    00000138     csp_init.obj (.text)
                  0001fe4c    00000138     os_port.obj (.text)
                  0001ff84    00000120     csp_queue.obj (.text)
                  000200a4    00000120     rtsv7R4_A_be_v3D16_eabi.lib : s_scalbn.c.obj (.text:scalbn)
                  000201c4    00000115                                 : _printfi.c.obj (.text:_ltostr)
                  000202d9    00000003     --HOLE-- [fill = 0]
                  000202dc    0000010c     csp_system.obj (.text)
                  000203e8    00000100     rtsv7R4_A_be_v3D16_eabi.lib : fputc.c.obj (.text:fputc)
                  000204e8    000000f8     csp_udp.obj (.text)
                  000205e0    000000f0     csp_strtok.obj (.text)
                  000206d0    000000d8     HL_sys_startup.obj (.text:retain)
                  000207a8    000000cc     rtsv7R4_A_be_v3D16_eabi.lib : sscanf.c.obj (.text:_chkmbc)
                  00020874    000000c8                                 : _printfi.c.obj (.text:_mcpy)
                  0002093c    000000c4                                 : vla_alloc.c.obj (.text:_ZN33_INTERNAL_11_vla_alloc_c_be8bd49b21free_dead_allocationsEPv)
                  00020a00    000000b8                                 : fclose.c.obj (.text:__TI_closefile)
                  00020ab8    000000b0                                 : vla_alloc.c.obj (.text:__vla_dealloc)
                  00020b68    000000b0                                 : memset32.asm.obj (.text)
                  00020c18    000000b0                                 : memory.c.obj (.text:split)
                  00020cc8    000000ac                                 : hostlseek.c.obj (.text:HOSTlseek)
                  00020d74    000000ac                                 : fflush.c.obj (.text:fflush)
                  00020e20    000000a8                                 : fseek.c.obj (.text:fseek)
                  00020ec8    000000a4                                 : hostrename.c.obj (.text:HOSTrename)
                  00020f6c    000000a0                                 : _io_perm.c.obj (.text:__TI_wrt_ok)
                  0002100c    0000009c     csp_thread.obj (.text)
                  000210a8    0000009c     rtsv7R4_A_be_v3D16_eabi.lib : fprintf.c.obj (.text:fprintf)
                  00021144    0000009c                                 : printf.c.obj (.text:printf)
                  000211e0    00000098                                 : hostopen.c.obj (.text:HOSTopen)
                  00021278    00000098                                 : _printfi.c.obj (.text:_ecpy)
                  00021310    00000098                                 : close.c.obj (.text:close)
                  000213a8    00000090                                 : hostread.c.obj (.text:HOSTread)
                  00021438    00000090                                 : hostwrite.c.obj (.text:HOSTwrite)
                  000214c8    00000090                                 : copy_decompress_lzss.c.obj (.text:decompress:lzss:__TI_decompress_lzss)
                  00021558    0000008c                                 : s_frexp.c.obj (.text:frexp)
                  000215e4    00000084                                 : fflush.c.obj (.text:__TI_doflush)
                  00021668    00000084                                 : atoi.c.obj (.text:atoi)
                  000216ec    00000080                                 : _ltoa.c.obj (.text:__TI_ltoa)
                  0002176c    0000007c     csp_clock.obj (.text)
                  000217e8    0000007c     rtsv7R4_A_be_v3D16_eabi.lib : exit.c.obj (.text:exit)
                  00021864    0000007c                                 : snprintf.c.obj (.text:snprintf)
                  000218e0    00000074                                 : hostclose.c.obj (.text:HOSTclose)
                  00021954    00000074                                 : _printfi.c.obj (.text:_pconv_f)
                  000219c8    00000074     csp_malloc.obj (.text)
                  00021a3c    00000070     rtsv7R4_A_be_v3D16_eabi.lib : hostunlink.c.obj (.text:HOSTunlink)
                  00021aac    0000006c                                 : getdevice.c.obj (.text:getdevice)
                  00021b18    00000068                                 : autoinit.c.obj (.text:__TI_auto_init_nobinit_nopinit:__TI_auto_init_nobinit_nopinit)
                  00021b80    00000064                                 : _printfi.c.obj (.text:_fcpy)
                  00021be4    00000064                                 : sprintf.c.obj (.text:sprintf)
                  00021c48    0000005c                                 : snprintf.c.obj (.text:_outs)
                  00021ca4    00000058     csp_if_lo.obj (.text)
                  00021cfc    00000054     rtsv7R4_A_be_v3D16_eabi.lib : fopen.c.obj (.text:__TI_cleanup)
                  00021d50    00000054                                 : trgmsg.c.obj (.text:__TI_readmsg)
                  00021da4    00000054                                 : trgmsg.c.obj (.text:__TI_writemsg)
                  00021df8    00000054                                 : getdevice.c.obj (.text:finddevice)
                  00021e4c    00000054                                 : i_div32.asm.obj (.text)
                  00021ea0    00000054                                 : sscanf.c.obj (.text:sscanf)
                  00021ef4    00000054                                 : strncasecmp.c.obj (.text:strncasecmp)
                  00021f48    00000050                                 : u_div32.asm.obj (.text)
                  00021f98    0000004c                                 : rand.c.obj (.text:rand)
                  00021fe4    0000004c                                 : strncat.c.obj (.text:strncat)
                  00022030    0000004c                                 : strspn.c.obj (.text:strspn)
                  0002207c    00000048                                 : strncpy.c.obj (.text:strncpy)
                  000220c4    00000048                                 : unlink.c.obj (.text:unlink)
                  0002210c    00000044                                 : lseek.c.obj (.text:lseek)
                  00022150    00000044                                 : strcasecmp.c.obj (.text:strcasecmp)
                  00022194    00000044                                 : strcspn.c.obj (.text:strcspn)
                  000221d8    00000044                                 : write.c.obj (.text:write)
                  0002221c    00000040     csp_time.obj (.text)
                  0002225c    00000040     csp_time.obj (.text)
                  0002229c    00000040     rtsv7R4_A_be_v3D16_eabi.lib : memory.c.obj (.text:free_list_insert)
                  000222dc    0000003c     csp_endian.obj (.text:csp_hton32)
                  00022318    00000038     rtsv7R4_A_be_v3D16_eabi.lib : rand.c.obj (.text:srand)
                  00022350    00000034                                 : memcmp.c.obj (.text:memcmp)
                  00022384    00000030                                 : sprintf.c.obj (.text:_outs)
                  000223b4    00000030                                 : memory.c.obj (.text:free_list_remove)
                  000223e4    00000030                                 : memccpy.c.obj (.text:memccpy)
                  00022414    0000002c                                 : snprintf.c.obj (.text:_outc)
                  00022440    0000002c     csp_endian.obj (.text:csp_hton16)
                  0002246c    0000002c     rtsv7R4_A_be_v3D16_eabi.lib : memchr.c.obj (.text:memchr)
                  00022498    0000002c                                 : strrchr.c.obj (.text:strrchr)
                  000224c4    00000028                                 : strchr.c.obj (.text:strchr)
                  000224ec    00000028                                 : strcmp.c.obj (.text:strcmp)
                  00022514    00000024                                 : wcslen.c.obj (.text:wcslen)
                  00022538    00000020                                 : strlen.c.obj (.text:strlen)
                  00022558    0000001c                                 : sscanf.c.obj (.text:_inpchar)
                  00022574    0000001c                                 : s_copysign.c.obj (.text:copysign)
                  00022590    00000018                                 : strcpy.c.obj (.text:strcpy)
                  000225a8    00000014                                 : sprintf.c.obj (.text:_outc)
                  000225bc    00000014     csp_endian.obj (.text:csp_htobe32)
                  000225d0    00000014     csp_endian.obj (.text:csp_ntoh16)
                  000225e4    00000014     csp_endian.obj (.text:csp_ntoh32)
                  000225f8    00000014     rtsv7R4_A_be_v3D16_eabi.lib : copy_decompress_none.c.obj (.text:decompress:none:__TI_decompress_none)
                  0002260c    00000010                                 : sscanf.c.obj (.text:_uninpchar)
                  0002261c    00000010                                 : copy_zero_init.c.obj (.text:decompress:ZI:__TI_zero_init)
                  0002262c    0000000c                                 : errno.c.obj (.text:__aeabi_errno_addr)
                  00022638    0000000c                                 : memory.c.obj (.text:malloc)
                  00022644    00000008                                 : exit.c.obj (.text:abort:abort)
                  0002264c    00000004     HL_sys_startup.obj (.text)
                  00022650    00000004     rtsv7R4_A_be_v3D16_eabi.lib : error.c.obj (.text:__abort_execution)
                  00022654    00000004                                 : _lock.c.obj (.text:_nop)
                  00022658    00000004                                 : fprintf.c.obj (.text:_outc)
                  0002265c    00000004                                 : printf.c.obj (.text:_outc)
                  00022660    00000004                                 : fprintf.c.obj (.text:_outs)
                  00022664    00000004                                 : printf.c.obj (.text:_outs)
                  00022668    00000004     HL_sys_phantom.obj (.text:retain)
                  0002266c    00000004     rtsv7R4_A_be_v3D16_eabi.lib : div0.asm.obj (.text)

.const     0    00022680    00000891     
                  00022680    00000400     csp_crc32.obj (.const:crc_tab)
                  00022a80    00000200     HL_sys_vim.obj (.const:s_vim_init)
                  00022c80    00000101     rtsv7R4_A_be_v3D16_eabi.lib : ctype.c.obj (.const:.string:_ctypes_)
                  00022d81    00000007                                 : _scanfi.c.obj (.const:.string:flit$1)
                  00022d88    00000080                                 : strtod.c.obj (.const:digits)
                  00022e08    00000048                                 : strtod.c.obj (.const:powerof10)
                  00022e50    00000020     HL_can.obj (.const:s_canByteOrder)
                  00022e70    00000018     csp_rtable_static.obj (.const:.string:$P$T2$1)
                  00022e88    00000011     csp_system.obj (.const:.string:$P$T1$2)
                  00022e99    00000011     csp_rtable.obj (.const:.string:$P$T2$1)
                  00022eaa    00000002     csp_if_kiss.obj (.const:.string:$P$T2$1)
                  00022eac    00000010     csp_rtable.obj (.const:$P$T7$3)
                  00022ebc    0000000f     csp_system.obj (.const:.string:$P$T0$1)
                  00022ecb    0000000f     csp_rtable.obj (.const:.string:$P$T6$2)
                  00022eda    00000002     csp_if_kiss.obj (.const:.string:$P$T3$2)
                  00022edc    0000000c     HL_sys_main.obj (.const:$P$T2$1)
                  00022ee8    00000008     csp_qfifo.obj (.const:$P$T2$1)
                  00022ef0    00000008     csp_xtea.obj (.const:$P$T2$1)
                  00022ef8    00000008     csp_xtea.obj (.const:$P$T3$2)
                  00022f00    00000008     csp_if_lo.obj (.const:.string)
                  00022f08    00000006     rtsv7R4_A_be_v3D16_eabi.lib : _scanfi.c.obj (.const:.string:barr$2)
                  00022f0e    00000002     csp_if_kiss.obj (.const:.string:$P$T4$3)
                  00022f10    00000001     csp_if_kiss.obj (.const:.string:$P$T5$4)

.kernelBSS 
*          0    08000800    00000104     UNINITIALIZED
                  08000800    000000d0     os_tasks.obj (.kernelBSS:uninit)
                  080008d0    00000034     os_tasks.obj (.kernelBSS:init)

.kernelHEAP 
*          0    08001000    00004e20     UNINITIALIZED
                  08001000    00004e20     os_heap.obj (.kernelHEAP)

.bss       0    08005e20    00000470     UNINITIALIZED
                  08005e20    00000120     rtsv7R4_A_be_v3D16_eabi.lib : trgmsg.c.obj (.bss:_CIOBUF_)
                  08005f40    00000108     csp_rtable_static.obj (.bss:rtable)
                  08006048    000000a0     (.common:__TI_tmpnams)
                  080060e8    00000078     csp_if_can_pbuf.obj (.bss:csp_can_pbuf)
                  08006160    00000068     (.common:incomingData)
                  080061c8    00000050     HL_sci.obj (.bss:g_sciTransfer_t)
                  08006218    00000020     (.common:csp_conf)
                  08006238    00000010     csp_conn.obj (.bss)
                  08006248    00000010     csp_hmac.obj (.bss:csp_hmac_key)
                  08006258    00000010     csp_xtea.obj (.bss:csp_xtea_key)
                  08006268    00000008     csp_buffer.obj (.bss)
                  08006270    00000008     os_heap.obj (.bss:xStart)
                  08006278    00000008     (.common:parmbuf)
                  08006280    00000004     csp_port.obj (.bss)
                  08006284    00000004     csp_qfifo.obj (.bss:qfifo)
                  08006288    00000004     (.common:ctx)
                  0800628c    00000004     (.common:sciInturruptSem)

.data      0    08006290    0000028c     UNINITIALIZED
                  08006290    000000f0     rtsv7R4_A_be_v3D16_eabi.lib : defs.c.obj (.data:_ftable)
                  08006380    00000078                                 : host_device.c.obj (.data:_device)
                  080063f8    00000050                                 : host_device.c.obj (.data:_stream)
                  08006448    00000040     csp_if_lo.obj (.data:csp_if_lo)
                  08006488    0000001c     csp_rdp.obj (.data)
                  080064a4    00000010     os_heap.obj (.data)
                  080064b4    00000010     rtsv7R4_A_be_v3D16_eabi.lib : defs.c.obj (.data)
                  080064c4    0000000c                                 : exit.c.obj (.data:$O1$$)
                  080064d0    00000008                                 : _lock.c.obj (.data:$O1$$)
                  080064d8    00000008                                 : memory.c.obj (.data:$O1$$)
                  080064e0    00000008     csp_system.obj (.data)
                  080064e8    00000008     HL_sys_main.obj (.data)
                  080064f0    00000008     os_port.obj (.data)
                  080064f8    00000007     csp_debug.obj (.data:csp_debug_level_enabled)
                  080064ff    00000001     csp_conn.obj (.data)
                  08006500    00000004     csp_time.obj (.data)
                  08006504    00000004     csp_debug.obj (.data)
                  08006508    00000004     csp_iflist.obj (.data)
                  0800650c    00000004     csp_service_handler.obj (.data)
                  08006510    00000004     rtsv7R4_A_be_v3D16_eabi.lib : errno.c.obj (.data)
                  08006514    00000004                                 : rand.c.obj (.data)
                  08006518    00000004                                 : vla_alloc.c.obj (.data)

__llvm_prf_cnts 
*          0    08001000    00000000     UNINITIALIZED

.sysmem    0    00005de8    00000800     UNINITIALIZED
                  00005de8    00000010     rtsv7R4_A_be_v3D16_eabi.lib : memory.c.obj (.sysmem)
                  00005df8    000007f0     --HOLE--

MODULE SUMMARY

       Module                       code     ro data   rw data
       ------                       ----     -------   -------
    .\libcsp\src\
       csp_conn.obj                 4132     0         17     
       csp_io.obj                   3212     0         0      
       csp_route.obj                2436     0         0      
       csp_service_handler.obj      2332     0         4      
       csp_services.obj             2128     0         0      
       csp_buffer.obj               1604     0         8      
       csp_crc32.obj                496      1024      0      
       csp_iflist.obj               892      0         4      
       csp_qfifo.obj                848      8         4      
       csp_port.obj                 820      0         4      
       csp_debug.obj                556      0         11     
       csp_init.obj                 312      0         32     
       csp_strtok.obj               240      0         0      
       csp_endian.obj               164      0         0      
    +--+----------------------------+--------+---------+---------+
       Total:                       20172    1032      84     
                                                              
    .\libcsp\src\arch\
       csp_system.obj               268      32        8      
       csp_time.obj                 64       0         4      
    +--+----------------------------+--------+---------+---------+
       Total:                       332      32        12     
                                                              
    .\libcsp\src\arch\freertos\
       csp_semaphore.obj            572      0         0      
       csp_system.obj               392      0         0      
       csp_queue.obj                288      0         0      
       csp_thread.obj               156      0         0      
       csp_clock.obj                124      0         0      
       csp_malloc.obj               116      0         0      
       csp_time.obj                 64       0         0      
    +--+----------------------------+--------+---------+---------+
       Total:                       1712     0         0      
                                                              
    .\libcsp\src\crypto\
       csp_sha1.obj                 3512     0         0      
       csp_xtea.obj                 1572     16        16     
       csp_hmac.obj                 1228     0         16     
    +--+----------------------------+--------+---------+---------+
       Total:                       6312     16        32     
                                                              
    .\libcsp\src\drivers\can\
       can.obj                      552      0         4      
    +--+----------------------------+--------+---------+---------+
       Total:                       552      0         4      
                                                              
    .\libcsp\src\drivers\usart\
       usart_m3.obj                 640      0         108    
       usart_kiss.obj               412      0         0      
    +--+----------------------------+--------+---------+---------+
       Total:                       1052     0         108    
                                                              
    .\libcsp\src\interfaces\
       csp_if_can.obj               1808     0         0      
       csp_if_kiss.obj              1564     7         0      
       csp_if_can_pbuf.obj          728      0         120    
       csp_if_lo.obj                88       8         64     
    +--+----------------------------+--------+---------+---------+
       Total:                       4188     15        184    
                                                              
    .\libcsp\src\rtable\
       csp_rtable.obj               1900     48        0      
       csp_rtable_static.obj        548      24        264    
    +--+----------------------------+--------+---------+---------+
       Total:                       2448     72        264    
                                                              
    .\libcsp\src\transport\
       csp_rdp.obj                  13748    0         28     
       csp_udp.obj                  248      0         0      
    +--+----------------------------+--------+---------+---------+
       Total:                       13996    0         28     
                                                              
    .\source\
       os_heap.obj                  1524     0         20024  
       os_tasks.obj                 14072    0         260    
       HL_can.obj                   5252     32        0      
       os_queue.obj                 5060     0         0      
       HL_sci.obj                   4600     0         80     
       HL_sys_vim.obj               3192     512       0      
       os_mpu_wrappers.obj          2780     0         0      
       HL_pinmux.obj                2496     0         0      
       HL_system.obj                2460     0         0      
       HL_esm.obj                   2308     0         0      
       os_event_groups.obj          2136     0         0      
       HL_errata_SSWF021_45.obj     1636     0         0      
       HL_sys_main.obj              1588     12        8      
       os_port.obj                  1300     0         8      
       os_portasm.obj               1200     0         0      
       HL_sys_core.obj              964      0         0      
       HL_sys_mpu.obj               876      0         0      
       HL_emif.obj                  732      0         0      
       os_list.obj                  568      0         0      
       HL_notification.obj          488      0         0      
       HL_sys_startup.obj           220      0         0      
       HL_sys_intvecs.obj           32       0         0      
       HL_sys_phantom.obj           4        0         0      
    +--+----------------------------+--------+---------+---------+
       Total:                       55488    556       20380  
                                                              
    C:\ti\ccs1000\ccs\tools\compiler\ti-cgt-arm_20.2.0.LTS\lib\rtsv7R4_A_be_v3D16_eabi.lib
       _printfi.c.obj               6845     0         0      
       _scanfi.c.obj                4564     13        0      
       strtod.c.obj                 1356     200       0      
       memory.c.obj                 1420     0         8      
       vla_alloc.c.obj              920      0         4      
       strtoll.c.obj                712      0         0      
       ull_div32.asm.obj            696      0         0      
       strtoull.c.obj               576      0         0      
       strtol.c.obj                 500      0         0      
       trgmsg.c.obj                 168      0         288    
       strtoul.c.obj                440      0         0      
       fputs.c.obj                  420      0         0      
       defs.c.obj                   0        0         416    
       memcpy32.asm.obj             384      0         0      
       setvbuf.c.obj                344      0         0      
       sscanf.c.obj                 332      0         0      
       s_floor.c.obj                316      0         0      
       fflush.c.obj                 304      0         0      
       s_scalbn.c.obj               288      0         0      
       snprintf.c.obj               260      0         0      
       ctype.c.obj                  0        257       0      
       fputc.c.obj                  256      0         0      
       host_device.c.obj            0        0         200    
       getdevice.c.obj              192      0         0      
       fclose.c.obj                 184      0         0      
       memset32.asm.obj             176      0         0      
       hostlseek.c.obj              172      0         0      
       fseek.c.obj                  168      0         0      
       sprintf.c.obj                168      0         0      
       fprintf.c.obj                164      0         0      
       hostrename.c.obj             164      0         0      
       printf.c.obj                 164      0         0      
       _io_perm.c.obj               160      0         0      
       hostopen.c.obj               152      0         8      
       close.c.obj                  152      0         0      
       copy_decompress_lzss.c.obj   144      0         0      
       exit.c.obj                   132      0         12     
       hostread.c.obj               144      0         0      
       hostwrite.c.obj              144      0         0      
       s_frexp.c.obj                140      0         0      
       rand.c.obj                   132      0         4      
       atoi.c.obj                   132      0         0      
       _ltoa.c.obj                  128      0         0      
       hostclose.c.obj              116      0         0      
       hostunlink.c.obj             112      0         0      
       autoinit.c.obj               104      0         0      
       fopen.c.obj                  84       0         0      
       i_div32.asm.obj              84       0         0      
       strncasecmp.c.obj            84       0         0      
       u_div32.asm.obj              80       0         0      
       strncat.c.obj                76       0         0      
       strspn.c.obj                 76       0         0      
       strncpy.c.obj                72       0         0      
       unlink.c.obj                 72       0         0      
       lseek.c.obj                  68       0         0      
       strcasecmp.c.obj             68       0         0      
       strcspn.c.obj                68       0         0      
       write.c.obj                  68       0         0      
       memcmp.c.obj                 52       0         0      
       memccpy.c.obj                48       0         0      
       memchr.c.obj                 44       0         0      
       strrchr.c.obj                44       0         0      
       strchr.c.obj                 40       0         0      
       strcmp.c.obj                 40       0         0      
       wcslen.c.obj                 36       0         0      
       strlen.c.obj                 32       0         0      
       s_copysign.c.obj             28       0         0      
       strcpy.c.obj                 24       0         0      
       copy_decompress_none.c.obj   20       0         0      
       copy_zero_init.c.obj         16       0         0      
       errno.c.obj                  12       0         4      
       _lock.c.obj                  4        0         8      
       div0.asm.obj                 4        0         0      
       error.c.obj                  4        0         0      
    +--+----------------------------+--------+---------+---------+
       Total:                       25893    470       952    
                                                              
       Heap:                        0        0         2048   
       Linker Generated:            0        221       0      
    +--+----------------------------+--------+---------+---------+
       Grand Total:                 132145   2414      24096  


LINKER GENERATED COPY TABLES

__TI_cinit_table @ 000066c0 records: 4, size/record: 8, table size: 32
	.data: load addr=00006600, load size=00000098 bytes, run addr=08006290, run size=0000028c bytes, compression=lzss
	.kernelBSS: load addr=000066a4, load size=00000009 bytes, run addr=08000800, run size=00000104 bytes, compression=lzss
	.bss: load addr=000066b0, load size=00000008 bytes, run addr=08005e20, run size=00000470 bytes, compression=zero_init
	.kernelHEAP: load addr=000066b8, load size=00000008 bytes, run addr=08001000, run size=00004e20 bytes, compression=zero_init


LINKER GENERATED HANDLER TABLE

__TI_handler_table @ 00006698 records: 3, size/record: 4, table size: 12
	index: 0, handler: __TI_decompress_lzss
	index: 1, handler: __TI_decompress_none
	index: 2, handler: __TI_zero_init


GLOBAL SYMBOLS: SORTED ALPHABETICALLY BY Name 

address   name                                  
-------   ----                                  
00022644  C$$EXIT                               
00021dec  C$$IO$$                               
000218e0  HOSTclose                             
00020cc8  HOSTlseek                             
000211e0  HOSTopen                              
000213a8  HOSTread                              
00020ec8  HOSTrename                            
00021a3c  HOSTunlink                            
00021438  HOSTwrite                             
00012604  MPU_eTaskGetState                     
000127b8  MPU_pcTaskGetName                     
00012898  MPU_pvTaskGetThreadLocalStoragePointer
00012a28  MPU_ulTaskNotifyTake                  
00012be4  MPU_uxQueueMessagesWaiting            
00012c18  MPU_uxQueueSpacesAvailable            
0001278c  MPU_uxTaskGetNumberOfTasks            
00012820  MPU_uxTaskGetStackHighWaterMark       
00012908  MPU_uxTaskGetSystemState              
000125d0  MPU_uxTaskPriorityGet                 
00012ee4  MPU_vEventGroupDelete                 
00012c4c  MPU_vQueueDelete                      
000124dc  MPU_vTaskAllocateMPURegions           
0001253c  MPU_vTaskDelay                        
00012568  MPU_vTaskDelayUntil                   
00012510  MPU_vTaskDelete                       
00012638  MPU_vTaskGetInfo                      
00012954  MPU_vTaskList                         
00012684  MPU_vTaskPrioritySet                  
000126e4  MPU_vTaskResume                       
00012854  MPU_vTaskSetThreadLocalStoragePointer 
00012aa0  MPU_vTaskSetTimeOutState              
000126b8  MPU_vTaskSuspend                      
00012710  MPU_vTaskSuspendAll                   
00012e08  MPU_xEventGroupClearBits              
00012d80  MPU_xEventGroupCreate                 
00012e4c  MPU_xEventGroupSetBits                
00012e90  MPU_xEventGroupSync                   
00012dac  MPU_xEventGroupWaitBits               
00012cac  MPU_xQueueCreateCountingSemaphore     
00012c78  MPU_xQueueCreateMutex                 
00012cf0  MPU_xQueueGenericCreate               
00012b90  MPU_xQueueGenericReceive              
00012d3c  MPU_xQueueGenericReset                
00012b3c  MPU_xQueueGenericSend                 
0001259c  MPU_xTaskAbortDelay                   
00012acc  MPU_xTaskCheckForTimeOut              
00012434  MPU_xTaskCreate                       
00012498  MPU_xTaskCreateRestricted             
00012980  MPU_xTaskGenericNotify                
000127ec  MPU_xTaskGetHandle                    
000128dc  MPU_xTaskGetIdleTaskHandle            
00012b10  MPU_xTaskGetSchedulerState            
00012760  MPU_xTaskGetTickCount                 
00012a6c  MPU_xTaskNotifyStateClear             
000129d4  MPU_xTaskNotifyWait                   
00012734  MPU_xTaskResumeAll                    
UNDEFED   SHT$$INIT_ARRAY$$Base                 
UNDEFED   SHT$$INIT_ARRAY$$Limit                
08005e20  __CIOBUF_                             
00000800  __SYSMEM_SIZE                         
000066c0  __TI_CINIT_Base                       
000066e0  __TI_CINIT_Limit                      
00006698  __TI_Handler_Table_Base               
000066a4  __TI_Handler_Table_Limit              
0001a990  __TI_PINIT_Base                       
0001a994  __TI_PINIT_Limit                      
00021b18  __TI_auto_init_nobinit_nopinit        
00021cfc  __TI_cleanup                          
080064c4  __TI_cleanup_ptr                      
00020a00  __TI_closefile                        
000214c8  __TI_decompress_lzss                  
000225f8  __TI_decompress_none                  
000215e4  __TI_doflush                          
080064c8  __TI_dtors_ptr                        
080064cc  __TI_enable_exit_profile_output       
080064b4  __TI_ft_end                           
000216ec  __TI_ltoa                             
ffffffff  __TI_pprof_out_hndl                   
0000fa44  __TI_printfi                          
ffffffff  __TI_prof_data_size                   
ffffffff  __TI_prof_data_start                  
00021d50  __TI_readmsg                          
0000c85c  __TI_scanfi                           
00000000  __TI_static_base__                    
08006048  __TI_tmpnams                          
00021da4  __TI_writemsg                         
00020f6c  __TI_wrt_ok                           
0002261c  __TI_zero_init                        
00022650  __abort_execution                     
0002262c  __aeabi_errno_addr                    
00021e4c  __aeabi_idiv                          
0002266c  __aeabi_idiv0                         
00021e4c  __aeabi_idivmod                       
0002266c  __aeabi_ldiv0                         
00020b68  __aeabi_memclr                        
00020b68  __aeabi_memclr4                       
00020b68  __aeabi_memclr8                       
0001f0d0  __aeabi_memcpy                        
0001f0d0  __aeabi_memcpy4                       
0001f0d0  __aeabi_memcpy8                       
00020b6c  __aeabi_memset                        
00020b6c  __aeabi_memset4                       
00020b6c  __aeabi_memset8                       
080064c0  __aeabi_stderr                        
080064b8  __aeabi_stdin                         
080064bc  __aeabi_stdout                        
00021f48  __aeabi_uidiv                         
00021f48  __aeabi_uidivmod                      
0001c598  __aeabi_uldivmod                      
ffffffff  __binit__                             
ffffffff  __c_args__                            
08001000  __start___llvm_prf_cnts               
08001000  __stop___llvm_prf_cnts                
0001da98  __vla_alloc                           
00020ab8  __vla_dealloc                         
000206d0  _c_int00                              
0001a944  _cacheDisable_                        
0001a900  _cacheEnable_                         
0001a8e0  _checkMemInitOn_                      
0001a7ec  _coreClearAuxiliaryDataFault_         
0001a800  _coreClearAuxiliaryInstructionFault_  
0001a7c4  _coreClearDataFaultAddress_           
0001a79c  _coreClearDataFault_                  
0001a7d8  _coreClearInstructionFaultAddress_    
0001a7b0  _coreClearInstructionFault_           
0001a774  _coreDisableEventBusExport_           
0001a764  _coreEnableEventBusExport_            
0001a784  _coreEnableIrqVicOffset_              
0001a74c  _coreEnableVfp_                       
0001a7e4  _coreGetAuxiliaryDataFault_           
0001a7f8  _coreGetAuxiliaryInstructionFault_    
0001a7bc  _coreGetDataFaultAddress_             
0001a794  _coreGetDataFault_                    
0001a7d0  _coreGetInstructionFaultAddress_      
0001a7a8  _coreGetInstructionFault_             
0001a5d4  _coreInitRegisters_                   
0001a6e0  _coreInitStackPointer_                
00022c80  _ctypes_                              
0001a968  _dCacheInvalidate_                    
08006380  _device                               
0001a80c  _disable_IRQ_interrupt_               
0001a814  _enable_IRQ_interrupt_                
0001a81c  _enable_interrupt_                    
00017ca0  _errata_SSWF021_45_both_plls          
00017e94  _errata_SSWF021_45_pll1               
0001800c  _errata_SSWF021_45_pll2               
0001a824  _esmCcmErrorsClear_                   
08006290  _ftable                               
0001a72c  _getCPSRValue_                        
0001a734  _gotoCPUIdle_                         
0001a97c  _iCacheInvalidate_                    
080064d0  _lock                                 
0001a8ac  _memInit_                             
0001b028  _mpuAreRegionsSeparate_               
0001b00c  _mpuDisableBackgroundRegion_          
0001afe4  _mpuDisable_                          
0001affc  _mpuEnableBackgroundRegion_           
0001afcc  _mpuEnable_                           
0001b01c  _mpuGetNumberOfRegions_               
0001b04c  _mpuGetRegionBaseAddress_             
0001b06c  _mpuGetRegionPermission_              
0001b060  _mpuGetRegionType_                    
0001b03c  _mpuGetRegion_                        
0001ad14  _mpuInit_                             
0001b044  _mpuSetRegionBaseAddress_             
0001b078  _mpuSetRegionSizeRegister_            
0001b054  _mpuSetRegionTypeAndPermission_       
0001b034  _mpuSetRegion_                        
00022654  _nop                                  
080063f8  _stream                               
00005de8  _sys_memory                           
UNDEFED   _system_post_cinit                    
080064d4  _unlock                               
00022644  abort                                 
0001e714  adcNotification                       
0001ec0c  aligned_alloc                         
00021668  atoi                                  
ffffffff  binit                                 
0000c1b4  can1GetConfigValue                    
0001e0e4  can1HighLevelInterrupt                
0000c30c  can2GetConfigValue                    
0001e1cc  can2HighLevelInterrupt                
0000c464  can3GetConfigValue                    
0000c63c  can4GetConfigValue                    
0000c054  canDisableErrorNotification           
0000c034  canDisableStatusChangeNotification    
0000c0ac  canDisableloopback                    
0000bff4  canEnableErrorNotification            
0000c014  canEnableStatusChangeNotification     
0000c074  canEnableloopback                     
0001e728  canErrorNotification                  
0000bd9c  canFillMessageObjectData              
0000bac4  canGetData                            
0000bfd0  canGetErrorLevel                      
0000bc1c  canGetID                              
0000bfac  canGetLastError                       
0000b5d4  canInit                               
0000c198  canIoRxGetBit                         
0000c0dc  canIoSetDirection                     
0000c12c  canIoSetPort                          
0000c17c  canIoTxGetBit                         
0000bf50  canIsMessageBoxValid                  
0000bef4  canIsRxMessageArrived                 
0000be98  canIsTxMessagePending                 
0001d8b8  canMessageNotification                
0000bcfc  canSendRemoteFrame                    
0001e73c  canStatusChangeNotification           
0000b9c8  canTransmit                           
0000bc84  canUpdateID                           
0001d980  can_init                              
00021310  close                                 
00022574  copysign                              
00022574  copysignl                             
0001e81c  crcNotification                       
00011898  csp_accept                            
0001d24c  csp_bin_sem_create                    
0001d344  csp_bin_sem_post                      
0001d39c  csp_bin_sem_post_isr                  
0001d29c  csp_bin_sem_remove                    
0001d2d4  csp_bin_sem_wait                      
0001b870  csp_bind                              
00016428  csp_buf_free                          
0001878c  csp_buffer_clone                      
00018810  csp_buffer_data_size                  
00018658  csp_buffer_free                       
000185d4  csp_buffer_free_isr                   
000183e8  csp_buffer_free_resources             
000184c0  csp_buffer_get                        
00018430  csp_buffer_get_isr                    
00018304  csp_buffer_init                       
000187ec  csp_buffer_remaining                  
00018800  csp_buffer_size                       
0001aac0  csp_bytesize                          
000219dc  csp_calloc                            
00017be4  csp_can_add_interface                 
0001c1e0  csp_can_pbuf_find                     
0001bff8  csp_can_pbuf_free                     
0001c08c  csp_can_pbuf_new                      
00017590  csp_can_rx                            
0001792c  csp_can_tx                            
0002176c  csp_clock_get_time                    
00021794  csp_clock_set_time                    
0000e270  csp_close                             
0001657c  csp_cmp                               
00015598  csp_cmp_set_memcpy                    
08006218  csp_conf                              
0000e094  csp_conn_allocate                     
0000da2c  csp_conn_check_timeouts               
0000e288  csp_conn_close                        
0000e6ac  csp_conn_dport                        
0000e6f8  csp_conn_dst                          
0000dacc  csp_conn_enqueue_packet               
0000de8c  csp_conn_find                         
0000e730  csp_conn_flags                        
0000dd8c  csp_conn_free_resources               
0000e940  csp_conn_get_array                    
0000dab8  csp_conn_get_rxq                      
0000db90  csp_conn_init                         
0000e218  csp_conn_new                          
0000e748  csp_conn_print_table                  
0000e818  csp_conn_print_table_str              
0000e6dc  csp_conn_sport                        
0000e714  csp_conn_src                          
0000e40c  csp_connect                           
0001e554  csp_crc32_append                      
0001e4d8  csp_crc32_memory                      
0001e608  csp_crc32_verify                      
0001d7d0  csp_debug_get_level                   
08006504  csp_debug_hook_func                   
0001d644  csp_debug_hook_set                    
080064f8  csp_debug_level_enabled               
0001d7a0  csp_debug_set_level                   
0001d800  csp_debug_toggle_level                
00021a28  csp_free                              
0001fe10  csp_free_resources                    
0001fd3c  csp_get_address                       
0001639c  csp_get_buf_free                      
0001fe3c  csp_get_conf                          
000162bc  csp_get_memfree                       
0002225c  csp_get_ms                            
00022268  csp_get_ms_isr                        
00022274  csp_get_s                             
00022288  csp_get_s_isr                         
0001649c  csp_get_uptime                        
0002221c  csp_get_uptime_s                      
0001a438  csp_hmac_append                       
0001a350  csp_hmac_memory                       
0001a3fc  csp_hmac_set_key                      
0001a500  csp_hmac_verify                       
000225bc  csp_htobe32                           
00022440  csp_hton16                            
000222dc  csp_hton32                            
08006448  csp_if_lo                             
0001a9f4  csp_iflist_add                        
0001aab4  csp_iflist_get                        
0001a998  csp_iflist_get_by_name                
0001ab70  csp_iflist_print                      
0001fd48  csp_init                              
00019a98  csp_kiss_add_interface                
00019754  csp_kiss_rx                           
000195a0  csp_kiss_tx                           
0001b80c  csp_listen                            
000219c8  csp_malloc                            
00016348  csp_memfree                           
0001d1d0  csp_mutex_create                      
0001d21c  csp_mutex_lock                        
0001d208  csp_mutex_remove                      
0001d238  csp_mutex_unlock                      
000225d0  csp_ntoh16                            
000225e4  csp_ntoh32                            
00015ea4  csp_ping                              
0001603c  csp_ping_noreply                      
0001b7ec  csp_port_free_resources               
0001b70c  csp_port_get_socket                   
0001b7ac  csp_port_init                         
00016194  csp_ps                                
0001b104  csp_qfifo_free_resources              
0001b080  csp_qfifo_init                        
0001b16c  csp_qfifo_read                        
0001b310  csp_qfifo_wake_up                     
0001b1a0  csp_qfifo_write                       
0001ff84  csp_queue_create                      
0002001c  csp_queue_dequeue                     
00020058  csp_queue_dequeue_isr                 
0001ffb8  csp_queue_enqueue                     
0001fff4  csp_queue_enqueue_isr                 
0001ffa4  csp_queue_remove                      
0002007c  csp_queue_size                        
00020090  csp_queue_size_isr                    
00009074  csp_rdp_check_ack                     
00009244  csp_rdp_check_timeouts                
0000b008  csp_rdp_close                         
0000b478  csp_rdp_conn_print                    
0000a6a4  csp_rdp_connect                       
00008f48  csp_rdp_flush_all                     
0000afd8  csp_rdp_free_resources                
0000b3b4  csp_rdp_get_opt                       
0000ae10  csp_rdp_init                          
0000986c  csp_rdp_new_packet                    
0000aa88  csp_rdp_send                          
0000b350  csp_rdp_set_opt                       
000118fc  csp_read                              
000160ec  csp_reboot                            
0001212c  csp_recvfrom                          
00014ae8  csp_route_start_task                  
0001462c  csp_route_work                        
00017100  csp_rtable_check                      
00017414  csp_rtable_clear                      
0001dcbc  csp_rtable_find_route                 
0001ddc8  csp_rtable_free                       
0001dde0  csp_rtable_iterate                    
000170e8  csp_rtable_load                       
000174d8  csp_rtable_print                      
000173ac  csp_rtable_save                       
00017118  csp_rtable_set                        
0001dd0c  csp_rtable_set_internal               
00011cc4  csp_send                              
00011a38  csp_send_direct                       
00011da0  csp_send_prio                         
00012180  csp_sendto                            
000122f8  csp_sendto_reply                      
00015ab0  csp_service_handler                   
000114b0  csp_sha1_done                         
000112e0  csp_sha1_init                         
00011744  csp_sha1_memory                       
00011348  csp_sha1_process                      
00016140  csp_shutdown                          
00021094  csp_sleep_ms                          
000117a8  csp_socket                            
0001ef74  csp_sys_memfree                       
000202f8  csp_sys_reboot                        
0001ef80  csp_sys_set_color                     
000202dc  csp_sys_set_reboot                    
00020344  csp_sys_set_shutdown                  
00020360  csp_sys_shutdown                      
0001ef48  csp_sys_tasklist                      
0001ef60  csp_sys_tasklist_size                 
0002100c  csp_thread_create                     
00021084  csp_thread_exit                       
00011f08  csp_transaction_persistent            
00012088  csp_transaction_w_opts                
000204e8  csp_udp_new_packet                    
00016528  csp_uptime                            
0001c9a4  csp_usart_open                        
0001ee3c  csp_usart_open_and_add_kiss_interface 
0001c944  csp_usart_write                       
000194c0  csp_xtea_decrypt                      
000194e4  csp_xtea_decrypt_packet               
0001930c  csp_xtea_encrypt                      
00019408  csp_xtea_encrypt_packet               
000192d0  csp_xtea_set_key                      
08006288  ctx                                   
000141c4  customTrimLPO                         
0001e764  dccNotification                       
0001e700  dmaGroupANotification                 
0001d660  do_csp_debug                          
0000213c  eTaskConfirmSleepModeStatus           
000008b0  eTaskGetState                         
0001e868  ecapNotification                      
0001e7f4  edgeNotification                      
0001e8a0  emacRxNotification                    
0001e890  emacTxNotification                    
0001bb28  emifGetConfigValue                    
0001ba44  emif_ASYNC1Init                       
0001ba90  emif_ASYNC2Init                       
0001badc  emif_ASYNC3Init                       
0001ba40  emif_SDRAMInit                        
0001bc80  emif_SDRAM_StartupInit                
0001e87c  epcCAMFullNotification                
0001e880  epcFIFOFullNotification               
0001e854  eqepNotification                      
08006510  errno                                 
000168a8  esmActivateNormalOperation            
000169f4  esmClearStatus                        
00016a58  esmClearStatusBuffer                  
00016a34  esmClearStatusUpper                   
00016854  esmDisableError                       
0001687c  esmDisableErrorUpper                  
000168fc  esmDisableInterrupt                   
00016924  esmDisableInterruptUpper              
00016810  esmEnableError                        
00016838  esmEnableErrorUpper                   
000168b8  esmEnableInterrupt                    
000168e0  esmEnableInterruptUpper               
00016b88  esmEnterSelfTest                      
000167f4  esmError                              
00016c60  esmGetConfigValue                     
00016a94  esmGetStatus                          
00016b60  esmGetStatusBuffer                    
00016b18  esmGetStatusUpper                     
0001c924  esmGroup1Notification                 
0001c934  esmGroup2Notification                 
0001e6f0  esmGroup3Notification                 
0001f250  esmHighInterrupt                      
00016698  esmInit                               
00016c10  esmSelfTestStatus                     
00016a74  esmSetCounterPreloadValue             
00016940  esmSetInterruptLevel                  
000169b4  esmSetInterruptLevelUpper             
00016898  esmTriggerErrorPinReset               
0001e830  etpwmNotification                     
0001e840  etpwmTripNotification                 
000217e8  exit                                  
00020d74  fflush                                
00021df8  finddevice                            
0001fbd8  floor                                 
0001fbd8  floorl                                
000210a8  fprintf                               
000203e8  fputc                                 
0001ea68  fputs                                 
0001f3c8  free                                  
00021558  frexp                                 
00021558  frexpl                                
00020e20  fseek                                 
00013c6c  getResetSource                        
00021aac  getdevice                             
0001e778  gioNotification                       
0002264c  handlePLLLockFail                     
0001e808  hetNotification                       
0001e78c  i2cNotification                       
08006160  incomingData                          
000200a4  ldexp                                 
000200a4  ldexpl                                
0001dee0  lin1HighLevelInterrupt                
0002210c  lseek                                 
00018ccc  main                                  
00022638  malloc                                
00013a98  mapClocks                             
0001ec0c  memalign                              
000223e4  memccpy                               
0002246c  memchr                                
00022350  memcmp                                
0001f0d0  memcpy                                
00020b78  memset                                
0001e7b4  mibspiGroupNotification               
0001e7a0  mibspiNotification                    
00012f10  muxInit                               
08006278  parmbuf                               
00001390  pcTaskGetName                         
000139e4  periphInit                            
00022668  phantomInterrupt                      
00021144  printf                                
00005664  prvMpuDisable                         
0000564c  prvMpuEnable                          
00005634  prvMpuSetRegion                       
000203e8  putc                                  
00005a68  pvPortMalloc                          
00002218  pvTaskGetThreadLocalStoragePointer    
00002d10  pvTaskIncrementMutexHeldCount         
0001e7dc  pwmNotification                       
080008d0  pxCurrentTCB                          
0000568c  pxPortInitialiseStack                 
00021f98  rand                                  
0001f948  realloc                               
000220c4  remove                                
00000000  resetEntry                            
000200a4  scalbn                                
000200a4  scalbnl                               
0000f3c4  sci1GetConfigValue                    
0000f51c  sci2GetConfigValue                    
0000f674  sci3GetConfigValue                    
0000f7cc  sci4GetConfigValue                    
0000f238  sciDisableLoopback                    
0000f2ec  sciDisableNotification                
0000f204  sciEnableLoopback                     
0000f254  sciEnableNotification                 
0000f384  sciEnterResetState                    
0000f3a4  sciExitResetState                     
0000ea50  sciInit                               
0800628c  sciInturruptSem                       
0000f07c  sciIsIdleDetected                     
0000f060  sciIsRxReady                          
0000eeb0  sciIsTxReady                          
0001c8ec  sciNotification                       
0000f0f4  sciReceive                            
0000f0c8  sciReceiveByte                        
0000f098  sciRxError                            
0000eefc  sciSend                               
0000eecc  sciSendByte                           
0000ee14  sciSetBaudrate                        
0000edf4  sciSetFunctional                      
000139a4  setupFlash                            
000138d0  setupPLL                              
0001f7f0  setvbuf                               
00021864  snprintf                              
00021be4  sprintf                               
00022318  srand                                 
00021ea0  sscanf                                
00022150  strcasecmp                            
000224c4  strchr                                
000224ec  strcmp                                
00022590  strcpy                                
00022194  strcspn                               
00022538  strlen                                
00021ef4  strncasecmp                           
00021fe4  strncat                               
0002207c  strncpy                               
00022498  strrchr                               
00022030  strspn                                
00019bc4  strtod                                
000205e0  strtok_r                              
0001e2e4  strtol                                
00019bc4  strtold                               
0001c2d0  strtoll                               
0001e8b0  strtoul                               
0001cf90  strtoull                              
00013d94  systemGetConfigValue                  
00013bc4  systemInit                            
00013c3c  systemPowerDown                       
00018ad8  task_client                           
000189e8  task_server                           
00013930  trimLPO                               
0000455c  ucQueueGetQueueType                   
080064f0  ulCriticalNesting                     
0000555c  ulPortCountLeadingZeros               
080064f4  ulTaskHasFPUContext                   
00002d44  ulTaskNotifyTake                      
000220c4  unlink                                
0001c870  usart_rx_thread                       
0000519c  uxEventGroupGetNumber                 
0001d5b8  uxListRemove                          
00004524  uxQueueGetQueueNumber                 
00004440  uxQueueMessagesWaiting                
000044c4  uxQueueMessagesWaitingFromISR         
00004478  uxQueueSpacesAvailable                
00001384  uxTaskGetNumberOfTasks                
000026ac  uxTaskGetStackHighWaterMark           
00001670  uxTaskGetSystemState                  
000020c8  uxTaskGetTaskNumber                   
000009b4  uxTaskPriorityGet                     
000009f8  uxTaskPriorityGetFromISR              
00002cd4  uxTaskResetEventItemValue             
00005114  vEventGroupClearBitsCallback          
00005074  vEventGroupDelete                     
000050f8  vEventGroupSetBitsCallback            
0001d40c  vListInitialise                       
0001d464  vListInitialiseItem                   
0001d4f4  vListInsert                           
0001d480  vListInsertEnd                        
00005a34  vPortEndScheduler                     
00005cbc  vPortFree                             
00005dcc  vPortInitialiseBlocks                 
00005550  vPortInitialiseFPSCR                  
00005450  vPortPreemptiveTick                   
00005564  vPortSWI                              
000051e0  vPortStartFirstTask                   
000057a0  vPortStoreTaskMPUSettings             
0000535c  vPortYeildWithinAPI                   
00005270  vPortYieldProcessor                   
000044f4  vQueueDelete                          
0000453c  vQueueSetQueueNumber                  
00002288  vTaskAllocateMPURegions               
0000082c  vTaskDelay                            
000006c0  vTaskDelayUntil                       
00000558  vTaskDelete                           
000010c0  vTaskEndScheduler                     
00002400  vTaskGetInfo                          
00002b1c  vTaskList                             
000020b8  vTaskMissedYield                      
0000331c  vTaskNotifyGiveFromISR                
00001c74  vTaskPlaceOnEventList                 
00001cb8  vTaskPlaceOnUnorderedEventList        
000027e0  vTaskPriorityInherit                  
00000a40  vTaskPrioritySet                      
00000e60  vTaskResume                           
00002108  vTaskSetTaskNumber                    
000021bc  vTaskSetThreadLocalStoragePointer     
00001f34  vTaskSetTimeOutState                  
00001028  vTaskStartScheduler                   
00001818  vTaskStepTick                         
00000c5c  vTaskSuspend                          
000010dc  vTaskSuspendAll                       
00001b94  vTaskSwitchContext                    
00014cc4  vimChannelMap                         
00014f30  vimDisableInterrupt                   
0001b3d0  vimECCErrorHandler                    
00014d68  vimEnableInterrupt                    
00014fdc  vimGetConfigValue                     
00014bf0  vimInit                               
00022514  wcslen                                
000221d8  write                                 
00004e10  xEventGroupClearBits                  
00004984  xEventGroupCreate                     
00004e94  xEventGroupGetBitsFromISR             
00004ec4  xEventGroupSetBits                    
000049c0  xEventGroupSync                       
00004bc0  xEventGroupWaitBits                   
00005db4  xPortGetFreeHeapSize                  
00005dc0  xPortGetMinimumEverFreeHeapSize       
00005a14  xPortStartScheduler                   
000038a8  xQueueCreateCountingSemaphore         
00003864  xQueueCreateMutex                     
000036e8  xQueueGenericCreate                   
00003ef0  xQueueGenericReceive                  
000035c0  xQueueGenericReset                    
00003934  xQueueGenericSend                     
00003bf4  xQueueGenericSendFromISR              
00003d84  xQueueGiveFromISR                     
000048a8  xQueueIsQueueEmptyFromISR             
00004934  xQueueIsQueueFullFromISR              
0000434c  xQueuePeekFromISR                     
00004204  xQueueReceiveFromISR                  
0000187c  xTaskAbortDelay                       
00001f80  xTaskCheckForTimeOut                  
000000fc  xTaskCreate                           
00000020  xTaskCreateRestricted                 
00002f3c  xTaskGenericNotify                    
0000310c  xTaskGenericNotifyFromISR             
00002774  xTaskGetCurrentTaskHandle             
00001568  xTaskGetHandle                        
000017e0  xTaskGetIdleTaskHandle                
00002790  xTaskGetSchedulerState                
00001344  xTaskGetTickCount                     
00001360  xTaskGetTickCountFromISR              
0000196c  xTaskIncrementTick                    
0001f774  xTaskNotifyStateClear                 
00002e18  xTaskNotifyWait                       
00002940  xTaskPriorityDisinherit               
00001d40  xTaskRemoveFromEventList              
00001e30  xTaskRemoveFromUnorderedEventList     
00001194  xTaskResumeAll                        
00000f40  xTaskResumeFromISR                    


GLOBAL SYMBOLS: SORTED BY Symbol Address 

address   name                                  
-------   ----                                  
00000000  __TI_static_base__                    
00000000  resetEntry                            
00000020  xTaskCreateRestricted                 
000000fc  xTaskCreate                           
00000558  vTaskDelete                           
000006c0  vTaskDelayUntil                       
00000800  __SYSMEM_SIZE                         
0000082c  vTaskDelay                            
000008b0  eTaskGetState                         
000009b4  uxTaskPriorityGet                     
000009f8  uxTaskPriorityGetFromISR              
00000a40  vTaskPrioritySet                      
00000c5c  vTaskSuspend                          
00000e60  vTaskResume                           
00000f40  xTaskResumeFromISR                    
00001028  vTaskStartScheduler                   
000010c0  vTaskEndScheduler                     
000010dc  vTaskSuspendAll                       
00001194  xTaskResumeAll                        
00001344  xTaskGetTickCount                     
00001360  xTaskGetTickCountFromISR              
00001384  uxTaskGetNumberOfTasks                
00001390  pcTaskGetName                         
00001568  xTaskGetHandle                        
00001670  uxTaskGetSystemState                  
000017e0  xTaskGetIdleTaskHandle                
00001818  vTaskStepTick                         
0000187c  xTaskAbortDelay                       
0000196c  xTaskIncrementTick                    
00001b94  vTaskSwitchContext                    
00001c74  vTaskPlaceOnEventList                 
00001cb8  vTaskPlaceOnUnorderedEventList        
00001d40  xTaskRemoveFromEventList              
00001e30  xTaskRemoveFromUnorderedEventList     
00001f34  vTaskSetTimeOutState                  
00001f80  xTaskCheckForTimeOut                  
000020b8  vTaskMissedYield                      
000020c8  uxTaskGetTaskNumber                   
00002108  vTaskSetTaskNumber                    
0000213c  eTaskConfirmSleepModeStatus           
000021bc  vTaskSetThreadLocalStoragePointer     
00002218  pvTaskGetThreadLocalStoragePointer    
00002288  vTaskAllocateMPURegions               
00002400  vTaskGetInfo                          
000026ac  uxTaskGetStackHighWaterMark           
00002774  xTaskGetCurrentTaskHandle             
00002790  xTaskGetSchedulerState                
000027e0  vTaskPriorityInherit                  
00002940  xTaskPriorityDisinherit               
00002b1c  vTaskList                             
00002cd4  uxTaskResetEventItemValue             
00002d10  pvTaskIncrementMutexHeldCount         
00002d44  ulTaskNotifyTake                      
00002e18  xTaskNotifyWait                       
00002f3c  xTaskGenericNotify                    
0000310c  xTaskGenericNotifyFromISR             
0000331c  vTaskNotifyGiveFromISR                
000035c0  xQueueGenericReset                    
000036e8  xQueueGenericCreate                   
00003864  xQueueCreateMutex                     
000038a8  xQueueCreateCountingSemaphore         
00003934  xQueueGenericSend                     
00003bf4  xQueueGenericSendFromISR              
00003d84  xQueueGiveFromISR                     
00003ef0  xQueueGenericReceive                  
00004204  xQueueReceiveFromISR                  
0000434c  xQueuePeekFromISR                     
00004440  uxQueueMessagesWaiting                
00004478  uxQueueSpacesAvailable                
000044c4  uxQueueMessagesWaitingFromISR         
000044f4  vQueueDelete                          
00004524  uxQueueGetQueueNumber                 
0000453c  vQueueSetQueueNumber                  
0000455c  ucQueueGetQueueType                   
000048a8  xQueueIsQueueEmptyFromISR             
00004934  xQueueIsQueueFullFromISR              
00004984  xEventGroupCreate                     
000049c0  xEventGroupSync                       
00004bc0  xEventGroupWaitBits                   
00004e10  xEventGroupClearBits                  
00004e94  xEventGroupGetBitsFromISR             
00004ec4  xEventGroupSetBits                    
00005074  vEventGroupDelete                     
000050f8  vEventGroupSetBitsCallback            
00005114  vEventGroupClearBitsCallback          
0000519c  uxEventGroupGetNumber                 
000051e0  vPortStartFirstTask                   
00005270  vPortYieldProcessor                   
0000535c  vPortYeildWithinAPI                   
00005450  vPortPreemptiveTick                   
00005550  vPortInitialiseFPSCR                  
0000555c  ulPortCountLeadingZeros               
00005564  vPortSWI                              
00005634  prvMpuSetRegion                       
0000564c  prvMpuEnable                          
00005664  prvMpuDisable                         
0000568c  pxPortInitialiseStack                 
000057a0  vPortStoreTaskMPUSettings             
00005a14  xPortStartScheduler                   
00005a34  vPortEndScheduler                     
00005a68  pvPortMalloc                          
00005cbc  vPortFree                             
00005db4  xPortGetFreeHeapSize                  
00005dc0  xPortGetMinimumEverFreeHeapSize       
00005dcc  vPortInitialiseBlocks                 
00005de8  _sys_memory                           
00006698  __TI_Handler_Table_Base               
000066a4  __TI_Handler_Table_Limit              
000066c0  __TI_CINIT_Base                       
000066e0  __TI_CINIT_Limit                      
00008f48  csp_rdp_flush_all                     
00009074  csp_rdp_check_ack                     
00009244  csp_rdp_check_timeouts                
0000986c  csp_rdp_new_packet                    
0000a6a4  csp_rdp_connect                       
0000aa88  csp_rdp_send                          
0000ae10  csp_rdp_init                          
0000afd8  csp_rdp_free_resources                
0000b008  csp_rdp_close                         
0000b350  csp_rdp_set_opt                       
0000b3b4  csp_rdp_get_opt                       
0000b478  csp_rdp_conn_print                    
0000b5d4  canInit                               
0000b9c8  canTransmit                           
0000bac4  canGetData                            
0000bc1c  canGetID                              
0000bc84  canUpdateID                           
0000bcfc  canSendRemoteFrame                    
0000bd9c  canFillMessageObjectData              
0000be98  canIsTxMessagePending                 
0000bef4  canIsRxMessageArrived                 
0000bf50  canIsMessageBoxValid                  
0000bfac  canGetLastError                       
0000bfd0  canGetErrorLevel                      
0000bff4  canEnableErrorNotification            
0000c014  canEnableStatusChangeNotification     
0000c034  canDisableStatusChangeNotification    
0000c054  canDisableErrorNotification           
0000c074  canEnableloopback                     
0000c0ac  canDisableloopback                    
0000c0dc  canIoSetDirection                     
0000c12c  canIoSetPort                          
0000c17c  canIoTxGetBit                         
0000c198  canIoRxGetBit                         
0000c1b4  can1GetConfigValue                    
0000c30c  can2GetConfigValue                    
0000c464  can3GetConfigValue                    
0000c63c  can4GetConfigValue                    
0000c85c  __TI_scanfi                           
0000da2c  csp_conn_check_timeouts               
0000dab8  csp_conn_get_rxq                      
0000dacc  csp_conn_enqueue_packet               
0000db90  csp_conn_init                         
0000dd8c  csp_conn_free_resources               
0000de8c  csp_conn_find                         
0000e094  csp_conn_allocate                     
0000e218  csp_conn_new                          
0000e270  csp_close                             
0000e288  csp_conn_close                        
0000e40c  csp_connect                           
0000e6ac  csp_conn_dport                        
0000e6dc  csp_conn_sport                        
0000e6f8  csp_conn_dst                          
0000e714  csp_conn_src                          
0000e730  csp_conn_flags                        
0000e748  csp_conn_print_table                  
0000e818  csp_conn_print_table_str              
0000e940  csp_conn_get_array                    
0000ea50  sciInit                               
0000edf4  sciSetFunctional                      
0000ee14  sciSetBaudrate                        
0000eeb0  sciIsTxReady                          
0000eecc  sciSendByte                           
0000eefc  sciSend                               
0000f060  sciIsRxReady                          
0000f07c  sciIsIdleDetected                     
0000f098  sciRxError                            
0000f0c8  sciReceiveByte                        
0000f0f4  sciReceive                            
0000f204  sciEnableLoopback                     
0000f238  sciDisableLoopback                    
0000f254  sciEnableNotification                 
0000f2ec  sciDisableNotification                
0000f384  sciEnterResetState                    
[...]
0001462c  csp_route_work                        
00014ae8  csp_route_start_task                  
00014bf0  vimInit                               
00014cc4  vimChannelMap                         
00014d68  vimEnableInterrupt                    
00014f30  vimDisableInterrupt                   
00014fdc  vimGetConfigValue                     
00015598  csp_cmp_set_memcpy                    
00015ab0  csp_service_handler                   
00015ea4  csp_ping                              
0001603c  csp_ping_noreply                      
000160ec  csp_reboot                            
00016140  csp_shutdown                          
00016194  csp_ps                                
000162bc  csp_get_memfree                       
00016348  csp_memfree                           
0001639c  csp_get_buf_free                      
00016428  csp_buf_free                          
0001649c  csp_get_uptime                        
00016528  csp_uptime                            
0001657c  csp_cmp                               
00016698  esmInit                               
000167f4  esmError                              
00016810  esmEnableError                        
00016838  esmEnableErrorUpper                   
00016854  esmDisableError                       
0001687c  esmDisableErrorUpper                  
00016898  esmTriggerErrorPinReset               
000168a8  esmActivateNormalOperation            
000168b8  esmEnableInterrupt                    
000168e0  esmEnableInterruptUpper               
000168fc  esmDisableInterrupt                   
00016924  esmDisableInterruptUpper              
00016940  esmSetInterruptLevel                  
000169b4  esmSetInterruptLevelUpper             
000169f4  esmClearStatus                        
00016a34  esmClearStatusUpper                   
00016a58  esmClearStatusBuffer                  
00016a74  esmSetCounterPreloadValue             
00016a94  esmGetStatus                          
00016b18  esmGetStatusUpper                     
00016b60  esmGetStatusBuffer                    
00016b88  esmEnterSelfTest                      
00016c10  esmSelfTestStatus                     
00016c60  esmGetConfigValue                     
000170e8  csp_rtable_load                       
00017100  csp_rtable_check                      
00017118  csp_rtable_set                        
000173ac  csp_rtable_save                       
00017414  csp_rtable_clear                      
000174d8  csp_rtable_print                      
00017590  csp_can_rx                            
0001792c  csp_can_tx                            
00017be4  csp_can_add_interface                 
00017ca0  _errata_SSWF021_45_both_plls          
00017e94  _errata_SSWF021_45_pll1               
0001800c  _errata_SSWF021_45_pll2               
00018304  csp_buffer_init                       
000183e8  csp_buffer_free_resources             
00018430  csp_buffer_get_isr                    
000184c0  csp_buffer_get                        
000185d4  csp_buffer_free_isr                   
00018658  csp_buffer_free                       
0001878c  csp_buffer_clone                      
000187ec  csp_buffer_remaining                  
00018800  csp_buffer_size                       
00018810  csp_buffer_data_size                  
000189e8  task_server                           
00018ad8  task_client                           
00018ccc  main                                  
000192d0  csp_xtea_set_key                      
0001930c  csp_xtea_encrypt                      
00019408  csp_xtea_encrypt_packet               
000194c0  csp_xtea_decrypt                      
000194e4  csp_xtea_decrypt_packet               
000195a0  csp_kiss_tx                           
00019754  csp_kiss_rx                           
00019a98  csp_kiss_add_interface                
00019bc4  strtod                                
00019bc4  strtold                               
0001a350  csp_hmac_memory                       
0001a3fc  csp_hmac_set_key                      
0001a438  csp_hmac_append                       
0001a500  csp_hmac_verify                       
0001a5d4  _coreInitRegisters_                   
0001a6e0  _coreInitStackPointer_                
0001a72c  _getCPSRValue_                        
0001a734  _gotoCPUIdle_                         
0001a74c  _coreEnableVfp_                       
0001a764  _coreEnableEventBusExport_            
0001a774  _coreDisableEventBusExport_           
0001a784  _coreEnableIrqVicOffset_              
0001a794  _coreGetDataFault_                    
0001a79c  _coreClearDataFault_                  
0001a7a8  _coreGetInstructionFault_             
0001a7b0  _coreClearInstructionFault_           
0001a7bc  _coreGetDataFaultAddress_             
0001a7c4  _coreClearDataFaultAddress_           
0001a7d0  _coreGetInstructionFaultAddress_      
0001a7d8  _coreClearInstructionFaultAddress_    
0001a7e4  _coreGetAuxiliaryDataFault_           
0001a7ec  _coreClearAuxiliaryDataFault_         
0001a7f8  _coreGetAuxiliaryInstructionFault_    
0001a800  _coreClearAuxiliaryInstructionFault_  
0001a80c  _disable_IRQ_interrupt_               
0001a814  _enable_IRQ_interrupt_                
0001a81c  _enable_interrupt_                    
0001a824  _esmCcmErrorsClear_                   
0001a8ac  _memInit_                             
0001a8e0  _checkMemInitOn_                      
0001a900  _cacheEnable_                         
0001a944  _cacheDisable_                        
0001a968  _dCacheInvalidate_                    
0001a97c  _iCacheInvalidate_                    
0001a990  __TI_PINIT_Base                       
0001a994  __TI_PINIT_Limit                      
0001a998  csp_iflist_get_by_name                
0001a9f4  csp_iflist_add                        
0001aab4  csp_iflist_get                        
0001aac0  csp_bytesize                          
0001ab70  csp_iflist_print                      
0001ad14  _mpuInit_                             
0001afcc  _mpuEnable_                           
0001afe4  _mpuDisable_                          
0001affc  _mpuEnableBackgroundRegion_           
0001b00c  _mpuDisableBackgroundRegion_          
0001b01c  _mpuGetNumberOfRegions_               
0001b028  _mpuAreRegionsSeparate_               
0001b034  _mpuSetRegion_                        
0001b03c  _mpuGetRegion_                        
0001b044  _mpuSetRegionBaseAddress_             
0001b04c  _mpuGetRegionBaseAddress_             
0001b054  _mpuSetRegionTypeAndPermission_       
0001b060  _mpuGetRegionType_                    
0001b06c  _mpuGetRegionPermission_              
0001b078  _mpuSetRegionSizeRegister_            
0001b080  csp_qfifo_init                        
0001b104  csp_qfifo_free_resources              
0001b16c  csp_qfifo_read                        
0001b1a0  csp_qfifo_write                       
0001b310  csp_qfifo_wake_up                     
0001b3d0  vimECCErrorHandler                    
0001b70c  csp_port_get_socket                   
0001b7ac  csp_port_init                         
0001b7ec  csp_port_free_resources               
0001b80c  csp_listen                            
0001b870  csp_bind                              
0001ba40  emif_SDRAMInit                        
0001ba44  emif_ASYNC1Init                       
0001ba90  emif_ASYNC2Init                       
0001badc  emif_ASYNC3Init                       
0001bb28  emifGetConfigValue                    
0001bc80  emif_SDRAM_StartupInit                
0001bff8  csp_can_pbuf_free                     
0001c08c  csp_can_pbuf_new                      
0001c1e0  csp_can_pbuf_find                     
0001c2d0  strtoll                               
0001c598  __aeabi_uldivmod                      
0001c870  usart_rx_thread                       
0001c8ec  sciNotification                       
0001c924  esmGroup1Notification                 
0001c934  esmGroup2Notification                 
0001c944  csp_usart_write                       
0001c9a4  csp_usart_open                        
0001cf90  strtoull                              
0001d1d0  csp_mutex_create                      
0001d208  csp_mutex_remove                      
0001d21c  csp_mutex_lock                        
0001d238  csp_mutex_unlock                      
0001d24c  csp_bin_sem_create                    
0001d29c  csp_bin_sem_remove                    
0001d2d4  csp_bin_sem_wait                      
0001d344  csp_bin_sem_post                      
0001d39c  csp_bin_sem_post_isr                  
0001d40c  vListInitialise                       
0001d464  vListInitialiseItem                   
0001d480  vListInsertEnd                        
0001d4f4  vListInsert                           
0001d5b8  uxListRemove                          
0001d644  csp_debug_hook_set                    
0001d660  do_csp_debug                          
0001d7a0  csp_debug_set_level                   
0001d7d0  csp_debug_get_level                   
0001d800  csp_debug_toggle_level                
0001d8b8  canMessageNotification                
0001d980  can_init                              
0001da98  __vla_alloc                           
0001dcbc  csp_rtable_find_route                 
0001dd0c  csp_rtable_set_internal               
0001ddc8  csp_rtable_free                       
0001dde0  csp_rtable_iterate                    
0001dee0  lin1HighLevelInterrupt                
0001e0e4  can1HighLevelInterrupt                
0001e1cc  can2HighLevelInterrupt                
0001e2e4  strtol                                
0001e4d8  csp_crc32_memory                      
0001e554  csp_crc32_append                      
0001e608  csp_crc32_verify                      
0001e6f0  esmGroup3Notification                 
0001e700  dmaGroupANotification                 
0001e714  adcNotification                       
0001e728  canErrorNotification                  
0001e73c  canStatusChangeNotification           
0001e764  dccNotification                       
0001e778  gioNotification                       
0001e78c  i2cNotification                       
0001e7a0  mibspiNotification                    
0001e7b4  mibspiGroupNotification               
0001e7dc  pwmNotification                       
0001e7f4  edgeNotification                      
0001e808  hetNotification                       
0001e81c  crcNotification                       
0001e830  etpwmNotification                     
0001e840  etpwmTripNotification                 
0001e854  eqepNotification                      
0001e868  ecapNotification                      
0001e87c  epcCAMFullNotification                
0001e880  epcFIFOFullNotification               
0001e890  emacTxNotification                    
0001e8a0  emacRxNotification                    
0001e8b0  strtoul                               
0001ea68  fputs                                 
0001ec0c  aligned_alloc                         
0001ec0c  memalign                              
0001ee3c  csp_usart_open_and_add_kiss_interface 
0001ef48  csp_sys_tasklist                      
0001ef60  csp_sys_tasklist_size                 
0001ef74  csp_sys_memfree                       
0001ef80  csp_sys_set_color                     
0001f0d0  __aeabi_memcpy                        
0001f0d0  __aeabi_memcpy4                       
0001f0d0  __aeabi_memcpy8                       
0001f0d0  memcpy                                
0001f250  esmHighInterrupt                      
0001f3c8  free                                  
0001f774  xTaskNotifyStateClear                 
0001f7f0  setvbuf                               
0001f948  realloc                               
0001fbd8  floor                                 
0001fbd8  floorl                                
0001fd3c  csp_get_address                       
0001fd48  csp_init                              
0001fe10  csp_free_resources                    
0001fe3c  csp_get_conf                          
0001ff84  csp_queue_create                      
0001ffa4  csp_queue_remove                      
0001ffb8  csp_queue_enqueue                     
0001fff4  csp_queue_enqueue_isr                 
0002001c  csp_queue_dequeue                     
00020058  csp_queue_dequeue_isr                 
0002007c  csp_queue_size                        
00020090  csp_queue_size_isr                    
000200a4  ldexp                                 
000200a4  ldexpl                                
000200a4  scalbn                                
000200a4  scalbnl                               
000202dc  csp_sys_set_reboot                    
000202f8  csp_sys_reboot                        
00020344  csp_sys_set_shutdown                  
00020360  csp_sys_shutdown                      
000203e8  fputc                                 
000203e8  putc                                  
000204e8  csp_udp_new_packet                    
000205e0  strtok_r                              
000206d0  _c_int00                              
00020a00  __TI_closefile                        
00020ab8  __vla_dealloc                         
00020b68  __aeabi_memclr                        
00020b68  __aeabi_memclr4                       
00020b68  __aeabi_memclr8                       
00020b6c  __aeabi_memset                        
00020b6c  __aeabi_memset4                       
00020b6c  __aeabi_memset8                       
00020b78  memset                                
00020cc8  HOSTlseek                             
00020d74  fflush                                
00020e20  fseek                                 
00020ec8  HOSTrename                            
00020f6c  __TI_wrt_ok                           
0002100c  csp_thread_create                     
00021084  csp_thread_exit                       
00021094  csp_sleep_ms                          
000210a8  fprintf                               
00021144  printf                                
000211e0  HOSTopen                              
00021310  close                                 
000213a8  HOSTread                              
00021438  HOSTwrite                             
000214c8  __TI_decompress_lzss                  
00021558  frexp                                 
00021558  frexpl                                
000215e4  __TI_doflush                          
00021668  atoi                                  
000216ec  __TI_ltoa                             
0002176c  csp_clock_get_time                    
00021794  csp_clock_set_time                    
000217e8  exit                                  
00021864  snprintf                              
000218e0  HOSTclose                             
000219c8  csp_malloc                            
000219dc  csp_calloc                            
00021a28  csp_free                              
00021a3c  HOSTunlink                            
00021aac  getdevice                             
00021b18  __TI_auto_init_nobinit_nopinit        
00021be4  sprintf                               
00021cfc  __TI_cleanup                          
00021d50  __TI_readmsg                          
00021da4  __TI_writemsg                         
00021dec  C$$IO$$                               
00021df8  finddevice                            
00021e4c  __aeabi_idiv                          
00021e4c  __aeabi_idivmod                       
00021ea0  sscanf                                
00021ef4  strncasecmp                           
00021f48  __aeabi_uidiv                         
00021f48  __aeabi_uidivmod                      
00021f98  rand                                  
00021fe4  strncat                               
00022030  strspn                                
0002207c  strncpy                               
000220c4  remove                                
000220c4  unlink                                
0002210c  lseek                                 
00022150  strcasecmp                            
00022194  strcspn                               
000221d8  write                                 
0002221c  csp_get_uptime_s                      
0002225c  csp_get_ms                            
00022268  csp_get_ms_isr                        
00022274  csp_get_s                             
00022288  csp_get_s_isr                         
000222dc  csp_hton32                            
00022318  srand                                 
00022350  memcmp                                
000223e4  memccpy                               
00022440  csp_hton16                            
0002246c  memchr                                
00022498  strrchr                               
000224c4  strchr                                
000224ec  strcmp                                
00022514  wcslen                                
00022538  strlen                                
00022574  copysign                              
00022574  copysignl                             
00022590  strcpy                                
000225bc  csp_htobe32                           
000225d0  csp_ntoh16                            
000225e4  csp_ntoh32                            
000225f8  __TI_decompress_none                  
0002261c  __TI_zero_init                        
0002262c  __aeabi_errno_addr                    
00022638  malloc                                
00022644  C$$EXIT                               
00022644  abort                                 
0002264c  handlePLLLockFail                     
00022650  __abort_execution                     
00022654  _nop                                  
00022668  phantomInterrupt                      
0002266c  __aeabi_idiv0                         
0002266c  __aeabi_ldiv0                         
00022c80  _ctypes_                              
080008d0  pxCurrentTCB                          
08001000  __start___llvm_prf_cnts               
08001000  __stop___llvm_prf_cnts                
08005e20  __CIOBUF_                             
08006048  __TI_tmpnams                          
08006160  incomingData                          
08006218  csp_conf                              
08006278  parmbuf                               
08006288  ctx                                   
0800628c  sciInturruptSem                       
08006290  _ftable                               
08006380  _device                               
080063f8  _stream                               
08006448  csp_if_lo                             
080064b4  __TI_ft_end                           
080064b8  __aeabi_stdin                         
080064bc  __aeabi_stdout                        
080064c0  __aeabi_stderr                        
080064c4  __TI_cleanup_ptr                      
080064c8  __TI_dtors_ptr                        
080064cc  __TI_enable_exit_profile_output       
080064d0  _lock                                 
080064d4  _unlock                               
080064f0  ulCriticalNesting                     
080064f4  ulTaskHasFPUContext                   
080064f8  csp_debug_level_enabled               
08006504  csp_debug_hook_func                   
08006510  errno                                 
ffffffff  __TI_pprof_out_hndl                   
ffffffff  __TI_prof_data_size                   
ffffffff  __TI_prof_data_start                  
ffffffff  __binit__                             
ffffffff  __c_args__                            
ffffffff  binit                                 
UNDEFED   SHT$$INIT_ARRAY$$Base                 
UNDEFED   SHT$$INIT_ARRAY$$Limit                
UNDEFED   _system_post_cinit                    

[662 symbols]
