******************************************************************************
                  TI ARM Linker PC v20.2.0                     
******************************************************************************
>> Linked Fri Feb 19 17:19:26 2021

OUTPUT FILE NAME:   <can.out>
ENTRY POINT SYMBOL: "_c_int00"  address: 0002946c


MEMORY CONFIGURATION

         name            origin    length      used     unused   attr    fill
----------------------  --------  ---------  --------  --------  ----  --------
  VECTORS               00000000   00000020  00000020  00000000     X
  KERNEL                00000020   00008000  00007888  00000778  R  X
  FLASH0                00008020   001f7fe0  00023f99  001d4047  R  X
  FLASH1                00200000   00200000  00000000  00200000  R  X
  STACKS                08000000   00000800  00000000  00000800  RW  
  KRAM                  08000800   00000800  00000148  000006b8  RW  
  RAM                   08001000   0007f000  00040a28  0003e5d8  RW  
  SDRAM                 80000000   07ffffff  000000a0  07ffff5f  RW X


SEGMENT ALLOCATION MAP

run origin  load origin   length   init length attrs members
----------  ----------- ---------- ----------- ----- -------
00000000    00000000    00006fb0   00006fb0    r-x
  00000000    00000000    00000020   00000020    r-x .intvecs
  00000020    00000020    00006f90   00006f90    r-x .kernelTEXT
00006fb0    00006fb0    00000800   00000000    rw-
  00006fb0    00006fb0    00000800   00000000    rw- .sysmem
000077c0    000077c0    000000f8   000000f8    r--
  000077c0    000077c0    000000f8   000000f8    r-- .cinit
000080c0    000080c0    00023544   00023544    r-x
  000080c0    000080c0    00023544   00023544    r-x .text
0002b620    0002b620    000009b5   000009b5    r--
  0002b620    0002b620    000009b5   000009b5    r-- .const
08000800    08000800    00000148   00000000    rw-
  08000800    08000800    00000148   00000000    rw- .kernelBSS
08001000    08001000    00040a28   00000000    rw-
  08001000    08001000    00040000   00000000    rw- .kernelHEAP
  08041000    08041000    00000768   00000000    rw- .bss
  08041768    08041768    000002c0   00000000    rw- .data
80000000    00008020    000000a0   000000a0    r-x
  80000000    00008020    000000a0   000000a0    r-x .blinky_section


SECTION ALLOCATION MAP

 output                                  attributes/
section   page    origin      length       input sections
--------  ----  ----------  ----------   ----------------
.intvecs   0    00000000    00000020     
                  00000000    00000020     HL_sys_intvecs.obj (.intvecs)

.kernelTEXT 
*          0    00000020    00006f90     
                  00000020    0000397c     os_tasks.obj (.kernelTEXT)
                  0000399c    0000160c     os_queue.obj (.kernelTEXT)
                  00004fa8    00000b08     os_timer.obj (.kernelTEXT)
                  00005ab0    000008a8     os_event_groups.obj (.kernelTEXT)
                  00006358    000004b0     os_portasm.obj (.kernelTEXT)
                  00006808    000003f4     os_port.obj (.kernelTEXT)
                  00006bfc    000003b4     os_heap.obj (.kernelTEXT)

.cinit     0    000077c0    000000f8     
                  000077c0    000000ac     (.cinit..data.load) [load image, compression = lzss]
                  0000786c    0000000c     (__TI_handler_table)
                  00007878    00000009     (.cinit..kernelBSS.load) [load image, compression = lzss]
                  00007881    00000007     --HOLE-- [fill = 0]
                  00007888    00000008     (.cinit..bss.load) [load image, compression = zero_init]
                  00007890    00000008     (.cinit..kernelHEAP.load) [load image, compression = zero_init]
                  00007898    00000020     (__TI_cinit_table)

.blinky_section 
*          0    00008020    000000a0     RUN ADDR = 80000000
                  00008020    00000098     board_io_tests.obj (.blinky_section)
                  000080b8    00000008     HL_gio.obj (.tramp.gioSetBit.1)

.text      0    000080c0    00023544     
                  000080c0    000035b0     csp_rdp.obj (.text)
                  0000b670    00001ef8     communication_service.obj (.text)
                  0000d568    00001ad8     HL_can.obj (.text)
                  0000f040    00001800     HL_spi.obj (.text)
                  00010840    000011d4     rtsv7R4_A_be_v3D16_eabi.lib : _scanfi.c.obj (.text:__TI_scanfi)
                  00011a14    00000ff4     HL_sci.obj (.text)
                  00012a08    00000fbc     csp_conn.obj (.text)
                  000139c4    00000fac     rtsv7R4_A_be_v3D16_eabi.lib : _printfi.c.obj (.text:__TI_printfi)
                  00014970    00000ea0     HL_adc.obj (.text)
                  00015810    00000db8     csp_sha1.obj (.text)
                  000165c8    00000d9c     os_mpu_wrappers.obj (.text)
                  00017364    00000cdc     HL_i2c.obj (.text)
                  00018040    00000c20     board_io_tests.obj (.text)
                  00018c60    00000b54     csp_io.obj (.text)
                  000197b4    00000a30     HL_spi.obj (.text:retain)
                  0001a1e4    000009f4     HL_pinmux.obj (.text)
                  0001abd8    000009cc     HL_sci.obj (.text:retain)
                  0001b5a4    0000099c     HL_system.obj (.text)
                  0001bf40    00000974     csp_route.obj (.text)
                  0001c8b4    00000940     HL_sys_vim.obj (.text)
                  0001d1f4    0000091c     csp_service_handler.obj (.text)
                  0001db10    0000078c     HL_esm.obj (.text)
                  0001e29c    0000073c     csp_rtable.obj (.text)
                  0001e9d8    00000734     csp_if_can.obj (.text)
                  0001f10c    00000664     HL_errata_SSWF021_45.obj (.text)
                  0001f770    00000644     csp_buffer.obj (.text)
                  0001fdb4    00000624     csp_xtea.obj (.text)
                  000203d8    0000061c     csp_if_kiss.obj (.text)
                  000209f4    000005e4     uhf_hal.obj (.text)
                  00020fd8    0000054c     rtsv7R4_A_be_v3D16_eabi.lib : strtod.c.obj (.text:strtod)
                  00021524    000004cc     csp_hmac.obj (.text)
                  000219f0    00000484     HL_gio.obj (.text)
                  00021e74    00000484     can.obj (.text)
                  000222f8    00000444     TempSensor.obj (.text)
                  0002273c    000003c4     HL_sys_core.obj (.text)
                  00022b00    000003bc     main.obj (.text)
                  00022ebc    0000037c     csp_iflist.obj (.text)
                  00023238    00000358     HL_sys_mpu.obj (.text)
                  00023590    00000358     service_utilities.obj (.text)
                  000238e8    00000350     csp_qfifo.obj (.text)
                  00023c38    0000033c     HL_sys_vim.obj (.text:retain)
                  00023f74    00000334     csp_port.obj (.text)
                  000242a8    00000320     comms_hal.obj (.text)
                  000245c8    000002dc     rtsv7R4_A_be_v3D16_eabi.lib : _printfi.c.obj (.text:_pconv_a)
                  000248a4    000002d8     csp_if_can_pbuf.obj (.text)
                  00024b7c    000002c8     rtsv7R4_A_be_v3D16_eabi.lib : strtoll.c.obj (.text:strtoll)
                  00024e44    000002c0     time_management_service.obj (.text)
                  00025104    000002b8     rtsv7R4_A_be_v3D16_eabi.lib : ull_div32.asm.obj (.text)
                  000253bc    00000278     os_heap.obj (.text)
                  00025634    00000260     housekeeping_service.obj (.text)
                  00025894    00000248     rtsv7R4_A_be_v3D16_eabi.lib : _printfi.c.obj (.text:_pconv_g)
                  00025adc    00000240                                 : strtoull.c.obj (.text:strtoull)
                  00025d1c    0000023c     csp_semaphore.obj (.text)
                  00025f58    00000238     os_list.obj (.text)
                  00026190    00000230     usart_m3.obj (.text)
                  000263c0    0000022c     csp_debug.obj (.text)
                  000265ec    00000224     csp_rtable_static.obj (.text)
                  00026810    00000200     HL_can.obj (.text:retain)
                  00026a10    000001f8     HL_emif.obj (.text)
                  00026c08    000001f8     temp_detect.obj (.text)
                  00026e00    000001f4     rtsv7R4_A_be_v3D16_eabi.lib : strtol.c.obj (.text:strtol)
                  00026ff4    000001f0     csp_crc32.obj (.text)
                  000271e4    000001e4     HL_notification.obj (.text)
                  000273c8    000001bc     mock_eps.obj (.text)
                  00027584    000001b8     rtsv7R4_A_be_v3D16_eabi.lib : strtoul.c.obj (.text:strtoul)
                  0002773c    000001a4                                 : fputs.c.obj (.text:fputs)
                  000278e0    000001a0                                 : memory.c.obj (.text:aligned_alloc)
                  00027a80    0000019c     usart_kiss.obj (.text)
                  00027c1c    00000188     csp_system.obj (.text)
                  00027da4    00000180     rtsv7R4_A_be_v3D16_eabi.lib : memcpy32.asm.obj (.text)
                  00027f24    00000178     HL_esm.obj (.text:retain)
                  0002809c    00000174     rtsv7R4_A_be_v3D16_eabi.lib : memory.c.obj (.text:free)
                  00028210    00000174     os_tasks.obj (.text)
                  00028384    0000015c     rtsv7R4_A_be_v3D16_eabi.lib : _printfi.c.obj (.text:_pconv_e)
                  000284e0    00000158                                 : setvbuf.c.obj (.text:setvbuf)
                  00028638    00000144                                 : _printfi.c.obj (.text:fcvt)
                  0002877c    0000013c                                 : s_floor.c.obj (.text:floor)
                  000288b8    00000138     csp_init.obj (.text)
                  000289f0    00000138     os_port.obj (.text)
                  00028b28    00000120     csp_queue.obj (.text)
                  00028c48    00000120     rtsv7R4_A_be_v3D16_eabi.lib : s_scalbn.c.obj (.text:scalbn)
                  00028d68    00000115                                 : _printfi.c.obj (.text:_ltostr)
                  00028e7d    00000003     --HOLE-- [fill = 0]
                  00028e80    0000010c     csp_system.obj (.text)
                  00028f8c    00000100     rtsv7R4_A_be_v3D16_eabi.lib : fputc.c.obj (.text:fputc)
                  0002908c    00000100     services.obj (.text)
                  0002918c    000000f8     csp_udp.obj (.text)
                  00029284    000000f8     obc_hal.obj (.text)
                  0002937c    000000f0     csp_strtok.obj (.text)
                  0002946c    000000f0     HL_sys_startup.obj (.text:retain)
                  0002955c    000000e0     HL_sys_pmu.obj (.text)
                  0002963c    000000e0     hal.obj (.text)
                  0002971c    000000dc     system_stats.obj (.text)
                  000297f8    000000cc     rtsv7R4_A_be_v3D16_eabi.lib : sscanf.c.obj (.text:_chkmbc)
                  000298c4    000000c8                                 : _printfi.c.obj (.text:_mcpy)
                  0002998c    000000b8                                 : fclose.c.obj (.text:__TI_closefile)
                  00029a44    000000b0                                 : memset32.asm.obj (.text)
                  00029af4    000000b0                                 : memory.c.obj (.text:split)
                  00029ba4    000000ac                                 : hostlseek.c.obj (.text:HOSTlseek)
                  00029c50    000000ac                                 : fflush.c.obj (.text:fflush)
                  00029cfc    000000a8                                 : fseek.c.obj (.text:fseek)
                  00029da4    000000a4                                 : hostrename.c.obj (.text:HOSTrename)
                  00029e48    000000a0                                 : _io_perm.c.obj (.text:__TI_wrt_ok)
                  00029ee8    0000009c     csp_thread.obj (.text)
                  00029f84    0000009c     rtsv7R4_A_be_v3D16_eabi.lib : fprintf.c.obj (.text:fprintf)
                  0002a020    0000009c                                 : printf.c.obj (.text:printf)
                  0002a0bc    00000098                                 : hostopen.c.obj (.text:HOSTopen)
                  0002a154    00000098                                 : _printfi.c.obj (.text:_ecpy)
                  0002a1ec    00000098                                 : close.c.obj (.text:close)
                  0002a284    00000090                                 : hostread.c.obj (.text:HOSTread)
                  0002a314    00000090                                 : hostwrite.c.obj (.text:HOSTwrite)
                  0002a3a4    00000090                                 : copy_decompress_lzss.c.obj (.text:decompress:lzss:__TI_decompress_lzss)
                  0002a434    0000008c                                 : s_frexp.c.obj (.text:frexp)
                  0002a4c0    00000088     temp_thread_task.obj (.text)
                  0002a548    00000084     rtsv7R4_A_be_v3D16_eabi.lib : fflush.c.obj (.text:__TI_doflush)
                  0002a5cc    00000084                                 : atoi.c.obj (.text:atoi)
                  0002a650    00000080                                 : _ltoa.c.obj (.text:__TI_ltoa)
                  0002a6d0    0000007c     csp_clock.obj (.text)
                  0002a74c    0000007c     rtsv7R4_A_be_v3D16_eabi.lib : exit.c.obj (.text:exit)
                  0002a7c8    0000007c                                 : snprintf.c.obj (.text:snprintf)
                  0002a844    00000074                                 : hostclose.c.obj (.text:HOSTclose)
                  0002a8b8    00000074                                 : _printfi.c.obj (.text:_pconv_f)
                  0002a92c    00000074     csp_malloc.obj (.text)
                  0002a9a0    00000070     rtsv7R4_A_be_v3D16_eabi.lib : hostunlink.c.obj (.text:HOSTunlink)
                  0002aa10    0000006c                                 : getdevice.c.obj (.text:getdevice)
                  0002aa7c    00000068                                 : autoinit.c.obj (.text:__TI_auto_init_nobinit_nopinit:__TI_auto_init_nobinit_nopinit)
                  0002aae4    00000064                                 : _printfi.c.obj (.text:_fcpy)
                  0002ab48    00000064                                 : sprintf.c.obj (.text:sprintf)
                  0002abac    0000005c                                 : snprintf.c.obj (.text:_outs)
                  0002ac08    00000058     csp_if_lo.obj (.text)
                  0002ac60    00000054     rtsv7R4_A_be_v3D16_eabi.lib : fopen.c.obj (.text:__TI_cleanup)
                  0002acb4    00000054                                 : trgmsg.c.obj (.text:__TI_readmsg)
                  0002ad08    00000054                                 : trgmsg.c.obj (.text:__TI_writemsg)
                  0002ad5c    00000054                                 : getdevice.c.obj (.text:finddevice)
                  0002adb0    00000054                                 : i_div32.asm.obj (.text)
                  0002ae04    00000054                                 : sscanf.c.obj (.text:sscanf)
                  0002ae58    00000054                                 : strncasecmp.c.obj (.text:strncasecmp)
                  0002aeac    00000050                                 : u_div32.asm.obj (.text)
                  0002aefc    0000004c                                 : rand.c.obj (.text:rand)
                  0002af48    0000004c                                 : strncat.c.obj (.text:strncat)
                  0002af94    0000004c                                 : strspn.c.obj (.text:strspn)
                  0002afe0    00000048                                 : strncpy.c.obj (.text:strncpy)
                  0002b028    00000048                                 : unlink.c.obj (.text:unlink)
                  0002b070    00000044     HL_sys_main.obj (.text)
                  0002b0b4    00000044     rtsv7R4_A_be_v3D16_eabi.lib : lseek.c.obj (.text:lseek)
                  0002b0f8    00000044                                 : strcasecmp.c.obj (.text:strcasecmp)
                  0002b13c    00000044                                 : strcspn.c.obj (.text:strcspn)
                  0002b180    00000044                                 : write.c.obj (.text:write)
                  0002b1c4    00000040     csp_time.obj (.text)
                  0002b204    00000040     csp_time.obj (.text)
                  0002b244    00000040     rtsv7R4_A_be_v3D16_eabi.lib : memory.c.obj (.text:free_list_insert)
                  0002b284    00000038                                 : rand.c.obj (.text:srand)
                  0002b2bc    00000034                                 : memcmp.c.obj (.text:memcmp)
                  0002b2f0    00000030                                 : sprintf.c.obj (.text:_outs)
                  0002b320    00000030                                 : memory.c.obj (.text:free_list_remove)
                  0002b350    00000030                                 : memccpy.c.obj (.text:memccpy)
                  0002b380    0000002c                                 : snprintf.c.obj (.text:_outc)
                  0002b3ac    0000002c                                 : memchr.c.obj (.text:memchr)
                  0002b3d8    0000002c                                 : strrchr.c.obj (.text:strrchr)
                  0002b404    00000028                                 : strchr.c.obj (.text:strchr)
                  0002b42c    00000028                                 : strcmp.c.obj (.text:strcmp)
                  0002b454    00000024                                 : wcslen.c.obj (.text:wcslen)
                  0002b478    00000020                                 : strlen.c.obj (.text:strlen)
                  0002b498    0000001c                                 : sscanf.c.obj (.text:_inpchar)
                  0002b4b4    0000001c                                 : s_copysign.c.obj (.text:copysign)
                  0002b4d0    00000018                                 : strcpy.c.obj (.text:strcpy)
                  0002b4e8    00000014                                 : sprintf.c.obj (.text:_outc)
                  0002b4fc    00000014     csp_endian.obj (.text:csp_htobe32)
                  0002b510    00000014     csp_endian.obj (.text:csp_hton16)
                  0002b524    00000014     csp_endian.obj (.text:csp_hton32)
                  0002b538    00000014     csp_endian.obj (.text:csp_htonflt)
                  0002b54c    00000014     csp_endian.obj (.text:csp_ntoh16)
                  0002b560    00000014     csp_endian.obj (.text:csp_ntoh32)
                  0002b574    00000014     csp_endian.obj (.text:csp_ntohflt)
                  0002b588    00000014     rtsv7R4_A_be_v3D16_eabi.lib : copy_decompress_none.c.obj (.text:decompress:none:__TI_decompress_none)
                  0002b59c    00000010                                 : sscanf.c.obj (.text:_uninpchar)
                  0002b5ac    00000010                                 : copy_zero_init.c.obj (.text:decompress:ZI:__TI_zero_init)
                  0002b5bc    0000000c                                 : errno.c.obj (.text:__aeabi_errno_addr)
                  0002b5c8    0000000c                                 : memory.c.obj (.text:malloc)
                  0002b5d4    00000008                                 : exit.c.obj (.text:abort:abort)
                  0002b5dc    00000004     HL_sys_startup.obj (.text)
                  0002b5e0    00000004     rtsv7R4_A_be_v3D16_eabi.lib : _lock.c.obj (.text:_nop)
                  0002b5e4    00000004                                 : fprintf.c.obj (.text:_outc)
                  0002b5e8    00000004                                 : printf.c.obj (.text:_outc)
                  0002b5ec    00000004                                 : fprintf.c.obj (.text:_outs)
                  0002b5f0    00000004                                 : printf.c.obj (.text:_outs)
                  0002b5f4    00000004     HL_sys_phantom.obj (.text:retain)
                  0002b5f8    00000004     rtsv7R4_A_be_v3D16_eabi.lib : div0.asm.obj (.text)
                  0002b5fc    00000008     board_io_tests.obj (.tramp.blinky.1)

.const     0    0002b620    000009b5     
                  0002b620    00000400     csp_crc32.obj (.const:crc_tab)
                  0002ba20    00000200     HL_sys_vim.obj (.const:s_vim_init)
                  0002bc20    00000101     rtsv7R4_A_be_v3D16_eabi.lib : ctype.c.obj (.const:.string:_ctypes_)
                  0002bd21    000000ec     mock_eps.obj (.const:$P$T2$1)
                  0002be0d    00000002     csp_if_kiss.obj (.const:.string:$P$T2$1)
                  0002be0f    00000001     csp_if_kiss.obj (.const:.string:$P$T5$4)
                  0002be10    00000080     rtsv7R4_A_be_v3D16_eabi.lib : strtod.c.obj (.const:digits)
                  0002be90    00000048                                 : strtod.c.obj (.const:powerof10)
                  0002bed8    00000020     HL_can.obj (.const:s_canByteOrder)
                  0002bef8    00000018     csp_rtable_static.obj (.const:.string:$P$T2$1)
                  0002bf10    00000018     HL_adc.obj (.const:s_adcFiFoSize)
                  0002bf28    00000018     HL_adc.obj (.const:s_adcSelect)
                  0002bf40    00000011     csp_system.obj (.const:.string:$P$T1$2)
                  0002bf51    00000011     csp_rtable.obj (.const:.string:$P$T2$1)
                  0002bf62    00000002     csp_if_kiss.obj (.const:.string:$P$T3$2)
                  0002bf64    00000010     csp_rtable.obj (.const:$P$T4$3)
                  0002bf74    0000000f     csp_system.obj (.const:.string:$P$T0$1)
                  0002bf83    0000000f     csp_rtable.obj (.const:.string:$P$T3$2)
                  0002bf92    00000002     csp_if_kiss.obj (.const:.string:$P$T4$3)
                  0002bf94    0000000c     main.obj (.const:$P$T2$1)
                  0002bfa0    00000008     csp_qfifo.obj (.const:$P$T2$1)
                  0002bfa8    00000008     csp_xtea.obj (.const:$P$T2$1)
                  0002bfb0    00000008     csp_xtea.obj (.const:$P$T3$2)
                  0002bfb8    00000008     board_io_tests.obj (.const:.string:$P$T0$1)
                  0002bfc0    00000008     csp_if_lo.obj (.const:.string)
                  0002bfc8    00000007     rtsv7R4_A_be_v3D16_eabi.lib : _scanfi.c.obj (.const:.string:flit$1)
                  0002bfcf    00000006                                 : _scanfi.c.obj (.const:.string:barr$2)

.kernelBSS 
*          0    08000800    00000148     UNINITIALIZED
                  08000800    000000d0     os_tasks.obj (.kernelBSS:uninit)
                  080008d0    0000003c     os_tasks.obj (.kernelBSS:init)
                  0800090c    00000030     os_timer.obj (.kernelBSS:uninit)
                  0800093c    0000000c     os_timer.obj (.kernelBSS:init)

.kernelHEAP 
*          0    08001000    00040000     UNINITIALIZED
                  08001000    00040000     os_heap.obj (.kernelHEAP)

.bss       0    08041000    00000768     UNINITIALIZED
                  08041000    0000016b     uhf_hal.obj (.bss:U_beacon_reg)
                  0804116b    00000001     (.common:incomingData)
                  0804116c    00000120     rtsv7R4_A_be_v3D16_eabi.lib : trgmsg.c.obj (.bss:_CIOBUF_)
                  0804128c    00000108     csp_rtable_static.obj (.bss:rtable)
                  08041394    000000f2     uhf_hal.obj (.bss:U_call_reg)
                  08041486    000000a0     (.common:__TI_tmpnams)
                  08041526    00000002     --HOLE--
                  08041528    00000078     csp_if_can_pbuf.obj (.bss:csp_can_pbuf)
                  080415a0    00000078     HL_spi.obj (.bss:g_spiPacket_t)
                  08041618    00000050     HL_sci.obj (.bss:g_sciTransfer_t)
                  08041668    00000030     comms_hal.obj (.bss:S_FS)
                  08041698    00000020     (.common:csp_conf)
                  080416b8    00000018     HL_i2c.obj (.bss:g_i2cTransfer_t)
                  080416d0    00000014     uhf_hal.obj (.bss:U_FRAM_reg)
                  080416e4    00000010     csp_conn.obj (.bss)
                  080416f4    00000010     csp_hmac.obj (.bss:csp_hmac_key)
                  08041704    00000010     csp_xtea.obj (.bss:csp_xtea_key)
                  08041714    0000000b     communication_service.obj (.bss:S_config)
                  0804171f    0000000b     comms_hal.obj (.bss:S_config_reg)
                  0804172a    00000002     --HOLE--
                  0804172c    00000008     csp_buffer.obj (.bss)
                  08041734    00000008     temp_detect.obj (.bss)
                  0804173c    00000008     os_heap.obj (.bss:xStart)
                  08041744    00000008     (.common:parmbuf)
                  0804174c    00000004     hal.obj (.bss:HAL_rtc)
                  08041750    00000004     can.obj (.bss)
                  08041754    00000004     csp_port.obj (.bss)
                  08041758    00000004     csp_qfifo.obj (.bss:qfifo)
                  0804175c    00000004     (.common:ErrorCode)
                  08041760    00000004     (.common:equipment_mutex)
                  08041764    00000004     (.common:sciData)

.data      0    08041768    000002c0     UNINITIALIZED
                  08041768    000000f0     rtsv7R4_A_be_v3D16_eabi.lib : defs.c.obj (.data:_ftable)
                  08041858    00000078                                 : host_device.c.obj (.data:_device)
                  080418d0    00000050                                 : host_device.c.obj (.data:_stream)
                  08041920    00000040     csp_if_lo.obj (.data:csp_if_lo)
                  08041960    00000032     uhf_hal.obj (.data:U_status_reg)
                  08041992    00000001     csp_conn.obj (.data)
                  08041993    00000001     housekeeping_service.obj (.data)
                  08041994    0000001c     csp_rdp.obj (.data)
                  080419b0    00000010     os_heap.obj (.data)
                  080419c0    00000010     rtsv7R4_A_be_v3D16_eabi.lib : defs.c.obj (.data)
                  080419d0    0000000c                                 : exit.c.obj (.data:$O1$$)
                  080419dc    0000000c     TempSensor.obj (.data:Thermistor_Fit)
                  080419e8    00000008     rtsv7R4_A_be_v3D16_eabi.lib : _lock.c.obj (.data:$O1$$)
                  080419f0    00000008                                 : memory.c.obj (.data:$O1$$)
                  080419f8    00000008     csp_system.obj (.data)
                  08041a00    00000008     os_port.obj (.data)
                  08041a08    00000007     csp_debug.obj (.data:csp_debug_level_enabled)
                  08041a0f    00000001     --HOLE--
                  08041a10    00000004     csp_time.obj (.data)
                  08041a14    00000004     csp_debug.obj (.data)
                  08041a18    00000004     csp_iflist.obj (.data)
                  08041a1c    00000004     csp_service_handler.obj (.data)
                  08041a20    00000004     rtsv7R4_A_be_v3D16_eabi.lib : errno.c.obj (.data)
                  08041a24    00000004                                 : rand.c.obj (.data)

__llvm_prf_cnts 
*          0    08001000    00000000     UNINITIALIZED

.sysmem    0    00006fb0    00000800     UNINITIALIZED
                  00006fb0    00000010     rtsv7R4_A_be_v3D16_eabi.lib : memory.c.obj (.sysmem)
                  00006fc0    000007f0     --HOLE--

MODULE SUMMARY

       Module                        code     ro data   rw data
       ------                        ----     -------   -------
    .\ex2_obc_software\
       main.obj                      956      12        4      
       hal.obj                       224      0         4      
    +--+-----------------------------+--------+---------+---------+
       Total:                        1180     12        8      
                                                               
    .\ex2_obc_software\TempSensor\
       TempSensor.obj                1092     0         12     
       temp_detect.obj               504      0         12     
       temp_thread_task.obj          136      0         0      
    +--+-----------------------------+--------+---------+---------+
       Total:                        1732     0         24     
                                                               
    .\ex2_services\Platform\obc\hal\
       uhf_hal.obj                   1508     0         675    
       comms_hal.obj                 800      0         59     
       obc_hal.obj                   248      0         0      
    +--+-----------------------------+--------+---------+---------+
       Total:                        2556     0         734    
                                                               
    .\ex2_services\Platform\obc\mocks\
       mock_eps.obj                  444      236       0      
    +--+-----------------------------+--------+---------+---------+
       Total:                        444      236       0      
                                                               
    .\ex2_services\Services\
       communication_service.obj     7928     0         11     
       service_utilities.obj         856      0         0      
       time_management_service.obj   704      0         0      
       housekeeping_service.obj      608      0         1      
       services.obj                  256      0         0      
    +--+-----------------------------+--------+---------+---------+
       Total:                        10352    0         12     
                                                               
    .\ex2_system\
       system_stats.obj              220      0         0      
    +--+-----------------------------+--------+---------+---------+
       Total:                        220      0         0      
                                                               
    .\libcsp\src\
       csp_conn.obj                  4028     0         17     
       csp_io.obj                    2900     0         0      
       csp_route.obj                 2420     0         0      
       csp_service_handler.obj       2332     0         4      
       csp_buffer.obj                1604     0         8      
       csp_crc32.obj                 496      1024      0      
       csp_iflist.obj                892      0         4      
       csp_qfifo.obj                 848      8         4      
       csp_port.obj                  820      0         4      
       csp_debug.obj                 556      0         11     
       csp_init.obj                  312      0         32     
       csp_strtok.obj                240      0         0      
       csp_endian.obj                140      0         0      
    +--+-----------------------------+--------+---------+---------+
       Total:                        17588    1032      84     
                                                               
    .\libcsp\src\arch\
       csp_system.obj                268      32        8      
       csp_time.obj                  64       0         4      
    +--+-----------------------------+--------+---------+---------+
       Total:                        332      32        12     
                                                               
    .\libcsp\src\arch\freertos\
       csp_semaphore.obj             572      0         0      
       csp_system.obj                392      0         0      
       csp_queue.obj                 288      0         0      
       csp_thread.obj                156      0         0      
       csp_clock.obj                 124      0         0      
       csp_malloc.obj                116      0         0      
       csp_time.obj                  64       0         0      
    +--+-----------------------------+--------+---------+---------+
       Total:                        1712     0         0      
                                                               
    .\libcsp\src\crypto\
       csp_sha1.obj                  3512     0         0      
       csp_xtea.obj                  1572     16        16     
       csp_hmac.obj                  1228     0         16     
    +--+-----------------------------+--------+---------+---------+
       Total:                        6312     16        32     
                                                               
    .\libcsp\src\drivers\can\
       can.obj                       1156     0         4      
    +--+-----------------------------+--------+---------+---------+
       Total:                        1156     0         4      
                                                               
    .\libcsp\src\drivers\usart\
       usart_m3.obj                  560      0         5      
       usart_kiss.obj                412      0         0      
    +--+-----------------------------+--------+---------+---------+
       Total:                        972      0         5      
                                                               
    .\libcsp\src\interfaces\
       csp_if_can.obj                1844     0         0      
       csp_if_kiss.obj               1564     7         0      
       csp_if_can_pbuf.obj           728      0         120    
       csp_if_lo.obj                 88       8         64     
    +--+-----------------------------+--------+---------+---------+
       Total:                        4224     15        184    
                                                               
    .\libcsp\src\rtable\
       csp_rtable.obj                1852     48        0      
       csp_rtable_static.obj         548      24        264    
    +--+-----------------------------+--------+---------+---------+
       Total:                        2400     72        264    
                                                               
    .\libcsp\src\transport\
       csp_rdp.obj                   13744    0         28     
       csp_udp.obj                   248      0         0      
    +--+-----------------------------+--------+---------+---------+
       Total:                        13992    0         28     
                                                               
    .\source\
       os_heap.obj                   1580     0         262168 
       os_tasks.obj                  15088    0         268    
       HL_spi.obj                    8752     0         120    
       HL_can.obj                    7384     32        0      
       HL_sci.obj                    6592     0         80     
       os_queue.obj                  5644     0         0      
       HL_adc.obj                    3744     48        0      
       HL_sys_vim.obj                3196     512       0      
       os_mpu_wrappers.obj           3484     0         0      
       HL_i2c.obj                    3292     0         24     
       os_timer.obj                  2824     0         60     
       HL_pinmux.obj                 2548     0         0      
       HL_system.obj                 2460     0         0      
       HL_esm.obj                    2308     0         0      
       os_event_groups.obj           2216     0         0      
       HL_errata_SSWF021_45.obj      1636     0         0      
       os_port.obj                   1324     0         8      
       os_portasm.obj                1200     0         0      
       HL_gio.obj                    1172     0         0      
       HL_sys_core.obj               964      0         0      
       HL_sys_mpu.obj                856      0         0      
       os_list.obj                   568      0         0      
       HL_emif.obj                   504      0         0      
       HL_notification.obj           484      0         0      
       HL_sys_startup.obj            244      0         0      
       HL_sys_pmu.obj                224      0         0      
       HL_sys_main.obj               68       0         0      
       HL_sys_intvecs.obj            32       0         0      
       HL_sys_phantom.obj            4        0         0      
    +--+-----------------------------+--------+---------+---------+
       Total:                        80392    592       262728 
                                                               
    .\source\athena_drivers\
       board_io_tests.obj            3416     8         0      
    +--+-----------------------------+--------+---------+---------+
       Total:                        3416     8         0      
                                                               
    C:\ti\ccs1000\ccs\tools\compiler\ti-cgt-arm_20.2.0.LTS\lib\rtsv7R4_A_be_v3D16_eabi.lib
       _printfi.c.obj                6845     0         0      
       _scanfi.c.obj                 4564     13        0      
       strtod.c.obj                  1356     200       0      
       memory.c.obj                  1088     0         8      
       strtoll.c.obj                 712      0         0      
       ull_div32.asm.obj             696      0         0      
       strtoull.c.obj                576      0         0      
       strtol.c.obj                  500      0         0      
       trgmsg.c.obj                  168      0         288    
       strtoul.c.obj                 440      0         0      
       fputs.c.obj                   420      0         0      
       defs.c.obj                    0        0         416    
       memcpy32.asm.obj              384      0         0      
       setvbuf.c.obj                 344      0         0      
       sscanf.c.obj                  332      0         0      
       s_floor.c.obj                 316      0         0      
       fflush.c.obj                  304      0         0      
       s_scalbn.c.obj                288      0         0      
       snprintf.c.obj                260      0         0      
       ctype.c.obj                   0        257       0      
       fputc.c.obj                   256      0         0      
       host_device.c.obj             0        0         200    
       getdevice.c.obj               192      0         0      
       fclose.c.obj                  184      0         0      
       memset32.asm.obj              176      0         0      
       hostlseek.c.obj               172      0         0      
       fseek.c.obj                   168      0         0      
       sprintf.c.obj                 168      0         0      
       fprintf.c.obj                 164      0         0      
       hostrename.c.obj              164      0         0      
       printf.c.obj                  164      0         0      
       _io_perm.c.obj                160      0         0      
       hostopen.c.obj                152      0         8      
       close.c.obj                   152      0         0      
       copy_decompress_lzss.c.obj    144      0         0      
       exit.c.obj                    132      0         12     
       hostread.c.obj                144      0         0      
       hostwrite.c.obj               144      0         0      
       s_frexp.c.obj                 140      0         0      
       rand.c.obj                    132      0         4      
       atoi.c.obj                    132      0         0      
       _ltoa.c.obj                   128      0         0      
       hostclose.c.obj               116      0         0      
       hostunlink.c.obj              112      0         0      
       autoinit.c.obj                104      0         0      
       fopen.c.obj                   84       0         0      
       i_div32.asm.obj               84       0         0      
       strncasecmp.c.obj             84       0         0      
       u_div32.asm.obj               80       0         0      
       strncat.c.obj                 76       0         0      
       strspn.c.obj                  76       0         0      
       strncpy.c.obj                 72       0         0      
       unlink.c.obj                  72       0         0      
       lseek.c.obj                   68       0         0      
       strcasecmp.c.obj              68       0         0      
       strcspn.c.obj                 68       0         0      
       write.c.obj                   68       0         0      
       memcmp.c.obj                  52       0         0      
       memccpy.c.obj                 48       0         0      
       memchr.c.obj                  44       0         0      
       strrchr.c.obj                 44       0         0      
       strchr.c.obj                  40       0         0      
       strcmp.c.obj                  40       0         0      
       wcslen.c.obj                  36       0         0      
       strlen.c.obj                  32       0         0      
       s_copysign.c.obj              28       0         0      
       strcpy.c.obj                  24       0         0      
       copy_decompress_none.c.obj    20       0         0      
       copy_zero_init.c.obj          16       0         0      
       errno.c.obj                   12       0         4      
       _lock.c.obj                   4        0         8      
       div0.asm.obj                  4        0         0      
    +--+-----------------------------+--------+---------+---------+
       Total:                        24637    470       948    
                                                               
       Heap:                         0        0         2048   
       Linker Generated:             0        241       0      
    +--+-----------------------------+--------+---------+---------+
       Grand Total:                  173617   2726      267115 


LINKER GENERATED COPY TABLES

__TI_cinit_table @ 00007898 records: 4, size/record: 8, table size: 32
	.data: load addr=000077c0, load size=000000ac bytes, run addr=08041768, run size=000002c0 bytes, compression=lzss
	.kernelBSS: load addr=00007878, load size=00000009 bytes, run addr=08000800, run size=00000148 bytes, compression=lzss
	.bss: load addr=00007888, load size=00000008 bytes, run addr=08041000, run size=00000768 bytes, compression=zero_init
	.kernelHEAP: load addr=00007890, load size=00000008 bytes, run addr=08001000, run size=00040000 bytes, compression=zero_init


LINKER GENERATED HANDLER TABLE

__TI_handler_table @ 0000786c records: 3, size/record: 4, table size: 12
	index: 0, handler: __TI_decompress_lzss
	index: 1, handler: __TI_decompress_none
	index: 2, handler: __TI_zero_init


FAR CALL TRAMPOLINES

callee name               trampoline name
   callee addr  tramp addr   call addr  call info
--------------  -----------  ---------  ----------------
blinky                    $Tramp$AA$L$PI$$blinky
   80000000     0002b5fc     00018c34   board_io_tests.obj (.text)
gioSetBit                 $Tramp$AA$L$PI$$gioSetBit
   00021ae0     80000098     80000010   board_io_tests.obj (.blinky_section)
                             80000054   board_io_tests.obj (.blinky_section)

[2 trampolines]
[3 trampoline calls]


GLOBAL SYMBOLS: SORTED ALPHABETICALLY BY Name 

address   name                                  
-------   ----                                  
800000a0  BlinkyEndAddr                         
000080c0  BlinkyLoadEnd                         
00008020  BlinkyLoadStart                       
000000a0  BlinkySize                            
80000000  BlinkyStartAddr                       
0002b5d4  C$$EXIT                               
0002ad50  C$$IO$$                               
00018ab4  CANRxTest                             
00018a3c  CANTxTest                             
0804175c  ErrorCode                             
000181f4  GPIOGetBit                            
000180b0  GPIOSetBit                            
00018338  GPIOTxTest                            
00029658  HAL_RTC_GetTime                       
0002963c  HAL_RTC_SetTime                       
0002445c  HAL_S_getBuffer                       
000242d4  HAL_S_getControl                      
00024300  HAL_S_getEncoder                      
000244a4  HAL_S_getFV                           
000242a8  HAL_S_getFreq                         
000243d4  HAL_S_getHK                           
0002432c  HAL_S_getPAPower                      
00024358  HAL_S_getStatus                       
0002439c  HAL_S_getTR                           
0002451c  HAL_S_setControl                      
00024540  HAL_S_setEncoder                      
000244dc  HAL_S_setFreq                         
000244fc  HAL_S_setPAPower                      
0002449c  HAL_S_softResetFPGA                   
00020d88  HAL_UHF_getAudioT                     
00020f30  HAL_UHF_getBeaconMsg                  
00020d5c  HAL_UHF_getBeaconT                    
00020e90  HAL_UHF_getDestination                
00020f58  HAL_UHF_getFRAM                       
00020e0c  HAL_UHF_getFV                         
00020c54  HAL_UHF_getFreq                       
00020de0  HAL_UHF_getLowPwr                     
00020f08  HAL_UHF_getMIDI                       
00020ee0  HAL_UHF_getMorse                      
00020e38  HAL_UHF_getPayload                    
00020cd8  HAL_UHF_getPcktsIn                    
00020d04  HAL_UHF_getPcktsInCRC16               
00020cac  HAL_UHF_getPcktsOut                   
00020d30  HAL_UHF_getPipeT                      
00020e64  HAL_UHF_getSecureKey                  
00020eb8  HAL_UHF_getSource                     
00020c2c  HAL_UHF_getStatus                     
00020db4  HAL_UHF_getTemp                       
00020c80  HAL_UHF_getUptime                     
00020ab4  HAL_UHF_lowPwr                        
00020a94  HAL_UHF_restore                       
00020c0c  HAL_UHF_secure                        
00020a74  HAL_UHF_setAudioT                     
00020b9c  HAL_UHF_setBeaconMsg                  
00020a54  HAL_UHF_setBeaconT                    
00020aec  HAL_UHF_setDestination                
00020bdc  HAL_UHF_setFRAM                       
00020a14  HAL_UHF_setFreq                       
00020bc8  HAL_UHF_setI2C                        
00020b70  HAL_UHF_setMIDI                       
00020b44  HAL_UHF_setMorse                      
00020a34  HAL_UHF_setPipeT                      
00020b18  HAL_UHF_setSource                     
000209f4  HAL_UHF_setStatus                     
00029694  HAL_get_current_1                     
000296b0  HAL_get_current_2                     
00026d84  HAL_get_temp_data                     
00029678  HAL_get_temperature                   
000296cc  HAL_get_voltage_1                     
000296e8  HAL_get_voltage_2                     
000292ac  HAL_hk_report                         
00029298  HAL_sys_getTime                       
00029284  HAL_sys_setTime                       
0002a844  HOSTclose                             
00029ba4  HOSTlseek                             
0002a0bc  HOSTopen                              
0002a284  HOSTread                              
00029da4  HOSTrename                            
0002a9a0  HOSTunlink                            
0002a314  HOSTwrite                             
000187b4  I2CMasterRxTest                       
00018704  I2CMasterTxTest                       
000188b0  I2CSlaveRxTest                        
0001899c  I2CSlaveTxTest                        
00018040  InitIO                                
00016798  MPU_eTaskGetState                     
0001694c  MPU_pcTaskGetName                     
000170dc  MPU_pcTimerGetName                    
00016a2c  MPU_pvTaskGetThreadLocalStoragePointer
00017014  MPU_pvTimerGetTimerID                 
00016be8  MPU_ulTaskNotifyTake                  
00016da4  MPU_uxQueueMessagesWaiting            
00016dd8  MPU_uxQueueSpacesAvailable            
00016920  MPU_uxTaskGetNumberOfTasks            
000169b4  MPU_uxTaskGetStackHighWaterMark       
00016a9c  MPU_uxTaskGetSystemState              
00016764  MPU_uxTaskPriorityGet                 
00017338  MPU_vEventGroupDelete                 
00016e0c  MPU_vQueueDelete                      
00016670  MPU_vTaskAllocateMPURegions           
000166d0  MPU_vTaskDelay                        
000166fc  MPU_vTaskDelayUntil                   
000166a4  MPU_vTaskDelete                       
000167cc  MPU_vTaskGetInfo                      
00016b14  MPU_vTaskGetRunTimeStats              
00016ae8  MPU_vTaskList                         
00016818  MPU_vTaskPrioritySet                  
00016878  MPU_vTaskResume                       
000169e8  MPU_vTaskSetThreadLocalStoragePointer 
00016c60  MPU_vTaskSetTimeOutState              
0001684c  MPU_vTaskSuspend                      
000168a4  MPU_vTaskSuspendAll                   
00017048  MPU_vTimerSetTimerID                  
0001725c  MPU_xEventGroupClearBits              
000171d4  MPU_xEventGroupCreate                 
000172a0  MPU_xEventGroupSetBits                
000172e4  MPU_xEventGroupSync                   
00017200  MPU_xEventGroupWaitBits               
00016e6c  MPU_xQueueCreateCountingSemaphore     
00016e38  MPU_xQueueCreateMutex                 
00016f28  MPU_xQueueGenericCreate               
00016d50  MPU_xQueueGenericReceive              
00016f74  MPU_xQueueGenericReset                
00016cfc  MPU_xQueueGenericSend                 
00016ef4  MPU_xQueueGiveMutexRecursive          
00016eb0  MPU_xQueueTakeMutexRecursive          
00016730  MPU_xTaskAbortDelay                   
00016c8c  MPU_xTaskCheckForTimeOut              
000165c8  MPU_xTaskCreate                       
0001662c  MPU_xTaskCreateRestricted             
00016b40  MPU_xTaskGenericNotify                
00016980  MPU_xTaskGetHandle                    
00016a70  MPU_xTaskGetIdleTaskHandle            
00016cd0  MPU_xTaskGetSchedulerState            
000168f4  MPU_xTaskGetTickCount                 
00016c2c  MPU_xTaskNotifyStateClear             
00016b94  MPU_xTaskNotifyWait                   
000168c8  MPU_xTaskResumeAll                    
00016fb8  MPU_xTimerCreate                      
00017178  MPU_xTimerGenericCommand              
00017144  MPU_xTimerGetExpiryTime               
00017110  MPU_xTimerGetPeriod                   
000170b0  MPU_xTimerGetTimerDaemonTaskHandle    
0001707c  MPU_xTimerIsTimerActive               
00018bdc  SDRAM_Test                            
UNDEFED   SHT$$INIT_ARRAY$$Base                 
UNDEFED   SHT$$INIT_ARRAY$$Limit                
00018558  SPIMasterRxTest                       
000184dc  SPIMasterTxTest                       
00018674  SPISlaveRxTest                        
000185f8  SPISlaveTxTest                        
00022d8c  SciSendBuf                            
0000fd84  SpiRxStatus                           
0000fcf8  SpiTxStatus                           
00018454  UARTRxTest                            
00018410  UARTTxTest                            
0804116c  __CIOBUF_                             
00000800  __SYSMEM_SIZE                         
00007898  __TI_CINIT_Base                       
000078b8  __TI_CINIT_Limit                      
0000786c  __TI_Handler_Table_Base               
00007878  __TI_Handler_Table_Limit              
00022af8  __TI_PINIT_Base                       
00022afc  __TI_PINIT_Limit                      
0002aa7c  __TI_auto_init_nobinit_nopinit        
0002ac60  __TI_cleanup                          
080419d0  __TI_cleanup_ptr                      
0002998c  __TI_closefile                        
0002a3a4  __TI_decompress_lzss                  
0002b588  __TI_decompress_none                  
0002a548  __TI_doflush                          
080419d4  __TI_dtors_ptr                        
080419d8  __TI_enable_exit_profile_output       
080419c0  __TI_ft_end                           
0002a650  __TI_ltoa                             
ffffffff  __TI_pprof_out_hndl                   
000139c4  __TI_printfi                          
ffffffff  __TI_prof_data_size                   
ffffffff  __TI_prof_data_start                  
0002acb4  __TI_readmsg                          
00010844  __TI_scanfi                           
00000000  __TI_static_base__                    
08041486  __TI_tmpnams                          
0002ad08  __TI_writemsg                         
00029e48  __TI_wrt_ok                           
0002b5ac  __TI_zero_init                        
0002b5bc  __aeabi_errno_addr                    
0002adb0  __aeabi_idiv                          
0002b5f8  __aeabi_idiv0                         
0002adb0  __aeabi_idivmod                       
0002b5f8  __aeabi_ldiv0                         
00029a44  __aeabi_memclr                        
00029a44  __aeabi_memclr4                       
00029a44  __aeabi_memclr8                       
00027da4  __aeabi_memcpy                        
00027da4  __aeabi_memcpy4                       
00027da4  __aeabi_memcpy8                       
00029a48  __aeabi_memset                        
00029a48  __aeabi_memset4                       
00029a48  __aeabi_memset8                       
080419cc  __aeabi_stderr                        
080419c4  __aeabi_stdin                         
080419c8  __aeabi_stdout                        
0002aeac  __aeabi_uidiv                         
0002aeac  __aeabi_uidivmod                      
00025104  __aeabi_uldivmod                      
ffffffff  __binit__                             
ffffffff  __c_args__                            
08001000  __start___llvm_prf_cnts               
08001000  __stop___llvm_prf_cnts                
0002946c  _c_int00                              
00022aac  _cacheDisable_                        
00022a68  _cacheEnable_                         
00022a48  _checkMemInitOn_                      
00022954  _coreClearAuxiliaryDataFault_         
00022968  _coreClearAuxiliaryInstructionFault_  
0002292c  _coreClearDataFaultAddress_           
00022904  _coreClearDataFault_                  
00022940  _coreClearInstructionFaultAddress_    
00022918  _coreClearInstructionFault_           
000228dc  _coreDisableEventBusExport_           
000228cc  _coreEnableEventBusExport_            
000228ec  _coreEnableIrqVicOffset_              
000228b4  _coreEnableVfp_                       
0002294c  _coreGetAuxiliaryDataFault_           
00022960  _coreGetAuxiliaryInstructionFault_    
00022924  _coreGetDataFaultAddress_             
000228fc  _coreGetDataFault_                    
00022938  _coreGetInstructionFaultAddress_      
00022910  _coreGetInstructionFault_             
0002273c  _coreInitRegisters_                   
00022848  _coreInitStackPointer_                
0002bc20  _ctypes_                              
00022ad0  _dCacheInvalidate_                    
0002b094  _dabort                               
08041858  _device                               
00022974  _disable_IRQ_interrupt_               
0002297c  _enable_IRQ_interrupt_                
00022984  _enable_interrupt_                    
0001f10c  _errata_SSWF021_45_both_plls          
0001f300  _errata_SSWF021_45_pll1               
0001f478  _errata_SSWF021_45_pll2               
0002298c  _esmCcmErrorsClear_                   
08041768  _ftable                               
00022894  _getCPSRValue_                        
0002289c  _gotoCPUIdle_                         
00022ae4  _iCacheInvalidate_                    
080419e8  _lock                                 
00022a14  _memInit_                             
00023538  _mpuAreRegionsSeparate_               
0002351c  _mpuDisableBackgroundRegion_          
000234f4  _mpuDisable_                          
0002350c  _mpuEnableBackgroundRegion_           
000234dc  _mpuEnable_                           
0002352c  _mpuGetNumberOfRegions_               
0002355c  _mpuGetRegionBaseAddress_             
0002357c  _mpuGetRegionPermission_              
00023570  _mpuGetRegionType_                    
0002354c  _mpuGetRegion_                        
00023238  _mpuInit_                             
00023554  _mpuSetRegionBaseAddress_             
00023588  _mpuSetRegionSizeRegister_            
00023564  _mpuSetRegionTypeAndPermission_       
00023544  _mpuSetRegion_                        
0002b5e0  _nop                                  
000295b8  _pmuDisableCountersGlobal_            
000295a8  _pmuEnableCountersGlobal_             
00029614  _pmuGetCycleCount_                    
0002961c  _pmuGetEventCount_                    
00029628  _pmuGetOverflow_                      
0002955c  _pmuInit_                             
000295e8  _pmuResetCounters_                    
000295c8  _pmuResetCycleCounter_                
000295d8  _pmuResetEventCounters_               
00029608  _pmuSetCountEvent_                    
000295f8  _pmuStartCounters_                    
00029600  _pmuStopCounters_                     
0002b084  _prefetch                             
080418d0  _stream                               
00006fb0  _sys_memory                           
UNDEFED   _system_post_cinit                    
0002b0a4  _undef                                
080419ec  _unlock                               
0002b5d4  abort                                 
00015344  adc1GetConfigValue                    
00015544  adc2GetConfigValue                    
00014f20  adcCalibration                        
000152e4  adcDisableNotification                
00015294  adcEnableNotification                 
00014cf8  adcGetData                            
0001532c  adcGetEVTPin                          
00014970  adcInit                               
00014ef0  adcIsConversionComplete               
00014ec0  adcIsFifoFull                         
000150f8  adcMidPointCalibration                
00027230  adcNotification                       
00014cd0  adcResetFiFo                          
0001530c  adcSetEVTPin                          
00014c24  adcStartConversion                    
00014ca8  adcStopConversion                     
000278e0  aligned_alloc                         
0002a5cc  atoi                                  
ffffffff  binit                                 
80000000  blinky                                
0000ea2c  can1GetConfigValue                    
00026810  can1HighLevelInterrupt                
0000eb94  can2GetConfigValue                    
000268f8  can2HighLevelInterrupt                
0000ecec  can3GetConfigValue                    
0000ee44  can4GetConfigValue                    
0000e888  canDisableErrorNotification           
0000e868  canDisableStatusChangeNotification    
0000e8e0  canDisableloopback                    
0000e828  canEnableErrorNotification            
0000e848  canEnableStatusChangeNotification     
0000e8a8  canEnableloopback                     
00027244  canErrorNotification                  
0000e5d0  canFillMessageObjectData              
0000e2a8  canGetData                            
0000e804  canGetErrorLevel                      
0000e410  canGetID                              
0000e7e0  canGetLastError                       
0000d568  canInit                               
0000e9cc  canIoRxGetBit                         
0000e910  canIoSetDirection                     
0000e960  canIoSetPort                          
0000e9b0  canIoTxGetBit                         
0000e784  canIsMessageBoxValid                  
0000e728  canIsRxMessageArrived                 
0000e6cc  canIsTxMessagePending                 
00022254  canMessageNotification                
0000e4f8  canSendRemoteFrame                    
00027258  canStatusChangeNotification           
0000e1ac  canTransmit                           
0000e474  canUpdateID                           
00021e74  can_rx_thread                         
0002a1ec  close                                 
00023608  cnv16_8                               
000235bc  cnv32_8                               
000236c4  cnv8_16                               
0002368c  cnv8_16LE                             
0002363c  cnv8_32                               
00023814  cnv8_D                                
00023748  cnv8_F                                
00023798  cnvD_8                                
000236fc  cnvF_8                                
0000b670  communication_service                 
0000b7f8  communication_service_app             
0002b4b4  copysign                              
0002b4b4  copysignl                             
00027334  crcNotification                       
00018d20  csp_accept                            
00025d98  csp_bin_sem_create                    
00025e90  csp_bin_sem_post                      
00025ee8  csp_bin_sem_post_isr                  
00025de8  csp_bin_sem_remove                    
00025e20  csp_bin_sem_wait                      
000240d8  csp_bind                              
0001fbf8  csp_buffer_clone                      
0001fc7c  csp_buffer_data_size                  
0001fac4  csp_buffer_free                       
0001fa40  csp_buffer_free_isr                   
0001f854  csp_buffer_free_resources             
0001f92c  csp_buffer_get                        
0001f89c  csp_buffer_get_isr                    
0001f770  csp_buffer_init                       
0001fc58  csp_buffer_remaining                  
0001fc6c  csp_buffer_size                       
00022fe4  csp_bytesize                          
0002a940  csp_calloc                            
0001f050  csp_can_add_interface                 
00022124  csp_can_open_and_add_interface        
00024a8c  csp_can_pbuf_find                     
000248a4  csp_can_pbuf_free                     
00024938  csp_can_pbuf_new                      
0001e9d8  csp_can_rx                            
0001ed8c  csp_can_tx                            
0002a6d0  csp_clock_get_time                    
0002a6f8  csp_clock_set_time                    
0001324c  csp_close                             
0001d260  csp_cmp_set_memcpy                    
08041698  csp_conf                              
00013070  csp_conn_allocate                     
00012a08  csp_conn_check_timeouts               
00013264  csp_conn_close                        
0001367c  csp_conn_dport                        
000136c8  csp_conn_dst                          
00012aa8  csp_conn_enqueue_packet               
00012e68  csp_conn_find                         
00013700  csp_conn_flags                        
00012d68  csp_conn_free_resources               
00013910  csp_conn_get_array                    
00012a94  csp_conn_get_rxq                      
00012b6c  csp_conn_init                         
000131f4  csp_conn_new                          
00013718  csp_conn_print_table                  
000137e8  csp_conn_print_table_str              
000136ac  csp_conn_sport                        
000136e4  csp_conn_src                          
000133e8  csp_connect                           
00027070  csp_crc32_append                      
00026ff4  csp_crc32_memory                      
00027124  csp_crc32_verify                      
0002654c  csp_debug_get_level                   
08041a14  csp_debug_hook_func                   
000263c0  csp_debug_hook_set                    
08041a08  csp_debug_level_enabled               
0002651c  csp_debug_set_level                   
0002657c  csp_debug_toggle_level                
0002a98c  csp_free                              
000289b4  csp_free_resources                    
000288e0  csp_get_address                       
000289e0  csp_get_conf                          
0002b204  csp_get_ms                            
0002b210  csp_get_ms_isr                        
0002b21c  csp_get_s                             
0002b230  csp_get_s_isr                         
0002b1c4  csp_get_uptime_s                      
00021854  csp_hmac_append                       
0002176c  csp_hmac_memory                       
00021818  csp_hmac_set_key                      
0002191c  csp_hmac_verify                       
0002b4fc  csp_htobe32                           
0002b510  csp_hton16                            
0002b524  csp_hton32                            
0002b538  csp_htonflt                           
08041920  csp_if_lo                             
00022f18  csp_iflist_add                        
00022fd8  csp_iflist_get                        
00022ebc  csp_iflist_get_by_name                
00023094  csp_iflist_print                      
000288ec  csp_init                              
000208d0  csp_kiss_add_interface                
0002058c  csp_kiss_rx                           
000203d8  csp_kiss_tx                           
00024074  csp_listen                            
0002a92c  csp_malloc                            
00025d1c  csp_mutex_create                      
00025d68  csp_mutex_lock                        
00025d54  csp_mutex_remove                      
00025d84  csp_mutex_unlock                      
0002b54c  csp_ntoh16                            
0002b560  csp_ntoh32                            
0002b574  csp_ntohflt                           
00024054  csp_port_free_resources               
00023f74  csp_port_get_socket                   
00024014  csp_port_init                         
0002396c  csp_qfifo_free_resources              
000238e8  csp_qfifo_init                        
000239d4  csp_qfifo_read                        
00023b78  csp_qfifo_wake_up                     
00023a08  csp_qfifo_write                       
00028b28  csp_queue_create                      
00028bc0  csp_queue_dequeue                     
00028bfc  csp_queue_dequeue_isr                 
00028b5c  csp_queue_enqueue                     
00028b98  csp_queue_enqueue_isr                 
00028b48  csp_queue_remove                      
00028c20  csp_queue_size                        
00028c34  csp_queue_size_isr                    
00009114  csp_rdp_check_ack                     
000092e4  csp_rdp_check_timeouts                
0000b0a4  csp_rdp_close                         
0000b514  csp_rdp_conn_print                    
0000a740  csp_rdp_connect                       
00008fe8  csp_rdp_flush_all                     
0000b074  csp_rdp_free_resources                
0000b450  csp_rdp_get_opt                       
0000aeac  csp_rdp_init                          
0000990c  csp_rdp_new_packet                    
0000ab24  csp_rdp_send                          
0000b3ec  csp_rdp_set_opt                       
00018d84  csp_read                              
000194f8  csp_recvfrom                          
0001c7ac  csp_route_start_task                  
0001c2f0  csp_route_work                        
0001e548  csp_rtable_check                      
0001e844  csp_rtable_clear                      
000265ec  csp_rtable_find_route                 
000266f8  csp_rtable_free                       
00026710  csp_rtable_iterate                    
0001e530  csp_rtable_load                       
0001e920  csp_rtable_print                      
0001e7f4  csp_rtable_save                       
0001e560  csp_rtable_set                        
0002663c  csp_rtable_set_internal               
000190fc  csp_send                              
00018e64  csp_send_direct                       
000191d8  csp_send_prio                         
00019568  csp_sendto                            
000196d0  csp_sendto_reply                      
000290f8  csp_server                            
0001d778  csp_service_handler                   
000162d0  csp_sha1_done                         
00016100  csp_sha1_init                         
00016564  csp_sha1_memory                       
00016168  csp_sha1_process                      
00029f70  csp_sleep_ms                          
00018c60  csp_socket                            
00027c48  csp_sys_memfree                       
00028e9c  csp_sys_reboot                        
00027c54  csp_sys_set_color                     
00028e80  csp_sys_set_reboot                    
00028ee8  csp_sys_set_shutdown                  
00028f04  csp_sys_shutdown                      
00027c1c  csp_sys_tasklist                      
00027c34  csp_sys_tasklist_size                 
00029ee8  csp_thread_create                     
00029f60  csp_thread_exit                       
000192d8  csp_transaction_persistent            
00019470  csp_transaction_w_opts                
0002918c  csp_udp_new_packet                    
00026258  csp_usart_open                        
00027b10  csp_usart_open_and_add_kiss_interface 
000261e4  csp_usart_write                       
000202f8  csp_xtea_decrypt                      
0002031c  csp_xtea_decrypt_packet               
00020144  csp_xtea_encrypt                      
00020240  csp_xtea_encrypt_packet               
00020108  csp_xtea_set_key                      
0001be98  customTrimLPO                         
00027280  dccNotification                       
00026c08  demo_get_temp                         
0002721c  dmaGroupANotification                 
000263dc  do_csp_debug                          
00002340  eTaskConfirmSleepModeStatus           
000008f0  eTaskGetState                         
00027380  ecapNotification                      
0002730c  edgeNotification                      
000273b8  emacRxNotification                    
000273a8  emacTxNotification                    
00026a14  emifGetConfigValue                    
00026a10  emif_SDRAMInit                        
00026b6c  emif_SDRAM_StartupInit                
00027394  epcCAMFullNotification                
00027398  epcFIFOFullNotification               
0002736c  eqepNotification                      
08041760  equipment_mutex                       
08041a20  errno                                 
0001dd20  esmActivateNormalOperation            
0001de6c  esmClearStatus                        
0001ded0  esmClearStatusBuffer                  
0001deac  esmClearStatusUpper                   
0001dccc  esmDisableError                       
0001dcf4  esmDisableErrorUpper                  
0001dd74  esmDisableInterrupt                   
0001dd9c  esmDisableInterruptUpper              
0001dc88  esmEnableError                        
0001dcb0  esmEnableErrorUpper                   
0001dd30  esmEnableInterrupt                    
0001dd58  esmEnableInterruptUpper               
0001e000  esmEnterSelfTest                      
0001dc6c  esmError                              
0001e0d8  esmGetConfigValue                     
0001df0c  esmGetStatus                          
0001dfd8  esmGetStatusBuffer                    
0001df90  esmGetStatusUpper                     
00026384  esmGroup1Notification                 
00026394  esmGroup2Notification                 
0002720c  esmGroup3Notification                 
00027f24  esmHighInterrupt                      
0001db10  esmInit                               
0001e088  esmSelfTestStatus                     
0001deec  esmSetCounterPreloadValue             
0001ddb8  esmSetInterruptLevel                  
0001de2c  esmSetInterruptLevelUpper             
0001dd10  esmTriggerErrorPinReset               
00027348  etpwmNotification                     
00027358  etpwmTripNotification                 
00023590  ex2_log                               
00022c2c  ex2_main                              
0002a74c  exit                                  
00029c50  fflush                                
0002ad5c  finddevice                            
0002877c  floor                                 
0002877c  floorl                                
00029f84  fprintf                               
00028f8c  fputc                                 
0002773c  fputs                                 
0002809c  free                                  
0002a434  frexp                                 
0002a434  frexpl                                
00029cfc  fseek                                 
00022d44  getProfilerTimerCount                 
0001b940  getResetSource                        
0002aa10  getdevice                             
00021c50  gioDisableNotification                
00021be8  gioEnableNotification                 
00021b50  gioGetBit                             
00021cb8  gioGetConfigValue                     
00021b78  gioGetPort                            
000219f0  gioInit                               
00027294  gioNotification                       
00021ae0  gioSetBit                             
00021ac0  gioSetDirection                       
00021b30  gioSetPort                            
00021b90  gioToggleBit                          
0002b5dc  handlePLLLockFail                     
00027320  hetNotification                       
00025730  hk_service_app                        
00025634  housekeeping_service                  
00023894  htons                                 
00017b64  i2c1GetConfigValue                    
00017d2c  i2c2GetConfigValue                    
000178d0  i2cClearSCD                           
00017a28  i2cDisableLoopback                    
00017ab0  i2cDisableNotification                
00017a08  i2cEnableLoopback                     
00017a48  i2cEnableNotification                 
00017364  i2cInit                               
00017f6c  i2cIsBusBusy                          
00017f2c  i2cIsMasterReady                      
00017868  i2cIsRxReady                          
00017884  i2cIsStopDetected                     
000176f0  i2cIsTxReady                          
000272a8  i2cNotification                       
00017930  i2cReceive                            
000178ec  i2cReceiveByte                        
000178a0  i2cRxError                            
0001773c  i2cSend                               
0001770c  i2cSendByte                           
00017590  i2cSetBaudrate                        
000176d0  i2cSetCount                           
00017ef4  i2cSetDirection                       
00017b2c  i2cSetMode                            
00017550  i2cSetOwnAdd                          
00017570  i2cSetSlaveAdd                        
00017690  i2cSetStart                           
000176b0  i2cSetStop                            
0804116b  incomingData                          
00022d10  initializeProfiler                    
00028c48  ldexp                                 
00028c48  ldexpl                                
0001abd8  lin1HighLevelInterrupt                
0001ada8  lin2HighLevelInterrupt                
0002b0b4  lseek                                 
0002b070  main                                  
0002b5c8  malloc                                
0001b76c  mapClocks                             
000278e0  memalign                              
0002b350  memccpy                               
0002b3ac  memchr                                
0002b2bc  memcmp                                
00027da4  memcpy                                
00029a54  memset                                
00019a1c  mibspi1HighLevelInterrupt             
000197b4  mibspi1LowLevelInterrupt              
00019eec  mibspi5HighLevelInterrupt             
00019c84  mibspi5LowLevelInterrupt              
000273c8  mock_eps                              
0001a1e4  muxInit                               
00027530  nop                                   
000238d4  ntohs                                 
08041744  parmbuf                               
00001410  pcTaskGetName                         
0000529c  pcTimerGetName                        
0001b6b8  periphInit                            
0002b5f4  phantomInterrupt                      
0002a020  printf                                
000067e0  prvMpuDisable                         
000067c8  prvMpuEnable                          
000067b0  prvMpuSetRegion                       
00028f8c  putc                                  
00006bfc  pvPortMalloc                          
00002414  pvTaskGetThreadLocalStoragePointer    
000030b4  pvTaskIncrementMutexHeldCount         
00005a04  pvTimerGetTimerID                     
000272f4  pwmNotification                       
080008d0  pxCurrentTCB                          
00006808  pxPortInitialiseStack                 
0002aefc  rand                                  
0002b028  remove                                
00000000  resetEntry                            
00028c48  scalbn                                
00028c48  scalbnl                               
00012388  sci1GetConfigValue                    
000124e0  sci2GetConfigValue                    
00012638  sci3GetConfigValue                    
0001af78  sci3HighLevelInterrupt                
00012790  sci4GetConfigValue                    
0001b148  sci4HighLevelInterrupt                
0001b318  sci4LowLevelInterrupt                 
08041764  sciData                               
000121fc  sciDisableLoopback                    
000122b0  sciDisableNotification                
000121c8  sciEnableLoopback                     
00012218  sciEnableNotification                 
00012348  sciEnterResetState                    
00012368  sciExitResetState                     
00011a14  sciInit                               
00012040  sciIsIdleDetected                     
00012024  sciIsRxReady                          
00011e74  sciIsTxReady                          
00026324  sciNotification                       
000120b8  sciReceive                            
0001208c  sciReceiveByte                        
0001205c  sciRxError                            
00011ec0  sciSend                               
00011e90  sciSendByte                           
00011dd8  sciSetBaudrate                        
00011db8  sciSetFunctional                      
0002359c  set_packet_length                     
0001b678  setupFlash                            
0001b5a4  setupPLL                              
000284e0  setvbuf                               
0002a7c8  snprintf                              
0000fec0  spi1GetConfigValue                    
000100d8  spi2GetConfigValue                    
000102e0  spi3GetConfigValue                    
000104e0  spi4GetConfigValue                    
00010678  spi5GetConfigValue                    
0000fe44  spiDisableLoopback                    
0000fe90  spiDisableNotification                
0000fe10  spiEnableLoopback                     
0000fe60  spiEnableNotification                 
[...]
00021b30  gioSetPort                            
00021b50  gioGetBit                             
00021b78  gioGetPort                            
00021b90  gioToggleBit                          
00021be8  gioEnableNotification                 
00021c50  gioDisableNotification                
00021cb8  gioGetConfigValue                     
00021e74  can_rx_thread                         
00022124  csp_can_open_and_add_interface        
00022254  canMessageNotification                
000222f8  thermistor_read                       
00022428  thermistor_calibration                
0002273c  _coreInitRegisters_                   
00022848  _coreInitStackPointer_                
00022894  _getCPSRValue_                        
0002289c  _gotoCPUIdle_                         
000228b4  _coreEnableVfp_                       
000228cc  _coreEnableEventBusExport_            
000228dc  _coreDisableEventBusExport_           
000228ec  _coreEnableIrqVicOffset_              
000228fc  _coreGetDataFault_                    
00022904  _coreClearDataFault_                  
00022910  _coreGetInstructionFault_             
00022918  _coreClearInstructionFault_           
00022924  _coreGetDataFaultAddress_             
0002292c  _coreClearDataFaultAddress_           
00022938  _coreGetInstructionFaultAddress_      
00022940  _coreClearInstructionFaultAddress_    
0002294c  _coreGetAuxiliaryDataFault_           
00022954  _coreClearAuxiliaryDataFault_         
00022960  _coreGetAuxiliaryInstructionFault_    
00022968  _coreClearAuxiliaryInstructionFault_  
00022974  _disable_IRQ_interrupt_               
0002297c  _enable_IRQ_interrupt_                
00022984  _enable_interrupt_                    
0002298c  _esmCcmErrorsClear_                   
00022a14  _memInit_                             
00022a48  _checkMemInitOn_                      
00022a68  _cacheEnable_                         
00022aac  _cacheDisable_                        
00022ad0  _dCacheInvalidate_                    
00022ae4  _iCacheInvalidate_                    
00022af8  __TI_PINIT_Base                       
00022afc  __TI_PINIT_Limit                      
00022c2c  ex2_main                              
00022cf0  vAssertCalled                         
00022d10  initializeProfiler                    
00022d44  getProfilerTimerCount                 
00022d78  vApplicationStackOverflowHook         
00022d88  vApplicationMallocFailedHook          
00022d8c  SciSendBuf                            
00022ebc  csp_iflist_get_by_name                
00022f18  csp_iflist_add                        
00022fd8  csp_iflist_get                        
00022fe4  csp_bytesize                          
00023094  csp_iflist_print                      
00023238  _mpuInit_                             
000234dc  _mpuEnable_                           
000234f4  _mpuDisable_                          
0002350c  _mpuEnableBackgroundRegion_           
0002351c  _mpuDisableBackgroundRegion_          
0002352c  _mpuGetNumberOfRegions_               
00023538  _mpuAreRegionsSeparate_               
00023544  _mpuSetRegion_                        
0002354c  _mpuGetRegion_                        
00023554  _mpuSetRegionBaseAddress_             
0002355c  _mpuGetRegionBaseAddress_             
00023564  _mpuSetRegionTypeAndPermission_       
00023570  _mpuGetRegionType_                    
0002357c  _mpuGetRegionPermission_              
00023588  _mpuSetRegionSizeRegister_            
00023590  ex2_log                               
0002359c  set_packet_length                     
000235bc  cnv32_8                               
00023608  cnv16_8                               
0002363c  cnv8_32                               
0002368c  cnv8_16LE                             
000236c4  cnv8_16                               
000236fc  cnvF_8                                
00023748  cnv8_F                                
00023798  cnvD_8                                
00023814  cnv8_D                                
00023894  htons                                 
000238d4  ntohs                                 
000238e8  csp_qfifo_init                        
0002396c  csp_qfifo_free_resources              
000239d4  csp_qfifo_read                        
00023a08  csp_qfifo_write                       
00023b78  csp_qfifo_wake_up                     
00023c38  vimECCErrorHandler                    
00023f74  csp_port_get_socket                   
00024014  csp_port_init                         
00024054  csp_port_free_resources               
00024074  csp_listen                            
000240d8  csp_bind                              
000242a8  HAL_S_getFreq                         
000242d4  HAL_S_getControl                      
00024300  HAL_S_getEncoder                      
0002432c  HAL_S_getPAPower                      
00024358  HAL_S_getStatus                       
0002439c  HAL_S_getTR                           
000243d4  HAL_S_getHK                           
0002445c  HAL_S_getBuffer                       
0002449c  HAL_S_softResetFPGA                   
000244a4  HAL_S_getFV                           
000244dc  HAL_S_setFreq                         
000244fc  HAL_S_setPAPower                      
0002451c  HAL_S_setControl                      
00024540  HAL_S_setEncoder                      
000248a4  csp_can_pbuf_free                     
00024938  csp_can_pbuf_new                      
00024a8c  csp_can_pbuf_find                     
00024b7c  strtoll                               
00024e44  time_management_service               
00024ef0  start_time_management_service         
00024f40  time_management_app                   
00025104  __aeabi_uldivmod                      
00025634  housekeeping_service                  
000256e0  start_housekeeping_service            
00025730  hk_service_app                        
00025adc  strtoull                              
00025d1c  csp_mutex_create                      
00025d54  csp_mutex_remove                      
00025d68  csp_mutex_lock                        
00025d84  csp_mutex_unlock                      
00025d98  csp_bin_sem_create                    
00025de8  csp_bin_sem_remove                    
00025e20  csp_bin_sem_wait                      
00025e90  csp_bin_sem_post                      
00025ee8  csp_bin_sem_post_isr                  
00025f58  vListInitialise                       
00025fb0  vListInitialiseItem                   
00025fcc  vListInsertEnd                        
00026040  vListInsert                           
00026104  uxListRemove                          
00026190  usart_rx_thread                       
000261e4  csp_usart_write                       
00026258  csp_usart_open                        
00026324  sciNotification                       
00026384  esmGroup1Notification                 
00026394  esmGroup2Notification                 
000263c0  csp_debug_hook_set                    
000263dc  do_csp_debug                          
0002651c  csp_debug_set_level                   
0002654c  csp_debug_get_level                   
0002657c  csp_debug_toggle_level                
000265ec  csp_rtable_find_route                 
0002663c  csp_rtable_set_internal               
000266f8  csp_rtable_free                       
00026710  csp_rtable_iterate                    
00026810  can1HighLevelInterrupt                
000268f8  can2HighLevelInterrupt                
00026a10  emif_SDRAMInit                        
00026a14  emifGetConfigValue                    
00026b6c  emif_SDRAM_StartupInit                
00026c08  demo_get_temp                         
00026d84  HAL_get_temp_data                     
00026e00  strtol                                
00026ff4  csp_crc32_memory                      
00027070  csp_crc32_append                      
00027124  csp_crc32_verify                      
0002720c  esmGroup3Notification                 
0002721c  dmaGroupANotification                 
00027230  adcNotification                       
00027244  canErrorNotification                  
00027258  canStatusChangeNotification           
00027280  dccNotification                       
00027294  gioNotification                       
000272a8  i2cNotification                       
000272d0  spiNotification                       
000272e4  spiEndNotification                    
000272f4  pwmNotification                       
0002730c  edgeNotification                      
00027320  hetNotification                       
00027334  crcNotification                       
00027348  etpwmNotification                     
00027358  etpwmTripNotification                 
0002736c  eqepNotification                      
00027380  ecapNotification                      
00027394  epcCAMFullNotification                
00027398  epcFIFOFullNotification               
000273a8  emacTxNotification                    
000273b8  emacRxNotification                    
000273c8  mock_eps                              
00027474  start_eps_mock                        
00027530  nop                                   
00027584  strtoul                               
0002773c  fputs                                 
000278e0  aligned_alloc                         
000278e0  memalign                              
00027b10  csp_usart_open_and_add_kiss_interface 
00027c1c  csp_sys_tasklist                      
00027c34  csp_sys_tasklist_size                 
00027c48  csp_sys_memfree                       
00027c54  csp_sys_set_color                     
00027da4  __aeabi_memcpy                        
00027da4  __aeabi_memcpy4                       
00027da4  __aeabi_memcpy8                       
00027da4  memcpy                                
00027f24  esmHighInterrupt                      
0002809c  free                                  
000282f0  xTaskNotifyStateClear                 
000284e0  setvbuf                               
0002877c  floor                                 
0002877c  floorl                                
000288e0  csp_get_address                       
000288ec  csp_init                              
000289b4  csp_free_resources                    
000289e0  csp_get_conf                          
00028b28  csp_queue_create                      
00028b48  csp_queue_remove                      
00028b5c  csp_queue_enqueue                     
00028b98  csp_queue_enqueue_isr                 
00028bc0  csp_queue_dequeue                     
00028bfc  csp_queue_dequeue_isr                 
00028c20  csp_queue_size                        
00028c34  csp_queue_size_isr                    
00028c48  ldexp                                 
00028c48  ldexpl                                
00028c48  scalbn                                
00028c48  scalbnl                               
00028e80  csp_sys_set_reboot                    
00028e9c  csp_sys_reboot                        
00028ee8  csp_sys_set_shutdown                  
00028f04  csp_sys_shutdown                      
00028f8c  fputc                                 
00028f8c  putc                                  
0002908c  start_service_server                  
000290f8  csp_server                            
0002918c  csp_udp_new_packet                    
00029284  HAL_sys_setTime                       
00029298  HAL_sys_getTime                       
000292ac  HAL_hk_report                         
0002937c  strtok_r                              
0002946c  _c_int00                              
0002955c  _pmuInit_                             
000295a8  _pmuEnableCountersGlobal_             
000295b8  _pmuDisableCountersGlobal_            
000295c8  _pmuResetCycleCounter_                
000295d8  _pmuResetEventCounters_               
000295e8  _pmuResetCounters_                    
000295f8  _pmuStartCounters_                    
00029600  _pmuStopCounters_                     
00029608  _pmuSetCountEvent_                    
00029614  _pmuGetCycleCount_                    
0002961c  _pmuGetEventCount_                    
00029628  _pmuGetOverflow_                      
0002963c  HAL_RTC_SetTime                       
00029658  HAL_RTC_GetTime                       
00029678  HAL_get_temperature                   
00029694  HAL_get_current_1                     
000296b0  HAL_get_current_2                     
000296cc  HAL_get_voltage_1                     
000296e8  HAL_get_voltage_2                     
0002971c  task_stats                            
00029748  start_task_stats                      
0002998c  __TI_closefile                        
00029a44  __aeabi_memclr                        
00029a44  __aeabi_memclr4                       
00029a44  __aeabi_memclr8                       
00029a48  __aeabi_memset                        
00029a48  __aeabi_memset4                       
00029a48  __aeabi_memset8                       
00029a54  memset                                
00029ba4  HOSTlseek                             
00029c50  fflush                                
00029cfc  fseek                                 
00029da4  HOSTrename                            
00029e48  __TI_wrt_ok                           
00029ee8  csp_thread_create                     
00029f60  csp_thread_exit                       
00029f70  csp_sleep_ms                          
00029f84  fprintf                               
0002a020  printf                                
0002a0bc  HOSTopen                              
0002a1ec  close                                 
0002a284  HOSTread                              
0002a314  HOSTwrite                             
0002a3a4  __TI_decompress_lzss                  
0002a434  frexp                                 
0002a434  frexpl                                
0002a4c0  start_detection_server                
0002a548  __TI_doflush                          
0002a5cc  atoi                                  
0002a650  __TI_ltoa                             
0002a6d0  csp_clock_get_time                    
0002a6f8  csp_clock_set_time                    
0002a74c  exit                                  
0002a7c8  snprintf                              
0002a844  HOSTclose                             
0002a92c  csp_malloc                            
0002a940  csp_calloc                            
0002a98c  csp_free                              
0002a9a0  HOSTunlink                            
0002aa10  getdevice                             
0002aa7c  __TI_auto_init_nobinit_nopinit        
0002ab48  sprintf                               
0002ac60  __TI_cleanup                          
0002acb4  __TI_readmsg                          
0002ad08  __TI_writemsg                         
0002ad50  C$$IO$$                               
0002ad5c  finddevice                            
0002adb0  __aeabi_idiv                          
0002adb0  __aeabi_idivmod                       
0002ae04  sscanf                                
0002ae58  strncasecmp                           
0002aeac  __aeabi_uidiv                         
0002aeac  __aeabi_uidivmod                      
0002aefc  rand                                  
0002af48  strncat                               
0002af94  strspn                                
0002afe0  strncpy                               
0002b028  remove                                
0002b028  unlink                                
0002b070  main                                  
0002b084  _prefetch                             
0002b094  _dabort                               
0002b0a4  _undef                                
0002b0b4  lseek                                 
0002b0f8  strcasecmp                            
0002b13c  strcspn                               
0002b180  write                                 
0002b1c4  csp_get_uptime_s                      
0002b204  csp_get_ms                            
0002b210  csp_get_ms_isr                        
0002b21c  csp_get_s                             
0002b230  csp_get_s_isr                         
0002b284  srand                                 
0002b2bc  memcmp                                
0002b350  memccpy                               
0002b3ac  memchr                                
0002b3d8  strrchr                               
0002b404  strchr                                
0002b42c  strcmp                                
0002b454  wcslen                                
0002b478  strlen                                
0002b4b4  copysign                              
0002b4b4  copysignl                             
0002b4d0  strcpy                                
0002b4fc  csp_htobe32                           
0002b510  csp_hton16                            
0002b524  csp_hton32                            
0002b538  csp_htonflt                           
0002b54c  csp_ntoh16                            
0002b560  csp_ntoh32                            
0002b574  csp_ntohflt                           
0002b588  __TI_decompress_none                  
0002b5ac  __TI_zero_init                        
0002b5bc  __aeabi_errno_addr                    
0002b5c8  malloc                                
0002b5d4  C$$EXIT                               
0002b5d4  abort                                 
0002b5dc  handlePLLLockFail                     
0002b5e0  _nop                                  
0002b5f4  phantomInterrupt                      
0002b5f8  __aeabi_idiv0                         
0002b5f8  __aeabi_ldiv0                         
0002bc20  _ctypes_                              
080008d0  pxCurrentTCB                          
08001000  __start___llvm_prf_cnts               
08001000  __stop___llvm_prf_cnts                
0804116b  incomingData                          
0804116c  __CIOBUF_                             
08041486  __TI_tmpnams                          
08041698  csp_conf                              
08041744  parmbuf                               
0804175c  ErrorCode                             
08041760  equipment_mutex                       
08041764  sciData                               
08041768  _ftable                               
08041858  _device                               
080418d0  _stream                               
08041920  csp_if_lo                             
080419c0  __TI_ft_end                           
080419c4  __aeabi_stdin                         
080419c8  __aeabi_stdout                        
080419cc  __aeabi_stderr                        
080419d0  __TI_cleanup_ptr                      
080419d4  __TI_dtors_ptr                        
080419d8  __TI_enable_exit_profile_output       
080419e8  _lock                                 
080419ec  _unlock                               
08041a00  ulCriticalNesting                     
08041a04  ulTaskHasFPUContext                   
08041a08  csp_debug_level_enabled               
08041a14  csp_debug_hook_func                   
08041a20  errno                                 
80000000  BlinkyStartAddr                       
80000000  blinky                                
800000a0  BlinkyEndAddr                         
ffffffff  __TI_pprof_out_hndl                   
ffffffff  __TI_prof_data_size                   
ffffffff  __TI_prof_data_start                  
ffffffff  __binit__                             
ffffffff  __c_args__                            
ffffffff  binit                                 
UNDEFED   SHT$$INIT_ARRAY$$Base                 
UNDEFED   SHT$$INIT_ARRAY$$Limit                
UNDEFED   _system_post_cinit                    

[888 symbols]
