******************************************************************************
                  TI ARM Linker PC v20.2.0                     
******************************************************************************
>> Linked Sun Jan 24 11:46:15 2021

OUTPUT FILE NAME:   <can.out>
ENTRY POINT SYMBOL: "_c_int00"  address: 00029b14


MEMORY CONFIGURATION

         name            origin    length      used     unused   attr    fill
----------------------  --------  ---------  --------  --------  ----  --------
  VECTORS               00000000   00000020  00000020  00000000     X
  KERNEL                00000020   00008000  00007888  00000778  R  X
  FLASH0                00008020   001f7fe0  00024555  001d3a8b  R  X
  FLASH1                00200000   00200000  00000000  00200000  R  X
  STACKS                08000000   00000800  00000000  00000800  RW  
  KRAM                  08000800   00000800  00000148  000006b8  RW  
  RAM                   08001000   0007f000  00040a28  0003e5d8  RW  
  SDRAM                 80000000   07ffffff  000000a0  07ffff5f  RW X


SEGMENT ALLOCATION MAP

run origin  load origin   length   init length attrs members
----------  ----------- ---------- ----------- ----- -------
00000000    00000000    00006fb0   00006fb0    r-x
  00000000    00000000    00000020   00000020    r-x .intvecs
  00000020    00000020    00006f90   00006f90    r-x .kernelTEXT
00006fb0    00006fb0    00000800   00000000    rw-
  00006fb0    00006fb0    00000800   00000000    rw- .sysmem
000077c0    000077c0    000000f8   000000f8    r--
  000077c0    000077c0    000000f8   000000f8    r-- .cinit
000080c0    000080c0    00023bec   00023bec    r-x
  000080c0    000080c0    00023bec   00023bec    r-x .text
0002bcc0    0002bcc0    000008c9   000008c9    r--
  0002bcc0    0002bcc0    000008c9   000008c9    r-- .const
08000800    08000800    00000148   00000000    rw-
  08000800    08000800    00000148   00000000    rw- .kernelBSS
08001000    08001000    00040a28   00000000    rw-
  08001000    08001000    00040000   00000000    rw- .kernelHEAP
  08041000    08041000    00000768   00000000    rw- .bss
  08041768    08041768    000002c0   00000000    rw- .data
80000000    00008020    000000a0   000000a0    r-x
  80000000    00008020    000000a0   000000a0    r-x .blinky_section


SECTION ALLOCATION MAP

 output                                  attributes/
section   page    origin      length       input sections
--------  ----  ----------  ----------   ----------------
.intvecs   0    00000000    00000020     
                  00000000    00000020     HL_sys_intvecs.obj (.intvecs)

.kernelTEXT 
*          0    00000020    00006f90     
                  00000020    0000397c     os_tasks.obj (.kernelTEXT)
                  0000399c    0000160c     os_queue.obj (.kernelTEXT)
                  00004fa8    00000b08     os_timer.obj (.kernelTEXT)
                  00005ab0    000008a8     os_event_groups.obj (.kernelTEXT)
                  00006358    000004b0     os_portasm.obj (.kernelTEXT)
                  00006808    000003f4     os_port.obj (.kernelTEXT)
                  00006bfc    000003b4     os_heap.obj (.kernelTEXT)

.cinit     0    000077c0    000000f8     
                  000077c0    000000ab     (.cinit..data.load) [load image, compression = lzss]
                  0000786b    00000001     --HOLE-- [fill = 0]
                  0000786c    0000000c     (__TI_handler_table)
                  00007878    00000009     (.cinit..kernelBSS.load) [load image, compression = lzss]
                  00007881    00000007     --HOLE-- [fill = 0]
                  00007888    00000008     (.cinit..bss.load) [load image, compression = zero_init]
                  00007890    00000008     (.cinit..kernelHEAP.load) [load image, compression = zero_init]
                  00007898    00000020     (__TI_cinit_table)

.blinky_section 
*          0    00008020    000000a0     RUN ADDR = 80000000
                  00008020    00000098     board_io_tests.obj (.blinky_section)
                  000080b8    00000008     HL_gio.obj (.tramp.gioSetBit.1)

.text      0    000080c0    00023bec     
                  000080c0    000035b0     csp_rdp.obj (.text)
                  0000b670    00001ef8     communication_service.obj (.text)
                  0000d568    00001ae0     HL_can.obj (.text)
                  0000f048    000017fc     HL_spi.obj (.text)
                  00010844    000011d4     rtsv7R4_A_be_v3D16_eabi.lib : _scanfi.c.obj (.text:__TI_scanfi)
                  00011a18    00000ff4     HL_sci.obj (.text)
                  00012a0c    00000fbc     csp_conn.obj (.text)
                  000139c8    00000fac     rtsv7R4_A_be_v3D16_eabi.lib : _printfi.c.obj (.text:__TI_printfi)
                  00014974    00000ea0     HL_adc.obj (.text)
                  00015814    00000db8     csp_sha1.obj (.text)
                  000165cc    00000d9c     os_mpu_wrappers.obj (.text)
                  00017368    00000cdc     HL_i2c.obj (.text)
                  00018044    00000c2c     board_io_tests.obj (.text)
                  00018c70    00000b54     csp_io.obj (.text)
                  000197c4    00000a30     HL_spi.obj (.text:retain)
                  0001a1f4    000009f4     HL_pinmux.obj (.text)
                  0001abe8    000009cc     HL_sci.obj (.text:retain)
                  0001b5b4    0000099c     HL_system.obj (.text)
                  0001bf50    00000974     csp_route.obj (.text)
                  0001c8c4    00000940     HL_sys_vim.obj (.text)
                  0001d204    0000091c     csp_service_handler.obj (.text)
                  0001db20    00000850     csp_services.obj (.text)
                  0001e370    0000078c     HL_esm.obj (.text)
                  0001eafc    0000073c     csp_rtable.obj (.text)
                  0001f238    00000734     csp_if_can.obj (.text)
                  0001f96c    00000664     HL_errata_SSWF021_45.obj (.text)
                  0001ffd0    00000644     csp_buffer.obj (.text)
                  00020614    00000624     csp_xtea.obj (.text)
                  00020c38    0000061c     csp_if_kiss.obj (.text)
                  00021254    000005e4     uhf_hal.obj (.text)
                  00021838    0000054c     rtsv7R4_A_be_v3D16_eabi.lib : strtod.c.obj (.text:strtod)
                  00021d84    000004cc     csp_hmac.obj (.text)
                  00022250    00000484     HL_gio.obj (.text)
                  000226d4    00000444     TempSensor.obj (.text)
                  00022b18    000003ec     can.obj (.text)
                  00022f04    000003c4     HL_sys_core.obj (.text)
                  000232c8    000003b8     main.obj (.text)
                  00023680    0000037c     csp_iflist.obj (.text)
                  000239fc    00000358     HL_sys_mpu.obj (.text)
                  00023d54    00000358     service_utilities.obj (.text)
                  000240ac    00000350     csp_qfifo.obj (.text)
                  000243fc    0000033c     HL_sys_vim.obj (.text:retain)
                  00024738    00000334     csp_port.obj (.text)
                  00024a6c    00000320     comms_hal.obj (.text)
                  00024d8c    000002dc     rtsv7R4_A_be_v3D16_eabi.lib : _printfi.c.obj (.text:_pconv_a)
                  00025068    000002d8     csp_if_can_pbuf.obj (.text)
                  00025340    000002c8     rtsv7R4_A_be_v3D16_eabi.lib : strtoll.c.obj (.text:strtoll)
                  00025608    000002c0     time_management_service.obj (.text)
                  000258c8    000002b8     rtsv7R4_A_be_v3D16_eabi.lib : ull_div32.asm.obj (.text)
                  00025b80    00000278     os_heap.obj (.text)
                  00025df8    00000260     housekeeping_service.obj (.text)
                  00026058    00000248     rtsv7R4_A_be_v3D16_eabi.lib : _printfi.c.obj (.text:_pconv_g)
                  000262a0    00000240                                 : strtoull.c.obj (.text:strtoull)
                  000264e0    0000023c     csp_semaphore.obj (.text)
                  0002671c    00000238     os_list.obj (.text)
                  00026954    00000230     usart_m3.obj (.text)
                  00026b84    0000022c     csp_debug.obj (.text)
                  00026db0    00000224     csp_rtable_static.obj (.text)
                  00026fd4    00000200     HL_can.obj (.text:retain)
                  000271d4    000001f8     HL_emif.obj (.text)
                  000273cc    000001f8     temp_detect.obj (.text)
                  000275c4    000001f4     rtsv7R4_A_be_v3D16_eabi.lib : strtol.c.obj (.text:strtol)
                  000277b8    000001f0     csp_crc32.obj (.text)
                  000279a8    000001e4     HL_notification.obj (.text)
                  00027b8c    000001b8     rtsv7R4_A_be_v3D16_eabi.lib : strtoul.c.obj (.text:strtoul)
                  00027d44    000001a4                                 : fputs.c.obj (.text:fputs)
                  00027ee8    000001a0                                 : memory.c.obj (.text:aligned_alloc)
                  00028088    000001a0     services.obj (.text)
                  00028228    0000019c     usart_kiss.obj (.text)
                  000283c4    00000188     csp_system.obj (.text)
                  0002854c    00000180     rtsv7R4_A_be_v3D16_eabi.lib : memcpy32.asm.obj (.text)
                  000286cc    00000178     HL_esm.obj (.text:retain)
                  00028844    00000174     rtsv7R4_A_be_v3D16_eabi.lib : memory.c.obj (.text:free)
                  000289b8    00000174     os_tasks.obj (.text)
                  00028b2c    0000015c     rtsv7R4_A_be_v3D16_eabi.lib : _printfi.c.obj (.text:_pconv_e)
                  00028c88    00000158                                 : setvbuf.c.obj (.text:setvbuf)
                  00028de0    00000144                                 : _printfi.c.obj (.text:fcvt)
                  00028f24    0000013c                                 : s_floor.c.obj (.text:floor)
                  00029060    00000138     csp_init.obj (.text)
                  00029198    00000138     os_port.obj (.text)
                  000292d0    00000120     csp_queue.obj (.text)
                  000293f0    00000120     rtsv7R4_A_be_v3D16_eabi.lib : s_scalbn.c.obj (.text:scalbn)
                  00029510    00000115                                 : _printfi.c.obj (.text:_ltostr)
                  00029625    00000003     --HOLE-- [fill = 0]
                  00029628    0000010c     csp_system.obj (.text)
                  00029734    00000100     rtsv7R4_A_be_v3D16_eabi.lib : fputc.c.obj (.text:fputc)
                  00029834    000000f8     csp_udp.obj (.text)
                  0002992c    000000f8     obc_hal.obj (.text)
                  00029a24    000000f0     csp_strtok.obj (.text)
                  00029b14    000000f0     HL_sys_startup.obj (.text:retain)
                  00029c04    000000e0     HL_sys_pmu.obj (.text)
                  00029ce4    000000e0     hal.obj (.text)
                  00029dc4    000000dc     system_stats.obj (.text)
                  00029ea0    000000cc     rtsv7R4_A_be_v3D16_eabi.lib : sscanf.c.obj (.text:_chkmbc)
                  00029f6c    000000c8                                 : _printfi.c.obj (.text:_mcpy)
                  0002a034    000000b8                                 : fclose.c.obj (.text:__TI_closefile)
                  0002a0ec    000000b0                                 : memset32.asm.obj (.text)
                  0002a19c    000000b0                                 : memory.c.obj (.text:split)
                  0002a24c    000000ac                                 : hostlseek.c.obj (.text:HOSTlseek)
                  0002a2f8    000000ac                                 : fflush.c.obj (.text:fflush)
                  0002a3a4    000000a8                                 : fseek.c.obj (.text:fseek)
                  0002a44c    000000a4                                 : hostrename.c.obj (.text:HOSTrename)
                  0002a4f0    000000a0                                 : _io_perm.c.obj (.text:__TI_wrt_ok)
                  0002a590    0000009c     csp_thread.obj (.text)
                  0002a62c    0000009c     rtsv7R4_A_be_v3D16_eabi.lib : fprintf.c.obj (.text:fprintf)
                  0002a6c8    0000009c                                 : printf.c.obj (.text:printf)
                  0002a764    00000098                                 : hostopen.c.obj (.text:HOSTopen)
                  0002a7fc    00000098                                 : _printfi.c.obj (.text:_ecpy)
                  0002a894    00000098                                 : close.c.obj (.text:close)
                  0002a92c    00000090                                 : hostread.c.obj (.text:HOSTread)
                  0002a9bc    00000090                                 : hostwrite.c.obj (.text:HOSTwrite)
                  0002aa4c    00000090                                 : copy_decompress_lzss.c.obj (.text:decompress:lzss:__TI_decompress_lzss)
                  0002aadc    0000008c                                 : s_frexp.c.obj (.text:frexp)
                  0002ab68    00000088     temp_thread_task.obj (.text)
                  0002abf0    00000084     rtsv7R4_A_be_v3D16_eabi.lib : fflush.c.obj (.text:__TI_doflush)
                  0002ac74    00000084                                 : atoi.c.obj (.text:atoi)
                  0002acf8    00000080                                 : _ltoa.c.obj (.text:__TI_ltoa)
                  0002ad78    0000007c     csp_clock.obj (.text)
                  0002adf4    0000007c     rtsv7R4_A_be_v3D16_eabi.lib : exit.c.obj (.text:exit)
                  0002ae70    0000007c                                 : snprintf.c.obj (.text:snprintf)
                  0002aeec    00000074                                 : hostclose.c.obj (.text:HOSTclose)
                  0002af60    00000074                                 : _printfi.c.obj (.text:_pconv_f)
                  0002afd4    00000074     csp_malloc.obj (.text)
                  0002b048    00000070     rtsv7R4_A_be_v3D16_eabi.lib : hostunlink.c.obj (.text:HOSTunlink)
                  0002b0b8    0000006c                                 : getdevice.c.obj (.text:getdevice)
                  0002b124    00000068                                 : autoinit.c.obj (.text:__TI_auto_init_nobinit_nopinit:__TI_auto_init_nobinit_nopinit)
                  0002b18c    00000064                                 : _printfi.c.obj (.text:_fcpy)
                  0002b1f0    00000064                                 : sprintf.c.obj (.text:sprintf)
                  0002b254    0000005c                                 : snprintf.c.obj (.text:_outs)
                  0002b2b0    00000058     csp_if_lo.obj (.text)
                  0002b308    00000054     rtsv7R4_A_be_v3D16_eabi.lib : fopen.c.obj (.text:__TI_cleanup)
                  0002b35c    00000054                                 : trgmsg.c.obj (.text:__TI_readmsg)
                  0002b3b0    00000054                                 : trgmsg.c.obj (.text:__TI_writemsg)
                  0002b404    00000054                                 : getdevice.c.obj (.text:finddevice)
                  0002b458    00000054                                 : i_div32.asm.obj (.text)
                  0002b4ac    00000054                                 : sscanf.c.obj (.text:sscanf)
                  0002b500    00000054                                 : strncasecmp.c.obj (.text:strncasecmp)
                  0002b554    00000050                                 : u_div32.asm.obj (.text)
                  0002b5a4    0000004c                                 : rand.c.obj (.text:rand)
                  0002b5f0    0000004c                                 : strncat.c.obj (.text:strncat)
                  0002b63c    0000004c                                 : strspn.c.obj (.text:strspn)
                  0002b688    00000048                                 : strncpy.c.obj (.text:strncpy)
                  0002b6d0    00000048                                 : unlink.c.obj (.text:unlink)
                  0002b718    00000044     HL_sys_main.obj (.text)
                  0002b75c    00000044     rtsv7R4_A_be_v3D16_eabi.lib : lseek.c.obj (.text:lseek)
                  0002b7a0    00000044                                 : strcasecmp.c.obj (.text:strcasecmp)
                  0002b7e4    00000044                                 : strcspn.c.obj (.text:strcspn)
                  0002b828    00000044                                 : write.c.obj (.text:write)
                  0002b86c    00000040     csp_time.obj (.text)
                  0002b8ac    00000040     csp_time.obj (.text)
                  0002b8ec    00000040     rtsv7R4_A_be_v3D16_eabi.lib : memory.c.obj (.text:free_list_insert)
                  0002b92c    00000038                                 : rand.c.obj (.text:srand)
                  0002b964    00000034                                 : memcmp.c.obj (.text:memcmp)
                  0002b998    00000030                                 : sprintf.c.obj (.text:_outs)
                  0002b9c8    00000030                                 : memory.c.obj (.text:free_list_remove)
                  0002b9f8    00000030                                 : memccpy.c.obj (.text:memccpy)
                  0002ba28    0000002c                                 : snprintf.c.obj (.text:_outc)
                  0002ba54    0000002c                                 : memchr.c.obj (.text:memchr)
                  0002ba80    0000002c                                 : strrchr.c.obj (.text:strrchr)
                  0002baac    00000028                                 : strchr.c.obj (.text:strchr)
                  0002bad4    00000028                                 : strcmp.c.obj (.text:strcmp)
                  0002bafc    00000024                                 : wcslen.c.obj (.text:wcslen)
                  0002bb20    00000020                                 : strlen.c.obj (.text:strlen)
                  0002bb40    0000001c                                 : sscanf.c.obj (.text:_inpchar)
                  0002bb5c    0000001c                                 : s_copysign.c.obj (.text:copysign)
                  0002bb78    00000018                                 : strcpy.c.obj (.text:strcpy)
                  0002bb90    00000014                                 : sprintf.c.obj (.text:_outc)
                  0002bba4    00000014     csp_endian.obj (.text:csp_htobe32)
                  0002bbb8    00000014     csp_endian.obj (.text:csp_hton16)
                  0002bbcc    00000014     csp_endian.obj (.text:csp_hton32)
                  0002bbe0    00000014     csp_endian.obj (.text:csp_htonflt)
                  0002bbf4    00000014     csp_endian.obj (.text:csp_ntoh16)
                  0002bc08    00000014     csp_endian.obj (.text:csp_ntoh32)
                  0002bc1c    00000014     csp_endian.obj (.text:csp_ntohflt)
                  0002bc30    00000014     rtsv7R4_A_be_v3D16_eabi.lib : copy_decompress_none.c.obj (.text:decompress:none:__TI_decompress_none)
                  0002bc44    00000010                                 : sscanf.c.obj (.text:_uninpchar)
                  0002bc54    00000010                                 : copy_zero_init.c.obj (.text:decompress:ZI:__TI_zero_init)
                  0002bc64    0000000c                                 : errno.c.obj (.text:__aeabi_errno_addr)
                  0002bc70    0000000c                                 : memory.c.obj (.text:malloc)
                  0002bc7c    00000008                                 : exit.c.obj (.text:abort:abort)
                  0002bc84    00000004     HL_sys_startup.obj (.text)
                  0002bc88    00000004     rtsv7R4_A_be_v3D16_eabi.lib : _lock.c.obj (.text:_nop)
                  0002bc8c    00000004                                 : fprintf.c.obj (.text:_outc)
                  0002bc90    00000004                                 : printf.c.obj (.text:_outc)
                  0002bc94    00000004                                 : fprintf.c.obj (.text:_outs)
                  0002bc98    00000004                                 : printf.c.obj (.text:_outs)
                  0002bc9c    00000004     HL_sys_phantom.obj (.text:retain)
                  0002bca0    00000004     rtsv7R4_A_be_v3D16_eabi.lib : div0.asm.obj (.text)
                  0002bca4    00000008     board_io_tests.obj (.tramp.blinky.1)

.const     0    0002bcc0    000008c9     
                  0002bcc0    00000400     csp_crc32.obj (.const:crc_tab)
                  0002c0c0    00000200     HL_sys_vim.obj (.const:s_vim_init)
                  0002c2c0    00000101     rtsv7R4_A_be_v3D16_eabi.lib : ctype.c.obj (.const:.string:_ctypes_)
                  0002c3c1    00000007                                 : _scanfi.c.obj (.const:.string:flit$1)
                  0002c3c8    00000080                                 : strtod.c.obj (.const:digits)
                  0002c448    00000048                                 : strtod.c.obj (.const:powerof10)
                  0002c490    00000020     HL_can.obj (.const:s_canByteOrder)
                  0002c4b0    00000018     csp_rtable_static.obj (.const:.string:$P$T2$1)
                  0002c4c8    00000018     HL_adc.obj (.const:s_adcFiFoSize)
                  0002c4e0    00000018     HL_adc.obj (.const:s_adcSelect)
                  0002c4f8    00000011     csp_system.obj (.const:.string:$P$T1$2)
                  0002c509    00000011     csp_rtable.obj (.const:.string:$P$T2$1)
                  0002c51a    00000002     csp_if_kiss.obj (.const:.string:$P$T2$1)
                  0002c51c    00000010     csp_rtable.obj (.const:$P$T4$3)
                  0002c52c    0000000f     csp_system.obj (.const:.string:$P$T0$1)
                  0002c53b    0000000f     csp_rtable.obj (.const:.string:$P$T3$2)
                  0002c54a    00000002     csp_if_kiss.obj (.const:.string:$P$T3$2)
                  0002c54c    0000000c     main.obj (.const:$P$T2$1)
                  0002c558    00000008     csp_qfifo.obj (.const:$P$T2$1)
                  0002c560    00000008     csp_xtea.obj (.const:$P$T2$1)
                  0002c568    00000008     csp_xtea.obj (.const:$P$T3$2)
                  0002c570    00000008     board_io_tests.obj (.const:.string:$P$T0$1)
                  0002c578    00000008     csp_if_lo.obj (.const:.string)
                  0002c580    00000006     rtsv7R4_A_be_v3D16_eabi.lib : _scanfi.c.obj (.const:.string:barr$2)
                  0002c586    00000002     csp_if_kiss.obj (.const:.string:$P$T4$3)
                  0002c588    00000001     csp_if_kiss.obj (.const:.string:$P$T5$4)

.kernelBSS 
*          0    08000800    00000148     UNINITIALIZED
                  08000800    000000d0     os_tasks.obj (.kernelBSS:uninit)
                  080008d0    0000003c     os_tasks.obj (.kernelBSS:init)
                  0800090c    00000030     os_timer.obj (.kernelBSS:uninit)
                  0800093c    0000000c     os_timer.obj (.kernelBSS:init)

.kernelHEAP 
*          0    08001000    00040000     UNINITIALIZED
                  08001000    00040000     os_heap.obj (.kernelHEAP)

.bss       0    08041000    00000768     UNINITIALIZED
                  08041000    0000016b     uhf_hal.obj (.bss:U_beacon_reg)
                  0804116b    00000001     (.common:incomingData)
                  0804116c    00000120     rtsv7R4_A_be_v3D16_eabi.lib : trgmsg.c.obj (.bss:_CIOBUF_)
                  0804128c    00000108     csp_rtable_static.obj (.bss:rtable)
                  08041394    000000f2     uhf_hal.obj (.bss:U_call_reg)
                  08041486    000000a0     (.common:__TI_tmpnams)
                  08041526    00000002     --HOLE--
                  08041528    00000078     csp_if_can_pbuf.obj (.bss:csp_can_pbuf)
                  080415a0    00000078     HL_spi.obj (.bss:g_spiPacket_t)
                  08041618    00000050     HL_sci.obj (.bss:g_sciTransfer_t)
                  08041668    00000030     comms_hal.obj (.bss:S_FS)
                  08041698    00000020     (.common:csp_conf)
                  080416b8    00000018     HL_i2c.obj (.bss:g_i2cTransfer_t)
                  080416d0    00000014     uhf_hal.obj (.bss:U_FRAM_reg)
                  080416e4    00000010     csp_conn.obj (.bss)
                  080416f4    00000010     csp_hmac.obj (.bss:csp_hmac_key)
                  08041704    00000010     csp_xtea.obj (.bss:csp_xtea_key)
                  08041714    0000000b     communication_service.obj (.bss:S_config)
                  0804171f    0000000b     comms_hal.obj (.bss:S_config_reg)
                  0804172a    00000002     --HOLE--
                  0804172c    00000008     csp_buffer.obj (.bss)
                  08041734    00000008     temp_detect.obj (.bss)
                  0804173c    00000008     os_heap.obj (.bss:xStart)
                  08041744    00000008     (.common:parmbuf)
                  0804174c    00000004     hal.obj (.bss:HAL_rtc)
                  08041750    00000004     csp_port.obj (.bss)
                  08041754    00000004     csp_qfifo.obj (.bss:qfifo)
                  08041758    00000004     (.common:ErrorCode)
                  0804175c    00000004     (.common:canData)
                  08041760    00000004     (.common:equipment_mutex)
                  08041764    00000004     (.common:sciData)

.data      0    08041768    000002c0     UNINITIALIZED
                  08041768    000000f0     rtsv7R4_A_be_v3D16_eabi.lib : defs.c.obj (.data:_ftable)
                  08041858    00000078                                 : host_device.c.obj (.data:_device)
                  080418d0    00000050                                 : host_device.c.obj (.data:_stream)
                  08041920    00000040     csp_if_lo.obj (.data:csp_if_lo)
                  08041960    00000032     uhf_hal.obj (.data:U_status_reg)
                  08041992    00000001     csp_conn.obj (.data)
                  08041993    00000001     housekeeping_service.obj (.data)
                  08041994    0000001c     csp_rdp.obj (.data)
                  080419b0    00000010     os_heap.obj (.data)
                  080419c0    00000010     rtsv7R4_A_be_v3D16_eabi.lib : defs.c.obj (.data)
                  080419d0    0000000c                                 : exit.c.obj (.data:$O1$$)
                  080419dc    0000000c     TempSensor.obj (.data:Thermistor_Fit)
                  080419e8    00000008     rtsv7R4_A_be_v3D16_eabi.lib : _lock.c.obj (.data:$O1$$)
                  080419f0    00000008                                 : memory.c.obj (.data:$O1$$)
                  080419f8    00000008     csp_system.obj (.data)
                  08041a00    00000008     os_port.obj (.data)
                  08041a08    00000007     csp_debug.obj (.data:csp_debug_level_enabled)
                  08041a0f    00000001     --HOLE--
                  08041a10    00000004     csp_time.obj (.data)
                  08041a14    00000004     csp_debug.obj (.data)
                  08041a18    00000004     csp_iflist.obj (.data)
                  08041a1c    00000004     csp_service_handler.obj (.data)
                  08041a20    00000004     rtsv7R4_A_be_v3D16_eabi.lib : errno.c.obj (.data)
                  08041a24    00000004                                 : rand.c.obj (.data)

__llvm_prf_cnts 
*          0    08001000    00000000     UNINITIALIZED

.sysmem    0    00006fb0    00000800     UNINITIALIZED
                  00006fb0    00000010     rtsv7R4_A_be_v3D16_eabi.lib : memory.c.obj (.sysmem)
                  00006fc0    000007f0     --HOLE--

MODULE SUMMARY

       Module                        code     ro data   rw data
       ------                        ----     -------   -------
    .\ex2_obc_software\
       main.obj                      952      12        4      
       hal.obj                       224      0         4      
    +--+-----------------------------+--------+---------+---------+
       Total:                        1176     12        8      
                                                               
    .\ex2_obc_software\TempSensor\
       TempSensor.obj                1092     0         12     
       temp_detect.obj               504      0         12     
       temp_thread_task.obj          136      0         0      
    +--+-----------------------------+--------+---------+---------+
       Total:                        1732     0         24     
                                                               
    .\ex2_services\Platform\obc\hal\
       uhf_hal.obj                   1508     0         675    
       comms_hal.obj                 800      0         59     
       obc_hal.obj                   248      0         0      
    +--+-----------------------------+--------+---------+---------+
       Total:                        2556     0         734    
                                                               
    .\ex2_services\Services\
       communication_service.obj     7928     0         11     
       service_utilities.obj         856      0         0      
       time_management_service.obj   704      0         0      
       housekeeping_service.obj      608      0         1      
       services.obj                  416      0         0      
    +--+-----------------------------+--------+---------+---------+
       Total:                        10512    0         12     
                                                               
    .\ex2_system_tasks\
       system_stats.obj              220      0         0      
    +--+-----------------------------+--------+---------+---------+
       Total:                        220      0         0      
                                                               
    .\libcsp\src\
       csp_conn.obj                  4028     0         17     
       csp_io.obj                    2900     0         0      
       csp_route.obj                 2420     0         0      
       csp_service_handler.obj       2332     0         4      
       csp_services.obj              2128     0         0      
       csp_buffer.obj                1604     0         8      
       csp_crc32.obj                 496      1024      0      
       csp_iflist.obj                892      0         4      
       csp_qfifo.obj                 848      8         4      
       csp_port.obj                  820      0         4      
       csp_debug.obj                 556      0         11     
       csp_init.obj                  312      0         32     
       csp_strtok.obj                240      0         0      
       csp_endian.obj                140      0         0      
    +--+-----------------------------+--------+---------+---------+
       Total:                        19716    1032      84     
                                                               
    .\libcsp\src\arch\
       csp_system.obj                268      32        8      
       csp_time.obj                  64       0         4      
    +--+-----------------------------+--------+---------+---------+
       Total:                        332      32        12     
                                                               
    .\libcsp\src\arch\freertos\
       csp_semaphore.obj             572      0         0      
       csp_system.obj                392      0         0      
       csp_queue.obj                 288      0         0      
       csp_thread.obj                156      0         0      
       csp_clock.obj                 124      0         0      
       csp_malloc.obj                116      0         0      
       csp_time.obj                  64       0         0      
    +--+-----------------------------+--------+---------+---------+
       Total:                        1712     0         0      
                                                               
    .\libcsp\src\crypto\
       csp_sha1.obj                  3512     0         0      
       csp_xtea.obj                  1572     16        16     
       csp_hmac.obj                  1228     0         16     
    +--+-----------------------------+--------+---------+---------+
       Total:                        6312     16        32     
                                                               
    .\libcsp\src\drivers\can\
       can.obj                       1004     0         4      
    +--+-----------------------------+--------+---------+---------+
       Total:                        1004     0         4      
                                                               
    .\libcsp\src\drivers\usart\
       usart_m3.obj                  560      0         5      
       usart_kiss.obj                412      0         0      
    +--+-----------------------------+--------+---------+---------+
       Total:                        972      0         5      
                                                               
    .\libcsp\src\interfaces\
       csp_if_can.obj                1844     0         0      
       csp_if_kiss.obj               1564     7         0      
       csp_if_can_pbuf.obj           728      0         120    
       csp_if_lo.obj                 88       8         64     
    +--+-----------------------------+--------+---------+---------+
       Total:                        4224     15        184    
                                                               
    .\libcsp\src\rtable\
       csp_rtable.obj                1852     48        0      
       csp_rtable_static.obj         548      24        264    
    +--+-----------------------------+--------+---------+---------+
       Total:                        2400     72        264    
                                                               
    .\libcsp\src\transport\
       csp_rdp.obj                   13744    0         28     
       csp_udp.obj                   248      0         0      
    +--+-----------------------------+--------+---------+---------+
       Total:                        13992    0         28     
                                                               
    .\source\
       os_heap.obj                   1580     0         262168 
       os_tasks.obj                  15088    0         268    
       HL_spi.obj                    8748     0         120    
       HL_can.obj                    7392     32        0      
       HL_sci.obj                    6592     0         80     
       os_queue.obj                  5644     0         0      
       HL_adc.obj                    3744     48        0      
       HL_sys_vim.obj                3196     512       0      
       os_mpu_wrappers.obj           3484     0         0      
       HL_i2c.obj                    3292     0         24     
       os_timer.obj                  2824     0         60     
       HL_pinmux.obj                 2548     0         0      
       HL_system.obj                 2460     0         0      
       HL_esm.obj                    2308     0         0      
       os_event_groups.obj           2216     0         0      
       HL_errata_SSWF021_45.obj      1636     0         0      
       os_port.obj                   1324     0         8      
       os_portasm.obj                1200     0         0      
       HL_gio.obj                    1172     0         0      
       HL_sys_core.obj               964      0         0      
       HL_sys_mpu.obj                856      0         0      
       os_list.obj                   568      0         0      
       HL_emif.obj                   504      0         0      
       HL_notification.obj           484      0         0      
       HL_sys_startup.obj            244      0         0      
       HL_sys_pmu.obj                224      0         0      
       HL_sys_main.obj               68       0         0      
       HL_sys_intvecs.obj            32       0         0      
       HL_sys_phantom.obj            4        0         0      
    +--+-----------------------------+--------+---------+---------+
       Total:                        80396    592       262728 
                                                               
    .\source\athena_drivers\
       board_io_tests.obj            3428     8         0      
    +--+-----------------------------+--------+---------+---------+
       Total:                        3428     8         0      
                                                               
    C:\ti\ccs1000\ccs\tools\compiler\ti-cgt-arm_20.2.0.LTS\lib\rtsv7R4_A_be_v3D16_eabi.lib
       _printfi.c.obj                6845     0         0      
       _scanfi.c.obj                 4564     13        0      
       strtod.c.obj                  1356     200       0      
       memory.c.obj                  1088     0         8      
       strtoll.c.obj                 712      0         0      
       ull_div32.asm.obj             696      0         0      
       strtoull.c.obj                576      0         0      
       strtol.c.obj                  500      0         0      
       trgmsg.c.obj                  168      0         288    
       strtoul.c.obj                 440      0         0      
       fputs.c.obj                   420      0         0      
       defs.c.obj                    0        0         416    
       memcpy32.asm.obj              384      0         0      
       setvbuf.c.obj                 344      0         0      
       sscanf.c.obj                  332      0         0      
       s_floor.c.obj                 316      0         0      
       fflush.c.obj                  304      0         0      
       s_scalbn.c.obj                288      0         0      
       snprintf.c.obj                260      0         0      
       ctype.c.obj                   0        257       0      
       fputc.c.obj                   256      0         0      
       host_device.c.obj             0        0         200    
       getdevice.c.obj               192      0         0      
       fclose.c.obj                  184      0         0      
       memset32.asm.obj              176      0         0      
       hostlseek.c.obj               172      0         0      
       fseek.c.obj                   168      0         0      
       sprintf.c.obj                 168      0         0      
       fprintf.c.obj                 164      0         0      
       hostrename.c.obj              164      0         0      
       printf.c.obj                  164      0         0      
       _io_perm.c.obj                160      0         0      
       hostopen.c.obj                152      0         8      
       close.c.obj                   152      0         0      
       copy_decompress_lzss.c.obj    144      0         0      
       exit.c.obj                    132      0         12     
       hostread.c.obj                144      0         0      
       hostwrite.c.obj               144      0         0      
       s_frexp.c.obj                 140      0         0      
       rand.c.obj                    132      0         4      
       atoi.c.obj                    132      0         0      
       _ltoa.c.obj                   128      0         0      
       hostclose.c.obj               116      0         0      
       hostunlink.c.obj              112      0         0      
       autoinit.c.obj                104      0         0      
       fopen.c.obj                   84       0         0      
       i_div32.asm.obj               84       0         0      
       strncasecmp.c.obj             84       0         0      
       u_div32.asm.obj               80       0         0      
       strncat.c.obj                 76       0         0      
       strspn.c.obj                  76       0         0      
       strncpy.c.obj                 72       0         0      
       unlink.c.obj                  72       0         0      
       lseek.c.obj                   68       0         0      
       strcasecmp.c.obj              68       0         0      
       strcspn.c.obj                 68       0         0      
       write.c.obj                   68       0         0      
       memcmp.c.obj                  52       0         0      
       memccpy.c.obj                 48       0         0      
       memchr.c.obj                  44       0         0      
       strrchr.c.obj                 44       0         0      
       strchr.c.obj                  40       0         0      
       strcmp.c.obj                  40       0         0      
       wcslen.c.obj                  36       0         0      
       strlen.c.obj                  32       0         0      
       s_copysign.c.obj              28       0         0      
       strcpy.c.obj                  24       0         0      
       copy_decompress_none.c.obj    20       0         0      
       copy_zero_init.c.obj          16       0         0      
       errno.c.obj                   12       0         4      
       _lock.c.obj                   4        0         8      
       div0.asm.obj                  4        0         0      
    +--+-----------------------------+--------+---------+---------+
       Total:                        24637    470       948    
                                                               
       Heap:                         0        0         2048   
       Linker Generated:             0        240       0      
    +--+-----------------------------+--------+---------+---------+
       Grand Total:                  175321   2489      267115 


LINKER GENERATED COPY TABLES

__TI_cinit_table @ 00007898 records: 4, size/record: 8, table size: 32
	.data: load addr=000077c0, load size=000000ab bytes, run addr=08041768, run size=000002c0 bytes, compression=lzss
	.kernelBSS: load addr=00007878, load size=00000009 bytes, run addr=08000800, run size=00000148 bytes, compression=lzss
	.bss: load addr=00007888, load size=00000008 bytes, run addr=08041000, run size=00000768 bytes, compression=zero_init
	.kernelHEAP: load addr=00007890, load size=00000008 bytes, run addr=08001000, run size=00040000 bytes, compression=zero_init


LINKER GENERATED HANDLER TABLE

__TI_handler_table @ 0000786c records: 3, size/record: 4, table size: 12
	index: 0, handler: __TI_decompress_lzss
	index: 1, handler: __TI_decompress_none
	index: 2, handler: __TI_zero_init


FAR CALL TRAMPOLINES

callee name               trampoline name
   callee addr  tramp addr   call addr  call info
--------------  -----------  ---------  ----------------
blinky                    $Tramp$AA$L$PI$$blinky
   80000000     0002bca4     00018c44   board_io_tests.obj (.text)
gioSetBit                 $Tramp$AA$L$PI$$gioSetBit
   00022340     80000098     80000010   board_io_tests.obj (.blinky_section)
                             80000054   board_io_tests.obj (.blinky_section)

[2 trampolines]
[3 trampoline calls]


GLOBAL SYMBOLS: SORTED ALPHABETICALLY BY Name 

address   name                                  
-------   ----                                  
800000a0  BlinkyEndAddr                         
000080c0  BlinkyLoadEnd                         
00008020  BlinkyLoadStart                       
000000a0  BlinkySize                            
80000000  BlinkyStartAddr                       
0002bc7c  C$$EXIT                               
0002b3f8  C$$IO$$                               
00018ac4  CANRxTest                             
00018a4c  CANTxTest                             
08041758  ErrorCode                             
00018204  GPIOGetBit                            
000180c0  GPIOSetBit                            
00018348  GPIOTxTest                            
00029d00  HAL_RTC_GetTime                       
00029ce4  HAL_RTC_SetTime                       
00024c20  HAL_S_getBuffer                       
00024a98  HAL_S_getControl                      
00024ac4  HAL_S_getEncoder                      
00024c68  HAL_S_getFV                           
00024a6c  HAL_S_getFreq                         
00024b98  HAL_S_getHK                           
00024af0  HAL_S_getPAPower                      
00024b1c  HAL_S_getStatus                       
00024b60  HAL_S_getTR                           
00024ce0  HAL_S_setControl                      
00024d04  HAL_S_setEncoder                      
00024ca0  HAL_S_setFreq                         
00024cc0  HAL_S_setPAPower                      
00024c60  HAL_S_softResetFPGA                   
000215e8  HAL_UHF_getAudioT                     
00021790  HAL_UHF_getBeaconMsg                  
000215bc  HAL_UHF_getBeaconT                    
000216f0  HAL_UHF_getDestination                
000217b8  HAL_UHF_getFRAM                       
0002166c  HAL_UHF_getFV                         
000214b4  HAL_UHF_getFreq                       
00021640  HAL_UHF_getLowPwr                     
00021768  HAL_UHF_getMIDI                       
00021740  HAL_UHF_getMorse                      
00021698  HAL_UHF_getPayload                    
00021538  HAL_UHF_getPcktsIn                    
00021564  HAL_UHF_getPcktsInCRC16               
0002150c  HAL_UHF_getPcktsOut                   
00021590  HAL_UHF_getPipeT                      
000216c4  HAL_UHF_getSecureKey                  
00021718  HAL_UHF_getSource                     
0002148c  HAL_UHF_getStatus                     
00021614  HAL_UHF_getTemp                       
000214e0  HAL_UHF_getUptime                     
00021314  HAL_UHF_lowPwr                        
000212f4  HAL_UHF_restore                       
0002146c  HAL_UHF_secure                        
000212d4  HAL_UHF_setAudioT                     
000213fc  HAL_UHF_setBeaconMsg                  
000212b4  HAL_UHF_setBeaconT                    
0002134c  HAL_UHF_setDestination                
0002143c  HAL_UHF_setFRAM                       
00021274  HAL_UHF_setFreq                       
00021428  HAL_UHF_setI2C                        
000213d0  HAL_UHF_setMIDI                       
000213a4  HAL_UHF_setMorse                      
00021294  HAL_UHF_setPipeT                      
00021378  HAL_UHF_setSource                     
00021254  HAL_UHF_setStatus                     
00029d3c  HAL_get_current_1                     
00029d58  HAL_get_current_2                     
00027548  HAL_get_temp_data                     
00029d20  HAL_get_temperature                   
00029d74  HAL_get_voltage_1                     
00029d90  HAL_get_voltage_2                     
00029954  HAL_hk_report                         
00029940  HAL_sys_getTime                       
0002992c  HAL_sys_setTime                       
0002aeec  HOSTclose                             
0002a24c  HOSTlseek                             
0002a764  HOSTopen                              
0002a92c  HOSTread                              
0002a44c  HOSTrename                            
0002b048  HOSTunlink                            
0002a9bc  HOSTwrite                             
000187c4  I2CMasterRxTest                       
00018714  I2CMasterTxTest                       
000188c0  I2CSlaveRxTest                        
000189ac  I2CSlaveTxTest                        
00018044  InitIO                                
0001679c  MPU_eTaskGetState                     
00016950  MPU_pcTaskGetName                     
000170e0  MPU_pcTimerGetName                    
00016a30  MPU_pvTaskGetThreadLocalStoragePointer
00017018  MPU_pvTimerGetTimerID                 
00016bec  MPU_ulTaskNotifyTake                  
00016da8  MPU_uxQueueMessagesWaiting            
00016ddc  MPU_uxQueueSpacesAvailable            
00016924  MPU_uxTaskGetNumberOfTasks            
000169b8  MPU_uxTaskGetStackHighWaterMark       
00016aa0  MPU_uxTaskGetSystemState              
00016768  MPU_uxTaskPriorityGet                 
0001733c  MPU_vEventGroupDelete                 
00016e10  MPU_vQueueDelete                      
00016674  MPU_vTaskAllocateMPURegions           
000166d4  MPU_vTaskDelay                        
00016700  MPU_vTaskDelayUntil                   
000166a8  MPU_vTaskDelete                       
000167d0  MPU_vTaskGetInfo                      
00016b18  MPU_vTaskGetRunTimeStats              
00016aec  MPU_vTaskList                         
0001681c  MPU_vTaskPrioritySet                  
0001687c  MPU_vTaskResume                       
000169ec  MPU_vTaskSetThreadLocalStoragePointer 
00016c64  MPU_vTaskSetTimeOutState              
00016850  MPU_vTaskSuspend                      
000168a8  MPU_vTaskSuspendAll                   
0001704c  MPU_vTimerSetTimerID                  
00017260  MPU_xEventGroupClearBits              
000171d8  MPU_xEventGroupCreate                 
000172a4  MPU_xEventGroupSetBits                
000172e8  MPU_xEventGroupSync                   
00017204  MPU_xEventGroupWaitBits               
00016e70  MPU_xQueueCreateCountingSemaphore     
00016e3c  MPU_xQueueCreateMutex                 
00016f2c  MPU_xQueueGenericCreate               
00016d54  MPU_xQueueGenericReceive              
00016f78  MPU_xQueueGenericReset                
00016d00  MPU_xQueueGenericSend                 
00016ef8  MPU_xQueueGiveMutexRecursive          
00016eb4  MPU_xQueueTakeMutexRecursive          
00016734  MPU_xTaskAbortDelay                   
00016c90  MPU_xTaskCheckForTimeOut              
000165cc  MPU_xTaskCreate                       
00016630  MPU_xTaskCreateRestricted             
00016b44  MPU_xTaskGenericNotify                
00016984  MPU_xTaskGetHandle                    
00016a74  MPU_xTaskGetIdleTaskHandle            
00016cd4  MPU_xTaskGetSchedulerState            
000168f8  MPU_xTaskGetTickCount                 
00016c30  MPU_xTaskNotifyStateClear             
00016b98  MPU_xTaskNotifyWait                   
000168cc  MPU_xTaskResumeAll                    
00016fbc  MPU_xTimerCreate                      
0001717c  MPU_xTimerGenericCommand              
00017148  MPU_xTimerGetExpiryTime               
00017114  MPU_xTimerGetPeriod                   
000170b4  MPU_xTimerGetTimerDaemonTaskHandle    
00017080  MPU_xTimerIsTimerActive               
00018bec  SDRAM_Test                            
UNDEFED   SHT$$INIT_ARRAY$$Base                 
UNDEFED   SHT$$INIT_ARRAY$$Limit                
00018568  SPIMasterRxTest                       
000184ec  SPIMasterTxTest                       
00018684  SPISlaveRxTest                        
00018608  SPISlaveTxTest                        
00023550  SciSendBuf                            
0000fd8c  SpiRxStatus                           
0000fd00  SpiTxStatus                           
00018464  UARTRxTest                            
00018420  UARTTxTest                            
0804116c  __CIOBUF_                             
00000800  __SYSMEM_SIZE                         
00007898  __TI_CINIT_Base                       
000078b8  __TI_CINIT_Limit                      
0000786c  __TI_Handler_Table_Base               
00007878  __TI_Handler_Table_Limit              
000232c0  __TI_PINIT_Base                       
000232c4  __TI_PINIT_Limit                      
0002b124  __TI_auto_init_nobinit_nopinit        
0002b308  __TI_cleanup                          
080419d0  __TI_cleanup_ptr                      
0002a034  __TI_closefile                        
0002aa4c  __TI_decompress_lzss                  
0002bc30  __TI_decompress_none                  
0002abf0  __TI_doflush                          
080419d4  __TI_dtors_ptr                        
080419d8  __TI_enable_exit_profile_output       
080419c0  __TI_ft_end                           
0002acf8  __TI_ltoa                             
ffffffff  __TI_pprof_out_hndl                   
000139c8  __TI_printfi                          
ffffffff  __TI_prof_data_size                   
ffffffff  __TI_prof_data_start                  
0002b35c  __TI_readmsg                          
00010848  __TI_scanfi                           
00000000  __TI_static_base__                    
08041486  __TI_tmpnams                          
0002b3b0  __TI_writemsg                         
0002a4f0  __TI_wrt_ok                           
0002bc54  __TI_zero_init                        
0002bc64  __aeabi_errno_addr                    
0002b458  __aeabi_idiv                          
0002bca0  __aeabi_idiv0                         
0002b458  __aeabi_idivmod                       
0002bca0  __aeabi_ldiv0                         
0002a0ec  __aeabi_memclr                        
0002a0ec  __aeabi_memclr4                       
0002a0ec  __aeabi_memclr8                       
0002854c  __aeabi_memcpy                        
0002854c  __aeabi_memcpy4                       
0002854c  __aeabi_memcpy8                       
0002a0f0  __aeabi_memset                        
0002a0f0  __aeabi_memset4                       
0002a0f0  __aeabi_memset8                       
080419cc  __aeabi_stderr                        
080419c4  __aeabi_stdin                         
080419c8  __aeabi_stdout                        
0002b554  __aeabi_uidiv                         
0002b554  __aeabi_uidivmod                      
000258c8  __aeabi_uldivmod                      
ffffffff  __binit__                             
ffffffff  __c_args__                            
08001000  __start___llvm_prf_cnts               
08001000  __stop___llvm_prf_cnts                
00029b14  _c_int00                              
00023274  _cacheDisable_                        
00023230  _cacheEnable_                         
00023210  _checkMemInitOn_                      
0002311c  _coreClearAuxiliaryDataFault_         
00023130  _coreClearAuxiliaryInstructionFault_  
000230f4  _coreClearDataFaultAddress_           
000230cc  _coreClearDataFault_                  
00023108  _coreClearInstructionFaultAddress_    
000230e0  _coreClearInstructionFault_           
000230a4  _coreDisableEventBusExport_           
00023094  _coreEnableEventBusExport_            
000230b4  _coreEnableIrqVicOffset_              
0002307c  _coreEnableVfp_                       
00023114  _coreGetAuxiliaryDataFault_           
00023128  _coreGetAuxiliaryInstructionFault_    
000230ec  _coreGetDataFaultAddress_             
000230c4  _coreGetDataFault_                    
00023100  _coreGetInstructionFaultAddress_      
000230d8  _coreGetInstructionFault_             
00022f04  _coreInitRegisters_                   
00023010  _coreInitStackPointer_                
0002c2c0  _ctypes_                              
00023298  _dCacheInvalidate_                    
0002b73c  _dabort                               
08041858  _device                               
0002313c  _disable_IRQ_interrupt_               
00023144  _enable_IRQ_interrupt_                
0002314c  _enable_interrupt_                    
0001f96c  _errata_SSWF021_45_both_plls          
0001fb60  _errata_SSWF021_45_pll1               
0001fcd8  _errata_SSWF021_45_pll2               
00023154  _esmCcmErrorsClear_                   
08041768  _ftable                               
0002305c  _getCPSRValue_                        
00023064  _gotoCPUIdle_                         
000232ac  _iCacheInvalidate_                    
080419e8  _lock                                 
000231dc  _memInit_                             
00023cfc  _mpuAreRegionsSeparate_               
00023ce0  _mpuDisableBackgroundRegion_          
00023cb8  _mpuDisable_                          
00023cd0  _mpuEnableBackgroundRegion_           
00023ca0  _mpuEnable_                           
00023cf0  _mpuGetNumberOfRegions_               
00023d20  _mpuGetRegionBaseAddress_             
00023d40  _mpuGetRegionPermission_              
00023d34  _mpuGetRegionType_                    
00023d10  _mpuGetRegion_                        
000239fc  _mpuInit_                             
00023d18  _mpuSetRegionBaseAddress_             
00023d4c  _mpuSetRegionSizeRegister_            
00023d28  _mpuSetRegionTypeAndPermission_       
00023d08  _mpuSetRegion_                        
0002bc88  _nop                                  
00029c60  _pmuDisableCountersGlobal_            
00029c50  _pmuEnableCountersGlobal_             
00029cbc  _pmuGetCycleCount_                    
00029cc4  _pmuGetEventCount_                    
00029cd0  _pmuGetOverflow_                      
00029c04  _pmuInit_                             
00029c90  _pmuResetCounters_                    
00029c70  _pmuResetCycleCounter_                
00029c80  _pmuResetEventCounters_               
00029cb0  _pmuSetCountEvent_                    
00029ca0  _pmuStartCounters_                    
00029ca8  _pmuStopCounters_                     
0002b72c  _prefetch                             
080418d0  _stream                               
00006fb0  _sys_memory                           
UNDEFED   _system_post_cinit                    
0002b74c  _undef                                
080419ec  _unlock                               
0002bc7c  abort                                 
00015348  adc1GetConfigValue                    
00015548  adc2GetConfigValue                    
00014f24  adcCalibration                        
000152e8  adcDisableNotification                
00015298  adcEnableNotification                 
00014cfc  adcGetData                            
00015330  adcGetEVTPin                          
00014974  adcInit                               
00014ef4  adcIsConversionComplete               
00014ec4  adcIsFifoFull                         
000150fc  adcMidPointCalibration                
000279f4  adcNotification                       
00014cd4  adcResetFiFo                          
00015310  adcSetEVTPin                          
00014c28  adcStartConversion                    
00014cac  adcStopConversion                     
00027ee8  aligned_alloc                         
0002ac74  atoi                                  
ffffffff  binit                                 
80000000  blinky                                
0000ea38  can1GetConfigValue                    
00026fd4  can1HighLevelInterrupt                
0000eb9c  can2GetConfigValue                    
000270bc  can2HighLevelInterrupt                
0000ecf4  can3GetConfigValue                    
0000ee4c  can4GetConfigValue                    
0804175c  canData                               
0000e890  canDisableErrorNotification           
0000e870  canDisableStatusChangeNotification    
0000e8e8  canDisableloopback                    
0000e830  canEnableErrorNotification            
0000e850  canEnableStatusChangeNotification     
0000e8b0  canEnableloopback                     
00027a08  canErrorNotification                  
0000e5d8  canFillMessageObjectData              
0000e2a8  canGetData                            
0000e80c  canGetErrorLevel                      
0000e410  canGetID                              
0000e7e8  canGetLastError                       
0000d568  canInit                               
0000e9d4  canIoRxGetBit                         
0000e918  canIoSetDirection                     
0000e968  canIoSetPort                          
0000e9b8  canIoTxGetBit                         
0000e78c  canIsMessageBoxValid                  
0000e730  canIsRxMessageArrived                 
0000e6d4  canIsTxMessagePending                 
00022e60  canMessageNotification                
0000e504  canSendRemoteFrame                    
00027a1c  canStatusChangeNotification           
0000e1ac  canTransmit                           
0000e478  canUpdateID                           
00022b18  can_rx_thread                         
0002a894  close                                 
00023dcc  cnv16_8                               
00023d80  cnv32_8                               
00023e88  cnv8_16                               
00023e50  cnv8_16LE                             
00023e00  cnv8_32                               
00023fd8  cnv8_D                                
00023f0c  cnv8_F                                
00023f5c  cnvD_8                                
00023ec0  cnvF_8                                
0000b670  communication_service                 
0000b7f8  communication_service_app             
0002bb5c  copysign                              
0002bb5c  copysignl                             
00027af8  crcNotification                       
00018d30  csp_accept                            
0002655c  csp_bin_sem_create                    
00026654  csp_bin_sem_post                      
000266ac  csp_bin_sem_post_isr                  
000265ac  csp_bin_sem_remove                    
000265e4  csp_bin_sem_wait                      
0002489c  csp_bind                              
0001e100  csp_buf_free                          
00020458  csp_buffer_clone                      
000204dc  csp_buffer_data_size                  
00020324  csp_buffer_free                       
000202a0  csp_buffer_free_isr                   
000200b4  csp_buffer_free_resources             
0002018c  csp_buffer_get                        
000200fc  csp_buffer_get_isr                    
0001ffd0  csp_buffer_init                       
000204b8  csp_buffer_remaining                  
000204cc  csp_buffer_size                       
000237a8  csp_bytesize                          
0002afe8  csp_calloc                            
0001f8b0  csp_can_add_interface                 
00022d18  csp_can_open_and_add_interface        
00025250  csp_can_pbuf_find                     
00025068  csp_can_pbuf_free                     
000250fc  csp_can_pbuf_new                      
0001f238  csp_can_rx                            
0001f5ec  csp_can_tx                            
0002ad78  csp_clock_get_time                    
0002ada0  csp_clock_set_time                    
00013250  csp_close                             
0001e254  csp_cmp                               
0001d270  csp_cmp_set_memcpy                    
08041698  csp_conf                              
00013074  csp_conn_allocate                     
00012a0c  csp_conn_check_timeouts               
00013268  csp_conn_close                        
00013680  csp_conn_dport                        
000136cc  csp_conn_dst                          
00012aac  csp_conn_enqueue_packet               
00012e6c  csp_conn_find                         
00013704  csp_conn_flags                        
00012d6c  csp_conn_free_resources               
00013914  csp_conn_get_array                    
00012a98  csp_conn_get_rxq                      
00012b70  csp_conn_init                         
000131f8  csp_conn_new                          
0001371c  csp_conn_print_table                  
000137ec  csp_conn_print_table_str              
000136b0  csp_conn_sport                        
000136e8  csp_conn_src                          
000133ec  csp_connect                           
00027834  csp_crc32_append                      
000277b8  csp_crc32_memory                      
000278e8  csp_crc32_verify                      
00026d10  csp_debug_get_level                   
08041a14  csp_debug_hook_func                   
00026b84  csp_debug_hook_set                    
08041a08  csp_debug_level_enabled               
00026ce0  csp_debug_set_level                   
00026d40  csp_debug_toggle_level                
0002b034  csp_free                              
0002915c  csp_free_resources                    
00029088  csp_get_address                       
0001e074  csp_get_buf_free                      
00029188  csp_get_conf                          
0001df94  csp_get_memfree                       
0002b8ac  csp_get_ms                            
0002b8b8  csp_get_ms_isr                        
0002b8c4  csp_get_s                             
0002b8d8  csp_get_s_isr                         
0001e174  csp_get_uptime                        
0002b86c  csp_get_uptime_s                      
000220b4  csp_hmac_append                       
00021fcc  csp_hmac_memory                       
00022078  csp_hmac_set_key                      
0002217c  csp_hmac_verify                       
0002bba4  csp_htobe32                           
0002bbb8  csp_hton16                            
0002bbcc  csp_hton32                            
0002bbe0  csp_htonflt                           
08041920  csp_if_lo                             
000236dc  csp_iflist_add                        
0002379c  csp_iflist_get                        
00023680  csp_iflist_get_by_name                
00023858  csp_iflist_print                      
00029094  csp_init                              
00021130  csp_kiss_add_interface                
00020dec  csp_kiss_rx                           
00020c38  csp_kiss_tx                           
00024838  csp_listen                            
0002afd4  csp_malloc                            
0001e020  csp_memfree                           
000264e0  csp_mutex_create                      
0002652c  csp_mutex_lock                        
00026518  csp_mutex_remove                      
00026548  csp_mutex_unlock                      
0002bbf4  csp_ntoh16                            
0002bc08  csp_ntoh32                            
0002bc1c  csp_ntohflt                           
0001db7c  csp_ping                              
0001dd14  csp_ping_noreply                      
00024818  csp_port_free_resources               
00024738  csp_port_get_socket                   
000247d8  csp_port_init                         
0001de6c  csp_ps                                
00024130  csp_qfifo_free_resources              
000240ac  csp_qfifo_init                        
00024198  csp_qfifo_read                        
0002433c  csp_qfifo_wake_up                     
000241cc  csp_qfifo_write                       
000292d0  csp_queue_create                      
00029368  csp_queue_dequeue                     
000293a4  csp_queue_dequeue_isr                 
00029304  csp_queue_enqueue                     
00029340  csp_queue_enqueue_isr                 
000292f0  csp_queue_remove                      
000293c8  csp_queue_size                        
000293dc  csp_queue_size_isr                    
00009114  csp_rdp_check_ack                     
000092e4  csp_rdp_check_timeouts                
0000b0a4  csp_rdp_close                         
0000b514  csp_rdp_conn_print                    
0000a740  csp_rdp_connect                       
00008fe8  csp_rdp_flush_all                     
0000b074  csp_rdp_free_resources                
0000b450  csp_rdp_get_opt                       
0000aeac  csp_rdp_init                          
0000990c  csp_rdp_new_packet                    
0000ab24  csp_rdp_send                          
0000b3ec  csp_rdp_set_opt                       
00018d94  csp_read                              
0001ddc4  csp_reboot                            
00019508  csp_recvfrom                          
0001c7bc  csp_route_start_task                  
0001c300  csp_route_work                        
0001eda8  csp_rtable_check                      
0001f0a4  csp_rtable_clear                      
00026db0  csp_rtable_find_route                 
00026ebc  csp_rtable_free                       
00026ed4  csp_rtable_iterate                    
0001ed90  csp_rtable_load                       
0001f180  csp_rtable_print                      
0001f054  csp_rtable_save                       
0001edc0  csp_rtable_set                        
00026e00  csp_rtable_set_internal               
0001910c  csp_send                              
00018e74  csp_send_direct                       
000191e8  csp_send_prio                         
00019578  csp_sendto                            
000196e0  csp_sendto_reply                      
00028118  csp_server                            
0001d788  csp_service_handler                   
000162d4  csp_sha1_done                         
00016104  csp_sha1_init                         
00016568  csp_sha1_memory                       
0001616c  csp_sha1_process                      
0001de18  csp_shutdown                          
0002a618  csp_sleep_ms                          
00018c70  csp_socket                            
000283f0  csp_sys_memfree                       
00029644  csp_sys_reboot                        
000283fc  csp_sys_set_color                     
00029628  csp_sys_set_reboot                    
00029690  csp_sys_set_shutdown                  
000296ac  csp_sys_shutdown                      
000283c4  csp_sys_tasklist                      
000283dc  csp_sys_tasklist_size                 
0002a590  csp_thread_create                     
0002a608  csp_thread_exit                       
000192e8  csp_transaction_persistent            
00019480  csp_transaction_w_opts                
00029834  csp_udp_new_packet                    
0001e200  csp_uptime                            
00026a1c  csp_usart_open                        
000282b8  csp_usart_open_and_add_kiss_interface 
000269a8  csp_usart_write                       
00020b58  csp_xtea_decrypt                      
00020b7c  csp_xtea_decrypt_packet               
000209a4  csp_xtea_encrypt                      
00020aa0  csp_xtea_encrypt_packet               
00020968  csp_xtea_set_key                      
0001bea8  customTrimLPO                         
00027a44  dccNotification                       
000273cc  demo_get_temp                         
000279e0  dmaGroupANotification                 
00026ba0  do_csp_debug                          
00002340  eTaskConfirmSleepModeStatus           
000008f0  eTaskGetState                         
00027b44  ecapNotification                      
00027ad0  edgeNotification                      
00027b7c  emacRxNotification                    
00027b6c  emacTxNotification                    
000271d8  emifGetConfigValue                    
000271d4  emif_SDRAMInit                        
00027330  emif_SDRAM_StartupInit                
00027b58  epcCAMFullNotification                
00027b5c  epcFIFOFullNotification               
00027b30  eqepNotification                      
08041760  equipment_mutex                       
08041a20  errno                                 
0001e580  esmActivateNormalOperation            
0001e6cc  esmClearStatus                        
0001e730  esmClearStatusBuffer                  
0001e70c  esmClearStatusUpper                   
0001e52c  esmDisableError                       
0001e554  esmDisableErrorUpper                  
0001e5d4  esmDisableInterrupt                   
0001e5fc  esmDisableInterruptUpper              
0001e4e8  esmEnableError                        
0001e510  esmEnableErrorUpper                   
0001e590  esmEnableInterrupt                    
0001e5b8  esmEnableInterruptUpper               
0001e860  esmEnterSelfTest                      
0001e4cc  esmError                              
0001e938  esmGetConfigValue                     
0001e76c  esmGetStatus                          
0001e838  esmGetStatusBuffer                    
0001e7f0  esmGetStatusUpper                     
00026b48  esmGroup1Notification                 
00026b58  esmGroup2Notification                 
000279d0  esmGroup3Notification                 
000286cc  esmHighInterrupt                      
0001e370  esmInit                               
0001e8e8  esmSelfTestStatus                     
0001e74c  esmSetCounterPreloadValue             
0001e618  esmSetInterruptLevel                  
0001e68c  esmSetInterruptLevelUpper             
0001e570  esmTriggerErrorPinReset               
00027b0c  etpwmNotification                     
00027b1c  etpwmTripNotification                 
00023d54  ex2_log                               
000233f4  ex2_main                              
0002adf4  exit                                  
0002a2f8  fflush                                
0002b404  finddevice                            
00028f24  floor                                 
00028f24  floorl                                
0002a62c  fprintf                               
00029734  fputc                                 
00027d44  fputs                                 
00028844  free                                  
0002aadc  frexp                                 
0002aadc  frexpl                                
0002a3a4  fseek                                 
00023508  getProfilerTimerCount                 
0001b950  getResetSource                        
0002b0b8  getdevice                             
000224b0  gioDisableNotification                
00022448  gioEnableNotification                 
000223b0  gioGetBit                             
00022518  gioGetConfigValue                     
000223d8  gioGetPort                            
00022250  gioInit                               
00027a58  gioNotification                       
00022340  gioSetBit                             
00022320  gioSetDirection                       
00022390  gioSetPort                            
000223f0  gioToggleBit                          
0002bc84  handlePLLLockFail                     
00027ae4  hetNotification                       
00025ef4  hk_service_app                        
00025df8  housekeeping_service                  
00024058  htons                                 
00017b68  i2c1GetConfigValue                    
00017d30  i2c2GetConfigValue                    
000178d4  i2cClearSCD                           
00017a2c  i2cDisableLoopback                    
00017ab4  i2cDisableNotification                
00017a0c  i2cEnableLoopback                     
00017a4c  i2cEnableNotification                 
00017368  i2cInit                               
00017f70  i2cIsBusBusy                          
00017f30  i2cIsMasterReady                      
0001786c  i2cIsRxReady                          
00017888  i2cIsStopDetected                     
000176f4  i2cIsTxReady                          
00027a6c  i2cNotification                       
00017934  i2cReceive                            
000178f0  i2cReceiveByte                        
000178a4  i2cRxError                            
00017740  i2cSend                               
00017710  i2cSendByte                           
00017594  i2cSetBaudrate                        
000176d4  i2cSetCount                           
00017ef8  i2cSetDirection                       
00017b30  i2cSetMode                            
00017554  i2cSetOwnAdd                          
00017574  i2cSetSlaveAdd                        
00017694  i2cSetStart                           
000176b4  i2cSetStop                            
0804116b  incomingData                          
000234d4  initializeProfiler                    
000293f0  ldexp                                 
000293f0  ldexpl                                
0001abe8  lin1HighLevelInterrupt                
0001adb8  lin2HighLevelInterrupt                
0002b75c  lseek                                 
0002b718  main                                  
0002bc70  malloc                                
0001b77c  mapClocks                             
00027ee8  memalign                              
0002b9f8  memccpy                               
0002ba54  memchr                                
0002b964  memcmp                                
0002854c  memcpy                                
0002a0fc  memset                                
00019a2c  mibspi1HighLevelInterrupt             
000197c4  mibspi1LowLevelInterrupt              
00019efc  mibspi5HighLevelInterrupt             
00019c94  mibspi5LowLevelInterrupt              
0001a1f4  muxInit                               
00024098  ntohs                                 
08041744  parmbuf                               
00001410  pcTaskGetName                         
0000529c  pcTimerGetName                        
0001b6c8  periphInit                            
0002bc9c  phantomInterrupt                      
000281dc  ping                                  
0002a6c8  printf                                
000067e0  prvMpuDisable                         
000067c8  prvMpuEnable                          
000067b0  prvMpuSetRegion                       
00029734  putc                                  
00006bfc  pvPortMalloc                          
00002414  pvTaskGetThreadLocalStoragePointer    
000030b4  pvTaskIncrementMutexHeldCount         
00005a04  pvTimerGetTimerID                     
00027ab8  pwmNotification                       
080008d0  pxCurrentTCB                          
00006808  pxPortInitialiseStack                 
0002b5a4  rand                                  
0002b6d0  remove                                
00000000  resetEntry                            
000293f0  scalbn                                
000293f0  scalbnl                               
0001238c  sci1GetConfigValue                    
000124e4  sci2GetConfigValue                    
0001263c  sci3GetConfigValue                    
0001af88  sci3HighLevelInterrupt                
00012794  sci4GetConfigValue                    
0001b158  sci4HighLevelInterrupt                
0001b328  sci4LowLevelInterrupt                 
08041764  sciData                               
00012200  sciDisableLoopback                    
000122b4  sciDisableNotification                
000121cc  sciEnableLoopback                     
0001221c  sciEnableNotification                 
0001234c  sciEnterResetState                    
0001236c  sciExitResetState                     
00011a18  sciInit                               
00012044  sciIsIdleDetected                     
00012028  sciIsRxReady                          
00011e78  sciIsTxReady                          
00026ae8  sciNotification                       
000120bc  sciReceive                            
00012090  sciReceiveByte                        
00012060  sciRxError                            
00011ec4  sciSend                               
00011e94  sciSendByte                           
00011ddc  sciSetBaudrate                        
00011dbc  sciSetFunctional                      
00023d60  set_packet_length                     
0001b688  setupFlash                            
0001b5b4  setupPLL                              
00028c88  setvbuf                               
0002ae70  snprintf                              
0000fec8  spi1GetConfigValue                    
[...]
00022340  gioSetBit                             
00022390  gioSetPort                            
000223b0  gioGetBit                             
000223d8  gioGetPort                            
000223f0  gioToggleBit                          
00022448  gioEnableNotification                 
000224b0  gioDisableNotification                
00022518  gioGetConfigValue                     
000226d4  thermistor_read                       
00022804  thermistor_calibration                
00022b18  can_rx_thread                         
00022d18  csp_can_open_and_add_interface        
00022e60  canMessageNotification                
00022f04  _coreInitRegisters_                   
00023010  _coreInitStackPointer_                
0002305c  _getCPSRValue_                        
00023064  _gotoCPUIdle_                         
0002307c  _coreEnableVfp_                       
00023094  _coreEnableEventBusExport_            
000230a4  _coreDisableEventBusExport_           
000230b4  _coreEnableIrqVicOffset_              
000230c4  _coreGetDataFault_                    
000230cc  _coreClearDataFault_                  
000230d8  _coreGetInstructionFault_             
000230e0  _coreClearInstructionFault_           
000230ec  _coreGetDataFaultAddress_             
000230f4  _coreClearDataFaultAddress_           
00023100  _coreGetInstructionFaultAddress_      
00023108  _coreClearInstructionFaultAddress_    
00023114  _coreGetAuxiliaryDataFault_           
0002311c  _coreClearAuxiliaryDataFault_         
00023128  _coreGetAuxiliaryInstructionFault_    
00023130  _coreClearAuxiliaryInstructionFault_  
0002313c  _disable_IRQ_interrupt_               
00023144  _enable_IRQ_interrupt_                
0002314c  _enable_interrupt_                    
00023154  _esmCcmErrorsClear_                   
000231dc  _memInit_                             
00023210  _checkMemInitOn_                      
00023230  _cacheEnable_                         
00023274  _cacheDisable_                        
00023298  _dCacheInvalidate_                    
000232ac  _iCacheInvalidate_                    
000232c0  __TI_PINIT_Base                       
000232c4  __TI_PINIT_Limit                      
000233f4  ex2_main                              
000234b4  vAssertCalled                         
000234d4  initializeProfiler                    
00023508  getProfilerTimerCount                 
0002353c  vApplicationStackOverflowHook         
0002354c  vApplicationMallocFailedHook          
00023550  SciSendBuf                            
00023680  csp_iflist_get_by_name                
000236dc  csp_iflist_add                        
0002379c  csp_iflist_get                        
000237a8  csp_bytesize                          
00023858  csp_iflist_print                      
000239fc  _mpuInit_                             
00023ca0  _mpuEnable_                           
00023cb8  _mpuDisable_                          
00023cd0  _mpuEnableBackgroundRegion_           
00023ce0  _mpuDisableBackgroundRegion_          
00023cf0  _mpuGetNumberOfRegions_               
00023cfc  _mpuAreRegionsSeparate_               
00023d08  _mpuSetRegion_                        
00023d10  _mpuGetRegion_                        
00023d18  _mpuSetRegionBaseAddress_             
00023d20  _mpuGetRegionBaseAddress_             
00023d28  _mpuSetRegionTypeAndPermission_       
00023d34  _mpuGetRegionType_                    
00023d40  _mpuGetRegionPermission_              
00023d4c  _mpuSetRegionSizeRegister_            
00023d54  ex2_log                               
00023d60  set_packet_length                     
00023d80  cnv32_8                               
00023dcc  cnv16_8                               
00023e00  cnv8_32                               
00023e50  cnv8_16LE                             
00023e88  cnv8_16                               
00023ec0  cnvF_8                                
00023f0c  cnv8_F                                
00023f5c  cnvD_8                                
00023fd8  cnv8_D                                
00024058  htons                                 
00024098  ntohs                                 
000240ac  csp_qfifo_init                        
00024130  csp_qfifo_free_resources              
00024198  csp_qfifo_read                        
000241cc  csp_qfifo_write                       
0002433c  csp_qfifo_wake_up                     
000243fc  vimECCErrorHandler                    
00024738  csp_port_get_socket                   
000247d8  csp_port_init                         
00024818  csp_port_free_resources               
00024838  csp_listen                            
0002489c  csp_bind                              
00024a6c  HAL_S_getFreq                         
00024a98  HAL_S_getControl                      
00024ac4  HAL_S_getEncoder                      
00024af0  HAL_S_getPAPower                      
00024b1c  HAL_S_getStatus                       
00024b60  HAL_S_getTR                           
00024b98  HAL_S_getHK                           
00024c20  HAL_S_getBuffer                       
00024c60  HAL_S_softResetFPGA                   
00024c68  HAL_S_getFV                           
00024ca0  HAL_S_setFreq                         
00024cc0  HAL_S_setPAPower                      
00024ce0  HAL_S_setControl                      
00024d04  HAL_S_setEncoder                      
00025068  csp_can_pbuf_free                     
000250fc  csp_can_pbuf_new                      
00025250  csp_can_pbuf_find                     
00025340  strtoll                               
00025608  time_management_service               
000256b4  start_time_management_service         
00025704  time_management_app                   
000258c8  __aeabi_uldivmod                      
00025df8  housekeeping_service                  
00025ea4  start_housekeeping_service            
00025ef4  hk_service_app                        
000262a0  strtoull                              
000264e0  csp_mutex_create                      
00026518  csp_mutex_remove                      
0002652c  csp_mutex_lock                        
00026548  csp_mutex_unlock                      
0002655c  csp_bin_sem_create                    
000265ac  csp_bin_sem_remove                    
000265e4  csp_bin_sem_wait                      
00026654  csp_bin_sem_post                      
000266ac  csp_bin_sem_post_isr                  
0002671c  vListInitialise                       
00026774  vListInitialiseItem                   
00026790  vListInsertEnd                        
00026804  vListInsert                           
000268c8  uxListRemove                          
00026954  usart_rx_thread                       
000269a8  csp_usart_write                       
00026a1c  csp_usart_open                        
00026ae8  sciNotification                       
00026b48  esmGroup1Notification                 
00026b58  esmGroup2Notification                 
00026b84  csp_debug_hook_set                    
00026ba0  do_csp_debug                          
00026ce0  csp_debug_set_level                   
00026d10  csp_debug_get_level                   
00026d40  csp_debug_toggle_level                
00026db0  csp_rtable_find_route                 
00026e00  csp_rtable_set_internal               
00026ebc  csp_rtable_free                       
00026ed4  csp_rtable_iterate                    
00026fd4  can1HighLevelInterrupt                
000270bc  can2HighLevelInterrupt                
000271d4  emif_SDRAMInit                        
000271d8  emifGetConfigValue                    
00027330  emif_SDRAM_StartupInit                
000273cc  demo_get_temp                         
00027548  HAL_get_temp_data                     
000275c4  strtol                                
000277b8  csp_crc32_memory                      
00027834  csp_crc32_append                      
000278e8  csp_crc32_verify                      
000279d0  esmGroup3Notification                 
000279e0  dmaGroupANotification                 
000279f4  adcNotification                       
00027a08  canErrorNotification                  
00027a1c  canStatusChangeNotification           
00027a44  dccNotification                       
00027a58  gioNotification                       
00027a6c  i2cNotification                       
00027a94  spiNotification                       
00027aa8  spiEndNotification                    
00027ab8  pwmNotification                       
00027ad0  edgeNotification                      
00027ae4  hetNotification                       
00027af8  crcNotification                       
00027b0c  etpwmNotification                     
00027b1c  etpwmTripNotification                 
00027b30  eqepNotification                      
00027b44  ecapNotification                      
00027b58  epcCAMFullNotification                
00027b5c  epcFIFOFullNotification               
00027b6c  emacTxNotification                    
00027b7c  emacRxNotification                    
00027b8c  strtoul                               
00027d44  fputs                                 
00027ee8  aligned_alloc                         
00027ee8  memalign                              
00028088  start_service_server                  
00028118  csp_server                            
000281dc  ping                                  
000282b8  csp_usart_open_and_add_kiss_interface 
000283c4  csp_sys_tasklist                      
000283dc  csp_sys_tasklist_size                 
000283f0  csp_sys_memfree                       
000283fc  csp_sys_set_color                     
0002854c  __aeabi_memcpy                        
0002854c  __aeabi_memcpy4                       
0002854c  __aeabi_memcpy8                       
0002854c  memcpy                                
000286cc  esmHighInterrupt                      
00028844  free                                  
00028a98  xTaskNotifyStateClear                 
00028c88  setvbuf                               
00028f24  floor                                 
00028f24  floorl                                
00029088  csp_get_address                       
00029094  csp_init                              
0002915c  csp_free_resources                    
00029188  csp_get_conf                          
000292d0  csp_queue_create                      
000292f0  csp_queue_remove                      
00029304  csp_queue_enqueue                     
00029340  csp_queue_enqueue_isr                 
00029368  csp_queue_dequeue                     
000293a4  csp_queue_dequeue_isr                 
000293c8  csp_queue_size                        
000293dc  csp_queue_size_isr                    
000293f0  ldexp                                 
000293f0  ldexpl                                
000293f0  scalbn                                
000293f0  scalbnl                               
00029628  csp_sys_set_reboot                    
00029644  csp_sys_reboot                        
00029690  csp_sys_set_shutdown                  
000296ac  csp_sys_shutdown                      
00029734  fputc                                 
00029734  putc                                  
00029834  csp_udp_new_packet                    
0002992c  HAL_sys_setTime                       
00029940  HAL_sys_getTime                       
00029954  HAL_hk_report                         
00029a24  strtok_r                              
00029b14  _c_int00                              
00029c04  _pmuInit_                             
00029c50  _pmuEnableCountersGlobal_             
00029c60  _pmuDisableCountersGlobal_            
00029c70  _pmuResetCycleCounter_                
00029c80  _pmuResetEventCounters_               
00029c90  _pmuResetCounters_                    
00029ca0  _pmuStartCounters_                    
00029ca8  _pmuStopCounters_                     
00029cb0  _pmuSetCountEvent_                    
00029cbc  _pmuGetCycleCount_                    
00029cc4  _pmuGetEventCount_                    
00029cd0  _pmuGetOverflow_                      
00029ce4  HAL_RTC_SetTime                       
00029d00  HAL_RTC_GetTime                       
00029d20  HAL_get_temperature                   
00029d3c  HAL_get_current_1                     
00029d58  HAL_get_current_2                     
00029d74  HAL_get_voltage_1                     
00029d90  HAL_get_voltage_2                     
00029dc4  task_stats                            
00029df0  start_task_stats                      
0002a034  __TI_closefile                        
0002a0ec  __aeabi_memclr                        
0002a0ec  __aeabi_memclr4                       
0002a0ec  __aeabi_memclr8                       
0002a0f0  __aeabi_memset                        
0002a0f0  __aeabi_memset4                       
0002a0f0  __aeabi_memset8                       
0002a0fc  memset                                
0002a24c  HOSTlseek                             
0002a2f8  fflush                                
0002a3a4  fseek                                 
0002a44c  HOSTrename                            
0002a4f0  __TI_wrt_ok                           
0002a590  csp_thread_create                     
0002a608  csp_thread_exit                       
0002a618  csp_sleep_ms                          
0002a62c  fprintf                               
0002a6c8  printf                                
0002a764  HOSTopen                              
0002a894  close                                 
0002a92c  HOSTread                              
0002a9bc  HOSTwrite                             
0002aa4c  __TI_decompress_lzss                  
0002aadc  frexp                                 
0002aadc  frexpl                                
0002ab68  start_detection_server                
0002abf0  __TI_doflush                          
0002ac74  atoi                                  
0002acf8  __TI_ltoa                             
0002ad78  csp_clock_get_time                    
0002ada0  csp_clock_set_time                    
0002adf4  exit                                  
0002ae70  snprintf                              
0002aeec  HOSTclose                             
0002afd4  csp_malloc                            
0002afe8  csp_calloc                            
0002b034  csp_free                              
0002b048  HOSTunlink                            
0002b0b8  getdevice                             
0002b124  __TI_auto_init_nobinit_nopinit        
0002b1f0  sprintf                               
0002b308  __TI_cleanup                          
0002b35c  __TI_readmsg                          
0002b3b0  __TI_writemsg                         
0002b3f8  C$$IO$$                               
0002b404  finddevice                            
0002b458  __aeabi_idiv                          
0002b458  __aeabi_idivmod                       
0002b4ac  sscanf                                
0002b500  strncasecmp                           
0002b554  __aeabi_uidiv                         
0002b554  __aeabi_uidivmod                      
0002b5a4  rand                                  
0002b5f0  strncat                               
0002b63c  strspn                                
0002b688  strncpy                               
0002b6d0  remove                                
0002b6d0  unlink                                
0002b718  main                                  
0002b72c  _prefetch                             
0002b73c  _dabort                               
0002b74c  _undef                                
0002b75c  lseek                                 
0002b7a0  strcasecmp                            
0002b7e4  strcspn                               
0002b828  write                                 
0002b86c  csp_get_uptime_s                      
0002b8ac  csp_get_ms                            
0002b8b8  csp_get_ms_isr                        
0002b8c4  csp_get_s                             
0002b8d8  csp_get_s_isr                         
0002b92c  srand                                 
0002b964  memcmp                                
0002b9f8  memccpy                               
0002ba54  memchr                                
0002ba80  strrchr                               
0002baac  strchr                                
0002bad4  strcmp                                
0002bafc  wcslen                                
0002bb20  strlen                                
0002bb5c  copysign                              
0002bb5c  copysignl                             
0002bb78  strcpy                                
0002bba4  csp_htobe32                           
0002bbb8  csp_hton16                            
0002bbcc  csp_hton32                            
0002bbe0  csp_htonflt                           
0002bbf4  csp_ntoh16                            
0002bc08  csp_ntoh32                            
0002bc1c  csp_ntohflt                           
0002bc30  __TI_decompress_none                  
0002bc54  __TI_zero_init                        
0002bc64  __aeabi_errno_addr                    
0002bc70  malloc                                
0002bc7c  C$$EXIT                               
0002bc7c  abort                                 
0002bc84  handlePLLLockFail                     
0002bc88  _nop                                  
0002bc9c  phantomInterrupt                      
0002bca0  __aeabi_idiv0                         
0002bca0  __aeabi_ldiv0                         
0002c2c0  _ctypes_                              
080008d0  pxCurrentTCB                          
08001000  __start___llvm_prf_cnts               
08001000  __stop___llvm_prf_cnts                
0804116b  incomingData                          
0804116c  __CIOBUF_                             
08041486  __TI_tmpnams                          
08041698  csp_conf                              
08041744  parmbuf                               
08041758  ErrorCode                             
0804175c  canData                               
08041760  equipment_mutex                       
08041764  sciData                               
08041768  _ftable                               
08041858  _device                               
080418d0  _stream                               
08041920  csp_if_lo                             
080419c0  __TI_ft_end                           
080419c4  __aeabi_stdin                         
080419c8  __aeabi_stdout                        
080419cc  __aeabi_stderr                        
080419d0  __TI_cleanup_ptr                      
080419d4  __TI_dtors_ptr                        
080419d8  __TI_enable_exit_profile_output       
080419e8  _lock                                 
080419ec  _unlock                               
08041a00  ulCriticalNesting                     
08041a04  ulTaskHasFPUContext                   
08041a08  csp_debug_level_enabled               
08041a14  csp_debug_hook_func                   
08041a20  errno                                 
80000000  BlinkyStartAddr                       
80000000  blinky                                
800000a0  BlinkyEndAddr                         
ffffffff  __TI_pprof_out_hndl                   
ffffffff  __TI_prof_data_size                   
ffffffff  __TI_prof_data_start                  
ffffffff  __binit__                             
ffffffff  __c_args__                            
ffffffff  binit                                 
UNDEFED   SHT$$INIT_ARRAY$$Base                 
UNDEFED   SHT$$INIT_ARRAY$$Limit                
UNDEFED   _system_post_cinit                    

[899 symbols]
