<?xml version="1.0" encoding="ISO-8859-1" ?>
<link_info>
   <banner>TI ARM Linker PC v20.2.0.LTS</banner>
   <copyright>Copyright (c) 1996-2018 Texas Instruments Incorporated</copyright>
   <link_time>0x5ed33154</link_time>
   <link_errors>0x0</link_errors>
   <output_file>can.out</output_file>
   <entry_point>
      <name>_c_int00</name>
      <address>0x206d0</address>
   </entry_point>
   <input_file_list>
      <input_file id="fl-2">
         <path>.\libcsp\src\arch\</path>
         <kind>object</kind>
         <file>csp_system.obj</file>
         <name>csp_system.obj</name>
      </input_file>
      <input_file id="fl-3">
         <path>.\libcsp\src\arch\</path>
         <kind>object</kind>
         <file>csp_time.obj</file>
         <name>csp_time.obj</name>
      </input_file>
      <input_file id="fl-4">
         <path>.\libcsp\src\arch\freertos\</path>
         <kind>object</kind>
         <file>csp_clock.obj</file>
         <name>csp_clock.obj</name>
      </input_file>
      <input_file id="fl-5">
         <path>.\libcsp\src\arch\freertos\</path>
         <kind>object</kind>
         <file>csp_malloc.obj</file>
         <name>csp_malloc.obj</name>
      </input_file>
      <input_file id="fl-6">
         <path>.\libcsp\src\arch\freertos\</path>
         <kind>object</kind>
         <file>csp_queue.obj</file>
         <name>csp_queue.obj</name>
      </input_file>
      <input_file id="fl-7">
         <path>.\libcsp\src\arch\freertos\</path>
         <kind>object</kind>
         <file>csp_semaphore.obj</file>
         <name>csp_semaphore.obj</name>
      </input_file>
      <input_file id="fl-8">
         <path>.\libcsp\src\arch\freertos\</path>
         <kind>object</kind>
         <file>csp_system.obj</file>
         <name>csp_system.obj</name>
      </input_file>
      <input_file id="fl-9">
         <path>.\libcsp\src\arch\freertos\</path>
         <kind>object</kind>
         <file>csp_thread.obj</file>
         <name>csp_thread.obj</name>
      </input_file>
      <input_file id="fl-a">
         <path>.\libcsp\src\arch\freertos\</path>
         <kind>object</kind>
         <file>csp_time.obj</file>
         <name>csp_time.obj</name>
      </input_file>
      <input_file id="fl-b">
         <path>.\libcsp\src\crypto\</path>
         <kind>object</kind>
         <file>csp_hmac.obj</file>
         <name>csp_hmac.obj</name>
      </input_file>
      <input_file id="fl-c">
         <path>.\libcsp\src\crypto\</path>
         <kind>object</kind>
         <file>csp_sha1.obj</file>
         <name>csp_sha1.obj</name>
      </input_file>
      <input_file id="fl-d">
         <path>.\libcsp\src\crypto\</path>
         <kind>object</kind>
         <file>csp_xtea.obj</file>
         <name>csp_xtea.obj</name>
      </input_file>
      <input_file id="fl-e">
         <path>.\libcsp\src\</path>
         <kind>object</kind>
         <file>csp_bridge.obj</file>
         <name>csp_bridge.obj</name>
      </input_file>
      <input_file id="fl-f">
         <path>.\libcsp\src\</path>
         <kind>object</kind>
         <file>csp_buffer.obj</file>
         <name>csp_buffer.obj</name>
      </input_file>
      <input_file id="fl-10">
         <path>.\libcsp\src\</path>
         <kind>object</kind>
         <file>csp_conn.obj</file>
         <name>csp_conn.obj</name>
      </input_file>
      <input_file id="fl-11">
         <path>.\libcsp\src\</path>
         <kind>object</kind>
         <file>csp_crc32.obj</file>
         <name>csp_crc32.obj</name>
      </input_file>
      <input_file id="fl-12">
         <path>.\libcsp\src\</path>
         <kind>object</kind>
         <file>csp_debug.obj</file>
         <name>csp_debug.obj</name>
      </input_file>
      <input_file id="fl-13">
         <path>.\libcsp\src\</path>
         <kind>object</kind>
         <file>csp_dedup.obj</file>
         <name>csp_dedup.obj</name>
      </input_file>
      <input_file id="fl-14">
         <path>.\libcsp\src\</path>
         <kind>object</kind>
         <file>csp_endian.obj</file>
         <name>csp_endian.obj</name>
      </input_file>
      <input_file id="fl-15">
         <path>.\libcsp\src\</path>
         <kind>object</kind>
         <file>csp_hex_dump.obj</file>
         <name>csp_hex_dump.obj</name>
      </input_file>
      <input_file id="fl-16">
         <path>.\libcsp\src\</path>
         <kind>object</kind>
         <file>csp_iflist.obj</file>
         <name>csp_iflist.obj</name>
      </input_file>
      <input_file id="fl-17">
         <path>.\libcsp\src\</path>
         <kind>object</kind>
         <file>csp_init.obj</file>
         <name>csp_init.obj</name>
      </input_file>
      <input_file id="fl-18">
         <path>.\libcsp\src\</path>
         <kind>object</kind>
         <file>csp_io.obj</file>
         <name>csp_io.obj</name>
      </input_file>
      <input_file id="fl-19">
         <path>.\libcsp\src\</path>
         <kind>object</kind>
         <file>csp_port.obj</file>
         <name>csp_port.obj</name>
      </input_file>
      <input_file id="fl-1a">
         <path>.\libcsp\src\</path>
         <kind>object</kind>
         <file>csp_promisc.obj</file>
         <name>csp_promisc.obj</name>
      </input_file>
      <input_file id="fl-1b">
         <path>.\libcsp\src\</path>
         <kind>object</kind>
         <file>csp_qfifo.obj</file>
         <name>csp_qfifo.obj</name>
      </input_file>
      <input_file id="fl-1c">
         <path>.\libcsp\src\</path>
         <kind>object</kind>
         <file>csp_route.obj</file>
         <name>csp_route.obj</name>
      </input_file>
      <input_file id="fl-1d">
         <path>.\libcsp\src\</path>
         <kind>object</kind>
         <file>csp_service_handler.obj</file>
         <name>csp_service_handler.obj</name>
      </input_file>
      <input_file id="fl-1e">
         <path>.\libcsp\src\</path>
         <kind>object</kind>
         <file>csp_services.obj</file>
         <name>csp_services.obj</name>
      </input_file>
      <input_file id="fl-1f">
         <path>.\libcsp\src\</path>
         <kind>object</kind>
         <file>csp_sfp.obj</file>
         <name>csp_sfp.obj</name>
      </input_file>
      <input_file id="fl-20">
         <path>.\libcsp\src\</path>
         <kind>object</kind>
         <file>csp_strtok.obj</file>
         <name>csp_strtok.obj</name>
      </input_file>
      <input_file id="fl-21">
         <path>.\libcsp\src\drivers\can\</path>
         <kind>object</kind>
         <file>can.obj</file>
         <name>can.obj</name>
      </input_file>
      <input_file id="fl-22">
         <path>.\libcsp\src\drivers\usart\</path>
         <kind>object</kind>
         <file>usart_kiss.obj</file>
         <name>usart_kiss.obj</name>
      </input_file>
      <input_file id="fl-23">
         <path>.\libcsp\src\drivers\usart\</path>
         <kind>object</kind>
         <file>usart_m3.obj</file>
         <name>usart_m3.obj</name>
      </input_file>
      <input_file id="fl-24">
         <path>.\libcsp\src\interfaces\</path>
         <kind>object</kind>
         <file>csp_if_can.obj</file>
         <name>csp_if_can.obj</name>
      </input_file>
      <input_file id="fl-25">
         <path>.\libcsp\src\interfaces\</path>
         <kind>object</kind>
         <file>csp_if_can_pbuf.obj</file>
         <name>csp_if_can_pbuf.obj</name>
      </input_file>
      <input_file id="fl-26">
         <path>.\libcsp\src\interfaces\</path>
         <kind>object</kind>
         <file>csp_if_i2c.obj</file>
         <name>csp_if_i2c.obj</name>
      </input_file>
      <input_file id="fl-27">
         <path>.\libcsp\src\interfaces\</path>
         <kind>object</kind>
         <file>csp_if_kiss.obj</file>
         <name>csp_if_kiss.obj</name>
      </input_file>
      <input_file id="fl-28">
         <path>.\libcsp\src\interfaces\</path>
         <kind>object</kind>
         <file>csp_if_lo.obj</file>
         <name>csp_if_lo.obj</name>
      </input_file>
      <input_file id="fl-29">
         <path>.\libcsp\src\rtable\</path>
         <kind>object</kind>
         <file>csp_rtable.obj</file>
         <name>csp_rtable.obj</name>
      </input_file>
      <input_file id="fl-2a">
         <path>.\libcsp\src\rtable\</path>
         <kind>object</kind>
         <file>csp_rtable_static.obj</file>
         <name>csp_rtable_static.obj</name>
      </input_file>
      <input_file id="fl-2b">
         <path>.\libcsp\src\transport\</path>
         <kind>object</kind>
         <file>csp_rdp.obj</file>
         <name>csp_rdp.obj</name>
      </input_file>
      <input_file id="fl-2c">
         <path>.\libcsp\src\transport\</path>
         <kind>object</kind>
         <file>csp_udp.obj</file>
         <name>csp_udp.obj</name>
      </input_file>
      <input_file id="fl-2d">
         <path>.\source\</path>
         <kind>object</kind>
         <file>HL_adc.obj</file>
         <name>HL_adc.obj</name>
      </input_file>
      <input_file id="fl-2e">
         <path>.\source\</path>
         <kind>object</kind>
         <file>HL_can.obj</file>
         <name>HL_can.obj</name>
      </input_file>
      <input_file id="fl-2f">
         <path>.\source\</path>
         <kind>object</kind>
         <file>HL_crc.obj</file>
         <name>HL_crc.obj</name>
      </input_file>
      <input_file id="fl-30">
         <path>.\source\</path>
         <kind>object</kind>
         <file>HL_dcc.obj</file>
         <name>HL_dcc.obj</name>
      </input_file>
      <input_file id="fl-31">
         <path>.\source\</path>
         <kind>object</kind>
         <file>HL_ecap.obj</file>
         <name>HL_ecap.obj</name>
      </input_file>
      <input_file id="fl-32">
         <path>.\source\</path>
         <kind>object</kind>
         <file>HL_emac.obj</file>
         <name>HL_emac.obj</name>
      </input_file>
      <input_file id="fl-33">
         <path>.\source\</path>
         <kind>object</kind>
         <file>HL_emif.obj</file>
         <name>HL_emif.obj</name>
      </input_file>
      <input_file id="fl-34">
         <path>.\source\</path>
         <kind>object</kind>
         <file>HL_epc.obj</file>
         <name>HL_epc.obj</name>
      </input_file>
      <input_file id="fl-35">
         <path>.\source\</path>
         <kind>object</kind>
         <file>HL_eqep.obj</file>
         <name>HL_eqep.obj</name>
      </input_file>
      <input_file id="fl-36">
         <path>.\source\</path>
         <kind>object</kind>
         <file>HL_errata.obj</file>
         <name>HL_errata.obj</name>
      </input_file>
      <input_file id="fl-37">
         <path>.\source\</path>
         <kind>object</kind>
         <file>HL_errata_SSWF021_45.obj</file>
         <name>HL_errata_SSWF021_45.obj</name>
      </input_file>
      <input_file id="fl-38">
         <path>.\source\</path>
         <kind>object</kind>
         <file>HL_esm.obj</file>
         <name>HL_esm.obj</name>
      </input_file>
      <input_file id="fl-39">
         <path>.\source\</path>
         <kind>object</kind>
         <file>HL_etpwm.obj</file>
         <name>HL_etpwm.obj</name>
      </input_file>
      <input_file id="fl-3a">
         <path>.\source\</path>
         <kind>object</kind>
         <file>HL_gio.obj</file>
         <name>HL_gio.obj</name>
      </input_file>
      <input_file id="fl-3b">
         <path>.\source\</path>
         <kind>object</kind>
         <file>HL_het.obj</file>
         <name>HL_het.obj</name>
      </input_file>
      <input_file id="fl-3c">
         <path>.\source\</path>
         <kind>object</kind>
         <file>HL_i2c.obj</file>
         <name>HL_i2c.obj</name>
      </input_file>
      <input_file id="fl-3d">
         <path>.\source\</path>
         <kind>object</kind>
         <file>HL_mdio.obj</file>
         <name>HL_mdio.obj</name>
      </input_file>
      <input_file id="fl-3e">
         <path>.\source\</path>
         <kind>object</kind>
         <file>HL_mibspi.obj</file>
         <name>HL_mibspi.obj</name>
      </input_file>
      <input_file id="fl-3f">
         <path>.\source\</path>
         <kind>object</kind>
         <file>HL_nmpu.obj</file>
         <name>HL_nmpu.obj</name>
      </input_file>
      <input_file id="fl-40">
         <path>.\source\</path>
         <kind>object</kind>
         <file>HL_notification.obj</file>
         <name>HL_notification.obj</name>
      </input_file>
      <input_file id="fl-41">
         <path>.\source\</path>
         <kind>object</kind>
         <file>HL_phy_dp83640.obj</file>
         <name>HL_phy_dp83640.obj</name>
      </input_file>
      <input_file id="fl-42">
         <path>.\source\</path>
         <kind>object</kind>
         <file>HL_phy_tlk111.obj</file>
         <name>HL_phy_tlk111.obj</name>
      </input_file>
      <input_file id="fl-43">
         <path>.\source\</path>
         <kind>object</kind>
         <file>HL_pinmux.obj</file>
         <name>HL_pinmux.obj</name>
      </input_file>
      <input_file id="fl-44">
         <path>.\source\</path>
         <kind>object</kind>
         <file>HL_pom.obj</file>
         <name>HL_pom.obj</name>
      </input_file>
      <input_file id="fl-45">
         <path>.\source\</path>
         <kind>object</kind>
         <file>HL_sci.obj</file>
         <name>HL_sci.obj</name>
      </input_file>
      <input_file id="fl-46">
         <path>.\source\</path>
         <kind>object</kind>
         <file>HL_sys_core.obj</file>
         <name>HL_sys_core.obj</name>
      </input_file>
      <input_file id="fl-47">
         <path>.\source\</path>
         <kind>object</kind>
         <file>HL_sys_dma.obj</file>
         <name>HL_sys_dma.obj</name>
      </input_file>
      <input_file id="fl-48">
         <path>.\source\</path>
         <kind>object</kind>
         <file>HL_sys_intvecs.obj</file>
         <name>HL_sys_intvecs.obj</name>
      </input_file>
      <input_file id="fl-49">
         <path>.\source\</path>
         <kind>object</kind>
         <file>HL_sys_main.obj</file>
         <name>HL_sys_main.obj</name>
      </input_file>
      <input_file id="fl-4a">
         <path>.\source\</path>
         <kind>object</kind>
         <file>HL_sys_mpu.obj</file>
         <name>HL_sys_mpu.obj</name>
      </input_file>
      <input_file id="fl-4b">
         <path>.\source\</path>
         <kind>object</kind>
         <file>HL_sys_pcr.obj</file>
         <name>HL_sys_pcr.obj</name>
      </input_file>
      <input_file id="fl-4c">
         <path>.\source\</path>
         <kind>object</kind>
         <file>HL_sys_phantom.obj</file>
         <name>HL_sys_phantom.obj</name>
      </input_file>
      <input_file id="fl-4d">
         <path>.\source\</path>
         <kind>object</kind>
         <file>HL_sys_pmm.obj</file>
         <name>HL_sys_pmm.obj</name>
      </input_file>
      <input_file id="fl-4e">
         <path>.\source\</path>
         <kind>object</kind>
         <file>HL_sys_pmu.obj</file>
         <name>HL_sys_pmu.obj</name>
      </input_file>
      <input_file id="fl-4f">
         <path>.\source\</path>
         <kind>object</kind>
         <file>HL_sys_startup.obj</file>
         <name>HL_sys_startup.obj</name>
      </input_file>
      <input_file id="fl-50">
         <path>.\source\</path>
         <kind>object</kind>
         <file>HL_sys_vim.obj</file>
         <name>HL_sys_vim.obj</name>
      </input_file>
      <input_file id="fl-51">
         <path>.\source\</path>
         <kind>object</kind>
         <file>HL_system.obj</file>
         <name>HL_system.obj</name>
      </input_file>
      <input_file id="fl-52">
         <path>.\source\</path>
         <kind>object</kind>
         <file>os_croutine.obj</file>
         <name>os_croutine.obj</name>
      </input_file>
      <input_file id="fl-53">
         <path>.\source\</path>
         <kind>object</kind>
         <file>os_event_groups.obj</file>
         <name>os_event_groups.obj</name>
      </input_file>
      <input_file id="fl-54">
         <path>.\source\</path>
         <kind>object</kind>
         <file>os_heap.obj</file>
         <name>os_heap.obj</name>
      </input_file>
      <input_file id="fl-55">
         <path>.\source\</path>
         <kind>object</kind>
         <file>os_list.obj</file>
         <name>os_list.obj</name>
      </input_file>
      <input_file id="fl-56">
         <path>.\source\</path>
         <kind>object</kind>
         <file>os_mpu_wrappers.obj</file>
         <name>os_mpu_wrappers.obj</name>
      </input_file>
      <input_file id="fl-57">
         <path>.\source\</path>
         <kind>object</kind>
         <file>os_port.obj</file>
         <name>os_port.obj</name>
      </input_file>
      <input_file id="fl-58">
         <path>.\source\</path>
         <kind>object</kind>
         <file>os_portasm.obj</file>
         <name>os_portasm.obj</name>
      </input_file>
      <input_file id="fl-59">
         <path>.\source\</path>
         <kind>object</kind>
         <file>os_queue.obj</file>
         <name>os_queue.obj</name>
      </input_file>
      <input_file id="fl-5a">
         <path>.\source\</path>
         <kind>object</kind>
         <file>os_tasks.obj</file>
         <name>os_tasks.obj</name>
      </input_file>
      <input_file id="fl-5b">
         <path>.\source\</path>
         <kind>object</kind>
         <file>os_timer.obj</file>
         <name>os_timer.obj</name>
      </input_file>
      <input_file id="fl-5f">
         <kind>object</kind>
         <file>&lt;internal&gt;</file>
         <name>&lt;internal&gt;</name>
      </input_file>
      <input_file id="fl-115">
         <path>C:\ti\ccs1000\ccs\tools\compiler\ti-cgt-arm_20.2.0.LTS\lib\</path>
         <kind>archive</kind>
         <file>rtsv7R4_A_be_v3D16_eabi.lib</file>
         <name>printf.c.obj</name>
      </input_file>
      <input_file id="fl-116">
         <path>C:\ti\ccs1000\ccs\tools\compiler\ti-cgt-arm_20.2.0.LTS\lib\</path>
         <kind>archive</kind>
         <file>rtsv7R4_A_be_v3D16_eabi.lib</file>
         <name>fprintf.c.obj</name>
      </input_file>
      <input_file id="fl-117">
         <path>C:\ti\ccs1000\ccs\tools\compiler\ti-cgt-arm_20.2.0.LTS\lib\</path>
         <kind>archive</kind>
         <file>rtsv7R4_A_be_v3D16_eabi.lib</file>
         <name>_printfi.c.obj</name>
      </input_file>
      <input_file id="fl-118">
         <path>C:\ti\ccs1000\ccs\tools\compiler\ti-cgt-arm_20.2.0.LTS\lib\</path>
         <kind>archive</kind>
         <file>rtsv7R4_A_be_v3D16_eabi.lib</file>
         <name>snprintf.c.obj</name>
      </input_file>
      <input_file id="fl-119">
         <path>C:\ti\ccs1000\ccs\tools\compiler\ti-cgt-arm_20.2.0.LTS\lib\</path>
         <kind>archive</kind>
         <file>rtsv7R4_A_be_v3D16_eabi.lib</file>
         <name>sprintf.c.obj</name>
      </input_file>
      <input_file id="fl-11a">
         <path>C:\ti\ccs1000\ccs\tools\compiler\ti-cgt-arm_20.2.0.LTS\lib\</path>
         <kind>archive</kind>
         <file>rtsv7R4_A_be_v3D16_eabi.lib</file>
         <name>sscanf.c.obj</name>
      </input_file>
      <input_file id="fl-11b">
         <path>C:\ti\ccs1000\ccs\tools\compiler\ti-cgt-arm_20.2.0.LTS\lib\</path>
         <kind>archive</kind>
         <file>rtsv7R4_A_be_v3D16_eabi.lib</file>
         <name>fflush.c.obj</name>
      </input_file>
      <input_file id="fl-11c">
         <path>C:\ti\ccs1000\ccs\tools\compiler\ti-cgt-arm_20.2.0.LTS\lib\</path>
         <kind>archive</kind>
         <file>rtsv7R4_A_be_v3D16_eabi.lib</file>
         <name>fputc.c.obj</name>
      </input_file>
      <input_file id="fl-11d">
         <path>C:\ti\ccs1000\ccs\tools\compiler\ti-cgt-arm_20.2.0.LTS\lib\</path>
         <kind>archive</kind>
         <file>rtsv7R4_A_be_v3D16_eabi.lib</file>
         <name>fputs.c.obj</name>
      </input_file>
      <input_file id="fl-11e">
         <path>C:\ti\ccs1000\ccs\tools\compiler\ti-cgt-arm_20.2.0.LTS\lib\</path>
         <kind>archive</kind>
         <file>rtsv7R4_A_be_v3D16_eabi.lib</file>
         <name>_io_perm.c.obj</name>
      </input_file>
      <input_file id="fl-11f">
         <path>C:\ti\ccs1000\ccs\tools\compiler\ti-cgt-arm_20.2.0.LTS\lib\</path>
         <kind>archive</kind>
         <file>rtsv7R4_A_be_v3D16_eabi.lib</file>
         <name>setvbuf.c.obj</name>
      </input_file>
      <input_file id="fl-120">
         <path>C:\ti\ccs1000\ccs\tools\compiler\ti-cgt-arm_20.2.0.LTS\lib\</path>
         <kind>archive</kind>
         <file>rtsv7R4_A_be_v3D16_eabi.lib</file>
         <name>s_floor.c.obj</name>
      </input_file>
      <input_file id="fl-121">
         <path>C:\ti\ccs1000\ccs\tools\compiler\ti-cgt-arm_20.2.0.LTS\lib\</path>
         <kind>archive</kind>
         <file>rtsv7R4_A_be_v3D16_eabi.lib</file>
         <name>s_frexp.c.obj</name>
      </input_file>
      <input_file id="fl-122">
         <path>C:\ti\ccs1000\ccs\tools\compiler\ti-cgt-arm_20.2.0.LTS\lib\</path>
         <kind>archive</kind>
         <file>rtsv7R4_A_be_v3D16_eabi.lib</file>
         <name>s_scalbn.c.obj</name>
      </input_file>
      <input_file id="fl-123">
         <path>C:\ti\ccs1000\ccs\tools\compiler\ti-cgt-arm_20.2.0.LTS\lib\</path>
         <kind>archive</kind>
         <file>rtsv7R4_A_be_v3D16_eabi.lib</file>
         <name>s_copysign.c.obj</name>
      </input_file>
      <input_file id="fl-124">
         <path>C:\ti\ccs1000\ccs\tools\compiler\ti-cgt-arm_20.2.0.LTS\lib\</path>
         <kind>archive</kind>
         <file>rtsv7R4_A_be_v3D16_eabi.lib</file>
         <name>vla_alloc.c.obj</name>
      </input_file>
      <input_file id="fl-125">
         <path>C:\ti\ccs1000\ccs\tools\compiler\ti-cgt-arm_20.2.0.LTS\lib\</path>
         <kind>archive</kind>
         <file>rtsv7R4_A_be_v3D16_eabi.lib</file>
         <name>wcslen.c.obj</name>
      </input_file>
      <input_file id="fl-126">
         <path>C:\ti\ccs1000\ccs\tools\compiler\ti-cgt-arm_20.2.0.LTS\lib\</path>
         <kind>archive</kind>
         <file>rtsv7R4_A_be_v3D16_eabi.lib</file>
         <name>memset32.asm.obj</name>
      </input_file>
      <input_file id="fl-127">
         <path>C:\ti\ccs1000\ccs\tools\compiler\ti-cgt-arm_20.2.0.LTS\lib\</path>
         <kind>archive</kind>
         <file>rtsv7R4_A_be_v3D16_eabi.lib</file>
         <name>i_div32.asm.obj</name>
      </input_file>
      <input_file id="fl-128">
         <path>C:\ti\ccs1000\ccs\tools\compiler\ti-cgt-arm_20.2.0.LTS\lib\</path>
         <kind>archive</kind>
         <file>rtsv7R4_A_be_v3D16_eabi.lib</file>
         <name>u_div32.asm.obj</name>
      </input_file>
      <input_file id="fl-129">
         <path>C:\ti\ccs1000\ccs\tools\compiler\ti-cgt-arm_20.2.0.LTS\lib\</path>
         <kind>archive</kind>
         <file>rtsv7R4_A_be_v3D16_eabi.lib</file>
         <name>memcpy32.asm.obj</name>
      </input_file>
      <input_file id="fl-12a">
         <path>C:\ti\ccs1000\ccs\tools\compiler\ti-cgt-arm_20.2.0.LTS\lib\</path>
         <kind>archive</kind>
         <file>rtsv7R4_A_be_v3D16_eabi.lib</file>
         <name>ull_div32.asm.obj</name>
      </input_file>
      <input_file id="fl-12b">
         <path>C:\ti\ccs1000\ccs\tools\compiler\ti-cgt-arm_20.2.0.LTS\lib\</path>
         <kind>archive</kind>
         <file>rtsv7R4_A_be_v3D16_eabi.lib</file>
         <name>autoinit.c.obj</name>
      </input_file>
      <input_file id="fl-12c">
         <path>C:\ti\ccs1000\ccs\tools\compiler\ti-cgt-arm_20.2.0.LTS\lib\</path>
         <kind>archive</kind>
         <file>rtsv7R4_A_be_v3D16_eabi.lib</file>
         <name>cpy_tbl.c.obj</name>
      </input_file>
      <input_file id="fl-12d">
         <path>C:\ti\ccs1000\ccs\tools\compiler\ti-cgt-arm_20.2.0.LTS\lib\</path>
         <kind>archive</kind>
         <file>rtsv7R4_A_be_v3D16_eabi.lib</file>
         <name>copy_zero_init.c.obj</name>
      </input_file>
      <input_file id="fl-12e">
         <path>C:\ti\ccs1000\ccs\tools\compiler\ti-cgt-arm_20.2.0.LTS\lib\</path>
         <kind>archive</kind>
         <file>rtsv7R4_A_be_v3D16_eabi.lib</file>
         <name>copy_decompress_none.c.obj</name>
      </input_file>
      <input_file id="fl-12f">
         <path>C:\ti\ccs1000\ccs\tools\compiler\ti-cgt-arm_20.2.0.LTS\lib\</path>
         <kind>archive</kind>
         <file>rtsv7R4_A_be_v3D16_eabi.lib</file>
         <name>copy_decompress_lzss.c.obj</name>
      </input_file>
      <input_file id="fl-130">
         <path>C:\ti\ccs1000\ccs\tools\compiler\ti-cgt-arm_20.2.0.LTS\lib\</path>
         <kind>archive</kind>
         <file>rtsv7R4_A_be_v3D16_eabi.lib</file>
         <name>exit.c.obj</name>
      </input_file>
      <input_file id="fl-131">
         <path>C:\ti\ccs1000\ccs\tools\compiler\ti-cgt-arm_20.2.0.LTS\lib\</path>
         <kind>archive</kind>
         <file>rtsv7R4_A_be_v3D16_eabi.lib</file>
         <name>_lock.c.obj</name>
      </input_file>
      <input_file id="fl-132">
         <path>C:\ti\ccs1000\ccs\tools\compiler\ti-cgt-arm_20.2.0.LTS\lib\</path>
         <kind>archive</kind>
         <file>rtsv7R4_A_be_v3D16_eabi.lib</file>
         <name>_ltoa.c.obj</name>
      </input_file>
      <input_file id="fl-133">
         <path>C:\ti\ccs1000\ccs\tools\compiler\ti-cgt-arm_20.2.0.LTS\lib\</path>
         <kind>archive</kind>
         <file>rtsv7R4_A_be_v3D16_eabi.lib</file>
         <name>atoi.c.obj</name>
      </input_file>
      <input_file id="fl-134">
         <path>C:\ti\ccs1000\ccs\tools\compiler\ti-cgt-arm_20.2.0.LTS\lib\</path>
         <kind>archive</kind>
         <file>rtsv7R4_A_be_v3D16_eabi.lib</file>
         <name>ctype.c.obj</name>
      </input_file>
      <input_file id="fl-135">
         <path>C:\ti\ccs1000\ccs\tools\compiler\ti-cgt-arm_20.2.0.LTS\lib\</path>
         <kind>archive</kind>
         <file>rtsv7R4_A_be_v3D16_eabi.lib</file>
         <name>defs.c.obj</name>
      </input_file>
      <input_file id="fl-136">
         <path>C:\ti\ccs1000\ccs\tools\compiler\ti-cgt-arm_20.2.0.LTS\lib\</path>
         <kind>archive</kind>
         <file>rtsv7R4_A_be_v3D16_eabi.lib</file>
         <name>memccpy.c.obj</name>
      </input_file>
      <input_file id="fl-137">
         <path>C:\ti\ccs1000\ccs\tools\compiler\ti-cgt-arm_20.2.0.LTS\lib\</path>
         <kind>archive</kind>
         <file>rtsv7R4_A_be_v3D16_eabi.lib</file>
         <name>memchr.c.obj</name>
      </input_file>
      <input_file id="fl-138">
         <path>C:\ti\ccs1000\ccs\tools\compiler\ti-cgt-arm_20.2.0.LTS\lib\</path>
         <kind>archive</kind>
         <file>rtsv7R4_A_be_v3D16_eabi.lib</file>
         <name>memcmp.c.obj</name>
      </input_file>
      <input_file id="fl-139">
         <path>C:\ti\ccs1000\ccs\tools\compiler\ti-cgt-arm_20.2.0.LTS\lib\</path>
         <kind>archive</kind>
         <file>rtsv7R4_A_be_v3D16_eabi.lib</file>
         <name>memory.c.obj</name>
      </input_file>
      <input_file id="fl-13a">
         <path>C:\ti\ccs1000\ccs\tools\compiler\ti-cgt-arm_20.2.0.LTS\lib\</path>
         <kind>archive</kind>
         <file>rtsv7R4_A_be_v3D16_eabi.lib</file>
         <name>rand.c.obj</name>
      </input_file>
      <input_file id="fl-13b">
         <path>C:\ti\ccs1000\ccs\tools\compiler\ti-cgt-arm_20.2.0.LTS\lib\</path>
         <kind>archive</kind>
         <file>rtsv7R4_A_be_v3D16_eabi.lib</file>
         <name>strcasecmp.c.obj</name>
      </input_file>
      <input_file id="fl-13c">
         <path>C:\ti\ccs1000\ccs\tools\compiler\ti-cgt-arm_20.2.0.LTS\lib\</path>
         <kind>archive</kind>
         <file>rtsv7R4_A_be_v3D16_eabi.lib</file>
         <name>strchr.c.obj</name>
      </input_file>
      <input_file id="fl-13d">
         <path>C:\ti\ccs1000\ccs\tools\compiler\ti-cgt-arm_20.2.0.LTS\lib\</path>
         <kind>archive</kind>
         <file>rtsv7R4_A_be_v3D16_eabi.lib</file>
         <name>strcpy.c.obj</name>
      </input_file>
      <input_file id="fl-13e">
         <path>C:\ti\ccs1000\ccs\tools\compiler\ti-cgt-arm_20.2.0.LTS\lib\</path>
         <kind>archive</kind>
         <file>rtsv7R4_A_be_v3D16_eabi.lib</file>
         <name>strcspn.c.obj</name>
      </input_file>
      <input_file id="fl-13f">
         <path>C:\ti\ccs1000\ccs\tools\compiler\ti-cgt-arm_20.2.0.LTS\lib\</path>
         <kind>archive</kind>
         <file>rtsv7R4_A_be_v3D16_eabi.lib</file>
         <name>strlen.c.obj</name>
      </input_file>
      <input_file id="fl-140">
         <path>C:\ti\ccs1000\ccs\tools\compiler\ti-cgt-arm_20.2.0.LTS\lib\</path>
         <kind>archive</kind>
         <file>rtsv7R4_A_be_v3D16_eabi.lib</file>
         <name>strncasecmp.c.obj</name>
      </input_file>
      <input_file id="fl-141">
         <path>C:\ti\ccs1000\ccs\tools\compiler\ti-cgt-arm_20.2.0.LTS\lib\</path>
         <kind>archive</kind>
         <file>rtsv7R4_A_be_v3D16_eabi.lib</file>
         <name>strncat.c.obj</name>
      </input_file>
      <input_file id="fl-142">
         <path>C:\ti\ccs1000\ccs\tools\compiler\ti-cgt-arm_20.2.0.LTS\lib\</path>
         <kind>archive</kind>
         <file>rtsv7R4_A_be_v3D16_eabi.lib</file>
         <name>strncpy.c.obj</name>
      </input_file>
      <input_file id="fl-143">
         <path>C:\ti\ccs1000\ccs\tools\compiler\ti-cgt-arm_20.2.0.LTS\lib\</path>
         <kind>archive</kind>
         <file>rtsv7R4_A_be_v3D16_eabi.lib</file>
         <name>strspn.c.obj</name>
      </input_file>
      <input_file id="fl-144">
         <path>C:\ti\ccs1000\ccs\tools\compiler\ti-cgt-arm_20.2.0.LTS\lib\</path>
         <kind>archive</kind>
         <file>rtsv7R4_A_be_v3D16_eabi.lib</file>
         <name>write.c.obj</name>
      </input_file>
      <input_file id="fl-145">
         <path>C:\ti\ccs1000\ccs\tools\compiler\ti-cgt-arm_20.2.0.LTS\lib\</path>
         <kind>archive</kind>
         <file>rtsv7R4_A_be_v3D16_eabi.lib</file>
         <name>host_device.c.obj</name>
      </input_file>
      <input_file id="fl-146">
         <path>C:\ti\ccs1000\ccs\tools\compiler\ti-cgt-arm_20.2.0.LTS\lib\</path>
         <kind>archive</kind>
         <file>rtsv7R4_A_be_v3D16_eabi.lib</file>
         <name>errno.c.obj</name>
      </input_file>
      <input_file id="fl-147">
         <path>C:\ti\ccs1000\ccs\tools\compiler\ti-cgt-arm_20.2.0.LTS\lib\</path>
         <kind>archive</kind>
         <file>rtsv7R4_A_be_v3D16_eabi.lib</file>
         <name>_scanfi.c.obj</name>
      </input_file>
      <input_file id="fl-148">
         <path>C:\ti\ccs1000\ccs\tools\compiler\ti-cgt-arm_20.2.0.LTS\lib\</path>
         <kind>archive</kind>
         <file>rtsv7R4_A_be_v3D16_eabi.lib</file>
         <name>fopen.c.obj</name>
      </input_file>
      <input_file id="fl-149">
         <path>C:\ti\ccs1000\ccs\tools\compiler\ti-cgt-arm_20.2.0.LTS\lib\</path>
         <kind>archive</kind>
         <file>rtsv7R4_A_be_v3D16_eabi.lib</file>
         <name>fseek.c.obj</name>
      </input_file>
      <input_file id="fl-14a">
         <path>C:\ti\ccs1000\ccs\tools\compiler\ti-cgt-arm_20.2.0.LTS\lib\</path>
         <kind>archive</kind>
         <file>rtsv7R4_A_be_v3D16_eabi.lib</file>
         <name>error.c.obj</name>
      </input_file>
      <input_file id="fl-14b">
         <path>C:\ti\ccs1000\ccs\tools\compiler\ti-cgt-arm_20.2.0.LTS\lib\</path>
         <kind>archive</kind>
         <file>rtsv7R4_A_be_v3D16_eabi.lib</file>
         <name>div0.asm.obj</name>
      </input_file>
      <input_file id="fl-14c">
         <path>C:\ti\ccs1000\ccs\tools\compiler\ti-cgt-arm_20.2.0.LTS\lib\</path>
         <kind>archive</kind>
         <file>rtsv7R4_A_be_v3D16_eabi.lib</file>
         <name>strrchr.c.obj</name>
      </input_file>
      <input_file id="fl-14d">
         <path>C:\ti\ccs1000\ccs\tools\compiler\ti-cgt-arm_20.2.0.LTS\lib\</path>
         <kind>archive</kind>
         <file>rtsv7R4_A_be_v3D16_eabi.lib</file>
         <name>strtod.c.obj</name>
      </input_file>
      <input_file id="fl-14e">
         <path>C:\ti\ccs1000\ccs\tools\compiler\ti-cgt-arm_20.2.0.LTS\lib\</path>
         <kind>archive</kind>
         <file>rtsv7R4_A_be_v3D16_eabi.lib</file>
         <name>strtol.c.obj</name>
      </input_file>
      <input_file id="fl-14f">
         <path>C:\ti\ccs1000\ccs\tools\compiler\ti-cgt-arm_20.2.0.LTS\lib\</path>
         <kind>archive</kind>
         <file>rtsv7R4_A_be_v3D16_eabi.lib</file>
         <name>strtoll.c.obj</name>
      </input_file>
      <input_file id="fl-150">
         <path>C:\ti\ccs1000\ccs\tools\compiler\ti-cgt-arm_20.2.0.LTS\lib\</path>
         <kind>archive</kind>
         <file>rtsv7R4_A_be_v3D16_eabi.lib</file>
         <name>strtoul.c.obj</name>
      </input_file>
      <input_file id="fl-151">
         <path>C:\ti\ccs1000\ccs\tools\compiler\ti-cgt-arm_20.2.0.LTS\lib\</path>
         <kind>archive</kind>
         <file>rtsv7R4_A_be_v3D16_eabi.lib</file>
         <name>strtoull.c.obj</name>
      </input_file>
      <input_file id="fl-152">
         <path>C:\ti\ccs1000\ccs\tools\compiler\ti-cgt-arm_20.2.0.LTS\lib\</path>
         <kind>archive</kind>
         <file>rtsv7R4_A_be_v3D16_eabi.lib</file>
         <name>hostclose.c.obj</name>
      </input_file>
      <input_file id="fl-153">
         <path>C:\ti\ccs1000\ccs\tools\compiler\ti-cgt-arm_20.2.0.LTS\lib\</path>
         <kind>archive</kind>
         <file>rtsv7R4_A_be_v3D16_eabi.lib</file>
         <name>hostlseek.c.obj</name>
      </input_file>
      <input_file id="fl-154">
         <path>C:\ti\ccs1000\ccs\tools\compiler\ti-cgt-arm_20.2.0.LTS\lib\</path>
         <kind>archive</kind>
         <file>rtsv7R4_A_be_v3D16_eabi.lib</file>
         <name>hostopen.c.obj</name>
      </input_file>
      <input_file id="fl-155">
         <path>C:\ti\ccs1000\ccs\tools\compiler\ti-cgt-arm_20.2.0.LTS\lib\</path>
         <kind>archive</kind>
         <file>rtsv7R4_A_be_v3D16_eabi.lib</file>
         <name>hostread.c.obj</name>
      </input_file>
      <input_file id="fl-156">
         <path>C:\ti\ccs1000\ccs\tools\compiler\ti-cgt-arm_20.2.0.LTS\lib\</path>
         <kind>archive</kind>
         <file>rtsv7R4_A_be_v3D16_eabi.lib</file>
         <name>hostrename.c.obj</name>
      </input_file>
      <input_file id="fl-157">
         <path>C:\ti\ccs1000\ccs\tools\compiler\ti-cgt-arm_20.2.0.LTS\lib\</path>
         <kind>archive</kind>
         <file>rtsv7R4_A_be_v3D16_eabi.lib</file>
         <name>hostunlink.c.obj</name>
      </input_file>
      <input_file id="fl-158">
         <path>C:\ti\ccs1000\ccs\tools\compiler\ti-cgt-arm_20.2.0.LTS\lib\</path>
         <kind>archive</kind>
         <file>rtsv7R4_A_be_v3D16_eabi.lib</file>
         <name>hostwrite.c.obj</name>
      </input_file>
      <input_file id="fl-159">
         <path>C:\ti\ccs1000\ccs\tools\compiler\ti-cgt-arm_20.2.0.LTS\lib\</path>
         <kind>archive</kind>
         <file>rtsv7R4_A_be_v3D16_eabi.lib</file>
         <name>trgmsg.c.obj</name>
      </input_file>
      <input_file id="fl-15a">
         <path>C:\ti\ccs1000\ccs\tools\compiler\ti-cgt-arm_20.2.0.LTS\lib\</path>
         <kind>archive</kind>
         <file>rtsv7R4_A_be_v3D16_eabi.lib</file>
         <name>open.c.obj</name>
      </input_file>
      <input_file id="fl-15b">
         <path>C:\ti\ccs1000\ccs\tools\compiler\ti-cgt-arm_20.2.0.LTS\lib\</path>
         <kind>archive</kind>
         <file>rtsv7R4_A_be_v3D16_eabi.lib</file>
         <name>lseek.c.obj</name>
      </input_file>
      <input_file id="fl-15c">
         <path>C:\ti\ccs1000\ccs\tools\compiler\ti-cgt-arm_20.2.0.LTS\lib\</path>
         <kind>archive</kind>
         <file>rtsv7R4_A_be_v3D16_eabi.lib</file>
         <name>fclose.c.obj</name>
      </input_file>
      <input_file id="fl-15d">
         <path>C:\ti\ccs1000\ccs\tools\compiler\ti-cgt-arm_20.2.0.LTS\lib\</path>
         <kind>archive</kind>
         <file>rtsv7R4_A_be_v3D16_eabi.lib</file>
         <name>getdevice.c.obj</name>
      </input_file>
      <input_file id="fl-15e">
         <path>C:\ti\ccs1000\ccs\tools\compiler\ti-cgt-arm_20.2.0.LTS\lib\</path>
         <kind>archive</kind>
         <file>rtsv7R4_A_be_v3D16_eabi.lib</file>
         <name>strcmp.c.obj</name>
      </input_file>
      <input_file id="fl-15f">
         <path>C:\ti\ccs1000\ccs\tools\compiler\ti-cgt-arm_20.2.0.LTS\lib\</path>
         <kind>archive</kind>
         <file>rtsv7R4_A_be_v3D16_eabi.lib</file>
         <name>remove.c.obj</name>
      </input_file>
      <input_file id="fl-160">
         <path>C:\ti\ccs1000\ccs\tools\compiler\ti-cgt-arm_20.2.0.LTS\lib\</path>
         <kind>archive</kind>
         <file>rtsv7R4_A_be_v3D16_eabi.lib</file>
         <name>close.c.obj</name>
      </input_file>
      <input_file id="fl-161">
         <path>C:\ti\ccs1000\ccs\tools\compiler\ti-cgt-arm_20.2.0.LTS\lib\</path>
         <kind>archive</kind>
         <file>rtsv7R4_A_be_v3D16_eabi.lib</file>
         <name>unlink.c.obj</name>
      </input_file>
   </input_file_list>
   <object_component_list>
      <object_component id="oc-39">
         <name>.intvecs</name>
         <load_address>0x0</load_address>
         <run_address>0x0</run_address>
         <size>0x20</size>
         <input_file_ref idref="fl-48"/>
      </object_component>
      <object_component id="oc-1ac">
         <name>.kernelTEXT</name>
         <load_address>0x20</load_address>
         <run_address>0x20</run_address>
         <size>0x35a0</size>
         <input_file_ref idref="fl-5a"/>
      </object_component>
      <object_component id="oc-235">
         <name>.kernelTEXT</name>
         <load_address>0x35c0</load_address>
         <run_address>0x35c0</run_address>
         <size>0x13c4</size>
         <input_file_ref idref="fl-59"/>
      </object_component>
      <object_component id="oc-421">
         <name>.kernelTEXT</name>
         <load_address>0x4984</load_address>
         <run_address>0x4984</run_address>
         <size>0x858</size>
         <input_file_ref idref="fl-53"/>
      </object_component>
      <object_component id="oc-b8">
         <name>.kernelTEXT</name>
         <load_address>0x51dc</load_address>
         <run_address>0x51dc</run_address>
         <size>0x4b0</size>
         <input_file_ref idref="fl-58"/>
      </object_component>
      <object_component id="oc-448">
         <name>.kernelTEXT</name>
         <load_address>0x568c</load_address>
         <run_address>0x568c</run_address>
         <size>0x3dc</size>
         <input_file_ref idref="fl-57"/>
      </object_component>
      <object_component id="oc-1e9">
         <name>.kernelTEXT</name>
         <load_address>0x5a68</load_address>
         <run_address>0x5a68</run_address>
         <size>0x37c</size>
         <input_file_ref idref="fl-54"/>
      </object_component>
      <object_component id="oc-a95">
         <name>.cinit..data.load</name>
         <load_address>0x6600</load_address>
         <run_address>0x6600</run_address>
         <size>0x98</size>
      </object_component>
      <object_component id="oc-a90">
         <name>__TI_handler_table</name>
         <load_address>0x6698</load_address>
         <run_address>0x6698</run_address>
         <size>0xc</size>
      </object_component>
      <object_component id="oc-a92">
         <name>.cinit..kernelBSS.load</name>
         <load_address>0x66a4</load_address>
         <run_address>0x66a4</run_address>
         <size>0x9</size>
      </object_component>
      <object_component id="oc-a94">
         <name>.cinit..bss.load</name>
         <load_address>0x66b0</load_address>
         <run_address>0x66b0</run_address>
         <size>0x8</size>
      </object_component>
      <object_component id="oc-a93">
         <name>.cinit..kernelHEAP.load</name>
         <load_address>0x66b8</load_address>
         <run_address>0x66b8</run_address>
         <size>0x8</size>
      </object_component>
      <object_component id="oc-a91">
         <name>__TI_cinit_table</name>
         <load_address>0x66c0</load_address>
         <run_address>0x66c0</run_address>
         <size>0x20</size>
      </object_component>
      <object_component id="oc-30d">
         <name>.text</name>
         <load_address>0x8020</load_address>
         <run_address>0x8020</run_address>
         <size>0x35b4</size>
         <input_file_ref idref="fl-2b"/>
      </object_component>
      <object_component id="oc-1dd">
         <name>.text</name>
         <load_address>0xb5d4</load_address>
         <run_address>0xb5d4</run_address>
         <size>0x1284</size>
         <input_file_ref idref="fl-2e"/>
      </object_component>
      <object_component id="oc-6b4">
         <name>.text:__TI_scanfi</name>
         <load_address>0xc858</load_address>
         <run_address>0xc858</run_address>
         <size>0x11d4</size>
         <input_file_ref idref="fl-147"/>
      </object_component>
      <object_component id="oc-170">
         <name>.text</name>
         <load_address>0xda2c</load_address>
         <run_address>0xda2c</run_address>
         <size>0x1024</size>
         <input_file_ref idref="fl-10"/>
      </object_component>
      <object_component id="oc-23b">
         <name>.text</name>
         <load_address>0xea50</load_address>
         <run_address>0xea50</run_address>
         <size>0xff4</size>
         <input_file_ref idref="fl-45"/>
      </object_component>
      <object_component id="oc-3b2">
         <name>.text:__TI_printfi</name>
         <load_address>0xfa44</load_address>
         <run_address>0xfa44</run_address>
         <size>0xfac</size>
         <input_file_ref idref="fl-117"/>
      </object_component>
      <object_component id="oc-569">
         <name>.text</name>
         <load_address>0x109f0</load_address>
         <run_address>0x109f0</run_address>
         <size>0xdb8</size>
         <input_file_ref idref="fl-c"/>
      </object_component>
      <object_component id="oc-158">
         <name>.text</name>
         <load_address>0x117a8</load_address>
         <run_address>0x117a8</run_address>
         <size>0xc8c</size>
         <input_file_ref idref="fl-18"/>
      </object_component>
      <object_component id="oc-1a6">
         <name>.text</name>
         <load_address>0x12434</load_address>
         <run_address>0x12434</run_address>
         <size>0xadc</size>
         <input_file_ref idref="fl-56"/>
      </object_component>
      <object_component id="oc-fe">
         <name>.text</name>
         <load_address>0x12f10</load_address>
         <run_address>0x12f10</run_address>
         <size>0x9c0</size>
         <input_file_ref idref="fl-43"/>
      </object_component>
      <object_component id="oc-7b">
         <name>.text</name>
         <load_address>0x138d0</load_address>
         <run_address>0x138d0</run_address>
         <size>0x99c</size>
         <input_file_ref idref="fl-51"/>
      </object_component>
      <object_component id="oc-194">
         <name>.text</name>
         <load_address>0x1426c</load_address>
         <run_address>0x1426c</run_address>
         <size>0x984</size>
         <input_file_ref idref="fl-1c"/>
      </object_component>
      <object_component id="oc-49">
         <name>.text</name>
         <load_address>0x14bf0</load_address>
         <run_address>0x14bf0</run_address>
         <size>0x93c</size>
         <input_file_ref idref="fl-50"/>
      </object_component>
      <object_component id="oc-16a">
         <name>.text</name>
         <load_address>0x1552c</load_address>
         <run_address>0x1552c</run_address>
         <size>0x91c</size>
         <input_file_ref idref="fl-1d"/>
      </object_component>
      <object_component id="oc-17c">
         <name>.text</name>
         <load_address>0x15e48</load_address>
         <run_address>0x15e48</run_address>
         <size>0x850</size>
         <input_file_ref idref="fl-1e"/>
      </object_component>
      <object_component id="oc-93">
         <name>.text</name>
         <load_address>0x16698</load_address>
         <run_address>0x16698</run_address>
         <size>0x78c</size>
         <input_file_ref idref="fl-38"/>
      </object_component>
      <object_component id="oc-1a0">
         <name>.text</name>
         <load_address>0x16e24</load_address>
         <run_address>0x16e24</run_address>
         <size>0x76c</size>
         <input_file_ref idref="fl-29"/>
      </object_component>
      <object_component id="oc-1e3">
         <name>.text</name>
         <load_address>0x17590</load_address>
         <run_address>0x17590</run_address>
         <size>0x710</size>
         <input_file_ref idref="fl-24"/>
      </object_component>
      <object_component id="oc-81">
         <name>.text</name>
         <load_address>0x17ca0</load_address>
         <run_address>0x17ca0</run_address>
         <size>0x664</size>
         <input_file_ref idref="fl-37"/>
      </object_component>
      <object_component id="oc-164">
         <name>.text</name>
         <load_address>0x18304</load_address>
         <run_address>0x18304</run_address>
         <size>0x644</size>
         <input_file_ref idref="fl-f"/>
      </object_component>
      <object_component id="oc-9f">
         <name>.text</name>
         <load_address>0x18948</load_address>
         <run_address>0x18948</run_address>
         <size>0x634</size>
         <input_file_ref idref="fl-49"/>
      </object_component>
      <object_component id="oc-319">
         <name>.text</name>
         <load_address>0x18f7c</load_address>
         <run_address>0x18f7c</run_address>
         <size>0x624</size>
         <input_file_ref idref="fl-d"/>
      </object_component>
      <object_component id="oc-3e9">
         <name>.text</name>
         <load_address>0x195a0</load_address>
         <run_address>0x195a0</run_address>
         <size>0x61c</size>
         <input_file_ref idref="fl-27"/>
      </object_component>
      <object_component id="oc-8b3">
         <name>.text:strtod</name>
         <load_address>0x19bbc</load_address>
         <run_address>0x19bbc</run_address>
         <size>0x54c</size>
         <input_file_ref idref="fl-14d"/>
      </object_component>
      <object_component id="oc-313">
         <name>.text</name>
         <load_address>0x1a108</load_address>
         <run_address>0x1a108</run_address>
         <size>0x4cc</size>
         <input_file_ref idref="fl-b"/>
      </object_component>
      <object_component id="oc-76">
         <name>.text</name>
         <load_address>0x1a5d4</load_address>
         <run_address>0x1a5d4</run_address>
         <size>0x3c4</size>
         <input_file_ref idref="fl-46"/>
      </object_component>
      <object_component id="oc-33f">
         <name>.text</name>
         <load_address>0x1a998</load_address>
         <run_address>0x1a998</run_address>
         <size>0x37c</size>
         <input_file_ref idref="fl-16"/>
      </object_component>
      <object_component id="oc-99">
         <name>.text</name>
         <load_address>0x1ad14</load_address>
         <run_address>0x1ad14</run_address>
         <size>0x36c</size>
         <input_file_ref idref="fl-4a"/>
      </object_component>
      <object_component id="oc-3d2">
         <name>.text</name>
         <load_address>0x1b080</load_address>
         <run_address>0x1b080</run_address>
         <size>0x350</size>
         <input_file_ref idref="fl-1b"/>
      </object_component>
      <object_component id="oc-44">
         <name>.text:retain</name>
         <load_address>0x1b3d0</load_address>
         <run_address>0x1b3d0</run_address>
         <size>0x33c</size>
         <input_file_ref idref="fl-50"/>
      </object_component>
      <object_component id="oc-15e">
         <name>.text</name>
         <load_address>0x1b70c</load_address>
         <run_address>0x1b70c</run_address>
         <size>0x334</size>
         <input_file_ref idref="fl-19"/>
      </object_component>
      <object_component id="oc-104">
         <name>.text</name>
         <load_address>0x1ba40</load_address>
         <run_address>0x1ba40</run_address>
         <size>0x2dc</size>
         <input_file_ref idref="fl-33"/>
      </object_component>
      <object_component id="oc-625">
         <name>.text:_pconv_a</name>
         <load_address>0x1bd1c</load_address>
         <run_address>0x1bd1c</run_address>
         <size>0x2dc</size>
         <input_file_ref idref="fl-117"/>
      </object_component>
      <object_component id="oc-490">
         <name>.text</name>
         <load_address>0x1bff8</load_address>
         <run_address>0x1bff8</run_address>
         <size>0x2d8</size>
         <input_file_ref idref="fl-25"/>
      </object_component>
      <object_component id="oc-8bf">
         <name>.text:strtoll</name>
         <load_address>0x1c2d0</load_address>
         <run_address>0x1c2d0</run_address>
         <size>0x2c8</size>
         <input_file_ref idref="fl-14f"/>
      </object_component>
      <object_component id="oc-80c">
         <name>.text</name>
         <load_address>0x1c598</load_address>
         <run_address>0x1c598</run_address>
         <size>0x2b8</size>
         <input_file_ref idref="fl-12a"/>
      </object_component>
      <object_component id="oc-c0">
         <name>.text</name>
         <load_address>0x1c850</load_address>
         <run_address>0x1c850</run_address>
         <size>0x280</size>
         <input_file_ref idref="fl-23"/>
      </object_component>
      <object_component id="oc-4a6">
         <name>.text</name>
         <load_address>0x1cad0</load_address>
         <run_address>0x1cad0</run_address>
         <size>0x278</size>
         <input_file_ref idref="fl-54"/>
      </object_component>
      <object_component id="oc-613">
         <name>.text:_pconv_g</name>
         <load_address>0x1cd48</load_address>
         <run_address>0x1cd48</run_address>
         <size>0x248</size>
         <input_file_ref idref="fl-117"/>
      </object_component>
      <object_component id="oc-8ad">
         <name>.text:strtoull</name>
         <load_address>0x1cf90</load_address>
         <run_address>0x1cf90</run_address>
         <size>0x240</size>
         <input_file_ref idref="fl-151"/>
      </object_component>
      <object_component id="oc-375">
         <name>.text</name>
         <load_address>0x1d1d0</load_address>
         <run_address>0x1d1d0</run_address>
         <size>0x23c</size>
         <input_file_ref idref="fl-7"/>
      </object_component>
      <object_component id="oc-442">
         <name>.text</name>
         <load_address>0x1d40c</load_address>
         <run_address>0x1d40c</run_address>
         <size>0x238</size>
         <input_file_ref idref="fl-55"/>
      </object_component>
      <object_component id="oc-152">
         <name>.text</name>
         <load_address>0x1d644</load_address>
         <run_address>0x1d644</run_address>
         <size>0x22c</size>
         <input_file_ref idref="fl-12"/>
      </object_component>
      <object_component id="oc-ac">
         <name>.text</name>
         <load_address>0x1d870</load_address>
         <run_address>0x1d870</run_address>
         <size>0x228</size>
         <input_file_ref idref="fl-21"/>
      </object_component>
      <object_component id="oc-3f1">
         <name>.text:__vla_alloc</name>
         <load_address>0x1da98</load_address>
         <run_address>0x1da98</run_address>
         <size>0x224</size>
         <input_file_ref idref="fl-124"/>
      </object_component>
      <object_component id="oc-31f">
         <name>.text</name>
         <load_address>0x1dcbc</load_address>
         <run_address>0x1dcbc</run_address>
         <size>0x224</size>
         <input_file_ref idref="fl-2a"/>
      </object_component>
      <object_component id="oc-33">
         <name>.text:retain</name>
         <load_address>0x1dee0</load_address>
         <run_address>0x1dee0</run_address>
         <size>0x204</size>
         <input_file_ref idref="fl-45"/>
      </object_component>
      <object_component id="oc-24">
         <name>.text:retain</name>
         <load_address>0x1e0e4</load_address>
         <run_address>0x1e0e4</run_address>
         <size>0x200</size>
         <input_file_ref idref="fl-2e"/>
      </object_component>
      <object_component id="oc-8b9">
         <name>.text:strtol</name>
         <load_address>0x1e2e4</load_address>
         <run_address>0x1e2e4</run_address>
         <size>0x1f4</size>
         <input_file_ref idref="fl-14e"/>
      </object_component>
      <object_component id="oc-664">
         <name>.text</name>
         <load_address>0x1e4d8</load_address>
         <run_address>0x1e4d8</run_address>
         <size>0x1f0</size>
         <input_file_ref idref="fl-11"/>
      </object_component>
      <object_component id="oc-8d">
         <name>.text</name>
         <load_address>0x1e6c8</load_address>
         <run_address>0x1e6c8</run_address>
         <size>0x1e8</size>
         <input_file_ref idref="fl-40"/>
      </object_component>
      <object_component id="oc-8a7">
         <name>.text:strtoul</name>
         <load_address>0x1e8b0</load_address>
         <run_address>0x1e8b0</run_address>
         <size>0x1b8</size>
         <input_file_ref idref="fl-150"/>
      </object_component>
      <object_component id="oc-7a4">
         <name>.text:fputs</name>
         <load_address>0x1ea68</load_address>
         <run_address>0x1ea68</run_address>
         <size>0x1a4</size>
         <input_file_ref idref="fl-11d"/>
      </object_component>
      <object_component id="oc-87f">
         <name>.text:aligned_alloc</name>
         <load_address>0x1ec0c</load_address>
         <run_address>0x1ec0c</run_address>
         <size>0x1a0</size>
         <input_file_ref idref="fl-139"/>
      </object_component>
      <object_component id="oc-19a">
         <name>.text</name>
         <load_address>0x1edac</load_address>
         <run_address>0x1edac</run_address>
         <size>0x19c</size>
         <input_file_ref idref="fl-22"/>
      </object_component>
      <object_component id="oc-353">
         <name>.text</name>
         <load_address>0x1ef48</load_address>
         <run_address>0x1ef48</run_address>
         <size>0x188</size>
         <input_file_ref idref="fl-8"/>
      </object_component>
      <object_component id="oc-5e">
         <name>.text</name>
         <load_address>0x1f0d0</load_address>
         <run_address>0x1f0d0</run_address>
         <size>0x180</size>
         <input_file_ref idref="fl-129"/>
      </object_component>
      <object_component id="oc-2d">
         <name>.text:retain</name>
         <load_address>0x1f250</load_address>
         <run_address>0x1f250</run_address>
         <size>0x178</size>
         <input_file_ref idref="fl-38"/>
      </object_component>
      <object_component id="oc-1f5">
         <name>.text:free</name>
         <load_address>0x1f3c8</load_address>
         <run_address>0x1f3c8</run_address>
         <size>0x174</size>
         <input_file_ref idref="fl-139"/>
      </object_component>
      <object_component id="oc-61f">
         <name>.text:_pconv_e</name>
         <load_address>0x1f53c</load_address>
         <run_address>0x1f53c</run_address>
         <size>0x15c</size>
         <input_file_ref idref="fl-117"/>
      </object_component>
      <object_component id="oc-41b">
         <name>.text</name>
         <load_address>0x1f698</load_address>
         <run_address>0x1f698</run_address>
         <size>0x158</size>
         <input_file_ref idref="fl-5a"/>
      </object_component>
      <object_component id="oc-969">
         <name>.text:setvbuf</name>
         <load_address>0x1f7f0</load_address>
         <run_address>0x1f7f0</run_address>
         <size>0x158</size>
         <input_file_ref idref="fl-11f"/>
      </object_component>
      <object_component id="oc-691">
         <name>.text:realloc</name>
         <load_address>0x1f948</load_address>
         <run_address>0x1f948</run_address>
         <size>0x14c</size>
         <input_file_ref idref="fl-139"/>
      </object_component>
      <object_component id="oc-825">
         <name>.text:fcvt</name>
         <load_address>0x1fa94</load_address>
         <run_address>0x1fa94</run_address>
         <size>0x144</size>
         <input_file_ref idref="fl-117"/>
      </object_component>
      <object_component id="oc-4db">
         <name>.text:floor</name>
         <load_address>0x1fbd8</load_address>
         <run_address>0x1fbd8</run_address>
         <size>0x13c</size>
         <input_file_ref idref="fl-120"/>
      </object_component>
      <object_component id="oc-18e">
         <name>.text</name>
         <load_address>0x1fd14</load_address>
         <run_address>0x1fd14</run_address>
         <size>0x138</size>
         <input_file_ref idref="fl-17"/>
      </object_component>
      <object_component id="oc-6e1">
         <name>.text</name>
         <load_address>0x1fe4c</load_address>
         <run_address>0x1fe4c</run_address>
         <size>0x138</size>
         <input_file_ref idref="fl-57"/>
      </object_component>
      <object_component id="oc-307">
         <name>.text</name>
         <load_address>0x1ff84</load_address>
         <run_address>0x1ff84</run_address>
         <size>0x120</size>
         <input_file_ref idref="fl-6"/>
      </object_component>
      <object_component id="oc-839">
         <name>.text:scalbn</name>
         <load_address>0x200a4</load_address>
         <run_address>0x200a4</run_address>
         <size>0x120</size>
         <input_file_ref idref="fl-122"/>
      </object_component>
      <object_component id="oc-60d">
         <name>.text:_ltostr</name>
         <load_address>0x201c4</load_address>
         <run_address>0x201c4</run_address>
         <size>0x115</size>
         <input_file_ref idref="fl-117"/>
      </object_component>
      <object_component id="oc-35f">
         <name>.text</name>
         <load_address>0x202dc</load_address>
         <run_address>0x202dc</run_address>
         <size>0x10c</size>
         <input_file_ref idref="fl-2"/>
      </object_component>
      <object_component id="oc-7ab">
         <name>.text:fputc</name>
         <load_address>0x203e8</load_address>
         <run_address>0x203e8</run_address>
         <size>0x100</size>
         <input_file_ref idref="fl-11c"/>
      </object_component>
      <object_component id="oc-3dc">
         <name>.text</name>
         <load_address>0x204e8</load_address>
         <run_address>0x204e8</run_address>
         <size>0xf8</size>
         <input_file_ref idref="fl-2c"/>
      </object_component>
      <object_component id="oc-3f7">
         <name>.text</name>
         <load_address>0x205e0</load_address>
         <run_address>0x205e0</run_address>
         <size>0xf0</size>
         <input_file_ref idref="fl-20"/>
      </object_component>
      <object_component id="oc-1e">
         <name>.text:retain</name>
         <load_address>0x206d0</load_address>
         <run_address>0x206d0</run_address>
         <size>0xd8</size>
         <input_file_ref idref="fl-4f"/>
      </object_component>
      <object_component id="oc-6c6">
         <name>.text:_chkmbc</name>
         <load_address>0x207a8</load_address>
         <run_address>0x207a8</run_address>
         <size>0xcc</size>
         <input_file_ref idref="fl-11a"/>
      </object_component>
      <object_component id="oc-81e">
         <name>.text:_mcpy</name>
         <load_address>0x20874</load_address>
         <run_address>0x20874</run_address>
         <size>0xc8</size>
         <input_file_ref idref="fl-117"/>
      </object_component>
      <object_component id="oc-68b">
         <name>.text:_ZN33_INTERNAL_11_vla_alloc_c_be8bd49b21free_dead_allocationsEPv</name>
         <load_address>0x2093c</load_address>
         <run_address>0x2093c</run_address>
         <size>0xc4</size>
         <input_file_ref idref="fl-124"/>
      </object_component>
      <object_component id="oc-9f0">
         <name>.text:__TI_closefile</name>
         <load_address>0x20a00</load_address>
         <run_address>0x20a00</run_address>
         <size>0xb8</size>
         <input_file_ref idref="fl-15c"/>
      </object_component>
      <object_component id="oc-403">
         <name>.text:__vla_dealloc</name>
         <load_address>0x20ab8</load_address>
         <run_address>0x20ab8</run_address>
         <size>0xb0</size>
         <input_file_ref idref="fl-124"/>
      </object_component>
      <object_component id="oc-f7">
         <name>.text</name>
         <load_address>0x20b68</load_address>
         <run_address>0x20b68</run_address>
         <size>0xb0</size>
         <input_file_ref idref="fl-126"/>
      </object_component>
      <object_component id="oc-887">
         <name>.text:split</name>
         <load_address>0x20c18</load_address>
         <run_address>0x20c18</run_address>
         <size>0xb0</size>
         <input_file_ref idref="fl-139"/>
      </object_component>
      <object_component id="oc-9d6">
         <name>.text:HOSTlseek</name>
         <load_address>0x20cc8</load_address>
         <run_address>0x20cc8</run_address>
         <size>0xac</size>
         <input_file_ref idref="fl-153"/>
      </object_component>
      <object_component id="oc-2ef">
         <name>.text:fflush</name>
         <load_address>0x20d74</load_address>
         <run_address>0x20d74</run_address>
         <size>0xac</size>
         <input_file_ref idref="fl-11b"/>
      </object_component>
      <object_component id="oc-963">
         <name>.text:fseek</name>
         <load_address>0x20e20</load_address>
         <run_address>0x20e20</run_address>
         <size>0xa8</size>
         <input_file_ref idref="fl-149"/>
      </object_component>
      <object_component id="oc-9e2">
         <name>.text:HOSTrename</name>
         <load_address>0x20ec8</load_address>
         <run_address>0x20ec8</run_address>
         <size>0xa4</size>
         <input_file_ref idref="fl-156"/>
      </object_component>
      <object_component id="oc-8fd">
         <name>.text:__TI_wrt_ok</name>
         <load_address>0x20f6c</load_address>
         <run_address>0x20f6c</run_address>
         <size>0xa0</size>
         <input_file_ref idref="fl-11e"/>
      </object_component>
      <object_component id="oc-176">
         <name>.text</name>
         <load_address>0x2100c</load_address>
         <run_address>0x2100c</run_address>
         <size>0x9c</size>
         <input_file_ref idref="fl-9"/>
      </object_component>
      <object_component id="oc-2e9">
         <name>.text:fprintf</name>
         <load_address>0x210a8</load_address>
         <run_address>0x210a8</run_address>
         <size>0x9c</size>
         <input_file_ref idref="fl-116"/>
      </object_component>
      <object_component id="oc-392">
         <name>.text:printf</name>
         <load_address>0x21144</load_address>
         <run_address>0x21144</run_address>
         <size>0x9c</size>
         <input_file_ref idref="fl-115"/>
      </object_component>
      <object_component id="oc-9be">
         <name>.text:HOSTopen</name>
         <load_address>0x211e0</load_address>
         <run_address>0x211e0</run_address>
         <size>0x98</size>
         <input_file_ref idref="fl-154"/>
      </object_component>
      <object_component id="oc-818">
         <name>.text:_ecpy</name>
         <load_address>0x21278</load_address>
         <run_address>0x21278</run_address>
         <size>0x98</size>
         <input_file_ref idref="fl-117"/>
      </object_component>
      <object_component id="oc-a17">
         <name>.text:close</name>
         <load_address>0x21310</load_address>
         <run_address>0x21310</run_address>
         <size>0x98</size>
         <input_file_ref idref="fl-160"/>
      </object_component>
      <object_component id="oc-9ca">
         <name>.text:HOSTread</name>
         <load_address>0x213a8</load_address>
         <run_address>0x213a8</run_address>
         <size>0x90</size>
         <input_file_ref idref="fl-155"/>
      </object_component>
      <object_component id="oc-9d0">
         <name>.text:HOSTwrite</name>
         <load_address>0x21438</load_address>
         <run_address>0x21438</run_address>
         <size>0x90</size>
         <input_file_ref idref="fl-158"/>
      </object_component>
      <object_component id="oc-11">
         <name>.text:decompress:lzss:__TI_decompress_lzss</name>
         <load_address>0x214c8</load_address>
         <run_address>0x214c8</run_address>
         <size>0x90</size>
         <input_file_ref idref="fl-12f"/>
      </object_component>
      <object_component id="oc-833">
         <name>.text:frexp</name>
         <load_address>0x21558</load_address>
         <run_address>0x21558</run_address>
         <size>0x8c</size>
         <input_file_ref idref="fl-121"/>
      </object_component>
      <object_component id="oc-540">
         <name>.text:__TI_doflush</name>
         <load_address>0x215e4</load_address>
         <run_address>0x215e4</run_address>
         <size>0x84</size>
         <input_file_ref idref="fl-11b"/>
      </object_component>
      <object_component id="oc-607">
         <name>.text:atoi</name>
         <load_address>0x21668</load_address>
         <run_address>0x21668</run_address>
         <size>0x84</size>
         <input_file_ref idref="fl-133"/>
      </object_component>
      <object_component id="oc-812">
         <name>.text:__TI_ltoa</name>
         <load_address>0x216ec</load_address>
         <run_address>0x216ec</run_address>
         <size>0x80</size>
         <input_file_ref idref="fl-132"/>
      </object_component>
      <object_component id="oc-2de">
         <name>.text</name>
         <load_address>0x2176c</load_address>
         <run_address>0x2176c</run_address>
         <size>0x7c</size>
         <input_file_ref idref="fl-4"/>
      </object_component>
      <object_component id="oc-1d7">
         <name>.text:exit</name>
         <load_address>0x217e8</load_address>
         <run_address>0x217e8</run_address>
         <size>0x7c</size>
         <input_file_ref idref="fl-130"/>
      </object_component>
      <object_component id="oc-182">
         <name>.text:snprintf</name>
         <load_address>0x21864</load_address>
         <run_address>0x21864</run_address>
         <size>0x7c</size>
         <input_file_ref idref="fl-118"/>
      </object_component>
      <object_component id="oc-9c4">
         <name>.text:HOSTclose</name>
         <load_address>0x218e0</load_address>
         <run_address>0x218e0</run_address>
         <size>0x74</size>
         <input_file_ref idref="fl-152"/>
      </object_component>
      <object_component id="oc-619">
         <name>.text:_pconv_f</name>
         <load_address>0x21954</load_address>
         <run_address>0x21954</run_address>
         <size>0x74</size>
         <input_file_ref idref="fl-117"/>
      </object_component>
      <object_component id="oc-241">
         <name>.text</name>
         <load_address>0x219c8</load_address>
         <run_address>0x219c8</run_address>
         <size>0x74</size>
         <input_file_ref idref="fl-5"/>
      </object_component>
      <object_component id="oc-9dc">
         <name>.text:HOSTunlink</name>
         <load_address>0x21a3c</load_address>
         <run_address>0x21a3c</run_address>
         <size>0x70</size>
         <input_file_ref idref="fl-157"/>
      </object_component>
      <object_component id="oc-a3c">
         <name>.text:getdevice</name>
         <load_address>0x21aac</load_address>
         <run_address>0x21aac</run_address>
         <size>0x6c</size>
         <input_file_ref idref="fl-15d"/>
      </object_component>
      <object_component id="oc-122">
         <name>.text:__TI_auto_init_nobinit_nopinit:__TI_auto_init_nobinit_nopinit</name>
         <load_address>0x21b18</load_address>
         <run_address>0x21b18</run_address>
         <size>0x68</size>
         <input_file_ref idref="fl-12b"/>
      </object_component>
      <object_component id="oc-82b">
         <name>.text:_fcpy</name>
         <load_address>0x21b80</load_address>
         <run_address>0x21b80</run_address>
         <size>0x64</size>
         <input_file_ref idref="fl-117"/>
      </object_component>
      <object_component id="oc-451">
         <name>.text:sprintf</name>
         <load_address>0x21be4</load_address>
         <run_address>0x21be4</run_address>
         <size>0x64</size>
         <input_file_ref idref="fl-119"/>
      </object_component>
      <object_component id="oc-3b8">
         <name>.text:_outs</name>
         <load_address>0x21c48</load_address>
         <run_address>0x21c48</run_address>
         <size>0x5c</size>
         <input_file_ref idref="fl-118"/>
      </object_component>
      <object_component id="oc-658">
         <name>.text</name>
         <load_address>0x21ca4</load_address>
         <run_address>0x21ca4</run_address>
         <size>0x58</size>
         <input_file_ref idref="fl-28"/>
      </object_component>
      <object_component id="oc-9af">
         <name>.text:__TI_cleanup</name>
         <load_address>0x21cfc</load_address>
         <run_address>0x21cfc</run_address>
         <size>0x54</size>
         <input_file_ref idref="fl-148"/>
      </object_component>
      <object_component id="oc-9ff">
         <name>.text:__TI_readmsg</name>
         <load_address>0x21d50</load_address>
         <run_address>0x21d50</run_address>
         <size>0x54</size>
         <input_file_ref idref="fl-159"/>
      </object_component>
      <object_component id="oc-9f9">
         <name>.text:__TI_writemsg</name>
         <load_address>0x21da4</load_address>
         <run_address>0x21da4</run_address>
         <size>0x54</size>
         <input_file_ref idref="fl-159"/>
      </object_component>
      <object_component id="oc-a4c">
         <name>.text:finddevice</name>
         <load_address>0x21df8</load_address>
         <run_address>0x21df8</run_address>
         <size>0x54</size>
         <input_file_ref idref="fl-15d"/>
      </object_component>
      <object_component id="oc-38d">
         <name>.text</name>
         <load_address>0x21e4c</load_address>
         <run_address>0x21e4c</run_address>
         <size>0x54</size>
         <input_file_ref idref="fl-127"/>
      </object_component>
      <object_component id="oc-3fd">
         <name>.text:sscanf</name>
         <load_address>0x21ea0</load_address>
         <run_address>0x21ea0</run_address>
         <size>0x54</size>
         <input_file_ref idref="fl-11a"/>
      </object_component>
      <object_component id="oc-5b4">
         <name>.text:strncasecmp</name>
         <load_address>0x21ef4</load_address>
         <run_address>0x21ef4</run_address>
         <size>0x54</size>
         <input_file_ref idref="fl-140"/>
      </object_component>
      <object_component id="oc-2e4">
         <name>.text</name>
         <load_address>0x21f48</load_address>
         <run_address>0x21f48</run_address>
         <size>0x50</size>
         <input_file_ref idref="fl-128"/>
      </object_component>
      <object_component id="oc-387">
         <name>.text:rand</name>
         <load_address>0x21f98</load_address>
         <run_address>0x21f98</run_address>
         <size>0x4c</size>
         <input_file_ref idref="fl-13a"/>
      </object_component>
      <object_component id="oc-398">
         <name>.text:strncat</name>
         <load_address>0x21fe4</load_address>
         <run_address>0x21fe4</run_address>
         <size>0x4c</size>
         <input_file_ref idref="fl-141"/>
      </object_component>
      <object_component id="oc-6a6">
         <name>.text:strspn</name>
         <load_address>0x22030</load_address>
         <run_address>0x22030</run_address>
         <size>0x4c</size>
         <input_file_ref idref="fl-143"/>
      </object_component>
      <object_component id="oc-1ef">
         <name>.text:strncpy</name>
         <load_address>0x2207c</load_address>
         <run_address>0x2207c</run_address>
         <size>0x48</size>
         <input_file_ref idref="fl-142"/>
      </object_component>
      <object_component id="oc-a1d">
         <name>.text:unlink</name>
         <load_address>0x220c4</load_address>
         <run_address>0x220c4</run_address>
         <size>0x48</size>
         <input_file_ref idref="fl-161"/>
      </object_component>
      <object_component id="oc-9a7">
         <name>.text:lseek</name>
         <load_address>0x2210c</load_address>
         <run_address>0x2210c</run_address>
         <size>0x44</size>
         <input_file_ref idref="fl-15b"/>
      </object_component>
      <object_component id="oc-409">
         <name>.text:strcasecmp</name>
         <load_address>0x22150</load_address>
         <run_address>0x22150</run_address>
         <size>0x44</size>
         <input_file_ref idref="fl-13b"/>
      </object_component>
      <object_component id="oc-6ac">
         <name>.text:strcspn</name>
         <load_address>0x22194</load_address>
         <run_address>0x22194</run_address>
         <size>0x44</size>
         <input_file_ref idref="fl-13e"/>
      </object_component>
      <object_component id="oc-7b9">
         <name>.text:write</name>
         <load_address>0x221d8</load_address>
         <run_address>0x221d8</run_address>
         <size>0x44</size>
         <input_file_ref idref="fl-144"/>
      </object_component>
      <object_component id="oc-365">
         <name>.text</name>
         <load_address>0x2221c</load_address>
         <run_address>0x2221c</run_address>
         <size>0x40</size>
         <input_file_ref idref="fl-3"/>
      </object_component>
      <object_component id="oc-37b">
         <name>.text</name>
         <load_address>0x2225c</load_address>
         <run_address>0x2225c</run_address>
         <size>0x40</size>
         <input_file_ref idref="fl-a"/>
      </object_component>
      <object_component id="oc-4bc">
         <name>.text:free_list_insert</name>
         <load_address>0x2229c</load_address>
         <run_address>0x2229c</run_address>
         <size>0x40</size>
         <input_file_ref idref="fl-139"/>
      </object_component>
      <object_component id="oc-345">
         <name>.text:csp_hton32</name>
         <load_address>0x222dc</load_address>
         <run_address>0x222dc</run_address>
         <size>0x3c</size>
         <input_file_ref idref="fl-14"/>
      </object_component>
      <object_component id="oc-381">
         <name>.text:srand</name>
         <load_address>0x22318</load_address>
         <run_address>0x22318</run_address>
         <size>0x38</size>
         <input_file_ref idref="fl-13a"/>
      </object_component>
      <object_component id="oc-56f">
         <name>.text:memcmp</name>
         <load_address>0x22350</load_address>
         <run_address>0x22350</run_address>
         <size>0x34</size>
         <input_file_ref idref="fl-138"/>
      </object_component>
      <object_component id="oc-6eb">
         <name>.text:_outs</name>
         <load_address>0x22384</load_address>
         <run_address>0x22384</run_address>
         <size>0x30</size>
         <input_file_ref idref="fl-119"/>
      </object_component>
      <object_component id="oc-4b6">
         <name>.text:free_list_remove</name>
         <load_address>0x223b4</load_address>
         <run_address>0x223b4</run_address>
         <size>0x30</size>
         <input_file_ref idref="fl-139"/>
      </object_component>
      <object_component id="oc-62b">
         <name>.text:memccpy</name>
         <load_address>0x223e4</load_address>
         <run_address>0x223e4</run_address>
         <size>0x30</size>
         <input_file_ref idref="fl-136"/>
      </object_component>
      <object_component id="oc-3be">
         <name>.text:_outc</name>
         <load_address>0x22414</load_address>
         <run_address>0x22414</run_address>
         <size>0x2c</size>
         <input_file_ref idref="fl-118"/>
      </object_component>
      <object_component id="oc-49d">
         <name>.text:csp_hton16</name>
         <load_address>0x22440</load_address>
         <run_address>0x22440</run_address>
         <size>0x2c</size>
         <input_file_ref idref="fl-14"/>
      </object_component>
      <object_component id="oc-339">
         <name>.text:memchr</name>
         <load_address>0x2246c</load_address>
         <run_address>0x2246c</run_address>
         <size>0x2c</size>
         <input_file_ref idref="fl-137"/>
      </object_component>
      <object_component id="oc-8c5">
         <name>.text:strrchr</name>
         <load_address>0x22498</load_address>
         <run_address>0x22498</run_address>
         <size>0x2c</size>
         <input_file_ref idref="fl-14c"/>
      </object_component>
      <object_component id="oc-83f">
         <name>.text:strchr</name>
         <load_address>0x224c4</load_address>
         <run_address>0x224c4</run_address>
         <size>0x28</size>
         <input_file_ref idref="fl-13c"/>
      </object_component>
      <object_component id="oc-a5b">
         <name>.text:strcmp</name>
         <load_address>0x224ec</load_address>
         <run_address>0x224ec</run_address>
         <size>0x28</size>
         <input_file_ref idref="fl-15e"/>
      </object_component>
      <object_component id="oc-631">
         <name>.text:wcslen</name>
         <load_address>0x22514</load_address>
         <run_address>0x22514</run_address>
         <size>0x24</size>
         <input_file_ref idref="fl-125"/>
      </object_component>
      <object_component id="oc-188">
         <name>.text:strlen</name>
         <load_address>0x22538</load_address>
         <run_address>0x22538</run_address>
         <size>0x20</size>
         <input_file_ref idref="fl-13f"/>
      </object_component>
      <object_component id="oc-6ba">
         <name>.text:_inpchar</name>
         <load_address>0x22558</load_address>
         <run_address>0x22558</run_address>
         <size>0x1c</size>
         <input_file_ref idref="fl-11a"/>
      </object_component>
      <object_component id="oc-927">
         <name>.text:copysign</name>
[...]
      </symbol>
      <symbol id="sm-162f">
         <name>fprintf</name>
         <value>0x210a8</value>
         <object_component_ref idref="oc-2e9"/>
      </symbol>
      <symbol id="sm-177d">
         <name>__TI_printfi</name>
         <value>0xfa44</value>
         <object_component_ref idref="oc-3b2"/>
      </symbol>
      <symbol id="sm-17a5">
         <name>snprintf</name>
         <value>0x21864</value>
         <object_component_ref idref="oc-182"/>
      </symbol>
      <symbol id="sm-17c7">
         <name>sprintf</name>
         <value>0x21be4</value>
         <object_component_ref idref="oc-451"/>
      </symbol>
      <symbol id="sm-17fd">
         <name>sscanf</name>
         <value>0x21ea0</value>
         <object_component_ref idref="oc-3fd"/>
      </symbol>
      <symbol id="sm-181e">
         <name>__TI_doflush</name>
         <value>0x215e4</value>
         <object_component_ref idref="oc-540"/>
      </symbol>
      <symbol id="sm-181f">
         <name>fflush</name>
         <value>0x20d74</value>
         <object_component_ref idref="oc-2ef"/>
      </symbol>
      <symbol id="sm-1835">
         <name>putc</name>
         <value>0x203e8</value>
         <object_component_ref idref="oc-7ab"/>
      </symbol>
      <symbol id="sm-1836">
         <name>fputc</name>
         <value>0x203e8</value>
         <object_component_ref idref="oc-7ab"/>
      </symbol>
      <symbol id="sm-1852">
         <name>fputs</name>
         <value>0x1ea68</value>
         <object_component_ref idref="oc-7a4"/>
      </symbol>
      <symbol id="sm-1869">
         <name>__TI_wrt_ok</name>
         <value>0x20f6c</value>
         <object_component_ref idref="oc-8fd"/>
      </symbol>
      <symbol id="sm-1883">
         <name>setvbuf</name>
         <value>0x1f7f0</value>
         <object_component_ref idref="oc-969"/>
      </symbol>
      <symbol id="sm-18a7">
         <name>floorl</name>
         <value>0x1fbd8</value>
         <object_component_ref idref="oc-4db"/>
      </symbol>
      <symbol id="sm-18a8">
         <name>floor</name>
         <value>0x1fbd8</value>
         <object_component_ref idref="oc-4db"/>
      </symbol>
      <symbol id="sm-18c5">
         <name>frexpl</name>
         <value>0x21558</value>
         <object_component_ref idref="oc-833"/>
      </symbol>
      <symbol id="sm-18c6">
         <name>frexp</name>
         <value>0x21558</value>
         <object_component_ref idref="oc-833"/>
      </symbol>
      <symbol id="sm-18e0">
         <name>scalbn</name>
         <value>0x200a4</value>
         <object_component_ref idref="oc-839"/>
      </symbol>
      <symbol id="sm-18e1">
         <name>scalbnl</name>
         <value>0x200a4</value>
         <object_component_ref idref="oc-839"/>
      </symbol>
      <symbol id="sm-18e2">
         <name>ldexpl</name>
         <value>0x200a4</value>
         <object_component_ref idref="oc-839"/>
      </symbol>
      <symbol id="sm-18e3">
         <name>ldexp</name>
         <value>0x200a4</value>
         <object_component_ref idref="oc-839"/>
      </symbol>
      <symbol id="sm-18ed">
         <name>copysign</name>
         <value>0x22574</value>
         <object_component_ref idref="oc-927"/>
      </symbol>
      <symbol id="sm-18ee">
         <name>copysignl</name>
         <value>0x22574</value>
         <object_component_ref idref="oc-927"/>
      </symbol>
      <symbol id="sm-1950">
         <name>__vla_dealloc</name>
         <value>0x20ab8</value>
         <object_component_ref idref="oc-403"/>
      </symbol>
      <symbol id="sm-1951">
         <name>__vla_alloc</name>
         <value>0x1da98</value>
         <object_component_ref idref="oc-3f1"/>
      </symbol>
      <symbol id="sm-1969">
         <name>wcslen</name>
         <value>0x22514</value>
         <object_component_ref idref="oc-631"/>
      </symbol>
      <symbol id="sm-1978">
         <name>__aeabi_memset</name>
         <value>0x20b6c</value>
         <object_component_ref idref="oc-f7"/>
      </symbol>
      <symbol id="sm-1979">
         <name>memset</name>
         <value>0x20b78</value>
         <object_component_ref idref="oc-f7"/>
      </symbol>
      <symbol id="sm-197a">
         <name>__aeabi_memset8</name>
         <value>0x20b6c</value>
         <object_component_ref idref="oc-f7"/>
      </symbol>
      <symbol id="sm-197b">
         <name>__aeabi_memset4</name>
         <value>0x20b6c</value>
         <object_component_ref idref="oc-f7"/>
      </symbol>
      <symbol id="sm-197c">
         <name>__aeabi_memclr8</name>
         <value>0x20b68</value>
         <object_component_ref idref="oc-f7"/>
      </symbol>
      <symbol id="sm-197d">
         <name>__aeabi_memclr4</name>
         <value>0x20b68</value>
         <object_component_ref idref="oc-f7"/>
      </symbol>
      <symbol id="sm-197e">
         <name>__aeabi_memclr</name>
         <value>0x20b68</value>
         <object_component_ref idref="oc-f7"/>
      </symbol>
      <symbol id="sm-198a">
         <name>__aeabi_idivmod</name>
         <value>0x21e4c</value>
         <object_component_ref idref="oc-38d"/>
      </symbol>
      <symbol id="sm-198b">
         <name>__aeabi_idiv</name>
         <value>0x21e4c</value>
         <object_component_ref idref="oc-38d"/>
      </symbol>
      <symbol id="sm-1997">
         <name>__aeabi_uidivmod</name>
         <value>0x21f48</value>
         <object_component_ref idref="oc-2e4"/>
      </symbol>
      <symbol id="sm-1998">
         <name>__aeabi_uidiv</name>
         <value>0x21f48</value>
         <object_component_ref idref="oc-2e4"/>
      </symbol>
      <symbol id="sm-19b1">
         <name>memcpy</name>
         <value>0x1f0d0</value>
         <object_component_ref idref="oc-5e"/>
      </symbol>
      <symbol id="sm-19b2">
         <name>__aeabi_memcpy</name>
         <value>0x1f0d0</value>
         <object_component_ref idref="oc-5e"/>
      </symbol>
      <symbol id="sm-19b3">
         <name>__aeabi_memcpy8</name>
         <value>0x1f0d0</value>
         <object_component_ref idref="oc-5e"/>
      </symbol>
      <symbol id="sm-19b4">
         <name>__aeabi_memcpy4</name>
         <value>0x1f0d0</value>
         <object_component_ref idref="oc-5e"/>
      </symbol>
      <symbol id="sm-19d0">
         <name>__aeabi_uldivmod</name>
         <value>0x1c598</value>
         <object_component_ref idref="oc-80c"/>
      </symbol>
      <symbol id="sm-19f8">
         <name>__TI_auto_init_nobinit_nopinit</name>
         <value>0x21b18</value>
         <object_component_ref idref="oc-122"/>
      </symbol>
      <symbol id="sm-1a0b">
         <name>__TI_zero_init</name>
         <value>0x2261c</value>
         <object_component_ref idref="oc-70"/>
      </symbol>
      <symbol id="sm-1a22">
         <name>__TI_decompress_none</name>
         <value>0x225f8</value>
         <object_component_ref idref="oc-17"/>
      </symbol>
      <symbol id="sm-1a45">
         <name>__TI_decompress_lzss</name>
         <value>0x214c8</value>
         <object_component_ref idref="oc-11"/>
      </symbol>
      <symbol id="sm-1a6b">
         <name>C$$EXIT</name>
         <value>0x22644</value>
         <object_component_ref idref="oc-1d1"/>
      </symbol>
      <symbol id="sm-1a6c">
         <name>abort</name>
         <value>0x22644</value>
         <object_component_ref idref="oc-1d1"/>
      </symbol>
      <symbol id="sm-1a6d">
         <name>__TI_dtors_ptr</name>
         <value>0x80064c8</value>
         <object_component_ref idref="oc-47d"/>
      </symbol>
      <symbol id="sm-1a6e">
         <name>__TI_cleanup_ptr</name>
         <value>0x80064c4</value>
         <object_component_ref idref="oc-47d"/>
      </symbol>
      <symbol id="sm-1a6f">
         <name>__TI_enable_exit_profile_output</name>
         <value>0x80064cc</value>
         <object_component_ref idref="oc-47d"/>
      </symbol>
      <symbol id="sm-1a70">
         <name>exit</name>
         <value>0x217e8</value>
         <object_component_ref idref="oc-1d7"/>
      </symbol>
      <symbol id="sm-1a85">
         <name>_nop</name>
         <value>0x22654</value>
         <object_component_ref idref="oc-70b"/>
      </symbol>
      <symbol id="sm-1a86">
         <name>_lock</name>
         <value>0x80064d0</value>
         <object_component_ref idref="oc-480"/>
      </symbol>
      <symbol id="sm-1a87">
         <name>_unlock</name>
         <value>0x80064d4</value>
         <object_component_ref idref="oc-480"/>
      </symbol>
      <symbol id="sm-1a95">
         <name>__TI_ltoa</name>
         <value>0x216ec</value>
         <object_component_ref idref="oc-812"/>
      </symbol>
      <symbol id="sm-1aa8">
         <name>atoi</name>
         <value>0x21668</value>
         <object_component_ref idref="oc-607"/>
      </symbol>
      <symbol id="sm-1ab3">
         <name>_ctypes_</name>
         <value>0x22c80</value>
         <object_component_ref idref="oc-807"/>
      </symbol>
      <symbol id="sm-1ac8">
         <name>__TI_tmpnams</name>
         <value>0x8006048</value>
      </symbol>
      <symbol id="sm-1ac9">
         <name>__aeabi_stdout</name>
         <value>0x80064bc</value>
         <object_component_ref idref="oc-546"/>
      </symbol>
      <symbol id="sm-1aca">
         <name>__aeabi_stderr</name>
         <value>0x80064c0</value>
         <object_component_ref idref="oc-546"/>
      </symbol>
      <symbol id="sm-1acb">
         <name>__aeabi_stdin</name>
         <value>0x80064b8</value>
         <object_component_ref idref="oc-546"/>
      </symbol>
      <symbol id="sm-1acc">
         <name>_ftable</name>
         <value>0x8006290</value>
         <object_component_ref idref="oc-2f8"/>
      </symbol>
      <symbol id="sm-1acd">
         <name>__TI_ft_end</name>
         <value>0x80064b4</value>
         <object_component_ref idref="oc-546"/>
      </symbol>
      <symbol id="sm-1adc">
         <name>memccpy</name>
         <value>0x223e4</value>
         <object_component_ref idref="oc-62b"/>
      </symbol>
      <symbol id="sm-1aeb">
         <name>memchr</name>
         <value>0x2246c</value>
         <object_component_ref idref="oc-339"/>
      </symbol>
      <symbol id="sm-1afa">
         <name>memcmp</name>
         <value>0x22350</value>
         <object_component_ref idref="oc-56f"/>
      </symbol>
      <symbol id="sm-1b8e">
         <name>_sys_memory</name>
         <value>0x5de8</value>
         <object_component_ref idref="oc-50"/>
      </symbol>
      <symbol id="sm-1b8f">
         <name>free</name>
         <value>0x1f3c8</value>
         <object_component_ref idref="oc-1f5"/>
      </symbol>
      <symbol id="sm-1b90">
         <name>realloc</name>
         <value>0x1f948</value>
         <object_component_ref idref="oc-691"/>
      </symbol>
      <symbol id="sm-1b91">
         <name>memalign</name>
         <value>0x1ec0c</value>
         <object_component_ref idref="oc-87f"/>
      </symbol>
      <symbol id="sm-1b92">
         <name>malloc</name>
         <value>0x22638</value>
         <object_component_ref idref="oc-685"/>
      </symbol>
      <symbol id="sm-1b93">
         <name>aligned_alloc</name>
         <value>0x1ec0c</value>
         <object_component_ref idref="oc-87f"/>
      </symbol>
      <symbol id="sm-1bb8">
         <name>rand</name>
         <value>0x21f98</value>
         <object_component_ref idref="oc-387"/>
      </symbol>
      <symbol id="sm-1bb9">
         <name>srand</name>
         <value>0x22318</value>
         <object_component_ref idref="oc-381"/>
      </symbol>
      <symbol id="sm-1bc7">
         <name>strcasecmp</name>
         <value>0x22150</value>
         <object_component_ref idref="oc-409"/>
      </symbol>
      <symbol id="sm-1bd5">
         <name>strchr</name>
         <value>0x224c4</value>
         <object_component_ref idref="oc-83f"/>
      </symbol>
      <symbol id="sm-1be3">
         <name>strcpy</name>
         <value>0x22590</value>
         <object_component_ref idref="oc-359"/>
      </symbol>
      <symbol id="sm-1bf4">
         <name>strcspn</name>
         <value>0x22194</value>
         <object_component_ref idref="oc-6ac"/>
      </symbol>
      <symbol id="sm-1c02">
         <name>strlen</name>
         <value>0x22538</value>
         <object_component_ref idref="oc-188"/>
      </symbol>
      <symbol id="sm-1c11">
         <name>strncasecmp</name>
         <value>0x21ef4</value>
         <object_component_ref idref="oc-5b4"/>
      </symbol>
      <symbol id="sm-1c20">
         <name>strncat</name>
         <value>0x21fe4</value>
         <object_component_ref idref="oc-398"/>
      </symbol>
      <symbol id="sm-1c2f">
         <name>strncpy</name>
         <value>0x2207c</value>
         <object_component_ref idref="oc-1ef"/>
      </symbol>
      <symbol id="sm-1c40">
         <name>strspn</name>
         <value>0x22030</value>
         <object_component_ref idref="oc-6a6"/>
      </symbol>
      <symbol id="sm-1c5a">
         <name>write</name>
         <value>0x221d8</value>
         <object_component_ref idref="oc-7b9"/>
      </symbol>
      <symbol id="sm-1c6b">
         <name>_stream</name>
         <value>0x80063f8</value>
         <object_component_ref idref="oc-907"/>
      </symbol>
      <symbol id="sm-1c6c">
         <name>_device</name>
         <value>0x8006380</value>
         <object_component_ref idref="oc-975"/>
      </symbol>
      <symbol id="sm-1c82">
         <name>__aeabi_errno_addr</name>
         <value>0x2262c</value>
         <object_component_ref idref="oc-637"/>
      </symbol>
      <symbol id="sm-1c83">
         <name>errno</name>
         <value>0x8006510</value>
         <object_component_ref idref="oc-84f"/>
      </symbol>
      <symbol id="sm-1d22">
         <name>__TI_scanfi</name>
         <value>0xc85c</value>
         <object_component_ref idref="oc-6b4"/>
      </symbol>
      <symbol id="sm-1d31">
         <name>__TI_cleanup</name>
         <value>0x21cfc</value>
         <object_component_ref idref="oc-9af"/>
      </symbol>
      <symbol id="sm-1d43">
         <name>fseek</name>
         <value>0x20e20</value>
         <object_component_ref idref="oc-963"/>
      </symbol>
      <symbol id="sm-1d4d">
         <name>__abort_execution</name>
         <value>0x22650</value>
         <object_component_ref idref="oc-67f"/>
      </symbol>
      <symbol id="sm-1d57">
         <name>__aeabi_idiv0</name>
         <value>0x2266c</value>
         <object_component_ref idref="oc-52c"/>
      </symbol>
      <symbol id="sm-1d58">
         <name>__aeabi_ldiv0</name>
         <value>0x2266c</value>
         <object_component_ref idref="oc-52c"/>
      </symbol>
      <symbol id="sm-1d66">
         <name>strrchr</name>
         <value>0x22498</value>
         <object_component_ref idref="oc-8c5"/>
      </symbol>
      <symbol id="sm-1db8">
         <name>strtold</name>
         <value>0x19bc4</value>
         <object_component_ref idref="oc-8b3"/>
      </symbol>
      <symbol id="sm-1db9">
         <name>strtod</name>
         <value>0x19bc4</value>
         <object_component_ref idref="oc-8b3"/>
      </symbol>
      <symbol id="sm-1dda">
         <name>strtol</name>
         <value>0x1e2e4</value>
         <object_component_ref idref="oc-8b9"/>
      </symbol>
      <symbol id="sm-1dff">
         <name>strtoll</name>
         <value>0x1c2d0</value>
         <object_component_ref idref="oc-8bf"/>
      </symbol>
      <symbol id="sm-1e1d">
         <name>strtoul</name>
         <value>0x1e8b0</value>
         <object_component_ref idref="oc-8a7"/>
      </symbol>
      <symbol id="sm-1e3f">
         <name>strtoull</name>
         <value>0x1cf90</value>
         <object_component_ref idref="oc-8ad"/>
      </symbol>
      <symbol id="sm-1e50">
         <name>HOSTclose</name>
         <value>0x218e0</value>
         <object_component_ref idref="oc-9c4"/>
      </symbol>
      <symbol id="sm-1e61">
         <name>HOSTlseek</name>
         <value>0x20cc8</value>
         <object_component_ref idref="oc-9d6"/>
      </symbol>
      <symbol id="sm-1e73">
         <name>parmbuf</name>
         <value>0x8006278</value>
      </symbol>
      <symbol id="sm-1e74">
         <name>HOSTopen</name>
         <value>0x211e0</value>
         <object_component_ref idref="oc-9be"/>
      </symbol>
      <symbol id="sm-1e85">
         <name>HOSTread</name>
         <value>0x213a8</value>
         <object_component_ref idref="oc-9ca"/>
      </symbol>
      <symbol id="sm-1e96">
         <name>HOSTrename</name>
         <value>0x20ec8</value>
         <object_component_ref idref="oc-9e2"/>
      </symbol>
      <symbol id="sm-1ea7">
         <name>HOSTunlink</name>
         <value>0x21a3c</value>
         <object_component_ref idref="oc-9dc"/>
      </symbol>
      <symbol id="sm-1eb8">
         <name>HOSTwrite</name>
         <value>0x21438</value>
         <object_component_ref idref="oc-9d0"/>
      </symbol>
      <symbol id="sm-1edb">
         <name>__TI_readmsg</name>
         <value>0x21d50</value>
         <object_component_ref idref="oc-9ff"/>
      </symbol>
      <symbol id="sm-1edc">
         <name>C$$IO$$</name>
         <value>0x21dec</value>
         <object_component_ref idref="oc-9f9"/>
      </symbol>
      <symbol id="sm-1edd">
         <name>__CIOBUF_</name>
         <value>0x8005e20</value>
         <object_component_ref idref="oc-a26"/>
      </symbol>
      <symbol id="sm-1ede">
         <name>__TI_writemsg</name>
         <value>0x21da4</value>
         <object_component_ref idref="oc-9f9"/>
      </symbol>
      <symbol id="sm-1eef">
         <name>lseek</name>
         <value>0x2210c</value>
         <object_component_ref idref="oc-9a7"/>
      </symbol>
      <symbol id="sm-1f04">
         <name>__TI_closefile</name>
         <value>0x20a00</value>
         <object_component_ref idref="oc-9f0"/>
      </symbol>
      <symbol id="sm-1f26">
         <name>finddevice</name>
         <value>0x21df8</value>
         <object_component_ref idref="oc-a4c"/>
      </symbol>
      <symbol id="sm-1f27">
         <name>getdevice</name>
         <value>0x21aac</value>
         <object_component_ref idref="oc-a3c"/>
      </symbol>
      <symbol id="sm-1f35">
         <name>strcmp</name>
         <value>0x224ec</value>
         <object_component_ref idref="oc-a5b"/>
      </symbol>
      <symbol id="sm-1f4a">
         <name>close</name>
         <value>0x21310</value>
         <object_component_ref idref="oc-a17"/>
      </symbol>
      <symbol id="sm-1f5a">
         <name>unlink</name>
         <value>0x220c4</value>
         <object_component_ref idref="oc-a1d"/>
      </symbol>
      <symbol id="sm-1f5b">
         <name>__TI_static_base__</name>
         <value>0x0</value>
      </symbol>
      <symbol id="sm-1f5f">
         <name>SHT$$INIT_ARRAY$$Base</name>
         <value>0x0</value>
      </symbol>
      <symbol id="sm-1f60">
         <name>SHT$$INIT_ARRAY$$Limit</name>
         <value>0x0</value>
      </symbol>
      <symbol id="sm-1f61">
         <name>_system_post_cinit</name>
         <value>0x0</value>
      </symbol>
      <symbol id="sm-1f62">
         <name>remove</name>
         <value>0x220c4</value>
      </symbol>
   </symbol_table>
   <title>Link successful</title>
</link_info>
