<?xml version="1.0" encoding="ISO-8859-1" ?>
<link_info>
   <banner>TI ARM Linker PC v20.2.0.LTS</banner>
   <copyright>Copyright (c) 1996-2018 Texas Instruments Incorporated</copyright>
   <link_time>0x5eccd722</link_time>
   <link_errors>0x0</link_errors>
   <output_file>can.out</output_file>
   <entry_point>
      <name>_c_int00</name>
      <address>0x1e720</address>
   </entry_point>
   <input_file_list>
      <input_file id="fl-2">
         <path>.\libcsp\src\arch\</path>
         <kind>object</kind>
         <file>csp_system.obj</file>
         <name>csp_system.obj</name>
      </input_file>
      <input_file id="fl-3">
         <path>.\libcsp\src\arch\</path>
         <kind>object</kind>
         <file>csp_time.obj</file>
         <name>csp_time.obj</name>
      </input_file>
      <input_file id="fl-4">
         <path>.\libcsp\src\arch\freertos\</path>
         <kind>object</kind>
         <file>csp_clock.obj</file>
         <name>csp_clock.obj</name>
      </input_file>
      <input_file id="fl-5">
         <path>.\libcsp\src\arch\freertos\</path>
         <kind>object</kind>
         <file>csp_malloc.obj</file>
         <name>csp_malloc.obj</name>
      </input_file>
      <input_file id="fl-6">
         <path>.\libcsp\src\arch\freertos\</path>
         <kind>object</kind>
         <file>csp_queue.obj</file>
         <name>csp_queue.obj</name>
      </input_file>
      <input_file id="fl-7">
         <path>.\libcsp\src\arch\freertos\</path>
         <kind>object</kind>
         <file>csp_semaphore.obj</file>
         <name>csp_semaphore.obj</name>
      </input_file>
      <input_file id="fl-8">
         <path>.\libcsp\src\arch\freertos\</path>
         <kind>object</kind>
         <file>csp_system.obj</file>
         <name>csp_system.obj</name>
      </input_file>
      <input_file id="fl-9">
         <path>.\libcsp\src\arch\freertos\</path>
         <kind>object</kind>
         <file>csp_thread.obj</file>
         <name>csp_thread.obj</name>
      </input_file>
      <input_file id="fl-a">
         <path>.\libcsp\src\arch\freertos\</path>
         <kind>object</kind>
         <file>csp_time.obj</file>
         <name>csp_time.obj</name>
      </input_file>
      <input_file id="fl-b">
         <path>.\libcsp\src\crypto\</path>
         <kind>object</kind>
         <file>csp_hmac.obj</file>
         <name>csp_hmac.obj</name>
      </input_file>
      <input_file id="fl-c">
         <path>.\libcsp\src\crypto\</path>
         <kind>object</kind>
         <file>csp_sha1.obj</file>
         <name>csp_sha1.obj</name>
      </input_file>
      <input_file id="fl-d">
         <path>.\libcsp\src\crypto\</path>
         <kind>object</kind>
         <file>csp_xtea.obj</file>
         <name>csp_xtea.obj</name>
      </input_file>
      <input_file id="fl-e">
         <path>.\libcsp\src\</path>
         <kind>object</kind>
         <file>csp_bridge.obj</file>
         <name>csp_bridge.obj</name>
      </input_file>
      <input_file id="fl-f">
         <path>.\libcsp\src\</path>
         <kind>object</kind>
         <file>csp_buffer.obj</file>
         <name>csp_buffer.obj</name>
      </input_file>
      <input_file id="fl-10">
         <path>.\libcsp\src\</path>
         <kind>object</kind>
         <file>csp_conn.obj</file>
         <name>csp_conn.obj</name>
      </input_file>
      <input_file id="fl-11">
         <path>.\libcsp\src\</path>
         <kind>object</kind>
         <file>csp_crc32.obj</file>
         <name>csp_crc32.obj</name>
      </input_file>
      <input_file id="fl-12">
         <path>.\libcsp\src\</path>
         <kind>object</kind>
         <file>csp_debug.obj</file>
         <name>csp_debug.obj</name>
      </input_file>
      <input_file id="fl-13">
         <path>.\libcsp\src\</path>
         <kind>object</kind>
         <file>csp_dedup.obj</file>
         <name>csp_dedup.obj</name>
      </input_file>
      <input_file id="fl-14">
         <path>.\libcsp\src\</path>
         <kind>object</kind>
         <file>csp_endian.obj</file>
         <name>csp_endian.obj</name>
      </input_file>
      <input_file id="fl-15">
         <path>.\libcsp\src\</path>
         <kind>object</kind>
         <file>csp_hex_dump.obj</file>
         <name>csp_hex_dump.obj</name>
      </input_file>
      <input_file id="fl-16">
         <path>.\libcsp\src\</path>
         <kind>object</kind>
         <file>csp_iflist.obj</file>
         <name>csp_iflist.obj</name>
      </input_file>
      <input_file id="fl-17">
         <path>.\libcsp\src\</path>
         <kind>object</kind>
         <file>csp_init.obj</file>
         <name>csp_init.obj</name>
      </input_file>
      <input_file id="fl-18">
         <path>.\libcsp\src\</path>
         <kind>object</kind>
         <file>csp_io.obj</file>
         <name>csp_io.obj</name>
      </input_file>
      <input_file id="fl-19">
         <path>.\libcsp\src\</path>
         <kind>object</kind>
         <file>csp_port.obj</file>
         <name>csp_port.obj</name>
      </input_file>
      <input_file id="fl-1a">
         <path>.\libcsp\src\</path>
         <kind>object</kind>
         <file>csp_promisc.obj</file>
         <name>csp_promisc.obj</name>
      </input_file>
      <input_file id="fl-1b">
         <path>.\libcsp\src\</path>
         <kind>object</kind>
         <file>csp_qfifo.obj</file>
         <name>csp_qfifo.obj</name>
      </input_file>
      <input_file id="fl-1c">
         <path>.\libcsp\src\</path>
         <kind>object</kind>
         <file>csp_route.obj</file>
         <name>csp_route.obj</name>
      </input_file>
      <input_file id="fl-1d">
         <path>.\libcsp\src\</path>
         <kind>object</kind>
         <file>csp_service_handler.obj</file>
         <name>csp_service_handler.obj</name>
      </input_file>
      <input_file id="fl-1e">
         <path>.\libcsp\src\</path>
         <kind>object</kind>
         <file>csp_services.obj</file>
         <name>csp_services.obj</name>
      </input_file>
      <input_file id="fl-1f">
         <path>.\libcsp\src\</path>
         <kind>object</kind>
         <file>csp_sfp.obj</file>
         <name>csp_sfp.obj</name>
      </input_file>
      <input_file id="fl-20">
         <path>.\libcsp\src\</path>
         <kind>object</kind>
         <file>csp_strtok.obj</file>
         <name>csp_strtok.obj</name>
      </input_file>
      <input_file id="fl-21">
         <path>.\libcsp\src\drivers\can\</path>
         <kind>object</kind>
         <file>can.obj</file>
         <name>can.obj</name>
      </input_file>
      <input_file id="fl-22">
         <path>.\libcsp\src\interfaces\</path>
         <kind>object</kind>
         <file>csp_if_can.obj</file>
         <name>csp_if_can.obj</name>
      </input_file>
      <input_file id="fl-23">
         <path>.\libcsp\src\interfaces\</path>
         <kind>object</kind>
         <file>csp_if_can_pbuf.obj</file>
         <name>csp_if_can_pbuf.obj</name>
      </input_file>
      <input_file id="fl-24">
         <path>.\libcsp\src\interfaces\</path>
         <kind>object</kind>
         <file>csp_if_i2c.obj</file>
         <name>csp_if_i2c.obj</name>
      </input_file>
      <input_file id="fl-25">
         <path>.\libcsp\src\interfaces\</path>
         <kind>object</kind>
         <file>csp_if_kiss.obj</file>
         <name>csp_if_kiss.obj</name>
      </input_file>
      <input_file id="fl-26">
         <path>.\libcsp\src\interfaces\</path>
         <kind>object</kind>
         <file>csp_if_lo.obj</file>
         <name>csp_if_lo.obj</name>
      </input_file>
      <input_file id="fl-27">
         <path>.\libcsp\src\rtable\</path>
         <kind>object</kind>
         <file>csp_rtable.obj</file>
         <name>csp_rtable.obj</name>
      </input_file>
      <input_file id="fl-28">
         <path>.\libcsp\src\rtable\</path>
         <kind>object</kind>
         <file>csp_rtable_static.obj</file>
         <name>csp_rtable_static.obj</name>
      </input_file>
      <input_file id="fl-29">
         <path>.\libcsp\src\transport\</path>
         <kind>object</kind>
         <file>csp_rdp.obj</file>
         <name>csp_rdp.obj</name>
      </input_file>
      <input_file id="fl-2a">
         <path>.\libcsp\src\transport\</path>
         <kind>object</kind>
         <file>csp_udp.obj</file>
         <name>csp_udp.obj</name>
      </input_file>
      <input_file id="fl-2b">
         <path>.\source\</path>
         <kind>object</kind>
         <file>HL_adc.obj</file>
         <name>HL_adc.obj</name>
      </input_file>
      <input_file id="fl-2c">
         <path>.\source\</path>
         <kind>object</kind>
         <file>HL_can.obj</file>
         <name>HL_can.obj</name>
      </input_file>
      <input_file id="fl-2d">
         <path>.\source\</path>
         <kind>object</kind>
         <file>HL_crc.obj</file>
         <name>HL_crc.obj</name>
      </input_file>
      <input_file id="fl-2e">
         <path>.\source\</path>
         <kind>object</kind>
         <file>HL_dcc.obj</file>
         <name>HL_dcc.obj</name>
      </input_file>
      <input_file id="fl-2f">
         <path>.\source\</path>
         <kind>object</kind>
         <file>HL_ecap.obj</file>
         <name>HL_ecap.obj</name>
      </input_file>
      <input_file id="fl-30">
         <path>.\source\</path>
         <kind>object</kind>
         <file>HL_emac.obj</file>
         <name>HL_emac.obj</name>
      </input_file>
      <input_file id="fl-31">
         <path>.\source\</path>
         <kind>object</kind>
         <file>HL_emif.obj</file>
         <name>HL_emif.obj</name>
      </input_file>
      <input_file id="fl-32">
         <path>.\source\</path>
         <kind>object</kind>
         <file>HL_epc.obj</file>
         <name>HL_epc.obj</name>
      </input_file>
      <input_file id="fl-33">
         <path>.\source\</path>
         <kind>object</kind>
         <file>HL_eqep.obj</file>
         <name>HL_eqep.obj</name>
      </input_file>
      <input_file id="fl-34">
         <path>.\source\</path>
         <kind>object</kind>
         <file>HL_errata.obj</file>
         <name>HL_errata.obj</name>
      </input_file>
      <input_file id="fl-35">
         <path>.\source\</path>
         <kind>object</kind>
         <file>HL_errata_SSWF021_45.obj</file>
         <name>HL_errata_SSWF021_45.obj</name>
      </input_file>
      <input_file id="fl-36">
         <path>.\source\</path>
         <kind>object</kind>
         <file>HL_esm.obj</file>
         <name>HL_esm.obj</name>
      </input_file>
      <input_file id="fl-37">
         <path>.\source\</path>
         <kind>object</kind>
         <file>HL_etpwm.obj</file>
         <name>HL_etpwm.obj</name>
      </input_file>
      <input_file id="fl-38">
         <path>.\source\</path>
         <kind>object</kind>
         <file>HL_gio.obj</file>
         <name>HL_gio.obj</name>
      </input_file>
      <input_file id="fl-39">
         <path>.\source\</path>
         <kind>object</kind>
         <file>HL_het.obj</file>
         <name>HL_het.obj</name>
      </input_file>
      <input_file id="fl-3a">
         <path>.\source\</path>
         <kind>object</kind>
         <file>HL_i2c.obj</file>
         <name>HL_i2c.obj</name>
      </input_file>
      <input_file id="fl-3b">
         <path>.\source\</path>
         <kind>object</kind>
         <file>HL_mdio.obj</file>
         <name>HL_mdio.obj</name>
      </input_file>
      <input_file id="fl-3c">
         <path>.\source\</path>
         <kind>object</kind>
         <file>HL_mibspi.obj</file>
         <name>HL_mibspi.obj</name>
      </input_file>
      <input_file id="fl-3d">
         <path>.\source\</path>
         <kind>object</kind>
         <file>HL_nmpu.obj</file>
         <name>HL_nmpu.obj</name>
      </input_file>
      <input_file id="fl-3e">
         <path>.\source\</path>
         <kind>object</kind>
         <file>HL_notification.obj</file>
         <name>HL_notification.obj</name>
      </input_file>
      <input_file id="fl-3f">
         <path>.\source\</path>
         <kind>object</kind>
         <file>HL_phy_dp83640.obj</file>
         <name>HL_phy_dp83640.obj</name>
      </input_file>
      <input_file id="fl-40">
         <path>.\source\</path>
         <kind>object</kind>
         <file>HL_phy_tlk111.obj</file>
         <name>HL_phy_tlk111.obj</name>
      </input_file>
      <input_file id="fl-41">
         <path>.\source\</path>
         <kind>object</kind>
         <file>HL_pinmux.obj</file>
         <name>HL_pinmux.obj</name>
      </input_file>
      <input_file id="fl-42">
         <path>.\source\</path>
         <kind>object</kind>
         <file>HL_pom.obj</file>
         <name>HL_pom.obj</name>
      </input_file>
      <input_file id="fl-43">
         <path>.\source\</path>
         <kind>object</kind>
         <file>HL_sci.obj</file>
         <name>HL_sci.obj</name>
      </input_file>
      <input_file id="fl-44">
         <path>.\source\</path>
         <kind>object</kind>
         <file>HL_sys_core.obj</file>
         <name>HL_sys_core.obj</name>
      </input_file>
      <input_file id="fl-45">
         <path>.\source\</path>
         <kind>object</kind>
         <file>HL_sys_dma.obj</file>
         <name>HL_sys_dma.obj</name>
      </input_file>
      <input_file id="fl-46">
         <path>.\source\</path>
         <kind>object</kind>
         <file>HL_sys_intvecs.obj</file>
         <name>HL_sys_intvecs.obj</name>
      </input_file>
      <input_file id="fl-47">
         <path>.\source\</path>
         <kind>object</kind>
         <file>HL_sys_main.obj</file>
         <name>HL_sys_main.obj</name>
      </input_file>
      <input_file id="fl-48">
         <path>.\source\</path>
         <kind>object</kind>
         <file>HL_sys_mpu.obj</file>
         <name>HL_sys_mpu.obj</name>
      </input_file>
      <input_file id="fl-49">
         <path>.\source\</path>
         <kind>object</kind>
         <file>HL_sys_pcr.obj</file>
         <name>HL_sys_pcr.obj</name>
      </input_file>
      <input_file id="fl-4a">
         <path>.\source\</path>
         <kind>object</kind>
         <file>HL_sys_phantom.obj</file>
         <name>HL_sys_phantom.obj</name>
      </input_file>
      <input_file id="fl-4b">
         <path>.\source\</path>
         <kind>object</kind>
         <file>HL_sys_pmm.obj</file>
         <name>HL_sys_pmm.obj</name>
      </input_file>
      <input_file id="fl-4c">
         <path>.\source\</path>
         <kind>object</kind>
         <file>HL_sys_pmu.obj</file>
         <name>HL_sys_pmu.obj</name>
      </input_file>
      <input_file id="fl-4d">
         <path>.\source\</path>
         <kind>object</kind>
         <file>HL_sys_startup.obj</file>
         <name>HL_sys_startup.obj</name>
      </input_file>
      <input_file id="fl-4e">
         <path>.\source\</path>
         <kind>object</kind>
         <file>HL_sys_vim.obj</file>
         <name>HL_sys_vim.obj</name>
      </input_file>
      <input_file id="fl-4f">
         <path>.\source\</path>
         <kind>object</kind>
         <file>HL_system.obj</file>
         <name>HL_system.obj</name>
      </input_file>
      <input_file id="fl-50">
         <path>.\source\</path>
         <kind>object</kind>
         <file>os_croutine.obj</file>
         <name>os_croutine.obj</name>
      </input_file>
      <input_file id="fl-51">
         <path>.\source\</path>
         <kind>object</kind>
         <file>os_event_groups.obj</file>
         <name>os_event_groups.obj</name>
      </input_file>
      <input_file id="fl-52">
         <path>.\source\</path>
         <kind>object</kind>
         <file>os_heap.obj</file>
         <name>os_heap.obj</name>
      </input_file>
      <input_file id="fl-53">
         <path>.\source\</path>
         <kind>object</kind>
         <file>os_list.obj</file>
         <name>os_list.obj</name>
      </input_file>
      <input_file id="fl-54">
         <path>.\source\</path>
         <kind>object</kind>
         <file>os_mpu_wrappers.obj</file>
         <name>os_mpu_wrappers.obj</name>
      </input_file>
      <input_file id="fl-55">
         <path>.\source\</path>
         <kind>object</kind>
         <file>os_port.obj</file>
         <name>os_port.obj</name>
      </input_file>
      <input_file id="fl-56">
         <path>.\source\</path>
         <kind>object</kind>
         <file>os_portasm.obj</file>
         <name>os_portasm.obj</name>
      </input_file>
      <input_file id="fl-57">
         <path>.\source\</path>
         <kind>object</kind>
         <file>os_queue.obj</file>
         <name>os_queue.obj</name>
      </input_file>
      <input_file id="fl-58">
         <path>.\source\</path>
         <kind>object</kind>
         <file>os_tasks.obj</file>
         <name>os_tasks.obj</name>
      </input_file>
      <input_file id="fl-59">
         <path>.\source\</path>
         <kind>object</kind>
         <file>os_timer.obj</file>
         <name>os_timer.obj</name>
      </input_file>
      <input_file id="fl-5d">
         <kind>object</kind>
         <file>&lt;internal&gt;</file>
         <name>&lt;internal&gt;</name>
      </input_file>
      <input_file id="fl-113">
         <path>C:\ti\ccs1000\ccs\tools\compiler\ti-cgt-arm_20.2.0.LTS\lib\</path>
         <kind>archive</kind>
         <file>rtsv7R4_A_be_v3D16_eabi.lib</file>
         <name>printf.c.obj</name>
      </input_file>
      <input_file id="fl-114">
         <path>C:\ti\ccs1000\ccs\tools\compiler\ti-cgt-arm_20.2.0.LTS\lib\</path>
         <kind>archive</kind>
         <file>rtsv7R4_A_be_v3D16_eabi.lib</file>
         <name>fprintf.c.obj</name>
      </input_file>
      <input_file id="fl-115">
         <path>C:\ti\ccs1000\ccs\tools\compiler\ti-cgt-arm_20.2.0.LTS\lib\</path>
         <kind>archive</kind>
         <file>rtsv7R4_A_be_v3D16_eabi.lib</file>
         <name>_printfi.c.obj</name>
      </input_file>
      <input_file id="fl-116">
         <path>C:\ti\ccs1000\ccs\tools\compiler\ti-cgt-arm_20.2.0.LTS\lib\</path>
         <kind>archive</kind>
         <file>rtsv7R4_A_be_v3D16_eabi.lib</file>
         <name>snprintf.c.obj</name>
      </input_file>
      <input_file id="fl-117">
         <path>C:\ti\ccs1000\ccs\tools\compiler\ti-cgt-arm_20.2.0.LTS\lib\</path>
         <kind>archive</kind>
         <file>rtsv7R4_A_be_v3D16_eabi.lib</file>
         <name>sprintf.c.obj</name>
      </input_file>
      <input_file id="fl-118">
         <path>C:\ti\ccs1000\ccs\tools\compiler\ti-cgt-arm_20.2.0.LTS\lib\</path>
         <kind>archive</kind>
         <file>rtsv7R4_A_be_v3D16_eabi.lib</file>
         <name>sscanf.c.obj</name>
      </input_file>
      <input_file id="fl-119">
         <path>C:\ti\ccs1000\ccs\tools\compiler\ti-cgt-arm_20.2.0.LTS\lib\</path>
         <kind>archive</kind>
         <file>rtsv7R4_A_be_v3D16_eabi.lib</file>
         <name>fflush.c.obj</name>
      </input_file>
      <input_file id="fl-11a">
         <path>C:\ti\ccs1000\ccs\tools\compiler\ti-cgt-arm_20.2.0.LTS\lib\</path>
         <kind>archive</kind>
         <file>rtsv7R4_A_be_v3D16_eabi.lib</file>
         <name>fputc.c.obj</name>
      </input_file>
      <input_file id="fl-11b">
         <path>C:\ti\ccs1000\ccs\tools\compiler\ti-cgt-arm_20.2.0.LTS\lib\</path>
         <kind>archive</kind>
         <file>rtsv7R4_A_be_v3D16_eabi.lib</file>
         <name>fputs.c.obj</name>
      </input_file>
      <input_file id="fl-11c">
         <path>C:\ti\ccs1000\ccs\tools\compiler\ti-cgt-arm_20.2.0.LTS\lib\</path>
         <kind>archive</kind>
         <file>rtsv7R4_A_be_v3D16_eabi.lib</file>
         <name>_io_perm.c.obj</name>
      </input_file>
      <input_file id="fl-11d">
         <path>C:\ti\ccs1000\ccs\tools\compiler\ti-cgt-arm_20.2.0.LTS\lib\</path>
         <kind>archive</kind>
         <file>rtsv7R4_A_be_v3D16_eabi.lib</file>
         <name>setvbuf.c.obj</name>
      </input_file>
      <input_file id="fl-11e">
         <path>C:\ti\ccs1000\ccs\tools\compiler\ti-cgt-arm_20.2.0.LTS\lib\</path>
         <kind>archive</kind>
         <file>rtsv7R4_A_be_v3D16_eabi.lib</file>
         <name>s_floor.c.obj</name>
      </input_file>
      <input_file id="fl-11f">
         <path>C:\ti\ccs1000\ccs\tools\compiler\ti-cgt-arm_20.2.0.LTS\lib\</path>
         <kind>archive</kind>
         <file>rtsv7R4_A_be_v3D16_eabi.lib</file>
         <name>s_frexp.c.obj</name>
      </input_file>
      <input_file id="fl-120">
         <path>C:\ti\ccs1000\ccs\tools\compiler\ti-cgt-arm_20.2.0.LTS\lib\</path>
         <kind>archive</kind>
         <file>rtsv7R4_A_be_v3D16_eabi.lib</file>
         <name>s_scalbn.c.obj</name>
      </input_file>
      <input_file id="fl-121">
         <path>C:\ti\ccs1000\ccs\tools\compiler\ti-cgt-arm_20.2.0.LTS\lib\</path>
         <kind>archive</kind>
         <file>rtsv7R4_A_be_v3D16_eabi.lib</file>
         <name>s_copysign.c.obj</name>
      </input_file>
      <input_file id="fl-122">
         <path>C:\ti\ccs1000\ccs\tools\compiler\ti-cgt-arm_20.2.0.LTS\lib\</path>
         <kind>archive</kind>
         <file>rtsv7R4_A_be_v3D16_eabi.lib</file>
         <name>vla_alloc.c.obj</name>
      </input_file>
      <input_file id="fl-123">
         <path>C:\ti\ccs1000\ccs\tools\compiler\ti-cgt-arm_20.2.0.LTS\lib\</path>
         <kind>archive</kind>
         <file>rtsv7R4_A_be_v3D16_eabi.lib</file>
         <name>wcslen.c.obj</name>
      </input_file>
      <input_file id="fl-124">
         <path>C:\ti\ccs1000\ccs\tools\compiler\ti-cgt-arm_20.2.0.LTS\lib\</path>
         <kind>archive</kind>
         <file>rtsv7R4_A_be_v3D16_eabi.lib</file>
         <name>memset32.asm.obj</name>
      </input_file>
      <input_file id="fl-125">
         <path>C:\ti\ccs1000\ccs\tools\compiler\ti-cgt-arm_20.2.0.LTS\lib\</path>
         <kind>archive</kind>
         <file>rtsv7R4_A_be_v3D16_eabi.lib</file>
         <name>i_div32.asm.obj</name>
      </input_file>
      <input_file id="fl-126">
         <path>C:\ti\ccs1000\ccs\tools\compiler\ti-cgt-arm_20.2.0.LTS\lib\</path>
         <kind>archive</kind>
         <file>rtsv7R4_A_be_v3D16_eabi.lib</file>
         <name>u_div32.asm.obj</name>
      </input_file>
      <input_file id="fl-127">
         <path>C:\ti\ccs1000\ccs\tools\compiler\ti-cgt-arm_20.2.0.LTS\lib\</path>
         <kind>archive</kind>
         <file>rtsv7R4_A_be_v3D16_eabi.lib</file>
         <name>memcpy32.asm.obj</name>
      </input_file>
      <input_file id="fl-128">
         <path>C:\ti\ccs1000\ccs\tools\compiler\ti-cgt-arm_20.2.0.LTS\lib\</path>
         <kind>archive</kind>
         <file>rtsv7R4_A_be_v3D16_eabi.lib</file>
         <name>ull_div32.asm.obj</name>
      </input_file>
      <input_file id="fl-129">
         <path>C:\ti\ccs1000\ccs\tools\compiler\ti-cgt-arm_20.2.0.LTS\lib\</path>
         <kind>archive</kind>
         <file>rtsv7R4_A_be_v3D16_eabi.lib</file>
         <name>autoinit.c.obj</name>
      </input_file>
      <input_file id="fl-12a">
         <path>C:\ti\ccs1000\ccs\tools\compiler\ti-cgt-arm_20.2.0.LTS\lib\</path>
         <kind>archive</kind>
         <file>rtsv7R4_A_be_v3D16_eabi.lib</file>
         <name>cpy_tbl.c.obj</name>
      </input_file>
      <input_file id="fl-12b">
         <path>C:\ti\ccs1000\ccs\tools\compiler\ti-cgt-arm_20.2.0.LTS\lib\</path>
         <kind>archive</kind>
         <file>rtsv7R4_A_be_v3D16_eabi.lib</file>
         <name>copy_zero_init.c.obj</name>
      </input_file>
      <input_file id="fl-12c">
         <path>C:\ti\ccs1000\ccs\tools\compiler\ti-cgt-arm_20.2.0.LTS\lib\</path>
         <kind>archive</kind>
         <file>rtsv7R4_A_be_v3D16_eabi.lib</file>
         <name>copy_decompress_none.c.obj</name>
      </input_file>
      <input_file id="fl-12d">
         <path>C:\ti\ccs1000\ccs\tools\compiler\ti-cgt-arm_20.2.0.LTS\lib\</path>
         <kind>archive</kind>
         <file>rtsv7R4_A_be_v3D16_eabi.lib</file>
         <name>copy_decompress_lzss.c.obj</name>
      </input_file>
      <input_file id="fl-12e">
         <path>C:\ti\ccs1000\ccs\tools\compiler\ti-cgt-arm_20.2.0.LTS\lib\</path>
         <kind>archive</kind>
         <file>rtsv7R4_A_be_v3D16_eabi.lib</file>
         <name>exit.c.obj</name>
      </input_file>
      <input_file id="fl-12f">
         <path>C:\ti\ccs1000\ccs\tools\compiler\ti-cgt-arm_20.2.0.LTS\lib\</path>
         <kind>archive</kind>
         <file>rtsv7R4_A_be_v3D16_eabi.lib</file>
         <name>_lock.c.obj</name>
      </input_file>
      <input_file id="fl-130">
         <path>C:\ti\ccs1000\ccs\tools\compiler\ti-cgt-arm_20.2.0.LTS\lib\</path>
         <kind>archive</kind>
         <file>rtsv7R4_A_be_v3D16_eabi.lib</file>
         <name>_ltoa.c.obj</name>
      </input_file>
      <input_file id="fl-131">
         <path>C:\ti\ccs1000\ccs\tools\compiler\ti-cgt-arm_20.2.0.LTS\lib\</path>
         <kind>archive</kind>
         <file>rtsv7R4_A_be_v3D16_eabi.lib</file>
         <name>atoi.c.obj</name>
      </input_file>
      <input_file id="fl-132">
         <path>C:\ti\ccs1000\ccs\tools\compiler\ti-cgt-arm_20.2.0.LTS\lib\</path>
         <kind>archive</kind>
         <file>rtsv7R4_A_be_v3D16_eabi.lib</file>
         <name>ctype.c.obj</name>
      </input_file>
      <input_file id="fl-133">
         <path>C:\ti\ccs1000\ccs\tools\compiler\ti-cgt-arm_20.2.0.LTS\lib\</path>
         <kind>archive</kind>
         <file>rtsv7R4_A_be_v3D16_eabi.lib</file>
         <name>defs.c.obj</name>
      </input_file>
      <input_file id="fl-134">
         <path>C:\ti\ccs1000\ccs\tools\compiler\ti-cgt-arm_20.2.0.LTS\lib\</path>
         <kind>archive</kind>
         <file>rtsv7R4_A_be_v3D16_eabi.lib</file>
         <name>memccpy.c.obj</name>
      </input_file>
      <input_file id="fl-135">
         <path>C:\ti\ccs1000\ccs\tools\compiler\ti-cgt-arm_20.2.0.LTS\lib\</path>
         <kind>archive</kind>
         <file>rtsv7R4_A_be_v3D16_eabi.lib</file>
         <name>memchr.c.obj</name>
      </input_file>
      <input_file id="fl-136">
         <path>C:\ti\ccs1000\ccs\tools\compiler\ti-cgt-arm_20.2.0.LTS\lib\</path>
         <kind>archive</kind>
         <file>rtsv7R4_A_be_v3D16_eabi.lib</file>
         <name>memcmp.c.obj</name>
      </input_file>
      <input_file id="fl-137">
         <path>C:\ti\ccs1000\ccs\tools\compiler\ti-cgt-arm_20.2.0.LTS\lib\</path>
         <kind>archive</kind>
         <file>rtsv7R4_A_be_v3D16_eabi.lib</file>
         <name>memory.c.obj</name>
      </input_file>
      <input_file id="fl-138">
         <path>C:\ti\ccs1000\ccs\tools\compiler\ti-cgt-arm_20.2.0.LTS\lib\</path>
         <kind>archive</kind>
         <file>rtsv7R4_A_be_v3D16_eabi.lib</file>
         <name>rand.c.obj</name>
      </input_file>
      <input_file id="fl-139">
         <path>C:\ti\ccs1000\ccs\tools\compiler\ti-cgt-arm_20.2.0.LTS\lib\</path>
         <kind>archive</kind>
         <file>rtsv7R4_A_be_v3D16_eabi.lib</file>
         <name>strcasecmp.c.obj</name>
      </input_file>
      <input_file id="fl-13a">
         <path>C:\ti\ccs1000\ccs\tools\compiler\ti-cgt-arm_20.2.0.LTS\lib\</path>
         <kind>archive</kind>
         <file>rtsv7R4_A_be_v3D16_eabi.lib</file>
         <name>strchr.c.obj</name>
      </input_file>
      <input_file id="fl-13b">
         <path>C:\ti\ccs1000\ccs\tools\compiler\ti-cgt-arm_20.2.0.LTS\lib\</path>
         <kind>archive</kind>
         <file>rtsv7R4_A_be_v3D16_eabi.lib</file>
         <name>strcpy.c.obj</name>
      </input_file>
      <input_file id="fl-13c">
         <path>C:\ti\ccs1000\ccs\tools\compiler\ti-cgt-arm_20.2.0.LTS\lib\</path>
         <kind>archive</kind>
         <file>rtsv7R4_A_be_v3D16_eabi.lib</file>
         <name>strcspn.c.obj</name>
      </input_file>
      <input_file id="fl-13d">
         <path>C:\ti\ccs1000\ccs\tools\compiler\ti-cgt-arm_20.2.0.LTS\lib\</path>
         <kind>archive</kind>
         <file>rtsv7R4_A_be_v3D16_eabi.lib</file>
         <name>strlen.c.obj</name>
      </input_file>
      <input_file id="fl-13e">
         <path>C:\ti\ccs1000\ccs\tools\compiler\ti-cgt-arm_20.2.0.LTS\lib\</path>
         <kind>archive</kind>
         <file>rtsv7R4_A_be_v3D16_eabi.lib</file>
         <name>strncasecmp.c.obj</name>
      </input_file>
      <input_file id="fl-13f">
         <path>C:\ti\ccs1000\ccs\tools\compiler\ti-cgt-arm_20.2.0.LTS\lib\</path>
         <kind>archive</kind>
         <file>rtsv7R4_A_be_v3D16_eabi.lib</file>
         <name>strncat.c.obj</name>
      </input_file>
      <input_file id="fl-140">
         <path>C:\ti\ccs1000\ccs\tools\compiler\ti-cgt-arm_20.2.0.LTS\lib\</path>
         <kind>archive</kind>
         <file>rtsv7R4_A_be_v3D16_eabi.lib</file>
         <name>strncpy.c.obj</name>
      </input_file>
      <input_file id="fl-141">
         <path>C:\ti\ccs1000\ccs\tools\compiler\ti-cgt-arm_20.2.0.LTS\lib\</path>
         <kind>archive</kind>
         <file>rtsv7R4_A_be_v3D16_eabi.lib</file>
         <name>strspn.c.obj</name>
      </input_file>
      <input_file id="fl-142">
         <path>C:\ti\ccs1000\ccs\tools\compiler\ti-cgt-arm_20.2.0.LTS\lib\</path>
         <kind>archive</kind>
         <file>rtsv7R4_A_be_v3D16_eabi.lib</file>
         <name>write.c.obj</name>
      </input_file>
      <input_file id="fl-143">
         <path>C:\ti\ccs1000\ccs\tools\compiler\ti-cgt-arm_20.2.0.LTS\lib\</path>
         <kind>archive</kind>
         <file>rtsv7R4_A_be_v3D16_eabi.lib</file>
         <name>host_device.c.obj</name>
      </input_file>
      <input_file id="fl-144">
         <path>C:\ti\ccs1000\ccs\tools\compiler\ti-cgt-arm_20.2.0.LTS\lib\</path>
         <kind>archive</kind>
         <file>rtsv7R4_A_be_v3D16_eabi.lib</file>
         <name>errno.c.obj</name>
      </input_file>
      <input_file id="fl-145">
         <path>C:\ti\ccs1000\ccs\tools\compiler\ti-cgt-arm_20.2.0.LTS\lib\</path>
         <kind>archive</kind>
         <file>rtsv7R4_A_be_v3D16_eabi.lib</file>
         <name>_scanfi.c.obj</name>
      </input_file>
      <input_file id="fl-146">
         <path>C:\ti\ccs1000\ccs\tools\compiler\ti-cgt-arm_20.2.0.LTS\lib\</path>
         <kind>archive</kind>
         <file>rtsv7R4_A_be_v3D16_eabi.lib</file>
         <name>fopen.c.obj</name>
      </input_file>
      <input_file id="fl-147">
         <path>C:\ti\ccs1000\ccs\tools\compiler\ti-cgt-arm_20.2.0.LTS\lib\</path>
         <kind>archive</kind>
         <file>rtsv7R4_A_be_v3D16_eabi.lib</file>
         <name>fseek.c.obj</name>
      </input_file>
      <input_file id="fl-148">
         <path>C:\ti\ccs1000\ccs\tools\compiler\ti-cgt-arm_20.2.0.LTS\lib\</path>
         <kind>archive</kind>
         <file>rtsv7R4_A_be_v3D16_eabi.lib</file>
         <name>error.c.obj</name>
      </input_file>
      <input_file id="fl-149">
         <path>C:\ti\ccs1000\ccs\tools\compiler\ti-cgt-arm_20.2.0.LTS\lib\</path>
         <kind>archive</kind>
         <file>rtsv7R4_A_be_v3D16_eabi.lib</file>
         <name>div0.asm.obj</name>
      </input_file>
      <input_file id="fl-14a">
         <path>C:\ti\ccs1000\ccs\tools\compiler\ti-cgt-arm_20.2.0.LTS\lib\</path>
         <kind>archive</kind>
         <file>rtsv7R4_A_be_v3D16_eabi.lib</file>
         <name>strrchr.c.obj</name>
      </input_file>
      <input_file id="fl-14b">
         <path>C:\ti\ccs1000\ccs\tools\compiler\ti-cgt-arm_20.2.0.LTS\lib\</path>
         <kind>archive</kind>
         <file>rtsv7R4_A_be_v3D16_eabi.lib</file>
         <name>strtod.c.obj</name>
      </input_file>
      <input_file id="fl-14c">
         <path>C:\ti\ccs1000\ccs\tools\compiler\ti-cgt-arm_20.2.0.LTS\lib\</path>
         <kind>archive</kind>
         <file>rtsv7R4_A_be_v3D16_eabi.lib</file>
         <name>strtol.c.obj</name>
      </input_file>
      <input_file id="fl-14d">
         <path>C:\ti\ccs1000\ccs\tools\compiler\ti-cgt-arm_20.2.0.LTS\lib\</path>
         <kind>archive</kind>
         <file>rtsv7R4_A_be_v3D16_eabi.lib</file>
         <name>strtoll.c.obj</name>
      </input_file>
      <input_file id="fl-14e">
         <path>C:\ti\ccs1000\ccs\tools\compiler\ti-cgt-arm_20.2.0.LTS\lib\</path>
         <kind>archive</kind>
         <file>rtsv7R4_A_be_v3D16_eabi.lib</file>
         <name>strtoul.c.obj</name>
      </input_file>
      <input_file id="fl-14f">
         <path>C:\ti\ccs1000\ccs\tools\compiler\ti-cgt-arm_20.2.0.LTS\lib\</path>
         <kind>archive</kind>
         <file>rtsv7R4_A_be_v3D16_eabi.lib</file>
         <name>strtoull.c.obj</name>
      </input_file>
      <input_file id="fl-150">
         <path>C:\ti\ccs1000\ccs\tools\compiler\ti-cgt-arm_20.2.0.LTS\lib\</path>
         <kind>archive</kind>
         <file>rtsv7R4_A_be_v3D16_eabi.lib</file>
         <name>hostclose.c.obj</name>
      </input_file>
      <input_file id="fl-151">
         <path>C:\ti\ccs1000\ccs\tools\compiler\ti-cgt-arm_20.2.0.LTS\lib\</path>
         <kind>archive</kind>
         <file>rtsv7R4_A_be_v3D16_eabi.lib</file>
         <name>hostlseek.c.obj</name>
      </input_file>
      <input_file id="fl-152">
         <path>C:\ti\ccs1000\ccs\tools\compiler\ti-cgt-arm_20.2.0.LTS\lib\</path>
         <kind>archive</kind>
         <file>rtsv7R4_A_be_v3D16_eabi.lib</file>
         <name>hostopen.c.obj</name>
      </input_file>
      <input_file id="fl-153">
         <path>C:\ti\ccs1000\ccs\tools\compiler\ti-cgt-arm_20.2.0.LTS\lib\</path>
         <kind>archive</kind>
         <file>rtsv7R4_A_be_v3D16_eabi.lib</file>
         <name>hostread.c.obj</name>
      </input_file>
      <input_file id="fl-154">
         <path>C:\ti\ccs1000\ccs\tools\compiler\ti-cgt-arm_20.2.0.LTS\lib\</path>
         <kind>archive</kind>
         <file>rtsv7R4_A_be_v3D16_eabi.lib</file>
         <name>hostrename.c.obj</name>
      </input_file>
      <input_file id="fl-155">
         <path>C:\ti\ccs1000\ccs\tools\compiler\ti-cgt-arm_20.2.0.LTS\lib\</path>
         <kind>archive</kind>
         <file>rtsv7R4_A_be_v3D16_eabi.lib</file>
         <name>hostunlink.c.obj</name>
      </input_file>
      <input_file id="fl-156">
         <path>C:\ti\ccs1000\ccs\tools\compiler\ti-cgt-arm_20.2.0.LTS\lib\</path>
         <kind>archive</kind>
         <file>rtsv7R4_A_be_v3D16_eabi.lib</file>
         <name>hostwrite.c.obj</name>
      </input_file>
      <input_file id="fl-157">
         <path>C:\ti\ccs1000\ccs\tools\compiler\ti-cgt-arm_20.2.0.LTS\lib\</path>
         <kind>archive</kind>
         <file>rtsv7R4_A_be_v3D16_eabi.lib</file>
         <name>trgmsg.c.obj</name>
      </input_file>
      <input_file id="fl-158">
         <path>C:\ti\ccs1000\ccs\tools\compiler\ti-cgt-arm_20.2.0.LTS\lib\</path>
         <kind>archive</kind>
         <file>rtsv7R4_A_be_v3D16_eabi.lib</file>
         <name>open.c.obj</name>
      </input_file>
      <input_file id="fl-159">
         <path>C:\ti\ccs1000\ccs\tools\compiler\ti-cgt-arm_20.2.0.LTS\lib\</path>
         <kind>archive</kind>
         <file>rtsv7R4_A_be_v3D16_eabi.lib</file>
         <name>lseek.c.obj</name>
      </input_file>
      <input_file id="fl-15a">
         <path>C:\ti\ccs1000\ccs\tools\compiler\ti-cgt-arm_20.2.0.LTS\lib\</path>
         <kind>archive</kind>
         <file>rtsv7R4_A_be_v3D16_eabi.lib</file>
         <name>fclose.c.obj</name>
      </input_file>
      <input_file id="fl-15b">
         <path>C:\ti\ccs1000\ccs\tools\compiler\ti-cgt-arm_20.2.0.LTS\lib\</path>
         <kind>archive</kind>
         <file>rtsv7R4_A_be_v3D16_eabi.lib</file>
         <name>getdevice.c.obj</name>
      </input_file>
      <input_file id="fl-15c">
         <path>C:\ti\ccs1000\ccs\tools\compiler\ti-cgt-arm_20.2.0.LTS\lib\</path>
         <kind>archive</kind>
         <file>rtsv7R4_A_be_v3D16_eabi.lib</file>
         <name>strcmp.c.obj</name>
      </input_file>
      <input_file id="fl-15d">
         <path>C:\ti\ccs1000\ccs\tools\compiler\ti-cgt-arm_20.2.0.LTS\lib\</path>
         <kind>archive</kind>
         <file>rtsv7R4_A_be_v3D16_eabi.lib</file>
         <name>remove.c.obj</name>
      </input_file>
      <input_file id="fl-15e">
         <path>C:\ti\ccs1000\ccs\tools\compiler\ti-cgt-arm_20.2.0.LTS\lib\</path>
         <kind>archive</kind>
         <file>rtsv7R4_A_be_v3D16_eabi.lib</file>
         <name>close.c.obj</name>
      </input_file>
      <input_file id="fl-15f">
         <path>C:\ti\ccs1000\ccs\tools\compiler\ti-cgt-arm_20.2.0.LTS\lib\</path>
         <kind>archive</kind>
         <file>rtsv7R4_A_be_v3D16_eabi.lib</file>
         <name>unlink.c.obj</name>
      </input_file>
   </input_file_list>
   <object_component_list>
      <object_component id="oc-33">
         <name>.intvecs</name>
         <load_address>0x0</load_address>
         <run_address>0x0</run_address>
         <size>0x20</size>
         <input_file_ref idref="fl-46"/>
      </object_component>
      <object_component id="oc-196">
         <name>.kernelTEXT</name>
         <load_address>0x20</load_address>
         <run_address>0x20</run_address>
         <size>0x35a0</size>
         <input_file_ref idref="fl-58"/>
      </object_component>
      <object_component id="oc-3e7">
         <name>.kernelTEXT</name>
         <load_address>0x35c0</load_address>
         <run_address>0x35c0</run_address>
         <size>0x13c4</size>
         <input_file_ref idref="fl-57"/>
      </object_component>
      <object_component id="oc-3ed">
         <name>.kernelTEXT</name>
         <load_address>0x4984</load_address>
         <run_address>0x4984</run_address>
         <size>0x858</size>
         <input_file_ref idref="fl-51"/>
      </object_component>
      <object_component id="oc-b2">
         <name>.kernelTEXT</name>
         <load_address>0x51dc</load_address>
         <run_address>0x51dc</run_address>
         <size>0x4b0</size>
         <input_file_ref idref="fl-56"/>
      </object_component>
      <object_component id="oc-414">
         <name>.kernelTEXT</name>
         <load_address>0x568c</load_address>
         <run_address>0x568c</run_address>
         <size>0x3dc</size>
         <input_file_ref idref="fl-55"/>
      </object_component>
      <object_component id="oc-1cb">
         <name>.kernelTEXT</name>
         <load_address>0x5a68</load_address>
         <run_address>0x5a68</run_address>
         <size>0x37c</size>
         <input_file_ref idref="fl-52"/>
      </object_component>
      <object_component id="oc-a04">
         <name>.cinit..data.load</name>
         <load_address>0x6600</load_address>
         <run_address>0x6600</run_address>
         <size>0x9a</size>
      </object_component>
      <object_component id="oc-9ff">
         <name>__TI_handler_table</name>
         <load_address>0x669c</load_address>
         <run_address>0x669c</run_address>
         <size>0xc</size>
      </object_component>
      <object_component id="oc-a01">
         <name>.cinit..kernelBSS.load</name>
         <load_address>0x66a8</load_address>
         <run_address>0x66a8</run_address>
         <size>0x9</size>
      </object_component>
      <object_component id="oc-a03">
         <name>.cinit..bss.load</name>
         <load_address>0x66b8</load_address>
         <run_address>0x66b8</run_address>
         <size>0x8</size>
      </object_component>
      <object_component id="oc-a02">
         <name>.cinit..kernelHEAP.load</name>
         <load_address>0x66c0</load_address>
         <run_address>0x66c0</run_address>
         <size>0x8</size>
      </object_component>
      <object_component id="oc-a00">
         <name>__TI_cinit_table</name>
         <load_address>0x66c8</load_address>
         <run_address>0x66c8</run_address>
         <size>0x20</size>
      </object_component>
      <object_component id="oc-2a7">
         <name>.text</name>
         <load_address>0x8020</load_address>
         <run_address>0x8020</run_address>
         <size>0x35b4</size>
         <input_file_ref idref="fl-29"/>
      </object_component>
      <object_component id="oc-1bf">
         <name>.text</name>
         <load_address>0xb5d4</load_address>
         <run_address>0xb5d4</run_address>
         <size>0x1284</size>
         <input_file_ref idref="fl-2c"/>
      </object_component>
      <object_component id="oc-642">
         <name>.text:__TI_scanfi</name>
         <load_address>0xc858</load_address>
         <run_address>0xc858</run_address>
         <size>0x11d4</size>
         <input_file_ref idref="fl-145"/>
      </object_component>
      <object_component id="oc-160">
         <name>.text</name>
         <load_address>0xda2c</load_address>
         <run_address>0xda2c</run_address>
         <size>0x1024</size>
         <input_file_ref idref="fl-10"/>
      </object_component>
      <object_component id="oc-380">
         <name>.text:__TI_printfi</name>
         <load_address>0xea50</load_address>
         <run_address>0xea50</run_address>
         <size>0xfac</size>
         <input_file_ref idref="fl-115"/>
      </object_component>
      <object_component id="oc-4dd">
         <name>.text</name>
         <load_address>0xf9fc</load_address>
         <run_address>0xf9fc</run_address>
         <size>0xdb8</size>
         <input_file_ref idref="fl-c"/>
      </object_component>
      <object_component id="oc-142">
         <name>.text</name>
         <load_address>0x107b4</load_address>
         <run_address>0x107b4</run_address>
         <size>0xc8c</size>
         <input_file_ref idref="fl-18"/>
      </object_component>
      <object_component id="oc-190">
         <name>.text</name>
         <load_address>0x11440</load_address>
         <run_address>0x11440</run_address>
         <size>0xadc</size>
         <input_file_ref idref="fl-54"/>
      </object_component>
      <object_component id="oc-ee">
         <name>.text</name>
         <load_address>0x11f1c</load_address>
         <run_address>0x11f1c</run_address>
         <size>0x9c0</size>
         <input_file_ref idref="fl-41"/>
      </object_component>
      <object_component id="oc-75">
         <name>.text</name>
         <load_address>0x128dc</load_address>
         <run_address>0x128dc</run_address>
         <size>0x99c</size>
         <input_file_ref idref="fl-4f"/>
      </object_component>
      <object_component id="oc-184">
         <name>.text</name>
         <load_address>0x13278</load_address>
         <run_address>0x13278</run_address>
         <size>0x984</size>
         <input_file_ref idref="fl-1c"/>
      </object_component>
      <object_component id="oc-3f">
         <name>.text</name>
         <load_address>0x13bfc</load_address>
         <run_address>0x13bfc</run_address>
         <size>0x93c</size>
         <input_file_ref idref="fl-4e"/>
      </object_component>
      <object_component id="oc-15a">
         <name>.text</name>
         <load_address>0x14538</load_address>
         <run_address>0x14538</run_address>
         <size>0x91c</size>
         <input_file_ref idref="fl-1d"/>
      </object_component>
      <object_component id="oc-16c">
         <name>.text</name>
         <load_address>0x14e54</load_address>
         <run_address>0x14e54</run_address>
         <size>0x850</size>
         <input_file_ref idref="fl-1e"/>
      </object_component>
      <object_component id="oc-8d">
         <name>.text</name>
         <load_address>0x156a4</load_address>
         <run_address>0x156a4</run_address>
         <size>0x78c</size>
         <input_file_ref idref="fl-36"/>
      </object_component>
      <object_component id="oc-18a">
         <name>.text</name>
         <load_address>0x15e30</load_address>
         <run_address>0x15e30</run_address>
         <size>0x76c</size>
         <input_file_ref idref="fl-27"/>
      </object_component>
      <object_component id="oc-1c5">
         <name>.text</name>
         <load_address>0x1659c</load_address>
         <run_address>0x1659c</run_address>
         <size>0x710</size>
         <input_file_ref idref="fl-22"/>
      </object_component>
      <object_component id="oc-7b">
         <name>.text</name>
         <load_address>0x16cac</load_address>
         <run_address>0x16cac</run_address>
         <size>0x664</size>
         <input_file_ref idref="fl-35"/>
      </object_component>
      <object_component id="oc-154">
         <name>.text</name>
         <load_address>0x17310</load_address>
         <run_address>0x17310</run_address>
         <size>0x644</size>
         <input_file_ref idref="fl-f"/>
      </object_component>
      <object_component id="oc-2b3">
         <name>.text</name>
         <load_address>0x17954</load_address>
         <run_address>0x17954</run_address>
         <size>0x624</size>
         <input_file_ref idref="fl-d"/>
      </object_component>
      <object_component id="oc-99">
         <name>.text</name>
         <load_address>0x17f78</load_address>
         <run_address>0x17f78</run_address>
         <size>0x5a4</size>
         <input_file_ref idref="fl-47"/>
      </object_component>
      <object_component id="oc-826">
         <name>.text:strtod</name>
         <load_address>0x1851c</load_address>
         <run_address>0x1851c</run_address>
         <size>0x54c</size>
         <input_file_ref idref="fl-14b"/>
      </object_component>
      <object_component id="oc-2ad">
         <name>.text</name>
         <load_address>0x18a68</load_address>
         <run_address>0x18a68</run_address>
         <size>0x4cc</size>
         <input_file_ref idref="fl-b"/>
      </object_component>
      <object_component id="oc-70">
         <name>.text</name>
         <load_address>0x18f34</load_address>
         <run_address>0x18f34</run_address>
         <size>0x3c4</size>
         <input_file_ref idref="fl-44"/>
      </object_component>
      <object_component id="oc-30d">
         <name>.text</name>
         <load_address>0x192f8</load_address>
         <run_address>0x192f8</run_address>
         <size>0x37c</size>
         <input_file_ref idref="fl-16"/>
      </object_component>
      <object_component id="oc-93">
         <name>.text</name>
         <load_address>0x19674</load_address>
         <run_address>0x19674</run_address>
         <size>0x36c</size>
         <input_file_ref idref="fl-48"/>
      </object_component>
      <object_component id="oc-3a0">
         <name>.text</name>
         <load_address>0x199e0</load_address>
         <run_address>0x199e0</run_address>
         <size>0x350</size>
         <input_file_ref idref="fl-1b"/>
      </object_component>
      <object_component id="oc-3e">
         <name>.text:retain</name>
         <load_address>0x19d30</load_address>
         <run_address>0x19d30</run_address>
         <size>0x33c</size>
         <input_file_ref idref="fl-4e"/>
      </object_component>
      <object_component id="oc-148">
         <name>.text</name>
         <load_address>0x1a06c</load_address>
         <run_address>0x1a06c</run_address>
         <size>0x334</size>
         <input_file_ref idref="fl-19"/>
      </object_component>
      <object_component id="oc-f4">
         <name>.text</name>
         <load_address>0x1a3a0</load_address>
         <run_address>0x1a3a0</run_address>
         <size>0x2dc</size>
         <input_file_ref idref="fl-31"/>
      </object_component>
      <object_component id="oc-5ce">
         <name>.text:_pconv_a</name>
         <load_address>0x1a67c</load_address>
         <run_address>0x1a67c</run_address>
         <size>0x2dc</size>
         <input_file_ref idref="fl-115"/>
      </object_component>
      <object_component id="oc-45a">
         <name>.text</name>
         <load_address>0x1a958</load_address>
         <run_address>0x1a958</run_address>
         <size>0x2d8</size>
         <input_file_ref idref="fl-23"/>
      </object_component>
      <object_component id="oc-832">
         <name>.text:strtoll</name>
         <load_address>0x1ac30</load_address>
         <run_address>0x1ac30</run_address>
         <size>0x2c8</size>
         <input_file_ref idref="fl-14d"/>
      </object_component>
      <object_component id="oc-793">
         <name>.text</name>
         <load_address>0x1aef8</load_address>
         <run_address>0x1aef8</run_address>
         <size>0x2b8</size>
         <input_file_ref idref="fl-128"/>
      </object_component>
      <object_component id="oc-470">
         <name>.text</name>
         <load_address>0x1b1b0</load_address>
         <run_address>0x1b1b0</run_address>
         <size>0x278</size>
         <input_file_ref idref="fl-52"/>
      </object_component>
      <object_component id="oc-14e">
         <name>.text</name>
         <load_address>0x1b428</load_address>
         <run_address>0x1b428</run_address>
         <size>0x258</size>
         <input_file_ref idref="fl-12"/>
      </object_component>
      <object_component id="oc-5bc">
         <name>.text:_pconv_g</name>
         <load_address>0x1b680</load_address>
         <run_address>0x1b680</run_address>
         <size>0x248</size>
         <input_file_ref idref="fl-115"/>
      </object_component>
      <object_component id="oc-820">
         <name>.text:strtoull</name>
         <load_address>0x1b8c8</load_address>
         <run_address>0x1b8c8</run_address>
         <size>0x240</size>
         <input_file_ref idref="fl-14f"/>
      </object_component>
      <object_component id="oc-343">
         <name>.text</name>
         <load_address>0x1bb08</load_address>
         <run_address>0x1bb08</run_address>
         <size>0x23c</size>
         <input_file_ref idref="fl-7"/>
      </object_component>
      <object_component id="oc-a6">
         <name>.text</name>
         <load_address>0x1bd44</load_address>
         <run_address>0x1bd44</run_address>
         <size>0x238</size>
         <input_file_ref idref="fl-21"/>
      </object_component>
      <object_component id="oc-40e">
         <name>.text</name>
         <load_address>0x1bf7c</load_address>
         <run_address>0x1bf7c</run_address>
         <size>0x238</size>
         <input_file_ref idref="fl-53"/>
      </object_component>
      <object_component id="oc-3b7">
         <name>.text:__vla_alloc</name>
         <load_address>0x1c1b4</load_address>
         <run_address>0x1c1b4</run_address>
         <size>0x224</size>
         <input_file_ref idref="fl-122"/>
      </object_component>
      <object_component id="oc-2b9">
         <name>.text</name>
         <load_address>0x1c3d8</load_address>
         <run_address>0x1c3d8</run_address>
         <size>0x224</size>
         <input_file_ref idref="fl-28"/>
      </object_component>
      <object_component id="oc-24">
         <name>.text:retain</name>
         <load_address>0x1c5fc</load_address>
         <run_address>0x1c5fc</run_address>
         <size>0x200</size>
         <input_file_ref idref="fl-2c"/>
      </object_component>
      <object_component id="oc-82c">
         <name>.text:strtol</name>
         <load_address>0x1c7fc</load_address>
         <run_address>0x1c7fc</run_address>
         <size>0x1f4</size>
         <input_file_ref idref="fl-14c"/>
      </object_component>
      <object_component id="oc-87">
         <name>.text</name>
         <load_address>0x1c9f0</load_address>
         <run_address>0x1c9f0</run_address>
         <size>0x1e8</size>
         <input_file_ref idref="fl-3e"/>
      </object_component>
      <object_component id="oc-81a">
         <name>.text:strtoul</name>
         <load_address>0x1cbd8</load_address>
         <run_address>0x1cbd8</run_address>
         <size>0x1b8</size>
         <input_file_ref idref="fl-14e"/>
      </object_component>
      <object_component id="oc-74a">
         <name>.text:fputs</name>
         <load_address>0x1cd90</load_address>
         <run_address>0x1cd90</run_address>
         <size>0x1a4</size>
         <input_file_ref idref="fl-11b"/>
      </object_component>
      <object_component id="oc-7f2">
         <name>.text:aligned_alloc</name>
         <load_address>0x1cf34</load_address>
         <run_address>0x1cf34</run_address>
         <size>0x1a0</size>
         <input_file_ref idref="fl-137"/>
      </object_component>
      <object_component id="oc-321">
         <name>.text</name>
         <load_address>0x1d0d4</load_address>
         <run_address>0x1d0d4</run_address>
         <size>0x188</size>
         <input_file_ref idref="fl-8"/>
      </object_component>
      <object_component id="oc-58">
         <name>.text</name>
         <load_address>0x1d25c</load_address>
         <run_address>0x1d25c</run_address>
         <size>0x180</size>
         <input_file_ref idref="fl-127"/>
      </object_component>
      <object_component id="oc-2d">
         <name>.text:retain</name>
         <load_address>0x1d3dc</load_address>
         <run_address>0x1d3dc</run_address>
         <size>0x178</size>
         <input_file_ref idref="fl-36"/>
      </object_component>
      <object_component id="oc-1d7">
         <name>.text:free</name>
         <load_address>0x1d554</load_address>
         <run_address>0x1d554</run_address>
         <size>0x174</size>
         <input_file_ref idref="fl-137"/>
      </object_component>
      <object_component id="oc-5c8">
         <name>.text:_pconv_e</name>
         <load_address>0x1d6c8</load_address>
         <run_address>0x1d6c8</run_address>
         <size>0x15c</size>
         <input_file_ref idref="fl-115"/>
      </object_component>
      <object_component id="oc-3e1">
         <name>.text</name>
         <load_address>0x1d824</load_address>
         <run_address>0x1d824</run_address>
         <size>0x158</size>
         <input_file_ref idref="fl-58"/>
      </object_component>
      <object_component id="oc-8d8">
         <name>.text:setvbuf</name>
         <load_address>0x1d97c</load_address>
         <run_address>0x1d97c</run_address>
         <size>0x158</size>
         <input_file_ref idref="fl-11d"/>
      </object_component>
      <object_component id="oc-61f">
         <name>.text:realloc</name>
         <load_address>0x1dad4</load_address>
         <run_address>0x1dad4</run_address>
         <size>0x14c</size>
         <input_file_ref idref="fl-137"/>
      </object_component>
      <object_component id="oc-7ac">
         <name>.text:fcvt</name>
         <load_address>0x1dc20</load_address>
         <run_address>0x1dc20</run_address>
         <size>0x144</size>
         <input_file_ref idref="fl-115"/>
      </object_component>
      <object_component id="oc-17e">
         <name>.text</name>
         <load_address>0x1dd64</load_address>
         <run_address>0x1dd64</run_address>
         <size>0x138</size>
         <input_file_ref idref="fl-17"/>
      </object_component>
      <object_component id="oc-671">
         <name>.text</name>
         <load_address>0x1de9c</load_address>
         <run_address>0x1de9c</run_address>
         <size>0x138</size>
         <input_file_ref idref="fl-55"/>
      </object_component>
      <object_component id="oc-2a1">
         <name>.text</name>
         <load_address>0x1dfd4</load_address>
         <run_address>0x1dfd4</run_address>
         <size>0x120</size>
         <input_file_ref idref="fl-6"/>
      </object_component>
      <object_component id="oc-7c0">
         <name>.text:scalbn</name>
         <load_address>0x1e0f4</load_address>
         <run_address>0x1e0f4</run_address>
         <size>0x120</size>
         <input_file_ref idref="fl-120"/>
      </object_component>
      <object_component id="oc-5b6">
         <name>.text:_ltostr</name>
         <load_address>0x1e214</load_address>
         <run_address>0x1e214</run_address>
         <size>0x115</size>
         <input_file_ref idref="fl-115"/>
      </object_component>
      <object_component id="oc-32d">
         <name>.text</name>
         <load_address>0x1e32c</load_address>
         <run_address>0x1e32c</run_address>
         <size>0x10c</size>
         <input_file_ref idref="fl-2"/>
      </object_component>
      <object_component id="oc-751">
         <name>.text:fputc</name>
         <load_address>0x1e438</load_address>
         <run_address>0x1e438</run_address>
         <size>0x100</size>
         <input_file_ref idref="fl-11a"/>
      </object_component>
      <object_component id="oc-3aa">
         <name>.text</name>
         <load_address>0x1e538</load_address>
         <run_address>0x1e538</run_address>
         <size>0xf8</size>
         <input_file_ref idref="fl-2a"/>
      </object_component>
      <object_component id="oc-3bd">
         <name>.text</name>
         <load_address>0x1e630</load_address>
         <run_address>0x1e630</run_address>
         <size>0xf0</size>
         <input_file_ref idref="fl-20"/>
      </object_component>
      <object_component id="oc-1e">
         <name>.text:retain</name>
         <load_address>0x1e720</load_address>
         <run_address>0x1e720</run_address>
         <size>0xd8</size>
         <input_file_ref idref="fl-4d"/>
      </object_component>
      <object_component id="oc-654">
         <name>.text:_chkmbc</name>
         <load_address>0x1e7f8</load_address>
         <run_address>0x1e7f8</run_address>
         <size>0xcc</size>
         <input_file_ref idref="fl-118"/>
      </object_component>
      <object_component id="oc-7a5">
         <name>.text:_mcpy</name>
         <load_address>0x1e8c4</load_address>
         <run_address>0x1e8c4</run_address>
         <size>0xc8</size>
         <input_file_ref idref="fl-115"/>
      </object_component>
      <object_component id="oc-619">
         <name>.text:_ZN33_INTERNAL_11_vla_alloc_c_be8bd49b21free_dead_allocationsEPv</name>
         <load_address>0x1e98c</load_address>
         <run_address>0x1e98c</run_address>
         <size>0xc4</size>
         <input_file_ref idref="fl-122"/>
      </object_component>
      <object_component id="oc-95f">
         <name>.text:__TI_closefile</name>
         <load_address>0x1ea50</load_address>
         <run_address>0x1ea50</run_address>
         <size>0xb8</size>
         <input_file_ref idref="fl-15a"/>
      </object_component>
      <object_component id="oc-3c9">
         <name>.text:__vla_dealloc</name>
         <load_address>0x1eb08</load_address>
         <run_address>0x1eb08</run_address>
         <size>0xb0</size>
         <input_file_ref idref="fl-122"/>
      </object_component>
      <object_component id="oc-e7">
         <name>.text</name>
         <load_address>0x1ebb8</load_address>
         <run_address>0x1ebb8</run_address>
         <size>0xb0</size>
         <input_file_ref idref="fl-124"/>
      </object_component>
      <object_component id="oc-7fa">
         <name>.text:split</name>
         <load_address>0x1ec68</load_address>
         <run_address>0x1ec68</run_address>
         <size>0xb0</size>
         <input_file_ref idref="fl-137"/>
      </object_component>
      <object_component id="oc-945">
         <name>.text:HOSTlseek</name>
         <load_address>0x1ed18</load_address>
         <run_address>0x1ed18</run_address>
         <size>0xac</size>
         <input_file_ref idref="fl-151"/>
      </object_component>
      <object_component id="oc-2ea">
         <name>.text:fflush</name>
         <load_address>0x1edc4</load_address>
         <run_address>0x1edc4</run_address>
         <size>0xac</size>
         <input_file_ref idref="fl-119"/>
      </object_component>
      <object_component id="oc-8d2">
         <name>.text:fseek</name>
         <load_address>0x1ee70</load_address>
         <run_address>0x1ee70</run_address>
         <size>0xa8</size>
         <input_file_ref idref="fl-147"/>
      </object_component>
      <object_component id="oc-951">
         <name>.text:HOSTrename</name>
         <load_address>0x1ef18</load_address>
         <run_address>0x1ef18</run_address>
         <size>0xa4</size>
         <input_file_ref idref="fl-154"/>
      </object_component>
      <object_component id="oc-874">
         <name>.text:__TI_wrt_ok</name>
         <load_address>0x1efbc</load_address>
         <run_address>0x1efbc</run_address>
         <size>0xa0</size>
         <input_file_ref idref="fl-11c"/>
      </object_component>
      <object_component id="oc-166">
         <name>.text</name>
         <load_address>0x1f05c</load_address>
         <run_address>0x1f05c</run_address>
         <size>0x9c</size>
         <input_file_ref idref="fl-9"/>
      </object_component>
      <object_component id="oc-2e4">
         <name>.text:fprintf</name>
         <load_address>0x1f0f8</load_address>
         <run_address>0x1f0f8</run_address>
         <size>0x9c</size>
         <input_file_ref idref="fl-114"/>
      </object_component>
      <object_component id="oc-360">
         <name>.text:printf</name>
         <load_address>0x1f194</load_address>
         <run_address>0x1f194</run_address>
         <size>0x9c</size>
         <input_file_ref idref="fl-113"/>
      </object_component>
      <object_component id="oc-92d">
         <name>.text:HOSTopen</name>
         <load_address>0x1f230</load_address>
         <run_address>0x1f230</run_address>
         <size>0x98</size>
         <input_file_ref idref="fl-152"/>
      </object_component>
      <object_component id="oc-79f">
         <name>.text:_ecpy</name>
         <load_address>0x1f2c8</load_address>
         <run_address>0x1f2c8</run_address>
         <size>0x98</size>
         <input_file_ref idref="fl-115"/>
      </object_component>
      <object_component id="oc-986">
         <name>.text:close</name>
         <load_address>0x1f360</load_address>
         <run_address>0x1f360</run_address>
         <size>0x98</size>
         <input_file_ref idref="fl-15e"/>
      </object_component>
      <object_component id="oc-939">
         <name>.text:HOSTread</name>
         <load_address>0x1f3f8</load_address>
         <run_address>0x1f3f8</run_address>
         <size>0x90</size>
         <input_file_ref idref="fl-153"/>
      </object_component>
      <object_component id="oc-93f">
         <name>.text:HOSTwrite</name>
         <load_address>0x1f488</load_address>
         <run_address>0x1f488</run_address>
         <size>0x90</size>
         <input_file_ref idref="fl-156"/>
      </object_component>
      <object_component id="oc-11">
         <name>.text:decompress:lzss:__TI_decompress_lzss</name>
         <load_address>0x1f518</load_address>
         <run_address>0x1f518</run_address>
         <size>0x90</size>
         <input_file_ref idref="fl-12d"/>
      </object_component>
      <object_component id="oc-7ba">
         <name>.text:frexp</name>
         <load_address>0x1f5a8</load_address>
         <run_address>0x1f5a8</run_address>
         <size>0x8c</size>
         <input_file_ref idref="fl-11f"/>
      </object_component>
      <object_component id="oc-535">
         <name>.text:__TI_doflush</name>
         <load_address>0x1f634</load_address>
         <run_address>0x1f634</run_address>
         <size>0x84</size>
         <input_file_ref idref="fl-119"/>
      </object_component>
      <object_component id="oc-5b0">
         <name>.text:atoi</name>
         <load_address>0x1f6b8</load_address>
         <run_address>0x1f6b8</run_address>
         <size>0x84</size>
         <input_file_ref idref="fl-131"/>
      </object_component>
      <object_component id="oc-799">
         <name>.text:__TI_ltoa</name>
         <load_address>0x1f73c</load_address>
         <run_address>0x1f73c</run_address>
         <size>0x80</size>
         <input_file_ref idref="fl-130"/>
      </object_component>
      <object_component id="oc-2d9">
         <name>.text</name>
         <load_address>0x1f7bc</load_address>
         <run_address>0x1f7bc</run_address>
         <size>0x7c</size>
         <input_file_ref idref="fl-4"/>
      </object_component>
      <object_component id="oc-1b9">
         <name>.text:exit</name>
         <load_address>0x1f838</load_address>
         <run_address>0x1f838</run_address>
         <size>0x7c</size>
         <input_file_ref idref="fl-12e"/>
      </object_component>
      <object_component id="oc-172">
         <name>.text:snprintf</name>
         <load_address>0x1f8b4</load_address>
         <run_address>0x1f8b4</run_address>
         <size>0x7c</size>
         <input_file_ref idref="fl-116"/>
      </object_component>
      <object_component id="oc-933">
         <name>.text:HOSTclose</name>
         <load_address>0x1f930</load_address>
         <run_address>0x1f930</run_address>
         <size>0x74</size>
         <input_file_ref idref="fl-150"/>
      </object_component>
      <object_component id="oc-5c2">
         <name>.text:_pconv_f</name>
         <load_address>0x1f9a4</load_address>
         <run_address>0x1f9a4</run_address>
         <size>0x74</size>
         <input_file_ref idref="fl-115"/>
      </object_component>
      <object_component id="oc-2c9">
         <name>.text</name>
         <load_address>0x1fa18</load_address>
         <run_address>0x1fa18</run_address>
         <size>0x74</size>
         <input_file_ref idref="fl-5"/>
      </object_component>
      <object_component id="oc-94b">
         <name>.text:HOSTunlink</name>
         <load_address>0x1fa8c</load_address>
         <run_address>0x1fa8c</run_address>
         <size>0x70</size>
         <input_file_ref idref="fl-155"/>
      </object_component>
      <object_component id="oc-9ab">
         <name>.text:getdevice</name>
         <load_address>0x1fafc</load_address>
         <run_address>0x1fafc</run_address>
         <size>0x6c</size>
         <input_file_ref idref="fl-15b"/>
      </object_component>
      <object_component id="oc-112">
         <name>.text:__TI_auto_init_nobinit_nopinit:__TI_auto_init_nobinit_nopinit</name>
         <load_address>0x1fb68</load_address>
         <run_address>0x1fb68</run_address>
         <size>0x68</size>
         <input_file_ref idref="fl-129"/>
      </object_component>
      <object_component id="oc-7b2">
         <name>.text:_fcpy</name>
         <load_address>0x1fbd0</load_address>
         <run_address>0x1fbd0</run_address>
         <size>0x64</size>
         <input_file_ref idref="fl-115"/>
      </object_component>
      <object_component id="oc-41d">
         <name>.text:sprintf</name>
         <load_address>0x1fc34</load_address>
         <run_address>0x1fc34</run_address>
         <size>0x64</size>
         <input_file_ref idref="fl-117"/>
      </object_component>
      <object_component id="oc-386">
         <name>.text:_outs</name>
         <load_address>0x1fc98</load_address>
         <run_address>0x1fc98</run_address>
         <size>0x5c</size>
         <input_file_ref idref="fl-116"/>
      </object_component>
      <object_component id="oc-601">
         <name>.text</name>
         <load_address>0x1fcf4</load_address>
         <run_address>0x1fcf4</run_address>
         <size>0x58</size>
         <input_file_ref idref="fl-26"/>
      </object_component>
      <object_component id="oc-91e">
         <name>.text:__TI_cleanup</name>
         <load_address>0x1fd4c</load_address>
         <run_address>0x1fd4c</run_address>
         <size>0x54</size>
         <input_file_ref idref="fl-146"/>
      </object_component>
      <object_component id="oc-96e">
         <name>.text:__TI_readmsg</name>
         <load_address>0x1fda0</load_address>
         <run_address>0x1fda0</run_address>
         <size>0x54</size>
         <input_file_ref idref="fl-157"/>
      </object_component>
      <object_component id="oc-968">
         <name>.text:__TI_writemsg</name>
         <load_address>0x1fdf4</load_address>
         <run_address>0x1fdf4</run_address>
         <size>0x54</size>
         <input_file_ref idref="fl-157"/>
      </object_component>
      <object_component id="oc-9bb">
         <name>.text:finddevice</name>
         <load_address>0x1fe48</load_address>
         <run_address>0x1fe48</run_address>
         <size>0x54</size>
         <input_file_ref idref="fl-15b"/>
      </object_component>
      <object_component id="oc-35b">
         <name>.text</name>
         <load_address>0x1fe9c</load_address>
         <run_address>0x1fe9c</run_address>
         <size>0x54</size>
         <input_file_ref idref="fl-125"/>
      </object_component>
      <object_component id="oc-3c3">
         <name>.text:sscanf</name>
         <load_address>0x1fef0</load_address>
         <run_address>0x1fef0</run_address>
         <size>0x54</size>
         <input_file_ref idref="fl-118"/>
      </object_component>
      <object_component id="oc-55d">
         <name>.text:strncasecmp</name>
         <load_address>0x1ff44</load_address>
         <run_address>0x1ff44</run_address>
         <size>0x54</size>
         <input_file_ref idref="fl-13e"/>
      </object_component>
      <object_component id="oc-2df">
         <name>.text</name>
         <load_address>0x1ff98</load_address>
         <run_address>0x1ff98</run_address>
         <size>0x50</size>
         <input_file_ref idref="fl-126"/>
      </object_component>
      <object_component id="oc-355">
         <name>.text:rand</name>
         <load_address>0x1ffe8</load_address>
         <run_address>0x1ffe8</run_address>
         <size>0x4c</size>
         <input_file_ref idref="fl-138"/>
      </object_component>
      <object_component id="oc-366">
         <name>.text:strncat</name>
         <load_address>0x20034</load_address>
         <run_address>0x20034</run_address>
         <size>0x4c</size>
         <input_file_ref idref="fl-13f"/>
      </object_component>
      <object_component id="oc-634">
         <name>.text:strspn</name>
         <load_address>0x20080</load_address>
         <run_address>0x20080</run_address>
         <size>0x4c</size>
         <input_file_ref idref="fl-141"/>
      </object_component>
      <object_component id="oc-1d1">
         <name>.text:strncpy</name>
         <load_address>0x200cc</load_address>
         <run_address>0x200cc</run_address>
         <size>0x48</size>
         <input_file_ref idref="fl-140"/>
      </object_component>
      <object_component id="oc-98c">
         <name>.text:unlink</name>
         <load_address>0x20114</load_address>
         <run_address>0x20114</run_address>
         <size>0x48</size>
         <input_file_ref idref="fl-15f"/>
      </object_component>
      <object_component id="oc-916">
         <name>.text:lseek</name>
         <load_address>0x2015c</load_address>
         <run_address>0x2015c</run_address>
         <size>0x44</size>
         <input_file_ref idref="fl-159"/>
      </object_component>
      <object_component id="oc-3cf">
         <name>.text:strcasecmp</name>
         <load_address>0x201a0</load_address>
         <run_address>0x201a0</run_address>
         <size>0x44</size>
         <input_file_ref idref="fl-139"/>
      </object_component>
      <object_component id="oc-63a">
         <name>.text:strcspn</name>
         <load_address>0x201e4</load_address>
         <run_address>0x201e4</run_address>
         <size>0x44</size>
         <input_file_ref idref="fl-13c"/>
      </object_component>
      <object_component id="oc-75f">
         <name>.text:write</name>
         <load_address>0x20228</load_address>
         <run_address>0x20228</run_address>
         <size>0x44</size>
         <input_file_ref idref="fl-142"/>
      </object_component>
      <object_component id="oc-333">
         <name>.text</name>
         <load_address>0x2026c</load_address>
         <run_address>0x2026c</run_address>
         <size>0x40</size>
         <input_file_ref idref="fl-3"/>
      </object_component>
      <object_component id="oc-349">
         <name>.text</name>
         <load_address>0x202ac</load_address>
         <run_address>0x202ac</run_address>
         <size>0x40</size>
         <input_file_ref idref="fl-a"/>
      </object_component>
      <object_component id="oc-486">
         <name>.text:free_list_insert</name>
         <load_address>0x202ec</load_address>
         <run_address>0x202ec</run_address>
         <size>0x40</size>
         <input_file_ref idref="fl-137"/>
      </object_component>
      <object_component id="oc-313">
         <name>.text:csp_hton32</name>
         <load_address>0x2032c</load_address>
         <run_address>0x2032c</run_address>
         <size>0x3c</size>
         <input_file_ref idref="fl-14"/>
      </object_component>
      <object_component id="oc-34f">
         <name>.text:srand</name>
         <load_address>0x20368</load_address>
         <run_address>0x20368</run_address>
         <size>0x38</size>
         <input_file_ref idref="fl-138"/>
      </object_component>
      <object_component id="oc-4e3">
         <name>.text:memcmp</name>
         <load_address>0x203a0</load_address>
         <run_address>0x203a0</run_address>
         <size>0x34</size>
         <input_file_ref idref="fl-136"/>
      </object_component>
      <object_component id="oc-67b">
         <name>.text:_outs</name>
         <load_address>0x203d4</load_address>
         <run_address>0x203d4</run_address>
         <size>0x30</size>
         <input_file_ref idref="fl-117"/>
      </object_component>
      <object_component id="oc-480">
         <name>.text:free_list_remove</name>
         <load_address>0x20404</load_address>
         <run_address>0x20404</run_address>
         <size>0x30</size>
         <input_file_ref idref="fl-137"/>
      </object_component>
      <object_component id="oc-5d4">
         <name>.text:memccpy</name>
         <load_address>0x20434</load_address>
         <run_address>0x20434</run_address>
         <size>0x30</size>
         <input_file_ref idref="fl-134"/>
      </object_component>
      <object_component id="oc-38c">
         <name>.text:_outc</name>
         <load_address>0x20464</load_address>
         <run_address>0x20464</run_address>
         <size>0x2c</size>
         <input_file_ref idref="fl-116"/>
      </object_component>
      <object_component id="oc-467">
         <name>.text:csp_hton16</name>
         <load_address>0x20490</load_address>
         <run_address>0x20490</run_address>
         <size>0x2c</size>
         <input_file_ref idref="fl-14"/>
      </object_component>
      <object_component id="oc-307">
         <name>.text:memchr</name>
         <load_address>0x204bc</load_address>
         <run_address>0x204bc</run_address>
         <size>0x2c</size>
         <input_file_ref idref="fl-135"/>
      </object_component>
      <object_component id="oc-838">
         <name>.text:strrchr</name>
         <load_address>0x204e8</load_address>
         <run_address>0x204e8</run_address>
         <size>0x2c</size>
         <input_file_ref idref="fl-14a"/>
      </object_component>
      <object_component id="oc-7c6">
         <name>.text:strchr</name>
         <load_address>0x20514</load_address>
         <run_address>0x20514</run_address>
         <size>0x28</size>
         <input_file_ref idref="fl-13a"/>
      </object_component>
      <object_component id="oc-9ca">
         <name>.text:strcmp</name>
         <load_address>0x2053c</load_address>
         <run_address>0x2053c</run_address>
         <size>0x28</size>
         <input_file_ref idref="fl-15c"/>
      </object_component>
      <object_component id="oc-5da">
         <name>.text:wcslen</name>
         <load_address>0x20564</load_address>
         <run_address>0x20564</run_address>
         <size>0x24</size>
         <input_file_ref idref="fl-123"/>
      </object_component>
      <object_component id="oc-178">
         <name>.text:strlen</name>
         <load_address>0x20588</load_address>
         <run_address>0x20588</run_address>
         <size>0x20</size>
         <input_file_ref idref="fl-13d"/>
      </object_component>
      <object_component id="oc-648">
         <name>.text:_inpchar</name>
         <load_address>0x205a8</load_address>
         <run_address>0x205a8</run_address>
         <size>0x1c</size>
         <input_file_ref idref="fl-118"/>
      </object_component>
      <object_component id="oc-89a">
         <name>.text:copysign</name>
         <load_address>0x205c4</load_address>
         <run_address>0x205c4</run_address>
         <size>0x1c</size>
         <input_file_ref idref="fl-121"/>
      </object_component>
      <object_component id="oc-327">
         <name>.text:strcpy</name>
         <load_address>0x205e0</load_address>
         <run_address>0x205e0</run_address>
         <size>0x18</size>
         <input_file_ref idref="fl-13b"/>
      </object_component>
      <object_component id="oc-681">
         <name>.text:_outc</name>
         <load_address>0x205f8</load_address>
         <run_address>0x205f8</run_address>
         <size>0x14</size>
         <input_file_ref idref="fl-117"/>
      </object_component>
      <object_component id="oc-4f3">
         <name>.text:csp_htobe32</name>
         <load_address>0x2060c</load_address>
         <run_address>0x2060c</run_address>
         <size>0x14</size>
         <input_file_ref idref="fl-14"/>
      </object_component>
      <object_component id="oc-460">
         <name>.text:csp_ntoh16</name>
         <load_address>0x20620</load_address>
         <run_address>0x20620</run_address>
         <size>0x14</size>
         <input_file_ref idref="fl-14"/>
      </object_component>
      <object_component id="oc-31a">
         <name>.text:csp_ntoh32</name>
         <load_address>0x20634</load_address>
         <run_address>0x20634</run_address>
         <size>0x14</size>
         <input_file_ref idref="fl-14"/>
      </object_component>
      <object_component id="oc-17">
         <name>.text:decompress:none:__TI_decompress_none</name>
         <load_address>0x20648</load_address>
         <run_address>0x20648</run_address>
         <size>0x14</size>
         <input_file_ref idref="fl-12c"/>
      </object_component>
      <object_component id="oc-64e">
         <name>.text:_uninpchar</name>
         <load_address>0x2065c</load_address>
         <run_address>0x2065c</run_address>
         <size>0x10</size>
         <input_file_ref idref="fl-118"/>
      </object_component>
      <object_component id="oc-6a">
         <name>.text:decompress:ZI:__TI_zero_init</name>
         <load_address>0x2066c</load_address>
         <run_address>0x2066c</run_address>
[...]
      </symbol>
      <symbol id="sm-142a">
         <name>eTaskConfirmSleepModeStatus</name>
         <value>0x213c</value>
         <object_component_ref idref="oc-196"/>
      </symbol>
      <symbol id="sm-1458">
         <name>printf</name>
         <value>0x1f194</value>
         <object_component_ref idref="oc-360"/>
      </symbol>
      <symbol id="sm-147e">
         <name>fprintf</name>
         <value>0x1f0f8</value>
         <object_component_ref idref="oc-2e4"/>
      </symbol>
      <symbol id="sm-15cc">
         <name>__TI_printfi</name>
         <value>0xea50</value>
         <object_component_ref idref="oc-380"/>
      </symbol>
      <symbol id="sm-15f4">
         <name>snprintf</name>
         <value>0x1f8b4</value>
         <object_component_ref idref="oc-172"/>
      </symbol>
      <symbol id="sm-1616">
         <name>sprintf</name>
         <value>0x1fc34</value>
         <object_component_ref idref="oc-41d"/>
      </symbol>
      <symbol id="sm-164c">
         <name>sscanf</name>
         <value>0x1fef0</value>
         <object_component_ref idref="oc-3c3"/>
      </symbol>
      <symbol id="sm-166d">
         <name>__TI_doflush</name>
         <value>0x1f634</value>
         <object_component_ref idref="oc-535"/>
      </symbol>
      <symbol id="sm-166e">
         <name>fflush</name>
         <value>0x1edc4</value>
         <object_component_ref idref="oc-2ea"/>
      </symbol>
      <symbol id="sm-1684">
         <name>putc</name>
         <value>0x1e438</value>
         <object_component_ref idref="oc-751"/>
      </symbol>
      <symbol id="sm-1685">
         <name>fputc</name>
         <value>0x1e438</value>
         <object_component_ref idref="oc-751"/>
      </symbol>
      <symbol id="sm-16a1">
         <name>fputs</name>
         <value>0x1cd90</value>
         <object_component_ref idref="oc-74a"/>
      </symbol>
      <symbol id="sm-16b8">
         <name>__TI_wrt_ok</name>
         <value>0x1efbc</value>
         <object_component_ref idref="oc-874"/>
      </symbol>
      <symbol id="sm-16d2">
         <name>setvbuf</name>
         <value>0x1d97c</value>
         <object_component_ref idref="oc-8d8"/>
      </symbol>
      <symbol id="sm-16f0">
         <name>frexpl</name>
         <value>0x1f5a8</value>
         <object_component_ref idref="oc-7ba"/>
      </symbol>
      <symbol id="sm-16f1">
         <name>frexp</name>
         <value>0x1f5a8</value>
         <object_component_ref idref="oc-7ba"/>
      </symbol>
      <symbol id="sm-170b">
         <name>scalbn</name>
         <value>0x1e0f4</value>
         <object_component_ref idref="oc-7c0"/>
      </symbol>
      <symbol id="sm-170c">
         <name>scalbnl</name>
         <value>0x1e0f4</value>
         <object_component_ref idref="oc-7c0"/>
      </symbol>
      <symbol id="sm-170d">
         <name>ldexpl</name>
         <value>0x1e0f4</value>
         <object_component_ref idref="oc-7c0"/>
      </symbol>
      <symbol id="sm-170e">
         <name>ldexp</name>
         <value>0x1e0f4</value>
         <object_component_ref idref="oc-7c0"/>
      </symbol>
      <symbol id="sm-1718">
         <name>copysign</name>
         <value>0x205c4</value>
         <object_component_ref idref="oc-89a"/>
      </symbol>
      <symbol id="sm-1719">
         <name>copysignl</name>
         <value>0x205c4</value>
         <object_component_ref idref="oc-89a"/>
      </symbol>
      <symbol id="sm-177b">
         <name>__vla_dealloc</name>
         <value>0x1eb08</value>
         <object_component_ref idref="oc-3c9"/>
      </symbol>
      <symbol id="sm-177c">
         <name>__vla_alloc</name>
         <value>0x1c1b4</value>
         <object_component_ref idref="oc-3b7"/>
      </symbol>
      <symbol id="sm-1794">
         <name>wcslen</name>
         <value>0x20564</value>
         <object_component_ref idref="oc-5da"/>
      </symbol>
      <symbol id="sm-17a3">
         <name>__aeabi_memset</name>
         <value>0x1ebbc</value>
         <object_component_ref idref="oc-e7"/>
      </symbol>
      <symbol id="sm-17a4">
         <name>memset</name>
         <value>0x1ebc8</value>
         <object_component_ref idref="oc-e7"/>
      </symbol>
      <symbol id="sm-17a5">
         <name>__aeabi_memset8</name>
         <value>0x1ebbc</value>
         <object_component_ref idref="oc-e7"/>
      </symbol>
      <symbol id="sm-17a6">
         <name>__aeabi_memset4</name>
         <value>0x1ebbc</value>
         <object_component_ref idref="oc-e7"/>
      </symbol>
      <symbol id="sm-17a7">
         <name>__aeabi_memclr8</name>
         <value>0x1ebb8</value>
         <object_component_ref idref="oc-e7"/>
      </symbol>
      <symbol id="sm-17a8">
         <name>__aeabi_memclr4</name>
         <value>0x1ebb8</value>
         <object_component_ref idref="oc-e7"/>
      </symbol>
      <symbol id="sm-17a9">
         <name>__aeabi_memclr</name>
         <value>0x1ebb8</value>
         <object_component_ref idref="oc-e7"/>
      </symbol>
      <symbol id="sm-17b5">
         <name>__aeabi_idivmod</name>
         <value>0x1fe9c</value>
         <object_component_ref idref="oc-35b"/>
      </symbol>
      <symbol id="sm-17b6">
         <name>__aeabi_idiv</name>
         <value>0x1fe9c</value>
         <object_component_ref idref="oc-35b"/>
      </symbol>
      <symbol id="sm-17c2">
         <name>__aeabi_uidivmod</name>
         <value>0x1ff98</value>
         <object_component_ref idref="oc-2df"/>
      </symbol>
      <symbol id="sm-17c3">
         <name>__aeabi_uidiv</name>
         <value>0x1ff98</value>
         <object_component_ref idref="oc-2df"/>
      </symbol>
      <symbol id="sm-17dc">
         <name>memcpy</name>
         <value>0x1d25c</value>
         <object_component_ref idref="oc-58"/>
      </symbol>
      <symbol id="sm-17dd">
         <name>__aeabi_memcpy</name>
         <value>0x1d25c</value>
         <object_component_ref idref="oc-58"/>
      </symbol>
      <symbol id="sm-17de">
         <name>__aeabi_memcpy8</name>
         <value>0x1d25c</value>
         <object_component_ref idref="oc-58"/>
      </symbol>
      <symbol id="sm-17df">
         <name>__aeabi_memcpy4</name>
         <value>0x1d25c</value>
         <object_component_ref idref="oc-58"/>
      </symbol>
      <symbol id="sm-17fb">
         <name>__aeabi_uldivmod</name>
         <value>0x1aef8</value>
         <object_component_ref idref="oc-793"/>
      </symbol>
      <symbol id="sm-1823">
         <name>__TI_auto_init_nobinit_nopinit</name>
         <value>0x1fb68</value>
         <object_component_ref idref="oc-112"/>
      </symbol>
      <symbol id="sm-1836">
         <name>__TI_zero_init</name>
         <value>0x2066c</value>
         <object_component_ref idref="oc-6a"/>
      </symbol>
      <symbol id="sm-184d">
         <name>__TI_decompress_none</name>
         <value>0x20648</value>
         <object_component_ref idref="oc-17"/>
      </symbol>
      <symbol id="sm-1870">
         <name>__TI_decompress_lzss</name>
         <value>0x1f518</value>
         <object_component_ref idref="oc-11"/>
      </symbol>
      <symbol id="sm-1896">
         <name>C$$EXIT</name>
         <value>0x20694</value>
         <object_component_ref idref="oc-1b3"/>
      </symbol>
      <symbol id="sm-1897">
         <name>abort</name>
         <value>0x20694</value>
         <object_component_ref idref="oc-1b3"/>
      </symbol>
      <symbol id="sm-1898">
         <name>__TI_dtors_ptr</name>
         <value>0x800640c</value>
         <object_component_ref idref="oc-447"/>
      </symbol>
      <symbol id="sm-1899">
         <name>__TI_cleanup_ptr</name>
         <value>0x8006408</value>
         <object_component_ref idref="oc-447"/>
      </symbol>
      <symbol id="sm-189a">
         <name>__TI_enable_exit_profile_output</name>
         <value>0x8006410</value>
         <object_component_ref idref="oc-447"/>
      </symbol>
      <symbol id="sm-189b">
         <name>exit</name>
         <value>0x1f838</value>
         <object_component_ref idref="oc-1b9"/>
      </symbol>
      <symbol id="sm-18b0">
         <name>_nop</name>
         <value>0x206a4</value>
         <object_component_ref idref="oc-69b"/>
      </symbol>
      <symbol id="sm-18b1">
         <name>_lock</name>
         <value>0x8006414</value>
         <object_component_ref idref="oc-44a"/>
      </symbol>
      <symbol id="sm-18b2">
         <name>_unlock</name>
         <value>0x8006418</value>
         <object_component_ref idref="oc-44a"/>
      </symbol>
      <symbol id="sm-18c0">
         <name>__TI_ltoa</name>
         <value>0x1f73c</value>
         <object_component_ref idref="oc-799"/>
      </symbol>
      <symbol id="sm-18d3">
         <name>atoi</name>
         <value>0x1f6b8</value>
         <object_component_ref idref="oc-5b0"/>
      </symbol>
      <symbol id="sm-18de">
         <name>_ctypes_</name>
         <value>0x208c0</value>
         <object_component_ref idref="oc-78e"/>
      </symbol>
      <symbol id="sm-18f3">
         <name>__TI_tmpnams</name>
         <value>0x8006048</value>
      </symbol>
      <symbol id="sm-18f4">
         <name>__aeabi_stdout</name>
         <value>0x8006400</value>
         <object_component_ref idref="oc-53b"/>
      </symbol>
      <symbol id="sm-18f5">
         <name>__aeabi_stderr</name>
         <value>0x8006404</value>
         <object_component_ref idref="oc-53b"/>
      </symbol>
      <symbol id="sm-18f6">
         <name>__aeabi_stdin</name>
         <value>0x80063fc</value>
         <object_component_ref idref="oc-53b"/>
      </symbol>
      <symbol id="sm-18f7">
         <name>_ftable</name>
         <value>0x80061d4</value>
         <object_component_ref idref="oc-2f3"/>
      </symbol>
      <symbol id="sm-18f8">
         <name>__TI_ft_end</name>
         <value>0x80063f8</value>
         <object_component_ref idref="oc-53b"/>
      </symbol>
      <symbol id="sm-1907">
         <name>memccpy</name>
         <value>0x20434</value>
         <object_component_ref idref="oc-5d4"/>
      </symbol>
      <symbol id="sm-1916">
         <name>memchr</name>
         <value>0x204bc</value>
         <object_component_ref idref="oc-307"/>
      </symbol>
      <symbol id="sm-1925">
         <name>memcmp</name>
         <value>0x203a0</value>
         <object_component_ref idref="oc-4e3"/>
      </symbol>
      <symbol id="sm-19b9">
         <name>_sys_memory</name>
         <value>0x5de8</value>
         <object_component_ref idref="oc-4a"/>
      </symbol>
      <symbol id="sm-19ba">
         <name>free</name>
         <value>0x1d554</value>
         <object_component_ref idref="oc-1d7"/>
      </symbol>
      <symbol id="sm-19bb">
         <name>realloc</name>
         <value>0x1dad4</value>
         <object_component_ref idref="oc-61f"/>
      </symbol>
      <symbol id="sm-19bc">
         <name>memalign</name>
         <value>0x1cf34</value>
         <object_component_ref idref="oc-7f2"/>
      </symbol>
      <symbol id="sm-19bd">
         <name>malloc</name>
         <value>0x20688</value>
         <object_component_ref idref="oc-613"/>
      </symbol>
      <symbol id="sm-19be">
         <name>aligned_alloc</name>
         <value>0x1cf34</value>
         <object_component_ref idref="oc-7f2"/>
      </symbol>
      <symbol id="sm-19e3">
         <name>rand</name>
         <value>0x1ffe8</value>
         <object_component_ref idref="oc-355"/>
      </symbol>
      <symbol id="sm-19e4">
         <name>srand</name>
         <value>0x20368</value>
         <object_component_ref idref="oc-34f"/>
      </symbol>
      <symbol id="sm-19f2">
         <name>strcasecmp</name>
         <value>0x201a0</value>
         <object_component_ref idref="oc-3cf"/>
      </symbol>
      <symbol id="sm-1a00">
         <name>strchr</name>
         <value>0x20514</value>
         <object_component_ref idref="oc-7c6"/>
      </symbol>
      <symbol id="sm-1a0e">
         <name>strcpy</name>
         <value>0x205e0</value>
         <object_component_ref idref="oc-327"/>
      </symbol>
      <symbol id="sm-1a1f">
         <name>strcspn</name>
         <value>0x201e4</value>
         <object_component_ref idref="oc-63a"/>
      </symbol>
      <symbol id="sm-1a2d">
         <name>strlen</name>
         <value>0x20588</value>
         <object_component_ref idref="oc-178"/>
      </symbol>
      <symbol id="sm-1a3c">
         <name>strncasecmp</name>
         <value>0x1ff44</value>
         <object_component_ref idref="oc-55d"/>
      </symbol>
      <symbol id="sm-1a4b">
         <name>strncat</name>
         <value>0x20034</value>
         <object_component_ref idref="oc-366"/>
      </symbol>
      <symbol id="sm-1a5a">
         <name>strncpy</name>
         <value>0x200cc</value>
         <object_component_ref idref="oc-1d1"/>
      </symbol>
      <symbol id="sm-1a6b">
         <name>strspn</name>
         <value>0x20080</value>
         <object_component_ref idref="oc-634"/>
      </symbol>
      <symbol id="sm-1a85">
         <name>write</name>
         <value>0x20228</value>
         <object_component_ref idref="oc-75f"/>
      </symbol>
      <symbol id="sm-1a96">
         <name>_stream</name>
         <value>0x800633c</value>
         <object_component_ref idref="oc-87e"/>
      </symbol>
      <symbol id="sm-1a97">
         <name>_device</name>
         <value>0x80062c4</value>
         <object_component_ref idref="oc-8e4"/>
      </symbol>
      <symbol id="sm-1aad">
         <name>__aeabi_errno_addr</name>
         <value>0x2067c</value>
         <object_component_ref idref="oc-5e0"/>
      </symbol>
      <symbol id="sm-1aae">
         <name>errno</name>
         <value>0x8006454</value>
         <object_component_ref idref="oc-7d6"/>
      </symbol>
      <symbol id="sm-1b4d">
         <name>__TI_scanfi</name>
         <value>0xc85c</value>
         <object_component_ref idref="oc-642"/>
      </symbol>
      <symbol id="sm-1b5c">
         <name>__TI_cleanup</name>
         <value>0x1fd4c</value>
         <object_component_ref idref="oc-91e"/>
      </symbol>
      <symbol id="sm-1b6e">
         <name>fseek</name>
         <value>0x1ee70</value>
         <object_component_ref idref="oc-8d2"/>
      </symbol>
      <symbol id="sm-1b78">
         <name>__abort_execution</name>
         <value>0x206a0</value>
         <object_component_ref idref="oc-60d"/>
      </symbol>
      <symbol id="sm-1b82">
         <name>__aeabi_idiv0</name>
         <value>0x206bc</value>
         <object_component_ref idref="oc-521"/>
      </symbol>
      <symbol id="sm-1b83">
         <name>__aeabi_ldiv0</name>
         <value>0x206bc</value>
         <object_component_ref idref="oc-521"/>
      </symbol>
      <symbol id="sm-1b91">
         <name>strrchr</name>
         <value>0x204e8</value>
         <object_component_ref idref="oc-838"/>
      </symbol>
      <symbol id="sm-1be3">
         <name>strtold</name>
         <value>0x18524</value>
         <object_component_ref idref="oc-826"/>
      </symbol>
      <symbol id="sm-1be4">
         <name>strtod</name>
         <value>0x18524</value>
         <object_component_ref idref="oc-826"/>
      </symbol>
      <symbol id="sm-1c05">
         <name>strtol</name>
         <value>0x1c7fc</value>
         <object_component_ref idref="oc-82c"/>
      </symbol>
      <symbol id="sm-1c2a">
         <name>strtoll</name>
         <value>0x1ac30</value>
         <object_component_ref idref="oc-832"/>
      </symbol>
      <symbol id="sm-1c48">
         <name>strtoul</name>
         <value>0x1cbd8</value>
         <object_component_ref idref="oc-81a"/>
      </symbol>
      <symbol id="sm-1c6a">
         <name>strtoull</name>
         <value>0x1b8c8</value>
         <object_component_ref idref="oc-820"/>
      </symbol>
      <symbol id="sm-1c7b">
         <name>HOSTclose</name>
         <value>0x1f930</value>
         <object_component_ref idref="oc-933"/>
      </symbol>
      <symbol id="sm-1c8c">
         <name>HOSTlseek</name>
         <value>0x1ed18</value>
         <object_component_ref idref="oc-945"/>
      </symbol>
      <symbol id="sm-1c9e">
         <name>parmbuf</name>
         <value>0x80061c0</value>
      </symbol>
      <symbol id="sm-1c9f">
         <name>HOSTopen</name>
         <value>0x1f230</value>
         <object_component_ref idref="oc-92d"/>
      </symbol>
      <symbol id="sm-1cb0">
         <name>HOSTread</name>
         <value>0x1f3f8</value>
         <object_component_ref idref="oc-939"/>
      </symbol>
      <symbol id="sm-1cc1">
         <name>HOSTrename</name>
         <value>0x1ef18</value>
         <object_component_ref idref="oc-951"/>
      </symbol>
      <symbol id="sm-1cd2">
         <name>HOSTunlink</name>
         <value>0x1fa8c</value>
         <object_component_ref idref="oc-94b"/>
      </symbol>
      <symbol id="sm-1ce3">
         <name>HOSTwrite</name>
         <value>0x1f488</value>
         <object_component_ref idref="oc-93f"/>
      </symbol>
      <symbol id="sm-1d06">
         <name>__TI_readmsg</name>
         <value>0x1fda0</value>
         <object_component_ref idref="oc-96e"/>
      </symbol>
      <symbol id="sm-1d07">
         <name>C$$IO$$</name>
         <value>0x1fe3c</value>
         <object_component_ref idref="oc-968"/>
      </symbol>
      <symbol id="sm-1d08">
         <name>__CIOBUF_</name>
         <value>0x8005e20</value>
         <object_component_ref idref="oc-995"/>
      </symbol>
      <symbol id="sm-1d09">
         <name>__TI_writemsg</name>
         <value>0x1fdf4</value>
         <object_component_ref idref="oc-968"/>
      </symbol>
      <symbol id="sm-1d1a">
         <name>lseek</name>
         <value>0x2015c</value>
         <object_component_ref idref="oc-916"/>
      </symbol>
      <symbol id="sm-1d2f">
         <name>__TI_closefile</name>
         <value>0x1ea50</value>
         <object_component_ref idref="oc-95f"/>
      </symbol>
      <symbol id="sm-1d51">
         <name>finddevice</name>
         <value>0x1fe48</value>
         <object_component_ref idref="oc-9bb"/>
      </symbol>
      <symbol id="sm-1d52">
         <name>getdevice</name>
         <value>0x1fafc</value>
         <object_component_ref idref="oc-9ab"/>
      </symbol>
      <symbol id="sm-1d60">
         <name>strcmp</name>
         <value>0x2053c</value>
         <object_component_ref idref="oc-9ca"/>
      </symbol>
      <symbol id="sm-1d75">
         <name>close</name>
         <value>0x1f360</value>
         <object_component_ref idref="oc-986"/>
      </symbol>
      <symbol id="sm-1d85">
         <name>unlink</name>
         <value>0x20114</value>
         <object_component_ref idref="oc-98c"/>
      </symbol>
      <symbol id="sm-1d86">
         <name>__TI_static_base__</name>
         <value>0x0</value>
      </symbol>
      <symbol id="sm-1d8a">
         <name>SHT$$INIT_ARRAY$$Base</name>
         <value>0x0</value>
      </symbol>
      <symbol id="sm-1d8b">
         <name>SHT$$INIT_ARRAY$$Limit</name>
         <value>0x0</value>
      </symbol>
      <symbol id="sm-1d8c">
         <name>_system_post_cinit</name>
         <value>0x0</value>
      </symbol>
      <symbol id="sm-1d8d">
         <name>remove</name>
         <value>0x20114</value>
      </symbol>
   </symbol_table>
   <title>Link successful</title>
</link_info>
