******************************************************************************
                  TI ARM Linker PC v20.2.5                     
******************************************************************************
>> Linked Tue Feb  8 16:34:38 2022

OUTPUT FILE NAME:   <ex2_obc_software.out>
ENTRY POINT SYMBOL: "_c_int00"  address: 0002dbf4


MEMORY CONFIGURATION

         name            origin    length      used     unused   attr    fill
----------------------  --------  ---------  --------  --------  ----  --------
  VECTORS               00000000   00000040  00000028  00000018     X
  KERNEL                00000040   00008000  00007370  00000c90  R  X
  FLASH                 00008040   001f7fc0  0002ac8c  001cd334  R  X
  RAMINTVECS            08000000   00000020  00000008  00000018  RW X
  KRAM                  08000020   00000800  00000148  000006b8  RW  
  RAM                   08000820   0007ebe0  0004566a  00039576  RW  
  SDRAM                 80000000   07ffffff  000000a0  07ffff5f  RW X


SEGMENT ALLOCATION MAP

run origin  load origin   length   init length attrs members
----------  ----------- ---------- ----------- ----- -------
00000000    00000000    00000028   00000028    r-x
  00000000    00000000    00000028   00000028    r-x .intvecs
00000040    00000040    00006f90   00006f90    r-x
  00000040    00000040    00006f90   00006f90    r-x .kernelTEXT
00006fe0    00006fe0    000003e0   000003e0    r--
  00006fe0    00006fe0    000003e0   000003e0    r-- .cinit
00008060    00008060    0002abe4   0002abe4    r-x
  00008060    00008060    00028660   00028660    r-x .text
  000306c0    000306c0    00002584   00002584    r-- .const
08000000    00008040    00000008   00000008    r-x
  08000000    00008040    00000008   00000008    r-x .ramIntvecs
08000020    08000020    00000148   00000000    rw-
  08000020    08000020    00000148   00000000    rw- .kernelBSS
08000820    08000820    00045670   00000000    rw-
  08000820    08000820    00040000   00000000    rw- .kernelHEAP
  08040820    08040820    0000445e   00000000    rw- .bss
  08044c80    08044c80    00000a0c   00000000    rw- .data
  08045690    08045690    00000800   00000000    rw- .sysmem
80000000    00032c44    000000a0   000000a0    r-x
  80000000    00032c44    000000a0   000000a0    r-x .blinky_section


SECTION ALLOCATION MAP

 output                                  attributes/
section   page    origin      length       input sections
--------  ----  ----------  ----------   ----------------
.intvecs   0    00000000    00000028     
                  00000000    00000020     HL_sys_intvecs.obj (.intvecs)
                  00000020    00000008     ramintvecs.obj (.tramp.ramSWI.1)

.kernelTEXT 
*          0    00000040    00006f90     
                  00000040    0000397c     os_tasks.obj (.kernelTEXT)
                  000039bc    0000160c     os_queue.obj (.kernelTEXT)
                  00004fc8    00000b08     os_timer.obj (.kernelTEXT)
                  00005ad0    000008a8     os_event_groups.obj (.kernelTEXT)
                  00006378    000004b0     os_portasm.obj (.kernelTEXT)
                  00006828    000003f4     os_port.obj (.kernelTEXT)
                  00006c1c    000003b4     os_heap.obj (.kernelTEXT)

.cinit     0    00006fe0    000003e0     
                  00006fe0    00000392     (.cinit..data.load) [load image, compression = lzss]
                  00007372    00000002     --HOLE-- [fill = 0]
                  00007374    0000000c     (__TI_handler_table)
                  00007380    00000009     (.cinit..kernelBSS.load) [load image, compression = lzss]
                  00007389    00000007     --HOLE-- [fill = 0]
                  00007390    00000008     (.cinit..bss.load) [load image, compression = zero_init]
                  00007398    00000008     (.cinit..kernelHEAP.load) [load image, compression = zero_init]
                  000073a0    00000020     (__TI_cinit_table)

.ramIntvecs 
*          0    00008040    00000008     RUN ADDR = 08000000
                  00008040    00000008     ramintvecs.obj (.ramIntvecs)

.text      0    00008060    00028660     
                  00008060    00002a34     posix.obj (.text)
                  0000aa94    00002830     inodedata.obj (.text)
                  0000d2c4    00002504     printf.obj (.text)
                  0000f7c8    00001c38     HL_can.obj (.text)
                  00011400    00001a70     core.obj (.text)
                  00012e70    00001808     HL_spi.obj (.text)
                  00014678    00001374     dir.obj (.text)
                  000159ec    00001128     buffer.obj (.text)
                  00016b14    000010b0     inode.obj (.text)
                  00017bc4    00000ff4     HL_sci.obj (.text)
                  00018bb8    00000fac     rtsv7R4_A_be_v3D16_eabi.lib : _printfi.c.obj (.text:__TI_printfi)
                  00019b64    00000f14     dfgm_converter.obj (.text)
                  0001aa78    00000ef4     board_io_tests.obj (.text)
                  0001b96c    00000dc8     os_mpu_wrappers.obj (.text)
                  0001c734    00000ce4     HL_i2c.obj (.text)
                  0001d418    00000acc     volume.obj (.text)
                  0001dee4    00000a30     HL_spi.obj (.text:retain)
                  0001e914    000009f4     HL_pinmux.obj (.text)
                  0001f308    000009cc     HL_sci.obj (.text:retain)
                  0001fcd4    000009b8     sd_io.obj (.text)
                  0002068c    0000099c     HL_system.obj (.text)
                  00021028    00000940     HL_sys_vim.obj (.text)
                  00021968    00000918     skytraq_binary.obj (.text)
                  00022280    000008f8     path.obj (.text)
                  00022b78    00000828     uhf.obj (.text)
                  000233a0    0000078c     HL_esm.obj (.text)
                  00023b2c    00000788     dfgm_filter.obj (.text)
                  000242b4    00000734     csp_if_can.obj (.text)
                  000249e8    000006a0     logger.obj (.text)
                  00025088    00000664     HL_errata_SSWF021_45.obj (.text)
                  000256ec    00000644     csp_buffer.obj (.text)
                  00025d30    000005f8     imap.obj (.text)
                  00026328    000005e8     adcs_io.obj (.text)
                  00026910    0000054c     rtsv7R4_A_be_v3D16_eabi.lib : strtod.c.obj (.text:strtod)
                  00026e5c    00000518     imapextern.obj (.text)
                  00027374    000004f8     i2c.obj (.text)
                  0002786c    00000484     HL_gio.obj (.text)
                  00027cf0    0000047c     can.obj (.text)
                  0002816c    0000046c     blockio.obj (.text)
                  000285d8    00000428     i2c_io.obj (.text)
                  00028a00    00000428     osbdev.obj (.text)
                  00028e28    000003e4     HL_i2c.obj (.text:retain)
                  0002920c    000003e0     string.obj (.text)
                  000295ec    000003c4     HL_sys_core.obj (.text)
                  000299b0    000003c4     memory.obj (.text)
                  00029d74    0000039c     format.obj (.text)
                  0002a110    0000037c     csp_iflist.obj (.text)
                  0002a48c    00000364     crc.obj (.text)
                  0002a7f0    00000358     HL_sys_mpu.obj (.text)
                  0002ab48    00000350     csp_qfifo.obj (.text)
                  0002ae98    0000033c     HL_sys_vim.obj (.text:retain)
                  0002b1d4    000002dc     rtsv7R4_A_be_v3D16_eabi.lib : _printfi.c.obj (.text:_pconv_a)
                  0002b4b0    000002d8     csp_if_can_pbuf.obj (.text)
                  0002b788    000002b8     rtsv7R4_A_be_v3D16_eabi.lib : ull_div32.asm.obj (.text)
                  0002ba40    00000284     usart_m3.obj (.text)
                  0002bcc4    00000278     os_heap.obj (.text)
                  0002bf3c    0000025c     HL_notification.obj (.text)
                  0002c198    00000248     rtsv7R4_A_be_v3D16_eabi.lib : _printfi.c.obj (.text:_pconv_g)
                  0002c3e0    00000238     os_list.obj (.text)
                  0002c618    0000022c     csp_debug.obj (.text)
                  0002c844    00000218     imapinline.obj (.text)
                  0002ca5c    00000200     HL_can.obj (.text:retain)
                  0002cc5c    000001f8     HL_emif.obj (.text)
                  0002ce54    000001d0     main.obj (.text)
                  0002d024    000001a4     rtsv7R4_A_be_v3D16_eabi.lib : fputs.c.obj (.text:fputs)
                  0002d1c8    00000198                                 : memory.c.obj (.text:aligned_alloc)
                  0002d360    00000180                                 : memcpy32.asm.obj (.text)
                  0002d4e0    00000178     HL_esm.obj (.text:retain)
                  0002d658    00000174     rtsv7R4_A_be_v3D16_eabi.lib : memory.c.obj (.text:free)
                  0002d7cc    00000174     os_tasks.obj (.text)
                  0002d940    0000015c     rtsv7R4_A_be_v3D16_eabi.lib : _printfi.c.obj (.text:_pconv_e)
                  0002da9c    00000158                                 : setvbuf.c.obj (.text:setvbuf)
                  0002dbf4    00000150     HL_sys_startup.obj (.text:retain)
                  0002dd44    00000144     bitmap.obj (.text)
                  0002de88    00000144     rtsv7R4_A_be_v3D16_eabi.lib : _printfi.c.obj (.text:fcvt)
                  0002dfcc    0000013c                                 : s_floor.c.obj (.text:floor)
                  0002e108    00000138     os_port.obj (.text)
                  0002e240    00000120     csp_queue.obj (.text)
                  0002e360    00000120     rtsv7R4_A_be_v3D16_eabi.lib : s_scalbn.c.obj (.text:scalbn)
                  0002e480    00000115                                 : _printfi.c.obj (.text:_ltostr)
                  0002e595    00000003     --HOLE-- [fill = 0]
                  0002e598    00000100                                 : fputc.c.obj (.text:fputc)
                  0002e698    000000f8     osmutex.obj (.text)
                  0002e790    000000e0     HL_sys_pmu.obj (.text)
                  0002e870    000000c8     rtsv7R4_A_be_v3D16_eabi.lib : _printfi.c.obj (.text:_mcpy)
                  0002e938    000000b8                                 : fclose.c.obj (.text:__TI_closefile)
                  0002e9f0    000000b4     osoutput.obj (.text)
                  0002eaa4    000000b0     rtsv7R4_A_be_v3D16_eabi.lib : memset32.asm.obj (.text)
                  0002eb54    000000b0     spi_io.obj (.text)
                  0002ec04    000000b0     rtsv7R4_A_be_v3D16_eabi.lib : memory.c.obj (.text:split)
                  0002ecb4    000000ac                                 : hostlseek.c.obj (.text:HOSTlseek)
                  0002ed60    000000ac                                 : fflush.c.obj (.text:fflush)
                  0002ee0c    000000a8                                 : fseek.c.obj (.text:fseek)
                  0002eeb4    000000a4                                 : hostrename.c.obj (.text:HOSTrename)
                  0002ef58    000000a0                                 : _io_perm.c.obj (.text:__TI_wrt_ok)
                  0002eff8    0000009c                                 : fprintf.c.obj (.text:fprintf)
                  0002f094    0000009c                                 : printf.c.obj (.text:printf)
                  0002f130    00000098                                 : hostopen.c.obj (.text:HOSTopen)
                  0002f1c8    00000098                                 : _printfi.c.obj (.text:_ecpy)
                  0002f260    00000098                                 : close.c.obj (.text:close)
                  0002f2f8    00000090                                 : hostread.c.obj (.text:HOSTread)
                  0002f388    00000090                                 : hostwrite.c.obj (.text:HOSTwrite)
                  0002f418    00000090                                 : copy_decompress_lzss.c.obj (.text:decompress:lzss:__TI_decompress_lzss)
                  0002f4a8    0000008c                                 : s_frexp.c.obj (.text:frexp)
                  0002f534    0000008c     ostask.obj (.text)
                  0002f5c0    00000088     namelen.obj (.text)
                  0002f648    00000084     rtsv7R4_A_be_v3D16_eabi.lib : fflush.c.obj (.text:__TI_doflush)
                  0002f6cc    00000084                                 : atoi.c.obj (.text:atoi)
                  0002f750    00000080                                 : _ltoa.c.obj (.text:__TI_ltoa)
                  0002f7d0    0000007c     csp_clock.obj (.text)
                  0002f84c    0000007c     rtsv7R4_A_be_v3D16_eabi.lib : exit.c.obj (.text:exit)
                  0002f8c8    0000007c                                 : snprintf.c.obj (.text:snprintf)
                  0002f944    00000074                                 : hostclose.c.obj (.text:HOSTclose)
                  0002f9b8    00000074                                 : _printfi.c.obj (.text:_pconv_f)
                  0002fa2c    00000074     csp_malloc.obj (.text)
                  0002faa0    00000070     rtsv7R4_A_be_v3D16_eabi.lib : hostunlink.c.obj (.text:HOSTunlink)
                  0002fb10    00000070     spi_io.obj (.text:SPI_CS_Low)
                  0002fb80    0000006c     rtsv7R4_A_be_v3D16_eabi.lib : getdevice.c.obj (.text:getdevice)
                  0002fbec    00000068                                 : autoinit.c.obj (.text:__TI_auto_init_nobinit_nopinit:__TI_auto_init_nobinit_nopinit)
                  0002fc54    00000068                                 : strtok.c.obj (.text:strtok)
                  0002fcbc    00000064                                 : _printfi.c.obj (.text:_fcpy)
                  0002fd20    00000064                                 : sprintf.c.obj (.text:sprintf)
                  0002fd84    00000060     osassert.obj (.text)
                  0002fde4    0000005c     rtsv7R4_A_be_v3D16_eabi.lib : snprintf.c.obj (.text:_outs)
                  0002fe40    00000054     HL_sys_startup.obj (.text)
                  0002fe94    00000054     rtsv7R4_A_be_v3D16_eabi.lib : fopen.c.obj (.text:__TI_cleanup)
                  0002fee8    00000054                                 : trgmsg.c.obj (.text:__TI_readmsg)
                  0002ff3c    00000054                                 : trgmsg.c.obj (.text:__TI_writemsg)
                  0002ff90    00000054                                 : getdevice.c.obj (.text:finddevice)
                  0002ffe4    00000054                                 : i_div32.asm.obj (.text)
                  00030038    00000054                                 : strncasecmp.c.obj (.text:strncasecmp)
                  0003008c    00000050                                 : u_div32.asm.obj (.text)
                  000300dc    0000004c     HL_sys_main.obj (.text)
                  00030128    0000004c     rtsv7R4_A_be_v3D16_eabi.lib : strspn.c.obj (.text:strspn)
                  00030174    00000048                                 : strncpy.c.obj (.text:strncpy)
                  000301bc    00000048                                 : unlink.c.obj (.text:unlink)
                  00030204    00000044                                 : lseek.c.obj (.text:lseek)
                  00030248    00000044                                 : strcspn.c.obj (.text:strcspn)
                  0003028c    00000044                                 : write.c.obj (.text:write)
                  000302d0    00000040     csp_time.obj (.text)
                  00030310    00000040     rtsv7R4_A_be_v3D16_eabi.lib : memory.c.obj (.text:free_list_insert)
                  00030350    00000034     spi_io.obj (.text:SPI_CS_High)
                  00030384    00000030     rtsv7R4_A_be_v3D16_eabi.lib : sprintf.c.obj (.text:_outs)
                  000303b4    00000030                                 : memory.c.obj (.text:free_list_remove)
                  000303e4    00000030                                 : memccpy.c.obj (.text:memccpy)
                  00030414    0000002c                                 : snprintf.c.obj (.text:_outc)
                  00030440    0000002c                                 : memchr.c.obj (.text:memchr)
                  0003046c    00000028                                 : strchr.c.obj (.text:strchr)
                  00030494    00000028                                 : strcmp.c.obj (.text:strcmp)
                  000304bc    00000024                                 : ll_lsl32.asm.obj (.text)
                  000304e0    00000024                                 : ll_lsr32.asm.obj (.text)
                  00030504    00000024                                 : wcslen.c.obj (.text:wcslen)
                  00030528    00000020                                 : strlen.c.obj (.text:strlen)
                  00030548    0000001c                                 : s_copysign.c.obj (.text:copysign)
                  00030564    00000018     osclock.obj (.text)
                  0003057c    00000018     rtsv7R4_A_be_v3D16_eabi.lib : strcpy.c.obj (.text:strcpy)
                  00030594    00000014     sd_io.obj (.text:__SD_Assert)
                  000305a8    00000014     sd_io.obj (.text:__SD_Deassert)
                  000305bc    00000014     rtsv7R4_A_be_v3D16_eabi.lib : sprintf.c.obj (.text:_outc)
                  000305d0    00000014     csp_endian.obj (.text:csp_hton16)
                  000305e4    00000014     csp_endian.obj (.text:csp_hton32)
                  000305f8    00000014     csp_endian.obj (.text:csp_htonflt)
                  0003060c    00000014     csp_endian.obj (.text:csp_ntoh16)
                  00030620    00000014     csp_endian.obj (.text:csp_ntoh32)
                  00030634    00000014     rtsv7R4_A_be_v3D16_eabi.lib : copy_decompress_none.c.obj (.text:decompress:none:__TI_decompress_none)
                  00030648    00000010                                 : copy_zero_init.c.obj (.text:decompress:ZI:__TI_zero_init)
                  00030658    0000000c                                 : errno.c.obj (.text:__aeabi_errno_addr)
                  00030664    0000000c                                 : memory.c.obj (.text:malloc)
                  00030670    0000000c                                 : fputc.c.obj (.text:putchar)
                  0003067c    00000008     spi_io.obj (.text:SPI_Timer_Status)
                  00030684    00000008     rtsv7R4_A_be_v3D16_eabi.lib : exit.c.obj (.text:abort:abort)
                  0003068c    00000004     spi_io.obj (.text:SPI_Freq_High)
                  00030690    00000004     spi_io.obj (.text:SPI_Freq_Low)
                  00030694    00000004     spi_io.obj (.text:SPI_Timer_Off)
                  00030698    00000004     rtsv7R4_A_be_v3D16_eabi.lib : _lock.c.obj (.text:_nop)
                  0003069c    00000004                                 : fprintf.c.obj (.text:_outc)
                  000306a0    00000004                                 : printf.c.obj (.text:_outc)
                  000306a4    00000004                                 : fprintf.c.obj (.text:_outs)
                  000306a8    00000004                                 : printf.c.obj (.text:_outs)
                  000306ac    00000004     HL_sys_phantom.obj (.text:retain)
                  000306b0    00000004     rtsv7R4_A_be_v3D16_eabi.lib : div0.asm.obj (.text)
                  000306b4    00000004     sign.obj (.text)
                  000306b8    00000008     board_io_tests.obj (.tramp.blinky.1)

.const     0    000306c0    00002584     
                  000306c0    00002000     crc.obj (.const:aulCrc32Table$1)
                  000326c0    00000200     HL_sys_vim.obj (.const:s_vim_init)
                  000328c0    00000101     rtsv7R4_A_be_v3D16_eabi.lib : ctype.c.obj (.const:.string:_ctypes_)
                  000329c1    00000006     adcs_io.obj (.const:.string:$P$T0$1)
                  000329c7    00000001     --HOLE-- [fill = 0]
                  000329c8    00000080     rtsv7R4_A_be_v3D16_eabi.lib : strtod.c.obj (.const:digits)
                  00032a48    00000050     redconf.obj (.const:gaRedVolConf)
                  00032a98    00000050     printf.obj (.const:pow10$1)
                  00032ae8    00000048     rtsv7R4_A_be_v3D16_eabi.lib : strtod.c.obj (.const:powerof10)
                  00032b30    00000030     core.obj (.const:$P$T0$2)
                  00032b60    00000030     core.obj (.const:$P$T1$3)
                  00032b90    00000030     dfgm_converter.obj (.const:HKOffsets)
                  00032bc0    00000030     dfgm_converter.obj (.const:HKScales)
                  00032bf0    00000020     HL_can.obj (.const:s_canByteOrder)
                  00032c10    00000014     logger.obj (.const:.string:logger_config)
                  00032c24    0000000e     redconf.obj (.const:.string)
                  00032c32    00000002     --HOLE-- [fill = 0]
                  00032c34    00000008     csp_qfifo.obj (.const:$P$T2$1)
                  00032c3c    00000008     board_io_tests.obj (.const:.string:$P$T0$1)

.kernelBSS 
*          0    08000020    00000148     UNINITIALIZED
                  08000020    000000d0     os_tasks.obj (.kernelBSS:uninit)
                  080000f0    0000003c     os_tasks.obj (.kernelBSS:init)
                  0800012c    00000030     os_timer.obj (.kernelBSS:uninit)
                  0800015c    0000000c     os_timer.obj (.kernelBSS:init)

.kernelHEAP 
*          0    08000820    00040000     UNINITIALIZED
                  08000820    00040000     os_heap.obj (.kernelHEAP)

.bss       0    08040820    0000445e     UNINITIALIZED
                  08040820    00001870     buffer.obj (.bss:gBufCtx)
                  08042090    00001330     (.common:buffer)
                  080433c0    00000850     core.obj (.bss:gaCoreVol)
                  08043c10    00000730     posix.obj (.bss:gaHandle)
                  08044340    0000016b     uhf.obj (.bss:U_beacon_reg)
                  080444ab    00000001     posix.obj (.bss)
                  080444ac    00000140     posix.obj (.bss:gaTask)
                  080445ec    00000120     rtsv7R4_A_be_v3D16_eabi.lib : trgmsg.c.obj (.bss:_CIOBUF_)
                  0804470c    000000f2     uhf.obj (.bss:U_call_reg)
                  080447fe    000000a0     (.common:__TI_tmpnams)
                  0804489e    00000001     (.common:byte)
                  0804489f    00000001     (.common:gbRedVolNum)
                  080448a0    00000084     dir.obj (.bss:de$1)
                  08044924    00000084     posix.obj (.bss:szGetCwdName$1)
                  080449a8    00000078     csp_if_can_pbuf.obj (.bss:csp_can_pbuf)
                  08044a20    00000078     HL_spi.obj (.bss:g_spiPacket_t)
                  08044a98    00000064     (.common:binary_message_buffer)
                  08044afc    00000050     HL_sci.obj (.bss:g_sciTransfer_t)
                  08044b4c    00000004     can.obj (.bss)
                  08044b50    00000050     (.common:gaRedVolume)
                  08044ba0    00000020     (.common:csp_conf)
                  08044bc0    00000018     HL_i2c.obj (.bss:g_i2cTransfer_t)
                  08044bd8    00000018     i2c_io.obj (.bss:i2csemphr_t)
                  08044bf0    00000014     uhf.obj (.bss:U_FRAM_reg)
                  08044c04    00000010     adcs_io.obj (.bss)
                  08044c14    00000010     (.common:devs)
                  08044c24    0000000c     dfgm_converter.obj (.bss)
                  08044c30    00000008     csp_buffer.obj (.bss)
                  08044c38    00000008     logger.obj (.bss)
                  08044c40    00000008     os_heap.obj (.bss:xStart)
                  08044c48    00000008     (.common:parmbuf)
                  08044c50    00000008     (.common:sptr)
                  08044c58    00000004     posix.obj (.bss:gauGeneration)
                  08044c5c    00000004     osmutex.obj (.bss)
                  08044c60    00000004     csp_qfifo.obj (.bss:qfifo)
                  08044c64    00000004     (.common:NMEA_queue)
                  08044c68    00000004     (.common:bin_buff_loc)
                  08044c6c    00000004     (.common:sciData)
                  08044c70    00000004     (.common:tx_semphr)
                  08044c74    00000004     (.common:uTransceiverPipe_timer)
                  08044c78    00000004     (.common:uTransceiver_semaphore)
                  08044c7c    00000001     (.common:incomingData)
                  08044c7d    00000001     (.common:sci_busy)

.data      0    08044c80    00000a0c     UNINITIALIZED
                  08044c80    000004e4     dfgm_converter.obj (.data:dat$1)
                  08045164    00000004     csp_debug.obj (.data)
                  08045168    00000288     dfgm_filter.obj (.data:filter)
                  080453f0    000000f0     rtsv7R4_A_be_v3D16_eabi.lib : defs.c.obj (.data:_ftable)
                  080454e0    00000078                                 : host_device.c.obj (.data:_device)
                  08045558    00000050                                 : host_device.c.obj (.data:_stream)
                  080455a8    00000030     uhf.obj (.data:U_status_reg)
                  080455d8    00000015     logger.obj (.data:old_logger_file)
                  080455ed    00000003     --HOLE--
                  080455f0    00000011     core.obj (.data)
                  08045601    00000003     --HOLE--
                  08045604    00000011     logger.obj (.data)
                  08045615    00000011     logger.obj (.data:logger_file)
                  08045626    00000002     --HOLE--
                  08045628    00000010     os_heap.obj (.data)
                  08045638    00000010     rtsv7R4_A_be_v3D16_eabi.lib : defs.c.obj (.data)
                  08045648    0000000c                                 : exit.c.obj (.data:$O1$$)
                  08045654    00000008                                 : _lock.c.obj (.data:$O1$$)
                  0804565c    00000008                                 : memory.c.obj (.data:$O1$$)
                  08045664    00000008     os_port.obj (.data)
                  0804566c    00000008     skytraq_binary.obj (.data)
                  08045674    00000007     csp_debug.obj (.data:csp_debug_level_enabled)
                  0804567b    00000001     --HOLE--
                  0804567c    00000004     csp_iflist.obj (.data)
                  08045680    00000004     posix.obj (.data)
                  08045684    00000004     rtsv7R4_A_be_v3D16_eabi.lib : errno.c.obj (.data)
                  08045688    00000004                                 : strtok.c.obj (.data)

.sysmem    0    08045690    00000800     UNINITIALIZED
                  08045690    00000010     rtsv7R4_A_be_v3D16_eabi.lib : memory.c.obj (.sysmem)
                  080456a0    000007f0     --HOLE--

.blinky_section 
*          0    00032c44    000000a0     RUN ADDR = 80000000
                  00032c44    00000098     board_io_tests.obj (.blinky_section)
                  00032cdc    00000008     HL_gio.obj (.tramp.gioSetBit.1)

__llvm_prf_cnts 
*          0    08000820    00000000     UNINITIALIZED

MODULE SUMMARY

       Module                       code     ro data   rw data
       ------                       ----     -------   -------
    .\ex2_hal\ex2_adcs_software\equipment_handler\src\
       adcs_io.obj                  1512     6         16     
    +--+----------------------------+--------+---------+---------+
       Total:                       1512     6         16     
                                                              
    .\ex2_hal\ex2_athena_software\equipment_handler\source\
       board_io_tests.obj           4140     8         0      
       sd_io.obj                    2528     0         16     
       spi_io.obj                   360      0         0      
    +--+----------------------------+--------+---------+---------+
       Total:                       7028     8         16     
                                                              
    .\ex2_hal\ex2_dfgm_software\source\
       dfgm_filter.obj              1928     0         5568   
       dfgm_converter.obj           3860     96        1264   
    +--+----------------------------+--------+---------+---------+
       Total:                       5788     96        6832   
                                                              
    .\ex2_hal\ex2_gps_software\equipment_handler\source\
       skytraq_gps_driver.obj       0        0         4      
    +--+----------------------------+--------+---------+---------+
       Total:                       0        0         4      
                                                              
    .\ex2_hal\ex2_gps_software\hardware_interface\source\
       skytraq_binary.obj           2328     0         118    
    +--+----------------------------+--------+---------+---------+
       Total:                       2328     0         118    
                                                              
    .\ex2_hal\ex2_uhf_software\equipment_handler\source\
       i2c.obj                      1272     0         8      
    +--+----------------------------+--------+---------+---------+
       Total:                       1272     0         8      
                                                              
    .\ex2_hal\ex2_uhf_software\hardware_interface\source\
       uhf.obj                      2088     0         673    
    +--+----------------------------+--------+---------+---------+
       Total:                       2088     0         673    
                                                              
    .\ex2_system\source\
       printf.obj                   9476     80        0      
    +--+----------------------------+--------+---------+---------+
       Total:                       9476     80        0      
                                                              
    .\ex2_system\source\logger\
       logger.obj                   1696     20        63     
    +--+----------------------------+--------+---------+---------+
       Total:                       1696     20        63     
                                                              
    .\libcsp\src\
       csp_buffer.obj               1604     0         8      
       csp_iflist.obj               892      0         4      
       csp_qfifo.obj                848      8         4      
       csp_debug.obj                556      0         11     
       csp_endian.obj               100      0         0      
       csp_init.obj                 0        0         32     
    +--+----------------------------+--------+---------+---------+
       Total:                       4000     8         59     
                                                              
    .\libcsp\src\arch\freertos\
       csp_queue.obj                288      0         0      
       csp_clock.obj                124      0         0      
       csp_malloc.obj               116      0         0      
       csp_time.obj                 64       0         0      
    +--+----------------------------+--------+---------+---------+
       Total:                       592      0         0      
                                                              
    .\libcsp\src\drivers\can\
       can.obj                      1148     0         4      
    +--+----------------------------+--------+---------+---------+
       Total:                       1148     0         4      
                                                              
    .\libcsp\src\drivers\usart\
       usart_m3.obj                 644      0         5      
    +--+----------------------------+--------+---------+---------+
       Total:                       644      0         5      
                                                              
    .\libcsp\src\interfaces\
       csp_if_can.obj               1844     0         0      
       csp_if_can_pbuf.obj          728      0         120    
    +--+----------------------------+--------+---------+---------+
       Total:                       2572     0         120    
                                                              
    .\main\
       main.obj                     464      0         0      
    +--+----------------------------+--------+---------+---------+
       Total:                       464      0         0      
                                                              
    .\reliance_edge\core\driver\
       buffer.obj                   4392     0         6256   
       inodedata.obj                10288    0         0      
       core.obj                     6768     96        2226   
       dir.obj                      4980     0         132    
       inode.obj                    4272     0         0      
       volume.obj                   2764     0         0      
       imap.obj                     1528     0         0      
       imapextern.obj               1304     0         0      
       blockio.obj                  1132     0         0      
       format.obj                   924      0         0      
       imapinline.obj               536      0         0      
    +--+----------------------------+--------+---------+---------+
       Total:                       38888    96        8614   
                                                              
    .\reliance_edge\include\
       redconf.obj                  0        94        0      
    +--+----------------------------+--------+---------+---------+
       Total:                       0        94        0      
                                                              
    .\reliance_edge\os\freertos\services\
       osbdev.obj                   1064     0         0      
       osmutex.obj                  248      0         4      
       osoutput.obj                 180      0         0      
       ostask.obj                   140      0         0      
       osassert.obj                 96       0         0      
       osclock.obj                  24       0         0      
    +--+----------------------------+--------+---------+---------+
       Total:                       1752     0         4      
                                                              
    .\reliance_edge\posix\
       posix.obj                    10804    0         2301   
       path.obj                     2296     0         0      
    +--+----------------------------+--------+---------+---------+
       Total:                       13100    0         2301   
                                                              
    .\reliance_edge\util\
       crc.obj                      868      8192      0      
       string.obj                   992      0         0      
       memory.obj                   964      0         0      
       bitmap.obj                   324      0         0      
       namelen.obj                  136      0         0      
       sign.obj                     4        0         0      
    +--+----------------------------+--------+---------+---------+
       Total:                       3288     8192      0      
                                                              
    .\source\
       os_heap.obj                  1580     0         262168 
       os_tasks.obj                 15088    0         268    
       HL_spi.obj                   8760     0         120    
       HL_can.obj                   7736     32        0      
       HL_sci.obj                   6592     0         80     
       os_queue.obj                 5644     0         0      
       HL_i2c.obj                   4296     0         24     
       HL_sys_vim.obj               3196     512       0      
       os_mpu_wrappers.obj          3528     0         0      
       os_timer.obj                 2824     0         60     
       HL_pinmux.obj                2548     0         0      
       HL_system.obj                2460     0         0      
       HL_esm.obj                   2308     0         0      
       os_event_groups.obj          2216     0         0      
       HL_errata_SSWF021_45.obj     1636     0         0      
       os_port.obj                  1324     0         8      
       os_portasm.obj               1200     0         0      
       HL_gio.obj                   1172     0         0      
       i2c_io.obj                   1064     0         24     
       HL_sys_core.obj              964      0         0      
       HL_sys_mpu.obj               856      0         0      
       HL_notification.obj          604      0         0      
       os_list.obj                  568      0         0      
       HL_emif.obj                  504      0         0      
       HL_sys_startup.obj           420      0         0      
       HL_sys_pmu.obj               224      0         0      
       HL_sys_main.obj              76       0         0      
       HL_sys_intvecs.obj           32       0         0      
       ramintvecs.obj               24       0         0      
       HL_sys_phantom.obj           4        0         0      
    +--+----------------------------+--------+---------+---------+
       Total:                       79448    544       262752 
                                                              
    C:\ti\ccs1040\ccs\tools\compiler\ti-cgt-arm_20.2.5.LTS\lib\rtsv7R4_A_be_v3D16_eabi.lib
       _printfi.c.obj               6845     0         0      
       strtod.c.obj                 1356     200       0      
       memory.c.obj                 1080     0         8      
       ull_div32.asm.obj            696      0         0      
       trgmsg.c.obj                 168      0         288    
       fputs.c.obj                  420      0         0      
       defs.c.obj                   0        0         416    
       memcpy32.asm.obj             384      0         0      
       setvbuf.c.obj                344      0         0      
       s_floor.c.obj                316      0         0      
       fflush.c.obj                 304      0         0      
       s_scalbn.c.obj               288      0         0      
       fputc.c.obj                  268      0         0      
       snprintf.c.obj               260      0         0      
       ctype.c.obj                  0        257       0      
       host_device.c.obj            0        0         200    
       getdevice.c.obj              192      0         0      
       fclose.c.obj                 184      0         0      
       memset32.asm.obj             176      0         0      
       hostlseek.c.obj              172      0         0      
       fseek.c.obj                  168      0         0      
       sprintf.c.obj                168      0         0      
       fprintf.c.obj                164      0         0      
       hostrename.c.obj             164      0         0      
       printf.c.obj                 164      0         0      
       _io_perm.c.obj               160      0         0      
       hostopen.c.obj               152      0         8      
       close.c.obj                  152      0         0      
       copy_decompress_lzss.c.obj   144      0         0      
       exit.c.obj                   132      0         12     
       hostread.c.obj               144      0         0      
       hostwrite.c.obj              144      0         0      
       s_frexp.c.obj                140      0         0      
       atoi.c.obj                   132      0         0      
       _ltoa.c.obj                  128      0         0      
       hostclose.c.obj              116      0         0      
       hostunlink.c.obj             112      0         0      
       strtok.c.obj                 104      0         4      
       autoinit.c.obj               104      0         0      
       fopen.c.obj                  84       0         0      
       i_div32.asm.obj              84       0         0      
       strncasecmp.c.obj            84       0         0      
       u_div32.asm.obj              80       0         0      
       strspn.c.obj                 76       0         0      
       strncpy.c.obj                72       0         0      
       unlink.c.obj                 72       0         0      
       lseek.c.obj                  68       0         0      
       strcspn.c.obj                68       0         0      
       write.c.obj                  68       0         0      
       memccpy.c.obj                48       0         0      
       memchr.c.obj                 44       0         0      
       strchr.c.obj                 40       0         0      
       strcmp.c.obj                 40       0         0      
       ll_lsl32.asm.obj             36       0         0      
       ll_lsr32.asm.obj             36       0         0      
       wcslen.c.obj                 36       0         0      
       strlen.c.obj                 32       0         0      
       s_copysign.c.obj             28       0         0      
       strcpy.c.obj                 24       0         0      
       copy_decompress_none.c.obj   20       0         0      
       copy_zero_init.c.obj         16       0         0      
       errno.c.obj                  12       0         4      
       _lock.c.obj                  4        0         8      
       div0.asm.obj                 4        0         0      
    +--+----------------------------+--------+---------+---------+
       Total:                       17321    457       948    
                                                              
       Heap:                        0        0         2048   
       Linker Generated:            0        983       0      
    +--+----------------------------+--------+---------+---------+
       Grand Total:                 194405   10584     284585 


LINKER GENERATED COPY TABLES

__TI_cinit_table @ 000073a0 records: 4, size/record: 8, table size: 32
	.data: load addr=00006fe0, load size=00000392 bytes, run addr=08044c80, run size=00000a0c bytes, compression=lzss
	.kernelBSS: load addr=00007380, load size=00000009 bytes, run addr=08000020, run size=00000148 bytes, compression=lzss
	.bss: load addr=00007390, load size=00000008 bytes, run addr=08040820, run size=0000445e bytes, compression=zero_init
	.kernelHEAP: load addr=00007398, load size=00000008 bytes, run addr=08000820, run size=00040000 bytes, compression=zero_init


LINKER GENERATED HANDLER TABLE

__TI_handler_table @ 00007374 records: 3, size/record: 4, table size: 12
	index: 0, handler: __TI_decompress_lzss
	index: 1, handler: __TI_decompress_none
	index: 2, handler: __TI_zero_init


FAR CALL TRAMPOLINES

callee name               trampoline name
   callee addr  tramp addr   call addr  call info
--------------  -----------  ---------  ----------------
ramSWI                    $Tramp$AA$L$PI$$ramSWI
   08000000     00000020     00000008   HL_sys_intvecs.obj (.intvecs)
blinky                    $Tramp$AA$L$PI$$blinky
   80000000     000306b8     0001b674   board_io_tests.obj (.text)
gioSetBit                 $Tramp$AA$L$PI$$gioSetBit
   0002795c     80000098     80000010   board_io_tests.obj (.blinky_section)
                             80000054   board_io_tests.obj (.blinky_section)

[3 trampolines]
[4 trampoline calls]


GLOBAL SYMBOLS: SORTED ALPHABETICALLY BY Name 

address   name                                  
-------   ----                                  
800000a0  BlinkyEndAddr                         
00032ce4  BlinkyLoadEnd                         
00032c44  BlinkyLoadStart                       
000000a0  BlinkySize                            
80000000  BlinkyStartAddr                       
00030684  C$$EXIT                               
0002ff84  C$$IO$$                               
0001b4f8  CANRxTest                             
0001b480  CANTxTest                             
0001ac38  GPIOGetBit                            
0001aaf4  GPIOSetBit                            
0001ad7c  GPIOTxTest                            
00022ed0  HAL_UHF_getAudioT                     
00023040  HAL_UHF_getBeaconMsg                  
00022ea4  HAL_UHF_getBeaconT                    
00022fa0  HAL_UHF_getDestination                
00023068  HAL_UHF_getFRAM                       
00022d9c  HAL_UHF_getFreq                       
00022f28  HAL_UHF_getLowPwr                     
00023018  HAL_UHF_getMIDI                       
00022ff0  HAL_UHF_getMorse                      
00022f50  HAL_UHF_getPayload                    
00022e20  HAL_UHF_getPcktsIn                    
00022e4c  HAL_UHF_getPcktsInCRC16               
00022df4  HAL_UHF_getPcktsOut                   
00022e78  HAL_UHF_getPipeT                      
00022d74  HAL_UHF_getSCW                        
00022f78  HAL_UHF_getSecureKey                  
00022fc8  HAL_UHF_getSource                     
00022efc  HAL_UHF_getTemp                       
00022dc8  HAL_UHF_getUptime                     
00022c2c  HAL_UHF_lowPwr                        
00022c18  HAL_UHF_restore                       
00022d60  HAL_UHF_secure                        
00022bf8  HAL_UHF_setAudioT                     
00022cf0  HAL_UHF_setBeaconMsg                  
00022bd8  HAL_UHF_setBeaconT                    
00022c40  HAL_UHF_setDestination                
00022d30  HAL_UHF_setFRAM                       
00022b98  HAL_UHF_setFreq                       
00022d1c  HAL_UHF_setI2C                        
00022cc4  HAL_UHF_setMIDI                       
00022c98  HAL_UHF_setMorse                      
00022bb8  HAL_UHF_setPipeT                      
00022b78  HAL_UHF_setSCW                        
00022c6c  HAL_UHF_setSource                     
00032b90  HKOffsets                             
00032bc0  HKScales                              
0002f944  HOSTclose                             
0002ecb4  HOSTlseek                             
0002f130  HOSTopen                              
0002f2f8  HOSTread                              
0002eeb4  HOSTrename                            
0002faa0  HOSTunlink                            
0002f388  HOSTwrite                             
0001b1f8  I2CMasterRxTest                       
0001b148  I2CMasterTxTest                       
0001b2f4  I2CSlaveRxTest                        
0001b3e0  I2CSlaveTxTest                        
0001aa78  InitIO                                
0001bb3c  MPU_eTaskGetState                     
0001bcf0  MPU_pcTaskGetName                     
0001c4ac  MPU_pcTimerGetName                    
0001bdd0  MPU_pvTaskGetThreadLocalStoragePointer
0001c3e4  MPU_pvTimerGetTimerID                 
0001bf8c  MPU_ulTaskNotifyTake                  
0001c174  MPU_uxQueueMessagesWaiting            
0001c1a8  MPU_uxQueueSpacesAvailable            
0001bcc4  MPU_uxTaskGetNumberOfTasks            
0001bd58  MPU_uxTaskGetStackHighWaterMark       
0001be40  MPU_uxTaskGetSystemState              
0001bb08  MPU_uxTaskPriorityGet                 
0001c708  MPU_vEventGroupDelete                 
0001c1dc  MPU_vQueueDelete                      
0001ba14  MPU_vTaskAllocateMPURegions           
0001ba74  MPU_vTaskDelay                        
0001baa0  MPU_vTaskDelayUntil                   
0001ba48  MPU_vTaskDelete                       
0001bb70  MPU_vTaskGetInfo                      
0001beb8  MPU_vTaskGetRunTimeStats              
0001be8c  MPU_vTaskList                         
0001bbbc  MPU_vTaskPrioritySet                  
0001bc1c  MPU_vTaskResume                       
0001bd8c  MPU_vTaskSetThreadLocalStoragePointer 
0001c030  MPU_vTaskSetTimeOutState              
0001bbf0  MPU_vTaskSuspend                      
0001bc48  MPU_vTaskSuspendAll                   
0001c418  MPU_vTimerSetTimerID                  
0001c62c  MPU_xEventGroupClearBits              
0001c5a4  MPU_xEventGroupCreate                 
0001c670  MPU_xEventGroupSetBits                
0001c6b4  MPU_xEventGroupSync                   
0001c5d0  MPU_xEventGroupWaitBits               
0001c23c  MPU_xQueueCreateCountingSemaphore     
0001c208  MPU_xQueueCreateMutex                 
0001c2f8  MPU_xQueueGenericCreate               
0001c120  MPU_xQueueGenericReceive              
0001c344  MPU_xQueueGenericReset                
0001c0cc  MPU_xQueueGenericSend                 
0001c2c4  MPU_xQueueGiveMutexRecursive          
0001c280  MPU_xQueueTakeMutexRecursive          
0001bad4  MPU_xTaskAbortDelay                   
0001c05c  MPU_xTaskCheckForTimeOut              
0001b96c  MPU_xTaskCreate                       
0001b9d0  MPU_xTaskCreateRestricted             
0001bee4  MPU_xTaskGenericNotify                
0001c004  MPU_xTaskGetCurrentTaskHandle         
0001bd24  MPU_xTaskGetHandle                    
0001be14  MPU_xTaskGetIdleTaskHandle            
0001c0a0  MPU_xTaskGetSchedulerState            
0001bc98  MPU_xTaskGetTickCount                 
0001bfd0  MPU_xTaskNotifyStateClear             
0001bf38  MPU_xTaskNotifyWait                   
0001bc6c  MPU_xTaskResumeAll                    
0001c388  MPU_xTimerCreate                      
0001c548  MPU_xTimerGenericCommand              
0001c514  MPU_xTimerGetExpiryTime               
0001c4e0  MPU_xTimerGetPeriod                   
0001c480  MPU_xTimerGetTimerDaemonTaskHandle    
0001c44c  MPU_xTimerIsTimerActive               
08044c64  NMEA_queue                            
0002de10  RedBitClear                           
0002dd44  RedBitGet                             
0002ddb8  RedBitSet                             
0001601c  RedBufferBranch                       
00015fb4  RedBufferDirty                        
000160d4  RedBufferDiscard                      
00016178  RedBufferDiscardRange                 
00015e64  RedBufferFlush                        
00015a58  RedBufferGet                          
000159ec  RedBufferInit                         
00015d94  RedBufferPut                          
00011c60  RedCoreCreate                         
00012d78  RedCoreDirParent                      
00012ce8  RedCoreDirRead                        
000128a4  RedCoreFileRead                       
00012b14  RedCoreFileTruncate                   
00012950  RedCoreFileWrite                      
00011400  RedCoreInit                           
00011ef8  RedCoreLink                           
000123e8  RedCoreLookup                         
00012488  RedCoreRename                         
000127ac  RedCoreStat                           
00011c04  RedCoreTransMaskGet                   
00011b84  RedCoreTransMaskSet                   
00011810  RedCoreUninit                         
00012154  RedCoreUnlink                         
000118ec  RedCoreVolFormat                      
000118f8  RedCoreVolMount                       
00011838  RedCoreVolSetCurrent                  
00011a24  RedCoreVolStat                        
000119a4  RedCoreVolTransact                    
00011904  RedCoreVolUnmount                     
0002a48c  RedCrc32Update                        
0002a75c  RedCrcNode                            
00014678  RedDirEntryCreate                     
00014868  RedDirEntryDelete                     
00014ac0  RedDirEntryLookup                     
00014e20  RedDirEntryRead                       
00015104  RedDirEntryRename                     
00026044  RedImapAllocBlock                     
00025d30  RedImapBlockGet                       
00025df0  RedImapBlockSet                       
000261f4  RedImapBlockState                     
00026e5c  RedImapEBlockGet                      
00026fa8  RedImapEBlockSet                      
0002c844  RedImapIBlockGet                      
0002c914  RedImapIBlockSet                      
000272cc  RedImapNodeBlock                      
00017a28  RedInodeBitGet                        
00017518  RedInodeBranch                        
00016cf4  RedInodeCreate                        
0000aa94  RedInodeDataRead                      
0000c020  RedInodeDataSeek                      
0000bfa8  RedInodeDataSeekAndRead               
0000b388  RedInodeDataTruncate                  
0000ae38  RedInodeDataWrite                     
00016f1c  RedInodeDelete                        
000170b8  RedInodeFree                          
00017794  RedInodeIsFree                        
00016fd8  RedInodeLinkDec                       
00016b14  RedInodeMount                         
0001728c  RedInodePut                           
000172e8  RedInodePutCoord                      
000173d0  RedInodePutData                       
00017328  RedInodePutDindir                     
0001737c  RedInodePutIndir                      
000284fc  RedIoFlush                            
0002816c  RedIoRead                             
00028334  RedIoWrite                            
00029c2c  RedMemCmp                             
000299b0  RedMemCpy                             
00029a70  RedMemMove                            
00029b88  RedMemSet                             
0002f5c0  RedNameLen                            
0002fd84  RedOsAssertFail                       
00028bc8  RedOsBDevClose                        
00028dec  RedOsBDevFlush                        
00028b8c  RedOsBDevOpen                         
00028bfc  RedOsBDevRead                         
00028cf4  RedOsBDevWrite                        
00030574  RedOsClockGetTime                     
00030564  RedOsClockInit                        
0003056c  RedOsClockUninit                      
0002e6f8  RedOsMutexAcquire                     
0002e698  RedOsMutexInit                        
0002e720  RedOsMutexRelease                     
0002e6d4  RedOsMutexUninit                      
0002e9f0  RedOsOutputString                     
0002f534  RedOsTaskId                           
000224fc  RedPathLookup                         
00022568  RedPathToName                         
0002245c  RedPathVolumeLookup                   
00022280  RedPathVolumePrefixLookup             
000306b4  RedSignOn                             
0002928c  RedStrCmp                             
0002920c  RedStrLen                             
000293a4  RedStrNCmp                            
000294d8  RedStrNCpy                            
0001dd1c  RedVolCriticalError                   
00029d74  RedVolFormat                          
0001d418  RedVolMount                           
0001d48c  RedVolMountMaster                     
0001d5fc  RedVolMountMetaroot                   
0001dd70  RedVolSeqNumIncrement                 
0001da58  RedVolTransact                        
0001b61c  SDRAM_Test                            
00020148  SD_Init                               
00020494  SD_Read                               
00020650  SD_Status                             
00020608  SD_Write                              
UNDEFED   SHT$$INIT_ARRAY$$Base                 
UNDEFED   SHT$$INIT_ARRAY$$Limit                
0001af9c  SPIMasterRxTest                       
0001af20  SPIMasterTxTest                       
0001b0b8  SPISlaveRxTest                        
0001b03c  SPISlaveTxTest                        
00030350  SPI_CS_High                           
0002fb10  SPI_CS_Low                            
0003068c  SPI_Freq_High                         
00030690  SPI_Freq_Low                          
0002eb54  SPI_Init                              
0002eb58  SPI_RW                                
0002eba8  SPI_Release                           
00030694  SPI_Timer_Off                         
0002ebe4  SPI_Timer_On                          
0003067c  SPI_Timer_Status                      
0002cf94  SciSendBuf                            
00013bb4  SpiRxStatus                           
00013b28  SpiTxStatus                           
0001ae98  UARTRxTest                            
0001ae54  UARTTxTest                            
00023288  UHF_convert_endianness                
00023098  UHF_getHK                             
080445ec  __CIOBUF_                             
00030594  __SD_Assert                           
000305a8  __SD_Deassert                         
0001fcd4  __SD_Power_Of_Two                     
0001ff28  __SD_Sectors                          
0001fd48  __SD_Send_Cmd                         
0001fd24  __SD_Speed_Transfer                   
0001fe50  __SD_Write_Block                      
00000800  __SYSMEM_SIZE                         
000073a0  __TI_CINIT_Base                       
000073c0  __TI_CINIT_Limit                      
00007374  __TI_Handler_Table_Base               
00007380  __TI_Handler_Table_Limit              
000299a8  __TI_PINIT_Base                       
000299ac  __TI_PINIT_Limit                      
0002fbec  __TI_auto_init_nobinit_nopinit        
0002fe94  __TI_cleanup                          
08045648  __TI_cleanup_ptr                      
0002e938  __TI_closefile                        
0002f418  __TI_decompress_lzss                  
00030634  __TI_decompress_none                  
0002f648  __TI_doflush                          
0804564c  __TI_dtors_ptr                        
08045650  __TI_enable_exit_profile_output       
08045638  __TI_ft_end                           
0002f750  __TI_ltoa                             
ffffffff  __TI_pprof_out_hndl                   
00018bb8  __TI_printfi                          
ffffffff  __TI_prof_data_size                   
ffffffff  __TI_prof_data_start                  
0002fee8  __TI_readmsg                          
00000000  __TI_static_base__                    
080447fe  __TI_tmpnams                          
0002ff3c  __TI_writemsg                         
0002ef58  __TI_wrt_ok                           
00030648  __TI_zero_init                        
00030658  __aeabi_errno_addr                    
0002ffe4  __aeabi_idiv                          
000306b0  __aeabi_idiv0                         
0002ffe4  __aeabi_idivmod                       
000306b0  __aeabi_ldiv0                         
000304bc  __aeabi_llsl                          
000304e0  __aeabi_llsr                          
0002eaa4  __aeabi_memclr                        
0002eaa4  __aeabi_memclr4                       
0002eaa4  __aeabi_memclr8                       
0002d360  __aeabi_memcpy                        
0002d360  __aeabi_memcpy4                       
0002d360  __aeabi_memcpy8                       
0002eaa8  __aeabi_memset                        
0002eaa8  __aeabi_memset4                       
0002eaa8  __aeabi_memset8                       
08045644  __aeabi_stderr                        
0804563c  __aeabi_stdin                         
08045640  __aeabi_stdout                        
0003008c  __aeabi_uidiv                         
0003008c  __aeabi_uidivmod                      
0002b788  __aeabi_uldivmod                      
ffffffff  __binit__                             
ffffffff  __c_args__                            
0000d430  __putchar                             
08000820  __start___llvm_prf_cnts               
08000820  __stop___llvm_prf_cnts                
0002dbf4  _c_int00                              
0002995c  _cacheDisable_                        
00029918  _cacheEnable_                         
000298f8  _checkMemInitOn_                      
00029804  _coreClearAuxiliaryDataFault_         
00029818  _coreClearAuxiliaryInstructionFault_  
000297dc  _coreClearDataFaultAddress_           
000297b4  _coreClearDataFault_                  
000297f0  _coreClearInstructionFaultAddress_    
000297c8  _coreClearInstructionFault_           
0002978c  _coreDisableEventBusExport_           
0002977c  _coreEnableEventBusExport_            
0002979c  _coreEnableIrqVicOffset_              
00029764  _coreEnableVfp_                       
000297fc  _coreGetAuxiliaryDataFault_           
00029810  _coreGetAuxiliaryInstructionFault_    
000297d4  _coreGetDataFaultAddress_             
000297ac  _coreGetDataFault_                    
000297e8  _coreGetInstructionFaultAddress_      
000297c0  _coreGetInstructionFault_             
000295ec  _coreInitRegisters_                   
000296f8  _coreInitStackPointer_                
000328c0  _ctypes_                              
00029980  _dCacheInvalidate_                    
00030108  _dabort                               
080454e0  _device                               
00029824  _disable_IRQ_interrupt_               
0002982c  _enable_IRQ_interrupt_                
00029834  _enable_interrupt_                    
00025088  _errata_SSWF021_45_both_plls          
0002527c  _errata_SSWF021_45_pll1               
000253f4  _errata_SSWF021_45_pll2               
0002983c  _esmCcmErrorsClear_                   
080453f0  _ftable                               
00029744  _getCPSRValue_                        
0002974c  _gotoCPUIdle_                         
00029994  _iCacheInvalidate_                    
08045654  _lock                                 
000298c4  _memInit_                             
0002aaf0  _mpuAreRegionsSeparate_               
0002aad4  _mpuDisableBackgroundRegion_          
0002aaac  _mpuDisable_                          
0002aac4  _mpuEnableBackgroundRegion_           
0002aa94  _mpuEnable_                           
0002aae4  _mpuGetNumberOfRegions_               
0002ab14  _mpuGetRegionBaseAddress_             
0002ab34  _mpuGetRegionPermission_              
0002ab28  _mpuGetRegionType_                    
0002ab04  _mpuGetRegion_                        
0002a7f0  _mpuInit_                             
0002ab0c  _mpuSetRegionBaseAddress_             
0002ab40  _mpuSetRegionSizeRegister_            
0002ab1c  _mpuSetRegionTypeAndPermission_       
0002aafc  _mpuSetRegion_                        
00030698  _nop                                  
0002e7ec  _pmuDisableCountersGlobal_            
0002e7dc  _pmuEnableCountersGlobal_             
0002e848  _pmuGetCycleCount_                    
0002e850  _pmuGetEventCount_                    
0002e85c  _pmuGetOverflow_                      
0002e790  _pmuInit_                             
0002e81c  _pmuResetCounters_                    
0002e7fc  _pmuResetCycleCounter_                
0002e80c  _pmuResetEventCounters_               
0002e83c  _pmuSetCountEvent_                    
0002e82c  _pmuStartCounters_                    
0002e834  _pmuStopCounters_                     
000300f8  _prefetch                             
08045558  _stream                               
08045690  _sys_memory                           
UNDEFED   _system_post_cinit                    
00030118  _undef                                
08045658  _unlock                               
00030684  abort                                 
0002bf88  adcNotification                       
00026398  adcs_sciNotification                  
0002d1c8  aligned_alloc                         
00023b2c  apply_filter                          
0002f6cc  atoi                                  
08044c68  bin_buff_loc                          
08044a98  binary_message_buffer                 
0804566c  binary_queue                          
ffffffff  binit                                 
80000000  blinky                                
08042090  buffer                                
0804489e  byte                                  
00021e9c  calc_checksum                         
00010dfc  can1GetConfigValue                    
0002ca5c  can1HighLevelInterrupt                
00010f54  can2GetConfigValue                    
0002cb44  can2HighLevelInterrupt                
000110ac  can3GetConfigValue                    
00011258  can4GetConfigValue                    
00010c48  canDisableErrorNotification           
00010c28  canDisableStatusChangeNotification    
00010ca0  canDisableloopback                    
00010be8  canEnableErrorNotification            
00010c08  canEnableStatusChangeNotification     
00010c68  canEnableloopback                     
0002bf9c  canErrorNotification                  
00010990  canFillMessageObjectData              
00010670  canGetData                            
00010508  canGetDataAndSize                     
00010bc4  canGetErrorLevel                      
000107fc  canGetID                              
00010ba0  canGetLastError                       
0000f7c8  canInit                               
00010dd4  canIoRxGetBit                         
00010ce0  canIoSetDirection                     
00010d4c  canIoSetPort                          
00010dac  canIoTxGetBit                         
00010b44  canIsMessageBoxValid                  
00010ae8  canIsRxMessageArrived                 
00010a8c  canIsTxMessagePending                 
000280cc  canMessageNotification                
000108f0  canSendRemoteFrame                    
0002bfb0  canStatusChangeNotification           
0001040c  canTransmit                           
00010878  canUpdateID                           
00027cf0  can_rx_thread                         
0001a384  clear_file                            
0002f260  close                                 
00022150  configure_message_type                
00023e64  convert_100Hz_to_1Hz                  
00030548  copysign                              
00030548  copysignl                             
0002c100  crcNotification                       
00025b74  csp_buffer_clone                      
00025bf8  csp_buffer_data_size                  
00025a40  csp_buffer_free                       
000259bc  csp_buffer_free_isr                   
000257d0  csp_buffer_free_resources             
000258a8  csp_buffer_get                        
00025818  csp_buffer_get_isr                    
000256ec  csp_buffer_init                       
00025bd4  csp_buffer_remaining                  
00025be8  csp_buffer_size                       
0002a238  csp_bytesize                          
0002fa40  csp_calloc                            
0002492c  csp_can_add_interface                 
00027fa0  csp_can_open_and_add_interface        
0002b698  csp_can_pbuf_find                     
0002b4b0  csp_can_pbuf_free                     
0002b544  csp_can_pbuf_new                      
000242b4  csp_can_rx                            
00024668  csp_can_tx                            
0002f7d0  csp_clock_get_time                    
0002f7f8  csp_clock_set_time                    
08044ba0  csp_conf                              
0002c7a4  csp_debug_get_level                   
08045164  csp_debug_hook_func                   
0002c618  csp_debug_hook_set                    
08045674  csp_debug_level_enabled               
0002c774  csp_debug_set_level                   
0002c7d4  csp_debug_toggle_level                
0002fa8c  csp_free                              
000302d0  csp_get_ms                            
000302dc  csp_get_ms_isr                        
000302e8  csp_get_s                             
000302fc  csp_get_s_isr                         
000305d0  csp_hton16                            
000305e4  csp_hton32                            
000305f8  csp_htonflt                           
0002a16c  csp_iflist_add                        
0002a22c  csp_iflist_get                        
0002a110  csp_iflist_get_by_name                
0002a2e8  csp_iflist_print                      
0002fa2c  csp_malloc                            
0003060c  csp_ntoh16                            
00030620  csp_ntoh32                            
0002abcc  csp_qfifo_free_resources              
0002ab48  csp_qfifo_init                        
0002ac34  csp_qfifo_read                        
0002add8  csp_qfifo_wake_up                     
0002ac68  csp_qfifo_write                       
0002e240  csp_queue_create                      
0002e2d8  csp_queue_dequeue                     
0002e314  csp_queue_dequeue_isr                 
0002e274  csp_queue_enqueue                     
0002e2b0  csp_queue_enqueue_isr                 
0002e260  csp_queue_remove                      
0002e338  csp_queue_size                        
0002e34c  csp_queue_size_isr                    
0002bbc8  csp_sciNotification                   
0002bae4  csp_usart_open                        
0002ba94  csp_usart_write                       
08045670  current_line_type                     
08045610  current_size                          
00020f80  customTrimLPO                         
0002bfd8  dccNotification                       
08044c14  devs                                  
00019da8  dfgm_convert_HK                       
00019b64  dfgm_convert_mag                      
0001a7d8  dfgm_init                             
0001a508  dfgm_rx_task                          
0001a844  dfgm_sciNotification                  
0002bf74  dmaGroupANotification                 
0002c634  do_csp_debug                          
00002360  eTaskConfirmSleepModeStatus           
00000910  eTaskGetState                         
0002c14c  ecapNotification                      
0002c0d8  edgeNotification                      
0002c184  emacRxNotification                    
0002c174  emacTxNotification                    
0002cc60  emifGetConfigValue                    
0002cc5c  emif_SDRAMInit                        
0002cdb8  emif_SDRAM_StartupInit                
0002c160  epcCAMFullNotification                
0002c164  epcFIFOFullNotification               
0002c138  eqepNotification                      
08045684  errno                                 
000235b0  esmActivateNormalOperation            
000236fc  esmClearStatus                        
00023760  esmClearStatusBuffer                  
0002373c  esmClearStatusUpper                   
0002355c  esmDisableError                       
00023584  esmDisableErrorUpper                  
00023604  esmDisableInterrupt                   
0002362c  esmDisableInterruptUpper              
00023518  esmEnableError                        
00023540  esmEnableErrorUpper                   
000235c0  esmEnableInterrupt                    
000235e8  esmEnableInterruptUpper               
00023890  esmEnterSelfTest                      
000234fc  esmError                              
00023968  esmGetConfigValue                     
0002379c  esmGetStatus                          
00023868  esmGetStatusBuffer                    
00023820  esmGetStatusUpper                     
0002bc84  esmGroup1Notification                 
0002bc94  esmGroup2Notification                 
0002bf64  esmGroup3Notification                 
0002d4e0  esmHighInterrupt                      
000233a0  esmInit                               
00023918  esmSelfTestStatus                     
0002377c  esmSetCounterPreloadValue             
00023648  esmSetInterruptLevel                  
000236bc  esmSetInterruptLevelUpper             
000235a0  esmTriggerErrorPinReset               
0002c114  etpwmNotification                     
0002c124  etpwmTripNotification                 
0002ce54  ex2_init                              
00024bf4  ex2_log                               
0002ce6c  ex2_main                              
0002f84c  exit                                  
0000f754  fctprintf                             
0002ed60  fflush                                
08045168  filter                                
0002ff90  finddevice                            
0002dfcc  floor                                 
0002dfcc  floorl                                
0002eff8  fprintf                               
0002e598  fputc                                 
0002d024  fputs                                 
0002d658  free                                  
0002f4a8  frexp                                 
0002f4a8  frexpl                                
0001b83c  fs_stress_test                        
0001b67c  fs_stress_worker1                     
0001b75c  fs_stress_worker2                     
0002ee0c  fseek                                 
00032a48  gaRedVolConf                          
08044b50  gaRedVolume                           
0804489f  gbRedVolNum                           
0002cf2c  getProfilerTimerCount                 
00020a28  getResetSource                        
00021cfc  get_byte                              
00024b1c  get_logger_file                       
00024af8  get_logger_file_size                  
00024b24  get_logger_old_file                   
0002fb80  getdevice                             
00027acc  gioDisableNotification                
00027a64  gioEnableNotification                 
000279cc  gioGetBit                             
00027b34  gioGetConfigValue                     
000279f4  gioGetPort                            
0002786c  gioInit                               
0002bfec  gioNotification                       
0002795c  gioSetBit                             
0002793c  gioSetDirection                       
000279ac  gioSetPort                            
00027a0c  gioToggleBit                          
080455f8  gpRedCoreVol                          
080455fc  gpRedMR                               
080455f0  gpRedVolConf                          
080455f4  gpRedVolume                           
00021e1c  gps_sciNotification                   
0002fe90  handlePLLLockFail                     
0002c0ec  hetNotification                       
0001cf3c  i2c1GetConfigValue                    
0001d104  i2c2GetConfigValue                    
00028ff8  i2c2Interrupt                         
0001cca8  i2cClearSCD                           
0001ce00  i2cDisableLoopback                    
0001ce88  i2cDisableNotification                
0001cde0  i2cEnableLoopback                     
0001ce20  i2cEnableNotification                 
0001c734  i2cInit                               
00028e28  i2cInterrupt                          
0001d344  i2cIsBusBusy                          
0001d304  i2cIsMasterReady                      
0001cc40  i2cIsRxReady                          
0001cc5c  i2cIsStopDetected                     
0001cac8  i2cIsTxReady                          
000288f8  i2cNotification                       
0001cd08  i2cReceive                            
0001ccc4  i2cReceiveByte                        
0001cc78  i2cRxError                            
0001cb14  i2cSend                               
0001cae4  i2cSendByte                           
0001c968  i2cSetBaudrate                        
0001caa8  i2cSetCount                           
0001d2cc  i2cSetDirection                       
0001cf04  i2cSetMode                            
0001c928  i2cSetOwnAdd                          
0001c948  i2cSetSlaveAdd                        
0001ca68  i2cSetStart                           
0001ca88  i2cSetStop                            
00028648  i2c_Receive                           
00028780  i2c_Send                              
00027428  i2c_prepare_for_pipe_mode             
000275b0  i2c_receiveResponse                   
0002764c  i2c_sendAndReceive                    
00027740  i2c_sendAndReceivePIPE                
00027514  i2c_sendCommand                       
08044c7c  incomingData                          
00026328  init_adcs_io                          
000285d8  init_i2c_driver                       
00024d38  init_logger_fs                        
00024fac  init_logger_queue                     
0002cef8  initializeProfiler                    
00024f88  kill_logger_daemon                    
0002e360  ldexp                                 
0002e360  ldexpl                                
0001f308  lin1HighLevelInterrupt                
0001f4d8  lin2HighLevelInterrupt                
0002fe40  load                                  
00024a78  load_logger_file_size                 
00032c10  logger_config                         
08045615  logger_file                           
08045608  logger_file_handle                    
00030204  lseek                                 
000300dc  main                                  
00030664  malloc                                
00020854  mapClocks                             
0002d1c8  memalign                              
000303e4  memccpy                               
00030440  memchr                                
0002d360  memcpy                                
0002eab4  memset                                
0001e14c  mibspi1HighLevelInterrupt             
0001dee4  mibspi1LowLevelInterrupt              
0001e61c  mibspi5HighLevelInterrupt             
0001e3b4  mibspi5LowLevelInterrupt              
0001e914  muxInit                               
0804560c  next_swap                             
080455d8  old_logger_file                       
08044c48  parmbuf                               
00001430  pcTaskGetName                         
000052bc  pcTimerGetName                        
000207a0  periphInit                            
000306ac  phantomInterrupt                      
00019fdc  print_file                            
0001a1b4  print_packet                          
0002f094  printf                                
0000f5e0  printf_                               
00006800  prvMpuDisable                         
000067e8  prvMpuEnable                          
000067d0  prvMpuSetRegion                       
0002e598  putc                                  
00030670  putchar                               
00006c1c  pvPortMalloc                          
00002434  pvTaskGetThreadLocalStoragePointer    
000030d4  pvTaskIncrementMutexHeldCount         
00005a24  pvTimerGetTimerID                     
0002c0c0  pwmNotification                       
080000f0  pxCurrentTCB                          
00006828  pxPortInitialiseStack                 
08000000  ramSWI                                
00000008  ramint_LoadSize                       
00008040  ramint_LoadStart                      
08000000  ramint_RunStart                       
000267fc  receieve_uart_packet                  
00009574  red_chdir                             
00008aac  red_close                             
00009520  red_closedir                          
000099b4  red_errnoptr                          
00008458  red_format                            
00009204  red_fstat                             
00008e00  red_fsync                             
00009144  red_ftruncate                         
00009678  red_getcwd                            
00008570  red_gettransmask                      
00008060  red_init                              
000089a8  red_link                              
00008eac  red_lseek                             
0000876c  red_mkdir                             
0000827c  red_mount                             
00008620  red_open                              
0000929c  red_opendir                           
00008ae4  red_read                              
00009378  red_readdir                           
00008844  red_rename                            
000094e0  red_rewinddir                         
00008808  red_rmdir                             
000084f8  red_settransmask                      
000085c8  red_statvfs                           
000081ac  red_sync                              
000084a8  red_transact                          
00008348  red_umount                            
000080d0  red_uninit                            
00008730  red_unlink                            
00008c40  red_write                             
000301bc  remove                                
000268c4  request_i2c_telemetry                 
00026654  request_uart_telemetry                
00000000  resetEntry                            
00019e58  save_packet                           
00023d4c  save_second                           
0002e360  scalbn                                
0002e360  scalbnl                               
00018538  sci1GetConfigValue                    
00018690  sci2GetConfigValue                    
[...]
00026044  RedImapAllocBlock                     
000261f4  RedImapBlockState                     
00026328  init_adcs_io                          
00026398  adcs_sciNotification                  
0002644c  send_uart_telecommand                 
000265cc  send_i2c_telecommand                  
00026654  request_uart_telemetry                
000267fc  receieve_uart_packet                  
000268c4  request_i2c_telemetry                 
00026918  strtod                                
00026918  strtold                               
00026e5c  RedImapEBlockGet                      
00026fa8  RedImapEBlockSet                      
000272cc  RedImapNodeBlock                      
00027398  uhf_i2c_init                          
00027428  i2c_prepare_for_pipe_mode             
000274e4  uhf_pipe_timer_reset_from_isr         
00027514  i2c_sendCommand                       
000275b0  i2c_receiveResponse                   
0002764c  i2c_sendAndReceive                    
00027740  i2c_sendAndReceivePIPE                
0002786c  gioInit                               
0002793c  gioSetDirection                       
0002795c  gioSetBit                             
000279ac  gioSetPort                            
000279cc  gioGetBit                             
000279f4  gioGetPort                            
00027a0c  gioToggleBit                          
00027a64  gioEnableNotification                 
00027acc  gioDisableNotification                
00027b34  gioGetConfigValue                     
00027cf0  can_rx_thread                         
00027fa0  csp_can_open_and_add_interface        
000280cc  canMessageNotification                
0002816c  RedIoRead                             
00028334  RedIoWrite                            
000284fc  RedIoFlush                            
000285d8  init_i2c_driver                       
00028648  i2c_Receive                           
00028780  i2c_Send                              
000288f8  i2cNotification                       
00028b8c  RedOsBDevOpen                         
00028bc8  RedOsBDevClose                        
00028bfc  RedOsBDevRead                         
00028cf4  RedOsBDevWrite                        
00028dec  RedOsBDevFlush                        
00028e28  i2cInterrupt                          
00028ff8  i2c2Interrupt                         
0002920c  RedStrLen                             
0002928c  RedStrCmp                             
000293a4  RedStrNCmp                            
000294d8  RedStrNCpy                            
000295ec  _coreInitRegisters_                   
000296f8  _coreInitStackPointer_                
00029744  _getCPSRValue_                        
0002974c  _gotoCPUIdle_                         
00029764  _coreEnableVfp_                       
0002977c  _coreEnableEventBusExport_            
0002978c  _coreDisableEventBusExport_           
0002979c  _coreEnableIrqVicOffset_              
000297ac  _coreGetDataFault_                    
000297b4  _coreClearDataFault_                  
000297c0  _coreGetInstructionFault_             
000297c8  _coreClearInstructionFault_           
000297d4  _coreGetDataFaultAddress_             
000297dc  _coreClearDataFaultAddress_           
000297e8  _coreGetInstructionFaultAddress_      
000297f0  _coreClearInstructionFaultAddress_    
000297fc  _coreGetAuxiliaryDataFault_           
00029804  _coreClearAuxiliaryDataFault_         
00029810  _coreGetAuxiliaryInstructionFault_    
00029818  _coreClearAuxiliaryInstructionFault_  
00029824  _disable_IRQ_interrupt_               
0002982c  _enable_IRQ_interrupt_                
00029834  _enable_interrupt_                    
0002983c  _esmCcmErrorsClear_                   
000298c4  _memInit_                             
000298f8  _checkMemInitOn_                      
00029918  _cacheEnable_                         
0002995c  _cacheDisable_                        
00029980  _dCacheInvalidate_                    
00029994  _iCacheInvalidate_                    
000299a8  __TI_PINIT_Base                       
000299ac  __TI_PINIT_Limit                      
000299b0  RedMemCpy                             
00029a70  RedMemMove                            
00029b88  RedMemSet                             
00029c2c  RedMemCmp                             
00029d74  RedVolFormat                          
0002a110  csp_iflist_get_by_name                
0002a16c  csp_iflist_add                        
0002a22c  csp_iflist_get                        
0002a238  csp_bytesize                          
0002a2e8  csp_iflist_print                      
0002a48c  RedCrc32Update                        
0002a75c  RedCrcNode                            
0002a7f0  _mpuInit_                             
0002aa94  _mpuEnable_                           
0002aaac  _mpuDisable_                          
0002aac4  _mpuEnableBackgroundRegion_           
0002aad4  _mpuDisableBackgroundRegion_          
0002aae4  _mpuGetNumberOfRegions_               
0002aaf0  _mpuAreRegionsSeparate_               
0002aafc  _mpuSetRegion_                        
0002ab04  _mpuGetRegion_                        
0002ab0c  _mpuSetRegionBaseAddress_             
0002ab14  _mpuGetRegionBaseAddress_             
0002ab1c  _mpuSetRegionTypeAndPermission_       
0002ab28  _mpuGetRegionType_                    
0002ab34  _mpuGetRegionPermission_              
0002ab40  _mpuSetRegionSizeRegister_            
0002ab48  csp_qfifo_init                        
0002abcc  csp_qfifo_free_resources              
0002ac34  csp_qfifo_read                        
0002ac68  csp_qfifo_write                       
0002add8  csp_qfifo_wake_up                     
0002ae98  vimECCErrorHandler                    
0002b4b0  csp_can_pbuf_free                     
0002b544  csp_can_pbuf_new                      
0002b698  csp_can_pbuf_find                     
0002b788  __aeabi_uldivmod                      
0002ba40  usart_rx_thread                       
0002ba94  csp_usart_write                       
0002bae4  csp_usart_open                        
0002bbc8  csp_sciNotification                   
0002bc84  esmGroup1Notification                 
0002bc94  esmGroup2Notification                 
0002bf64  esmGroup3Notification                 
0002bf74  dmaGroupANotification                 
0002bf88  adcNotification                       
0002bf9c  canErrorNotification                  
0002bfb0  canStatusChangeNotification           
0002bfd8  dccNotification                       
0002bfec  gioNotification                       
0002c014  sciNotification                       
0002c09c  spiNotification                       
0002c0b0  spiEndNotification                    
0002c0c0  pwmNotification                       
0002c0d8  edgeNotification                      
0002c0ec  hetNotification                       
0002c100  crcNotification                       
0002c114  etpwmNotification                     
0002c124  etpwmTripNotification                 
0002c138  eqepNotification                      
0002c14c  ecapNotification                      
0002c160  epcCAMFullNotification                
0002c164  epcFIFOFullNotification               
0002c174  emacTxNotification                    
0002c184  emacRxNotification                    
0002c3e0  vListInitialise                       
0002c438  vListInitialiseItem                   
0002c454  vListInsertEnd                        
0002c4c8  vListInsert                           
0002c58c  uxListRemove                          
0002c618  csp_debug_hook_set                    
0002c634  do_csp_debug                          
0002c774  csp_debug_set_level                   
0002c7a4  csp_debug_get_level                   
0002c7d4  csp_debug_toggle_level                
0002c844  RedImapIBlockGet                      
0002c914  RedImapIBlockSet                      
0002ca5c  can1HighLevelInterrupt                
0002cb44  can2HighLevelInterrupt                
0002cc5c  emif_SDRAMInit                        
0002cc60  emifGetConfigValue                    
0002cdb8  emif_SDRAM_StartupInit                
0002ce54  ex2_init                              
0002ce6c  ex2_main                              
0002ced8  vAssertCalled                         
0002cef8  initializeProfiler                    
0002cf2c  getProfilerTimerCount                 
0002cf74  vApplicationStackOverflowHook         
0002cf84  vApplicationMallocFailedHook          
0002cf88  vApplicationDaemonTaskStartupHook     
0002cf94  SciSendBuf                            
0002d024  fputs                                 
0002d1c8  aligned_alloc                         
0002d1c8  memalign                              
0002d360  __aeabi_memcpy                        
0002d360  __aeabi_memcpy4                       
0002d360  __aeabi_memcpy8                       
0002d360  memcpy                                
0002d4e0  esmHighInterrupt                      
0002d658  free                                  
0002d8ac  xTaskNotifyStateClear                 
0002da9c  setvbuf                               
0002dbf4  _c_int00                              
0002dd44  RedBitGet                             
0002ddb8  RedBitSet                             
0002de10  RedBitClear                           
0002dfcc  floor                                 
0002dfcc  floorl                                
0002e240  csp_queue_create                      
0002e260  csp_queue_remove                      
0002e274  csp_queue_enqueue                     
0002e2b0  csp_queue_enqueue_isr                 
0002e2d8  csp_queue_dequeue                     
0002e314  csp_queue_dequeue_isr                 
0002e338  csp_queue_size                        
0002e34c  csp_queue_size_isr                    
0002e360  ldexp                                 
0002e360  ldexpl                                
0002e360  scalbn                                
0002e360  scalbnl                               
0002e598  fputc                                 
0002e598  putc                                  
0002e698  RedOsMutexInit                        
0002e6d4  RedOsMutexUninit                      
0002e6f8  RedOsMutexAcquire                     
0002e720  RedOsMutexRelease                     
0002e790  _pmuInit_                             
0002e7dc  _pmuEnableCountersGlobal_             
0002e7ec  _pmuDisableCountersGlobal_            
0002e7fc  _pmuResetCycleCounter_                
0002e80c  _pmuResetEventCounters_               
0002e81c  _pmuResetCounters_                    
0002e82c  _pmuStartCounters_                    
0002e834  _pmuStopCounters_                     
0002e83c  _pmuSetCountEvent_                    
0002e848  _pmuGetCycleCount_                    
0002e850  _pmuGetEventCount_                    
0002e85c  _pmuGetOverflow_                      
0002e938  __TI_closefile                        
0002e9f0  RedOsOutputString                     
0002eaa4  __aeabi_memclr                        
0002eaa4  __aeabi_memclr4                       
0002eaa4  __aeabi_memclr8                       
0002eaa8  __aeabi_memset                        
0002eaa8  __aeabi_memset4                       
0002eaa8  __aeabi_memset8                       
0002eab4  memset                                
0002eb54  SPI_Init                              
0002eb58  SPI_RW                                
0002eba8  SPI_Release                           
0002ebe4  SPI_Timer_On                          
0002ecb4  HOSTlseek                             
0002ed60  fflush                                
0002ee0c  fseek                                 
0002eeb4  HOSTrename                            
0002ef58  __TI_wrt_ok                           
0002eff8  fprintf                               
0002f094  printf                                
0002f130  HOSTopen                              
0002f260  close                                 
0002f2f8  HOSTread                              
0002f388  HOSTwrite                             
0002f418  __TI_decompress_lzss                  
0002f4a8  frexp                                 
0002f4a8  frexpl                                
0002f534  RedOsTaskId                           
0002f5c0  RedNameLen                            
0002f648  __TI_doflush                          
0002f6cc  atoi                                  
0002f750  __TI_ltoa                             
0002f7d0  csp_clock_get_time                    
0002f7f8  csp_clock_set_time                    
0002f84c  exit                                  
0002f8c8  snprintf                              
0002f944  HOSTclose                             
0002fa2c  csp_malloc                            
0002fa40  csp_calloc                            
0002fa8c  csp_free                              
0002faa0  HOSTunlink                            
0002fb10  SPI_CS_Low                            
0002fb80  getdevice                             
0002fbec  __TI_auto_init_nobinit_nopinit        
0002fc54  strtok                                
0002fd20  sprintf                               
0002fd84  RedOsAssertFail                       
0002fe40  load                                  
0002fe90  handlePLLLockFail                     
0002fe94  __TI_cleanup                          
0002fee8  __TI_readmsg                          
0002ff3c  __TI_writemsg                         
0002ff84  C$$IO$$                               
0002ff90  finddevice                            
0002ffe4  __aeabi_idiv                          
0002ffe4  __aeabi_idivmod                       
00030038  strncasecmp                           
0003008c  __aeabi_uidiv                         
0003008c  __aeabi_uidivmod                      
000300dc  main                                  
000300f8  _prefetch                             
00030108  _dabort                               
00030118  _undef                                
00030128  strspn                                
00030174  strncpy                               
000301bc  remove                                
000301bc  unlink                                
00030204  lseek                                 
00030248  strcspn                               
0003028c  write                                 
000302d0  csp_get_ms                            
000302dc  csp_get_ms_isr                        
000302e8  csp_get_s                             
000302fc  csp_get_s_isr                         
00030350  SPI_CS_High                           
000303e4  memccpy                               
00030440  memchr                                
0003046c  strchr                                
00030494  strcmp                                
000304bc  __aeabi_llsl                          
000304e0  __aeabi_llsr                          
00030504  wcslen                                
00030528  strlen                                
00030548  copysign                              
00030548  copysignl                             
00030564  RedOsClockInit                        
0003056c  RedOsClockUninit                      
00030574  RedOsClockGetTime                     
0003057c  strcpy                                
00030594  __SD_Assert                           
000305a8  __SD_Deassert                         
000305d0  csp_hton16                            
000305e4  csp_hton32                            
000305f8  csp_htonflt                           
0003060c  csp_ntoh16                            
00030620  csp_ntoh32                            
00030634  __TI_decompress_none                  
00030648  __TI_zero_init                        
00030658  __aeabi_errno_addr                    
00030664  malloc                                
00030670  putchar                               
0003067c  SPI_Timer_Status                      
00030684  C$$EXIT                               
00030684  abort                                 
0003068c  SPI_Freq_High                         
00030690  SPI_Freq_Low                          
00030694  SPI_Timer_Off                         
00030698  _nop                                  
000306ac  phantomInterrupt                      
000306b0  __aeabi_idiv0                         
000306b0  __aeabi_ldiv0                         
000306b4  RedSignOn                             
000328c0  _ctypes_                              
00032a48  gaRedVolConf                          
00032b90  HKOffsets                             
00032bc0  HKScales                              
00032c10  logger_config                         
00032c44  BlinkyLoadStart                       
00032ce4  BlinkyLoadEnd                         
08000000  ramSWI                                
08000000  ramint_RunStart                       
080000f0  pxCurrentTCB                          
08000820  __start___llvm_prf_cnts               
08000820  __stop___llvm_prf_cnts                
08042090  buffer                                
080445ec  __CIOBUF_                             
080447fe  __TI_tmpnams                          
0804489e  byte                                  
0804489f  gbRedVolNum                           
08044a98  binary_message_buffer                 
08044b50  gaRedVolume                           
08044ba0  csp_conf                              
08044c14  devs                                  
08044c48  parmbuf                               
08044c50  sptr                                  
08044c64  NMEA_queue                            
08044c68  bin_buff_loc                          
08044c6c  sciData                               
08044c70  tx_semphr                             
08044c74  uTransceiverPipe_timer                
08044c78  uTransceiver_semaphore                
08044c7c  incomingData                          
08044c7d  sci_busy                              
08045164  csp_debug_hook_func                   
08045168  filter                                
080453f0  _ftable                               
080454e0  _device                               
08045558  _stream                               
080455d8  old_logger_file                       
080455f0  gpRedVolConf                          
080455f4  gpRedVolume                           
080455f8  gpRedCoreVol                          
080455fc  gpRedMR                               
08045608  logger_file_handle                    
0804560c  next_swap                             
08045610  current_size                          
08045615  logger_file                           
08045638  __TI_ft_end                           
0804563c  __aeabi_stdin                         
08045640  __aeabi_stdout                        
08045644  __aeabi_stderr                        
08045648  __TI_cleanup_ptr                      
0804564c  __TI_dtors_ptr                        
08045650  __TI_enable_exit_profile_output       
08045654  _lock                                 
08045658  _unlock                               
08045664  ulCriticalNesting                     
08045668  ulTaskHasFPUContext                   
0804566c  binary_queue                          
08045670  current_line_type                     
08045674  csp_debug_level_enabled               
08045684  errno                                 
08045690  _sys_memory                           
80000000  BlinkyStartAddr                       
80000000  blinky                                
800000a0  BlinkyEndAddr                         
ffffffff  __TI_pprof_out_hndl                   
ffffffff  __TI_prof_data_size                   
ffffffff  __TI_prof_data_start                  
ffffffff  __binit__                             
ffffffff  __c_args__                            
ffffffff  binit                                 
UNDEFED   SHT$$INIT_ARRAY$$Base                 
UNDEFED   SHT$$INIT_ARRAY$$Limit                
UNDEFED   _system_post_cinit                    

[962 symbols]
